Archive member included to satisfy reference by file (symbol)

app/libapp.a(main.c.obj)      (--whole-archive)
zephyr/libzephyr.a(cbprintf_packaged.c.obj)
                              (--whole-archive)
zephyr/libzephyr.a(dec.c.obj)
                              (--whole-archive)
zephyr/libzephyr.a(hex.c.obj)
                              (--whole-archive)
zephyr/libzephyr.a(printk.c.obj)
                              (--whole-archive)
zephyr/libzephyr.a(rb.c.obj)  (--whole-archive)
zephyr/libzephyr.a(sem.c.obj)
                              (--whole-archive)
zephyr/libzephyr.a(thread_entry.c.obj)
                              (--whole-archive)
zephyr/libzephyr.a(timeutil.c.obj)
                              (--whole-archive)
zephyr/libzephyr.a(heap.c.obj)
                              (--whole-archive)
zephyr/libzephyr.a(heap-validate.c.obj)
                              (--whole-archive)
zephyr/libzephyr.a(bitarray.c.obj)
                              (--whole-archive)
zephyr/libzephyr.a(multi_heap.c.obj)
                              (--whole-archive)
zephyr/libzephyr.a(onoff.c.obj)
                              (--whole-archive)
zephyr/libzephyr.a(notify.c.obj)
                              (--whole-archive)
zephyr/libzephyr.a(cbprintf_complete.c.obj)
                              (--whole-archive)
zephyr/libzephyr.a(assert.c.obj)
                              (--whole-archive)
zephyr/libzephyr.a(reboot.c.obj)
                              (--whole-archive)
zephyr/libzephyr.a(configs.c.obj)
                              (--whole-archive)
zephyr/libzephyr.a(mem_attr.c.obj)
                              (--whole-archive)
zephyr/libzephyr.a(tracing_none.c.obj)
                              (--whole-archive)
zephyr/libzephyr.a(nrf_cc3xx_platform_abort_zephyr.c.obj)
                              (--whole-archive)
zephyr/libzephyr.a(nrf_cc3xx_platform_mutex_zephyr.c.obj)
                              (--whole-archive)
zephyr/arch/common/libarch__common.a(sw_isr_common.c.obj)
                              (--whole-archive)
zephyr/arch/arch/arm/core/libarch__arm__core.a(fatal.c.obj)
                              (--whole-archive)
zephyr/arch/arch/arm/core/libarch__arm__core.a(nmi.c.obj)
                              (--whole-archive)
zephyr/arch/arch/arm/core/libarch__arm__core.a(nmi_on_reset.S.obj)
                              (--whole-archive)
zephyr/arch/arch/arm/core/libarch__arm__core.a(tls.c.obj)
                              (--whole-archive)
zephyr/arch/arch/arm/core/cortex_m/libarch__arm__core__cortex_m.a(exc_exit.S.obj)
                              (--whole-archive)
zephyr/arch/arch/arm/core/cortex_m/libarch__arm__core__cortex_m.a(fault.c.obj)
                              (--whole-archive)
zephyr/arch/arch/arm/core/cortex_m/libarch__arm__core__cortex_m.a(fault_s.S.obj)
                              (--whole-archive)
zephyr/arch/arch/arm/core/cortex_m/libarch__arm__core__cortex_m.a(fpu.c.obj)
                              (--whole-archive)
zephyr/arch/arch/arm/core/cortex_m/libarch__arm__core__cortex_m.a(reset.S.obj)
                              (--whole-archive)
zephyr/arch/arch/arm/core/cortex_m/libarch__arm__core__cortex_m.a(scb.c.obj)
                              (--whole-archive)
zephyr/arch/arch/arm/core/cortex_m/libarch__arm__core__cortex_m.a(thread_abort.c.obj)
                              (--whole-archive)
zephyr/arch/arch/arm/core/cortex_m/libarch__arm__core__cortex_m.a(vector_table.S.obj)
                              (--whole-archive)
zephyr/arch/arch/arm/core/cortex_m/libarch__arm__core__cortex_m.a(swap.c.obj)
                              (--whole-archive)
zephyr/arch/arch/arm/core/cortex_m/libarch__arm__core__cortex_m.a(swap_helper.S.obj)
                              (--whole-archive)
zephyr/arch/arch/arm/core/cortex_m/libarch__arm__core__cortex_m.a(irq_manage.c.obj)
                              (--whole-archive)
zephyr/arch/arch/arm/core/cortex_m/libarch__arm__core__cortex_m.a(prep_c.c.obj)
                              (--whole-archive)
zephyr/arch/arch/arm/core/cortex_m/libarch__arm__core__cortex_m.a(thread.c.obj)
                              (--whole-archive)
zephyr/arch/arch/arm/core/cortex_m/libarch__arm__core__cortex_m.a(cpu_idle.S.obj)
                              (--whole-archive)
zephyr/arch/arch/arm/core/cortex_m/libarch__arm__core__cortex_m.a(irq_init.c.obj)
                              (--whole-archive)
zephyr/arch/arch/arm/core/cortex_m/libarch__arm__core__cortex_m.a(isr_wrapper.S.obj)
                              (--whole-archive)
zephyr/arch/arch/arm/core/cortex_m/libarch__arm__core__cortex_m.a(__aeabi_read_tp.S.obj)
                              (--whole-archive)
zephyr/arch/arch/arm/core/cortex_m/cmse/libarch__arm__core__cortex_m__cmse.a(arm_core_cmse.c.obj)
                              (--whole-archive)
zephyr/arch/arch/arm/core/mpu/libarch__arm__core__mpu.a(arm_core_mpu.c.obj)
                              (--whole-archive)
[...]
Memory Configuration

Name             Origin             Length             Attributes
FLASH            0x0000000000000000 0x0000000000100000 xr
RAM              0x0000000020000000 0x0000000000070000 xw
IDT_LIST         0x00000000ffff7fff 0x0000000000008000 xw
*default*        0x0000000000000000 0xffffffffffffffff

Linker script and memory map

                0x00000000000049dc                vfprintf = __l_vfprintf
                0x0000000000000000                vfscanf = __l_vfscanf
LOAD zephyr/CMakeFiles/zephyr_pre0.dir/misc/empty_file.c.obj
LOAD zephyr/CMakeFiles/offsets.dir/./arch/arm/core/offsets/offsets.c.obj
LOAD app/libapp.a
LOAD zephyr/libzephyr.a
LOAD zephyr/arch/common/libarch__common.a
LOAD zephyr/arch/arch/arm/core/libarch__arm__core.a
LOAD zephyr/arch/arch/arm/core/cortex_m/libarch__arm__core__cortex_m.a
LOAD zephyr/arch/arch/arm/core/cortex_m/cmse/libarch__arm__core__cortex_m__cmse.a
LOAD zephyr/arch/arch/arm/core/mpu/libarch__arm__core__mpu.a
LOAD zephyr/lib/libc/picolibc/liblib__libc__picolibc.a
LOAD zephyr/lib/libc/common/liblib__libc__common.a
LOAD zephyr/soc/soc/arm/nordic_nrf/libsoc__arm__nordic_nrf.a
LOAD zephyr/drivers/clock_control/libdrivers__clock_control.a
LOAD zephyr/drivers/console/libdrivers__console.a
LOAD zephyr/drivers/gpio/libdrivers__gpio.a
LOAD zephyr/drivers/pinctrl/libdrivers__pinctrl.a
LOAD zephyr/drivers/regulator/libdrivers__regulator.a
LOAD zephyr/drivers/serial/libdrivers__serial.a
LOAD zephyr/drivers/timer/libdrivers__timer.a
LOAD modules/nrf/lib/fatal_error/lib..__nrf__lib__fatal_error.a
LOAD modules/nrf/drivers/hw_cc3xx/lib..__nrf__drivers__hw_cc3xx.a
LOAD modules/hal_nordic/nrfx/libmodules__hal_nordic__nrfx.a
LOAD zephyr/kernel/libkernel.a
LOAD /opt/nordic/ncs/toolchains/580e4ef81c/opt/zephyr-sdk/arm-zephyr-eabi/bin/../lib/gcc/arm-zephyr-eabi/12.2.0/thumb/v8-m.main/nofp/libgcc.a
LOAD zephyr/arch/common/libisr_tables.a
LOAD /opt/nordic/ncs/v2.6.0/nrfxlib/crypto/nrf_cc312_platform/lib/cortex-m33/soft-float/no-interrupts/libnrf_cc312_platform_0.9.19.a
LOAD /opt/nordic/ncs/toolchains/580e4ef81c/opt/zephyr-sdk/arm-zephyr-eabi/bin/../lib/gcc/../../picolibc/arm-zephyr-eabi/lib/thumb/v8-m.main/nofp/libc.a
LOAD /opt/nordic/ncs/toolchains/580e4ef81c/opt/zephyr-sdk/arm-zephyr-eabi/bin/../lib/gcc/arm-zephyr-eabi/12.2.0/thumb/v8-m.main/nofp/libgcc.a
                0x0000000000000020                _region_min_align = 0x20

.rel.plt        0x0000000000000000        0x0
 *(SORT_BY_ALIGNMENT(.rel.plt))
                [!provide]                        PROVIDE (__rel_iplt_start = .)
 *(SORT_BY_ALIGNMENT(.rel.iplt))
 .rel.iplt      0x0000000000000000        0x0 app/libapp.a(main.c.obj)
                [!provide]                        PROVIDE (__rel_iplt_end = .)

.rela.plt       0x0000000000000000        0x0
 *(SORT_BY_ALIGNMENT(.rela.plt))
                [!provide]                        PROVIDE (__rela_iplt_start = .)
 *(SORT_BY_ALIGNMENT(.rela.iplt))
                [!provide]                        PROVIDE (__rela_iplt_end = .)

.rel.dyn
 *(SORT_BY_ALIGNMENT(.rel.*))

.rela.dyn
 *(SORT_BY_ALIGNMENT(.rela.*))

/DISCARD/
 *(SORT_BY_ALIGNMENT(.plt))

/DISCARD/
 *(SORT_BY_ALIGNMENT(.iplt))
                0x0000000000000000                __rom_region_start = 0x0

rom_start       0x0000000000000000      0x154
                0x0000000000000000                __rom_start_address = .
 FILL mask 0x00
                0x0000000000000000                . = (. + (0x0 - (. - __rom_start_address)))
                0x0000000000000000                . = ALIGN (0x4)
                0x0000000000000000                . = ALIGN (0x80)
                0x0000000000000000                . = ALIGN (0x200)
                0x0000000000000000                _vector_start = .
 *(SORT_BY_ALIGNMENT(.exc_vector_table))
 *(SORT_BY_ALIGNMENT(.exc_vector_table.*))
 .exc_vector_table._vector_table_section
                0x0000000000000000       0x40 zephyr/arch/arch/arm/core/cortex_m/libarch__arm__core__cortex_m.a(vector_table.S.obj)
                0x0000000000000000                _vector_table
 *(SORT_BY_ALIGNMENT(.vectors))
                0x0000000000000154                _vector_end = .
                0x0000000000000040                . = ALIGN (0x4)
 *(SORT_BY_ALIGNMENT(.gnu.linkonce.irq_vector_table*))
 .gnu.linkonce.irq_vector_table
                0x0000000000000040      0x114 zephyr/arch/common/libisr_tables.a(isr_tables.c.obj)
                0x0000000000000040                _irq_vector_table
                0x0000000000000154                _vector_end = .

text            0x0000000000000154     0x5b80
                0x0000000000000154                __text_region_start = .
 *(SORT_BY_ALIGNMENT(.text))
 *(SORT_BY_ALIGNMENT(.text.*))
 .text.battery_sample_timer_handler
                0x0000000000000154       0x50 app/libapp.a(main.c.obj)
 .text.main     0x00000000000001a4       0xac app/libapp.a(main.c.obj)
                0x00000000000001a4                main
 .text.char_out
                0x0000000000000250        0xc zephyr/libzephyr.a(printk.c.obj)
 .text.__printk_hook_install
                0x000000000000025c        0xc zephyr/libzephyr.a(printk.c.obj)
                0x000000000000025c                __printk_hook_install
 .text.vprintk  0x0000000000000268       0x30 zephyr/libzephyr.a(printk.c.obj)
                0x0000000000000268                vprintk
 .text.z_thread_entry
                0x0000000000000298       0x34 zephyr/libzephyr.a(thread_entry.c.obj)
                0x0000000000000298                z_thread_entry
 .text.process_event
                0x00000000000002cc      0x21c zephyr/libzephyr.a(onoff.c.obj)
 .text.sys_reboot
                0x00000000000004e8       0x30 zephyr/libzephyr.a(reboot.c.obj)
                0x00000000000004e8                sys_reboot
 .text.mem_attr_get_regions
                0x0000000000000518        0xc zephyr/libzephyr.a(mem_attr.c.obj)
                0x0000000000000518                mem_attr_get_regions
 .text.nrf_cc3xx_platform_abort_init
                0x0000000000000524        0xc zephyr/libzephyr.a(nrf_cc3xx_platform_abort_zephyr.c.obj)
                0x0000000000000524                nrf_cc3xx_platform_abort_init
 .text.mutex_free_platform
                0x0000000000000530       0x54 zephyr/libzephyr.a(nrf_cc3xx_platform_mutex_zephyr.c.obj)
 .text.mutex_lock_platform
                0x0000000000000584       0x74 zephyr/libzephyr.a(nrf_cc3xx_platform_mutex_zephyr.c.obj)
 .text.mutex_unlock_platform
                0x00000000000005f8       0x68 zephyr/libzephyr.a(nrf_cc3xx_platform_mutex_zephyr.c.obj)
 .text.mutex_init_platform
                0x0000000000000660       0x94 zephyr/libzephyr.a(nrf_cc3xx_platform_mutex_zephyr.c.obj)
 .text.nrf_cc3xx_platform_mutex_init
                0x00000000000006f4       0x2c zephyr/libzephyr.a(nrf_cc3xx_platform_mutex_zephyr.c.obj)
                0x00000000000006f4                nrf_cc3xx_platform_mutex_init
 .text.z_SysNmiOnReset
                0x0000000000000720        0x8 zephyr/arch/arch/arm/core/libarch__arm__core.a(nmi_on_reset.S.obj)
                0x0000000000000720                z_SysNmiOnReset
 .text.arch_tls_stack_setup
                0x0000000000000728       0x5c zephyr/arch/arch/arm/core/libarch__arm__core.a(tls.c.obj)
                0x0000000000000728                arch_tls_stack_setup
 .text._HandlerModeExit
                0x0000000000000784       0x1c zephyr/arch/arch/arm/core/cortex_m/libarch__arm__core__cortex_m.a(exc_exit.S.obj)
                0x0000000000000784                z_arm_exc_exit
                0x0000000000000784                z_arm_int_exit
 .text.usage_fault.constprop.0
                0x00000000000007a0       0x5c zephyr/arch/arch/arm/core/cortex_m/libarch__arm__core__cortex_m.a(fault.c.obj)
 .text.bus_fault.constprop.0
                0x00000000000007fc       0x6c zephyr/arch/arch/arm/core/cortex_m/libarch__arm__core__cortex_m.a(fault.c.obj)
 .text.mem_manage_fault.constprop.0
                0x0000000000000868       0x78 zephyr/arch/arch/arm/core/cortex_m/libarch__arm__core__cortex_m.a(fault.c.obj)
 .text.z_arm_fault
                0x00000000000008e0      0x124 zephyr/arch/arch/arm/core/cortex_m/libarch__arm__core__cortex_m.a(fault.c.obj)
                0x00000000000008e0                z_arm_fault
 .text.z_arm_fault_init
                0x0000000000000a04       0x18 zephyr/arch/arch/arm/core/cortex_m/libarch__arm__core__cortex_m.a(fault.c.obj)
                0x0000000000000a04                z_arm_fault_init
 .text.__fault  0x0000000000000a1c       0x14 zephyr/arch/arch/arm/core/cortex_m/libarch__arm__core__cortex_m.a(fault_s.S.obj)
                0x0000000000000a1c                z_arm_bus_fault
                0x0000000000000a1c                z_arm_usage_fault
                0x0000000000000a1c                z_arm_mpu_fault
                0x0000000000000a1c                z_arm_exc_spurious
                0x0000000000000a1c                z_arm_debug_monitor
                0x0000000000000a1c                z_arm_hard_fault
 .text._reset_section
                0x0000000000000a30       0x60 zephyr/arch/arch/arm/core/cortex_m/libarch__arm__core__cortex_m.a(reset.S.obj)
                0x0000000000000a30                z_arm_reset
                0x0000000000000a30                __start
 .text.sys_arch_reboot
                0x0000000000000a90       0x24 zephyr/arch/arch/arm/core/cortex_m/libarch__arm__core__cortex_m.a(scb.c.obj)
                0x0000000000000a90                sys_arch_reboot
 .text.z_arm_clear_arm_mpu_config
                0x0000000000000ab4       0x24 zephyr/arch/arch/arm/core/cortex_m/libarch__arm__core__cortex_m.a(scb.c.obj)
                0x0000000000000ab4                z_arm_clear_arm_mpu_config
 .text.z_arm_init_arch_hw_at_boot
                0x0000000000000ad8       0x4c zephyr/arch/arch/arm/core/cortex_m/libarch__arm__core__cortex_m.a(scb.c.obj)
                0x0000000000000ad8                z_arm_init_arch_hw_at_boot
 .text.z_impl_k_thread_abort
                0x0000000000000b24       0x2c zephyr/arch/arch/arm/core/cortex_m/libarch__arm__core__cortex_m.a(thread_abort.c.obj)
                0x0000000000000b24                z_impl_k_thread_abort
 .text.arch_swap
                0x0000000000000b50       0x30 zephyr/arch/arch/arm/core/cortex_m/libarch__arm__core__cortex_m.a(swap.c.obj)
                0x0000000000000b50                arch_swap
 .text.z_arm_pendsv
                0x0000000000000b80       0x68 zephyr/arch/arch/arm/core/cortex_m/libarch__arm__core__cortex_m.a(swap_helper.S.obj)
                0x0000000000000b80                z_arm_pendsv
 .text.z_arm_svc
                0x0000000000000be8       0x20 zephyr/arch/arch/arm/core/cortex_m/libarch__arm__core__cortex_m.a(swap_helper.S.obj)
                0x0000000000000be8                z_arm_svc
 .text.arch_irq_enable
                0x0000000000000c08       0x1c zephyr/arch/arch/arm/core/cortex_m/libarch__arm__core__cortex_m.a(irq_manage.c.obj)
                0x0000000000000c08                arch_irq_enable
 .text.arch_irq_disable
                0x0000000000000c24       0x28 zephyr/arch/arch/arm/core/cortex_m/libarch__arm__core__cortex_m.a(irq_manage.c.obj)
                0x0000000000000c24                arch_irq_disable
 .text.arch_irq_is_enabled
                0x0000000000000c4c       0x1c zephyr/arch/arch/arm/core/cortex_m/libarch__arm__core__cortex_m.a(irq_manage.c.obj)
                0x0000000000000c4c                arch_irq_is_enabled
 .text.z_arm_irq_priority_set
                0x0000000000000c68       0x2c zephyr/arch/arch/arm/core/cortex_m/libarch__arm__core__cortex_m.a(irq_manage.c.obj)
                0x0000000000000c68                z_arm_irq_priority_set
 .text.z_arm_prep_c
                0x0000000000000c94       0x38 zephyr/arch/arch/arm/core/cortex_m/libarch__arm__core__cortex_m.a(prep_c.c.obj)
                0x0000000000000c94                z_arm_prep_c
 .text.arch_new_thread
                0x0000000000000ccc       0x38 zephyr/arch/arch/arm/core/cortex_m/libarch__arm__core__cortex_m.a(thread.c.obj)
                0x0000000000000ccc                arch_new_thread
 .text.arch_switch_to_main_thread
                0x0000000000000d04       0x34 zephyr/arch/arch/arm/core/cortex_m/libarch__arm__core__cortex_m.a(thread.c.obj)
                0x0000000000000d04                arch_switch_to_main_thread
 .text.z_arm_cpu_idle_init
                0x0000000000000d38        0xc zephyr/arch/arch/arm/core/cortex_m/libarch__arm__core__cortex_m.a(cpu_idle.S.obj)
                0x0000000000000d38                z_arm_cpu_idle_init
 .text.arch_cpu_idle
                0x0000000000000d44       0x38 zephyr/arch/arch/arm/core/cortex_m/libarch__arm__core__cortex_m.a(cpu_idle.S.obj)
                0x0000000000000d44                arch_cpu_idle
 .text.arch_cpu_atomic_idle
                0x0000000000000d7c       0x34 zephyr/arch/arch/arm/core/cortex_m/libarch__arm__core__cortex_m.a(cpu_idle.S.obj)
                0x0000000000000d7c                arch_cpu_atomic_idle
 .text.z_arm_interrupt_init
                0x0000000000000db0       0x18 zephyr/arch/arch/arm/core/cortex_m/libarch__arm__core__cortex_m.a(irq_init.c.obj)
                0x0000000000000db0                z_arm_interrupt_init
 .text._isr_wrapper
                0x0000000000000dc8       0x28 zephyr/arch/arch/arm/core/cortex_m/libarch__arm__core__cortex_m.a(isr_wrapper.S.obj)
                0x0000000000000dc8                _isr_wrapper
 .text.z_arm_configure_static_mpu_regions
                0x0000000000000df0       0x38 zephyr/arch/arch/arm/core/mpu/libarch__arm__core__mpu.a(arm_core_mpu.c.obj)
                0x0000000000000df0                z_arm_configure_static_mpu_regions
 .text.region_init
                0x0000000000000e28       0x34 zephyr/arch/arch/arm/core/mpu/libarch__arm__core__mpu.a(arm_mpu.c.obj)
 .text.mpu_configure_regions_and_partition.constprop.0
                0x0000000000000e5c      0x14c zephyr/arch/arch/arm/core/mpu/libarch__arm__core__mpu.a(arm_mpu.c.obj)
 .text.arm_core_mpu_enable
                0x0000000000000fa8       0x18 zephyr/arch/arch/arm/core/mpu/libarch__arm__core__mpu.a(arm_mpu.c.obj)
                0x0000000000000fa8                arm_core_mpu_enable
 .text.arm_core_mpu_disable
                0x0000000000000fc0       0x14 zephyr/arch/arch/arm/core/mpu/libarch__arm__core__mpu.a(arm_mpu.c.obj)
                0x0000000000000fc0                arm_core_mpu_disable
 .text.arm_core_mpu_configure_static_mpu_regions
                0x0000000000000fd4       0x14 zephyr/arch/arch/arm/core/mpu/libarch__arm__core__mpu.a(arm_mpu.c.obj)
                0x0000000000000fd4                arm_core_mpu_configure_static_mpu_regions
 .text.arm_core_mpu_mark_areas_for_dynamic_regions
                0x0000000000000fe8       0xb8 zephyr/arch/arch/arm/core/mpu/libarch__arm__core__mpu.a(arm_mpu.c.obj)
                0x0000000000000fe8                arm_core_mpu_mark_areas_for_dynamic_regions
 .text.z_arm_mpu_init
                0x00000000000010a0       0xf8 zephyr/arch/arch/arm/core/mpu/libarch__arm__core__mpu.a(arm_mpu.c.obj)
                0x00000000000010a0                z_arm_mpu_init
 .text.z_impl_zephyr_fputc
                0x0000000000001198       0x10 zephyr/lib/libc/picolibc/liblib__libc__picolibc.a(libc-hooks.c.obj)
                0x0000000000001198                z_impl_zephyr_fputc
 .text.__stdout_hook_install
                0x00000000000011a8       0x18 zephyr/lib/libc/picolibc/liblib__libc__picolibc.a(libc-hooks.c.obj)
                0x00000000000011a8                __stdout_hook_install
 .text.malloc_prepare
                0x00000000000011c0       0x24 zephyr/lib/libc/common/liblib__libc__common.a(malloc.c.obj)
 .text.rtc_pretick_init
                0x00000000000011e4       0x60 zephyr/soc/soc/arm/nordic_nrf/libsoc__arm__nordic_nrf.a(soc.c.obj)
 .text.nrf_gpio_pin_control_select.constprop.0
                0x0000000000001244       0x1c zephyr/soc/soc/arm/nordic_nrf/libsoc__arm__nordic_nrf.a(soc.c.obj)
 .text.nordicsemi_nrf53_init
                0x0000000000001260       0x38 zephyr/soc/soc/arm/nordic_nrf/libsoc__arm__nordic_nrf.a(soc.c.obj)
 .text.z_arm_on_enter_cpu_idle
                0x0000000000001298       0x64 zephyr/soc/soc/arm/nordic_nrf/libsoc__arm__nordic_nrf.a(soc.c.obj)
                0x0000000000001298                z_arm_on_enter_cpu_idle
 .text.arch_busy_wait
                0x00000000000012fc       0x24 zephyr/soc/soc/arm/nordic_nrf/libsoc__arm__nordic_nrf.a(soc.c.obj)
                0x00000000000012fc                arch_busy_wait
 .text.z_arm_platform_init
                0x0000000000001320        0x4 zephyr/soc/soc/arm/nordic_nrf/libsoc__arm__nordic_nrf.a(soc_nrf_common.S.obj)
                0x0000000000001320                z_arm_platform_init
 .text.onoff_stop
                0x0000000000001324       0x30 zephyr/drivers/clock_control/libdrivers__clock_control.a(clock_control_nrf.c.obj)
 .text.onoff_start
                0x0000000000001354       0x44 zephyr/drivers/clock_control/libdrivers__clock_control.a(clock_control_nrf.c.obj)
 .text.clk_init
                0x0000000000001398       0x64 zephyr/drivers/clock_control/libdrivers__clock_control.a(clock_control_nrf.c.obj)
 .text.clkstarted_handle.constprop.0
                0x00000000000013fc       0x34 zephyr/drivers/clock_control/libdrivers__clock_control.a(clock_control_nrf.c.obj)
 .text.clock_event_handler
                0x0000000000001430       0x30 zephyr/drivers/clock_control/libdrivers__clock_control.a(clock_control_nrf.c.obj)
 .text.generic_hfclk_start
                0x0000000000001460       0x64 zephyr/drivers/clock_control/libdrivers__clock_control.a(clock_control_nrf.c.obj)
 .text.api_blocking_start
                0x00000000000014c4       0x34 zephyr/drivers/clock_control/libdrivers__clock_control.a(clock_control_nrf.c.obj)
 .text.generic_hfclk_stop
                0x00000000000014f8       0x34 zephyr/drivers/clock_control/libdrivers__clock_control.a(clock_control_nrf.c.obj)
 .text.z_nrf_clock_control_lf_on
                0x000000000000152c       0xfc zephyr/drivers/clock_control/libdrivers__clock_control.a(clock_control_nrf.c.obj)
                0x000000000000152c                z_nrf_clock_control_lf_on
 .text.uart_console_init
                0x0000000000001628       0x28 zephyr/drivers/console/libdrivers__console.a(uart_console.c.obj)
 .text.console_out
                0x0000000000001650       0x28 zephyr/drivers/console/libdrivers__console.a(uart_console.c.obj)
 .text.gpio_nrfx_pin_interrupt_configure
                0x0000000000001678      0x100 zephyr/drivers/gpio/libdrivers__gpio.a(gpio_nrfx.c.obj)
 .text.gpio_nrfx_init
                0x0000000000001778       0x48 zephyr/drivers/gpio/libdrivers__gpio.a(gpio_nrfx.c.obj)
 .text.nrfx_gpio_handler
                0x00000000000017c0       0x4c zephyr/drivers/gpio/libdrivers__gpio.a(gpio_nrfx.c.obj)
 .text.gpio_nrfx_pin_configure
                0x000000000000180c      0x18c zephyr/drivers/gpio/libdrivers__gpio.a(gpio_nrfx.c.obj)
 .text.gpio_hogs_init
                0x0000000000001998       0x34 zephyr/drivers/gpio/libdrivers__gpio.a(gpio_hogs.c.obj)
 .text.nrf_gpio_pin_port_decode
                0x00000000000019cc       0x24 zephyr/drivers/pinctrl/libdrivers__pinctrl.a(pinctrl_nrf.c.obj)
 .text.pinctrl_configure_pins
                0x00000000000019f0      0x194 zephyr/drivers/pinctrl/libdrivers__pinctrl.a(pinctrl_nrf.c.obj)
                0x00000000000019f0                pinctrl_configure_pins
 .text.uarte_0_init
                0x0000000000001b84      0x274 zephyr/drivers/serial/libdrivers__serial.a(uart_nrfx_uarte.c.obj)
 .text.uarte_nrfx_poll_out
                0x0000000000001df8       0xcc zephyr/drivers/serial/libdrivers__serial.a(uart_nrfx_uarte.c.obj)
 .text.compare_int_lock
                0x0000000000001ec4       0x40 zephyr/drivers/timer/libdrivers__timer.a(nrf_rtc_timer.c.obj)
 .text.sys_clock_timeout_handler
                0x0000000000001f04       0x48 zephyr/drivers/timer/libdrivers__timer.a(nrf_rtc_timer.c.obj)
 .text.compare_int_unlock
                0x0000000000001f4c       0x4c zephyr/drivers/timer/libdrivers__timer.a(nrf_rtc_timer.c.obj)
 .text.z_nrf_rtc_timer_read
                0x0000000000001f98       0x44 zephyr/drivers/timer/libdrivers__timer.a(nrf_rtc_timer.c.obj)
                0x0000000000001f98                z_nrf_rtc_timer_read
 .text.compare_set
                0x0000000000001fdc      0x124 zephyr/drivers/timer/libdrivers__timer.a(nrf_rtc_timer.c.obj)
 .text.sys_clock_driver_init
                0x0000000000002100       0x90 zephyr/drivers/timer/libdrivers__timer.a(nrf_rtc_timer.c.obj)
 .text.rtc_nrf_isr
                0x0000000000002190       0xd0 zephyr/drivers/timer/libdrivers__timer.a(nrf_rtc_timer.c.obj)
                0x0000000000002190                rtc_nrf_isr
 .text.sys_clock_set_timeout
                0x0000000000002260       0x5c zephyr/drivers/timer/libdrivers__timer.a(nrf_rtc_timer.c.obj)
                0x0000000000002260                sys_clock_set_timeout
 .text.sys_clock_elapsed
                0x00000000000022bc       0x14 zephyr/drivers/timer/libdrivers__timer.a(nrf_rtc_timer.c.obj)
                0x00000000000022bc                sys_clock_elapsed
 .text.sys_clock_disable
                0x00000000000022d0       0x30 zephyr/drivers/timer/libdrivers__timer.a(nrf_rtc_timer.c.obj)
                0x00000000000022d0                sys_clock_disable
 .text.nrf53_errata_42
                0x0000000000002300       0x24 modules/hal_nordic/nrfx/libmodules__hal_nordic__nrfx.a(system_nrf5340_application.c.obj)
 .text.SystemInit
                0x0000000000002324      0x218 modules/hal_nordic/nrfx/libmodules__hal_nordic__nrfx.a(system_nrf5340_application.c.obj)
                0x0000000000002324                SystemInit
 .text.nrfx_flag32_alloc
                0x000000000000253c       0x40 modules/hal_nordic/nrfx/libmodules__hal_nordic__nrfx.a(nrfx_flag32_allocator.c.obj)
                0x000000000000253c                nrfx_flag32_alloc
 .text.nrfx_flag32_free
                0x000000000000257c       0x38 modules/hal_nordic/nrfx/libmodules__hal_nordic__nrfx.a(nrfx_flag32_allocator.c.obj)
                0x000000000000257c                nrfx_flag32_free
 .text.nrfx_gppi_channels_enable
                0x00000000000025b4        0xc modules/hal_nordic/nrfx/libmodules__hal_nordic__nrfx.a(nrfx_gppi_dppi.c.obj)
                0x00000000000025b4                nrfx_gppi_channels_enable
 .text.nrfx_clock_init
                0x00000000000025c0       0x20 modules/hal_nordic/nrfx/libmodules__hal_nordic__nrfx.a(nrfx_clock.c.obj)
                0x00000000000025c0                nrfx_clock_init
 .text.nrfx_clock_enable
                0x00000000000025e0       0x30 modules/hal_nordic/nrfx/libmodules__hal_nordic__nrfx.a(nrfx_clock.c.obj)
                0x00000000000025e0                nrfx_clock_enable
 .text.nrfx_clock_start
                0x0000000000002610       0xd0 modules/hal_nordic/nrfx/libmodules__hal_nordic__nrfx.a(nrfx_clock.c.obj)
                0x0000000000002610                nrfx_clock_start
 .text.nrfx_power_clock_irq_handler
                0x00000000000026e0       0xb0 modules/hal_nordic/nrfx/libmodules__hal_nordic__nrfx.a(nrfx_clock.c.obj)
                0x00000000000026e0                nrfx_power_clock_irq_handler
 .text.nrfx_dppi_channel_alloc
                0x0000000000002790        0xc modules/hal_nordic/nrfx/libmodules__hal_nordic__nrfx.a(nrfx_dppi.c.obj)
                0x0000000000002790                nrfx_dppi_channel_alloc
 .text.nrf_gpio_pin_port_decode
                0x000000000000279c       0x24 modules/hal_nordic/nrfx/libmodules__hal_nordic__nrfx.a(nrfx_gpiote.c.obj)
 .text.get_pin_idx
                0x00000000000027c0       0x14 modules/hal_nordic/nrfx/libmodules__hal_nordic__nrfx.a(nrfx_gpiote.c.obj)
 .text.call_handler.constprop.0
                0x00000000000027d4       0x40 modules/hal_nordic/nrfx/libmodules__hal_nordic__nrfx.a(nrfx_gpiote.c.obj)
 .text.pin_te_get.constprop.0
                0x0000000000002814       0x18 modules/hal_nordic/nrfx/libmodules__hal_nordic__nrfx.a(nrfx_gpiote.c.obj)
 .text.pin_is_output.constprop.0
                0x000000000000282c       0x18 modules/hal_nordic/nrfx/libmodules__hal_nordic__nrfx.a(nrfx_gpiote.c.obj)
 .text.pin_in_use_by_te.constprop.0
                0x0000000000002844       0x18 modules/hal_nordic/nrfx/libmodules__hal_nordic__nrfx.a(nrfx_gpiote.c.obj)
 .text.latch_pending_read_and_check
                0x000000000000285c       0x3c modules/hal_nordic/nrfx/libmodules__hal_nordic__nrfx.a(nrfx_gpiote.c.obj)
 .text.release_handler.isra.0
                0x0000000000002898       0x58 modules/hal_nordic/nrfx/libmodules__hal_nordic__nrfx.a(nrfx_gpiote.c.obj)
 .text.__nrfy_internal_gpiote_events_process.constprop.0
                0x00000000000028f0       0x5c modules/hal_nordic/nrfx/libmodules__hal_nordic__nrfx.a(nrfx_gpiote.c.obj)
 .text.pin_uninit
                0x000000000000294c       0x84 modules/hal_nordic/nrfx/libmodules__hal_nordic__nrfx.a(nrfx_gpiote.c.obj)
 .text.nrfx_gpiote_input_configure
                0x00000000000029d0      0x178 modules/hal_nordic/nrfx/libmodules__hal_nordic__nrfx.a(nrfx_gpiote.c.obj)
                0x00000000000029d0                nrfx_gpiote_input_configure
 .text.nrfx_gpiote_output_configure
                0x0000000000002b48      0x104 modules/hal_nordic/nrfx/libmodules__hal_nordic__nrfx.a(nrfx_gpiote.c.obj)
                0x0000000000002b48                nrfx_gpiote_output_configure
 .text.nrfx_gpiote_global_callback_set
                0x0000000000002c4c        0xc modules/hal_nordic/nrfx/libmodules__hal_nordic__nrfx.a(nrfx_gpiote.c.obj)
                0x0000000000002c4c                nrfx_gpiote_global_callback_set
 .text.nrfx_gpiote_channel_get
                0x0000000000002c58       0x34 modules/hal_nordic/nrfx/libmodules__hal_nordic__nrfx.a(nrfx_gpiote.c.obj)
                0x0000000000002c58                nrfx_gpiote_channel_get
 .text.nrfx_gpiote_init
                0x0000000000002c8c       0x6c modules/hal_nordic/nrfx/libmodules__hal_nordic__nrfx.a(nrfx_gpiote.c.obj)
                0x0000000000002c8c                nrfx_gpiote_init
 .text.nrfx_gpiote_init_check
                0x0000000000002cf8       0x14 modules/hal_nordic/nrfx/libmodules__hal_nordic__nrfx.a(nrfx_gpiote.c.obj)
                0x0000000000002cf8                nrfx_gpiote_init_check
 .text.nrfx_gpiote_channel_free
                0x0000000000002d0c        0xc modules/hal_nordic/nrfx/libmodules__hal_nordic__nrfx.a(nrfx_gpiote.c.obj)
                0x0000000000002d0c                nrfx_gpiote_channel_free
 .text.nrfx_gpiote_channel_alloc
                0x0000000000002d18        0xc modules/hal_nordic/nrfx/libmodules__hal_nordic__nrfx.a(nrfx_gpiote.c.obj)
                0x0000000000002d18                nrfx_gpiote_channel_alloc
 .text.nrfx_gpiote_trigger_enable
                0x0000000000002d24       0x98 modules/hal_nordic/nrfx/libmodules__hal_nordic__nrfx.a(nrfx_gpiote.c.obj)
                0x0000000000002d24                nrfx_gpiote_trigger_enable
 .text.nrfx_gpiote_0_irq_handler
                0x0000000000002dbc      0x1b8 modules/hal_nordic/nrfx/libmodules__hal_nordic__nrfx.a(nrfx_gpiote.c.obj)
                0x0000000000002dbc                nrfx_gpiote_0_irq_handler
 .text.saadc_channel_count_get
                0x0000000000002f74       0x38 modules/hal_nordic/nrfx/libmodules__hal_nordic__nrfx.a(nrfx_saadc.c.obj)
 .text.saadc_busy_check
                0x0000000000002fac       0x1c modules/hal_nordic/nrfx/libmodules__hal_nordic__nrfx.a(nrfx_saadc.c.obj)
 .text.saadc_pre_calibration_state_restore
                0x0000000000002fc8       0x5c modules/hal_nordic/nrfx/libmodules__hal_nordic__nrfx.a(nrfx_saadc.c.obj)
 .text.saadc_channels_deconfig
                0x0000000000003024       0x3c modules/hal_nordic/nrfx/libmodules__hal_nordic__nrfx.a(nrfx_saadc.c.obj)
 .text.__nrfy_internal_saadc_events_process.constprop.0
                0x0000000000003060       0x88 modules/hal_nordic/nrfx/libmodules__hal_nordic__nrfx.a(nrfx_saadc.c.obj)
 .text.saadc_channel_config
                0x00000000000030e8       0x7c modules/hal_nordic/nrfx/libmodules__hal_nordic__nrfx.a(nrfx_saadc.c.obj)
 .text.saadc_generic_mode_set
                0x0000000000003164       0xb4 modules/hal_nordic/nrfx/libmodules__hal_nordic__nrfx.a(nrfx_saadc.c.obj)
 .text.nrfx_saadc_init
                0x0000000000003218       0x94 modules/hal_nordic/nrfx/libmodules__hal_nordic__nrfx.a(nrfx_saadc.c.obj)
                0x0000000000003218                nrfx_saadc_init
 .text.nrfx_saadc_channels_config
                0x00000000000032ac       0x58 modules/hal_nordic/nrfx/libmodules__hal_nordic__nrfx.a(nrfx_saadc.c.obj)
                0x00000000000032ac                nrfx_saadc_channels_config
 .text.nrfx_saadc_simple_mode_set
                0x0000000000003304       0x60 modules/hal_nordic/nrfx/libmodules__hal_nordic__nrfx.a(nrfx_saadc.c.obj)
                0x0000000000003304                nrfx_saadc_simple_mode_set
 .text.nrfx_saadc_buffer_set
                0x0000000000003364       0x8c modules/hal_nordic/nrfx/libmodules__hal_nordic__nrfx.a(nrfx_saadc.c.obj)
                0x0000000000003364                nrfx_saadc_buffer_set
 .text.nrfx_saadc_mode_trigger
                0x00000000000033f0      0x160 modules/hal_nordic/nrfx/libmodules__hal_nordic__nrfx.a(nrfx_saadc.c.obj)
                0x00000000000033f0                nrfx_saadc_mode_trigger
 .text.nrfx_saadc_irq_handler
                0x0000000000003550      0x19c modules/hal_nordic/nrfx/libmodules__hal_nordic__nrfx.a(nrfx_saadc.c.obj)
                0x0000000000003550                nrfx_saadc_irq_handler
 .text.z_fatal_error
                0x00000000000036ec       0x30 zephyr/kernel/libkernel.a(fatal.c.obj)
                0x00000000000036ec                z_fatal_error
 .text.z_sys_init_run_level
                0x000000000000371c       0x48 zephyr/kernel/libkernel.a(init.c.obj)
 .text.bg_thread_main
                0x0000000000003764       0x34 zephyr/kernel/libkernel.a(init.c.obj)
 .text.z_bss_zero
                0x0000000000003798       0x18 zephyr/kernel/libkernel.a(init.c.obj)
                0x0000000000003798                z_bss_zero
 .text.z_init_cpu
                0x00000000000037b0       0x7c zephyr/kernel/libkernel.a(init.c.obj)
                0x00000000000037b0                z_init_cpu
 .text.z_cstart
                0x000000000000382c       0xdc zephyr/kernel/libkernel.a(init.c.obj)
                0x000000000000382c                z_cstart
 .text.init_mem_slab_obj_core_list
                0x0000000000003908       0x24 zephyr/kernel/libkernel.a(mem_slab.c.obj)
 .text.k_mem_slab_alloc
                0x000000000000392c       0x5c zephyr/kernel/libkernel.a(mem_slab.c.obj)
                0x000000000000392c                k_mem_slab_alloc
 .text.z_setup_new_thread
                0x0000000000003988       0x7c zephyr/kernel/libkernel.a(thread.c.obj)
                0x0000000000003988                z_setup_new_thread
 .text.z_init_static_threads
                0x0000000000003a04       0x98 zephyr/kernel/libkernel.a(thread.c.obj)
                0x0000000000003a04                z_init_static_threads
 .text.z_impl_k_mutex_unlock
                0x0000000000003a9c       0x78 zephyr/kernel/libkernel.a(mutex.c.obj)
                0x0000000000003a9c                z_impl_k_mutex_unlock
 .text.z_impl_k_mutex_lock
                0x0000000000003b14       0xf4 zephyr/kernel/libkernel.a(mutex.c.obj)
                0x0000000000003b14                z_impl_k_mutex_lock
 .text.z_impl_k_sem_give
                0x0000000000003c08       0x48 zephyr/kernel/libkernel.a(sem.c.obj)
                0x0000000000003c08                z_impl_k_sem_give
 .text.z_impl_k_sem_take
                0x0000000000003c50       0x50 zephyr/kernel/libkernel.a(sem.c.obj)
                0x0000000000003c50                z_impl_k_sem_take
 .text.sliceable
                0x0000000000003ca0       0x3c zephyr/kernel/libkernel.a(sched.c.obj)
 .text.slice_timeout
                0x0000000000003cdc       0x20 zephyr/kernel/libkernel.a(sched.c.obj)
 .text.z_reset_time_slice
                0x0000000000003cfc       0x50 zephyr/kernel/libkernel.a(sched.c.obj)
                0x0000000000003cfc                z_reset_time_slice
 .text.update_cache
                0x0000000000003d4c       0x3c zephyr/kernel/libkernel.a(sched.c.obj)
 .text.move_thread_to_end_of_prio_q
                0x0000000000003d88       0x74 zephyr/kernel/libkernel.a(sched.c.obj)
 .text.ready_thread
                0x0000000000003dfc       0x68 zephyr/kernel/libkernel.a(sched.c.obj)
 .text.unready_thread
                0x0000000000003e64       0x30 zephyr/kernel/libkernel.a(sched.c.obj)
 .text.pend_locked
                0x0000000000003e94       0x30 zephyr/kernel/libkernel.a(sched.c.obj)
 .text.z_thread_halt
                0x0000000000003ec4       0xa0 zephyr/kernel/libkernel.a(sched.c.obj)
 .text.z_time_slice
                0x0000000000003f64       0x60 zephyr/kernel/libkernel.a(sched.c.obj)
                0x0000000000003f64                z_time_slice
 .text.z_pend_curr
                0x0000000000003fc4       0x3c zephyr/kernel/libkernel.a(sched.c.obj)
                0x0000000000003fc4                z_pend_curr
 .text.z_set_prio
                0x0000000000004000       0x8c zephyr/kernel/libkernel.a(sched.c.obj)
                0x0000000000004000                z_set_prio
 .text.z_reschedule
                0x000000000000408c       0x24 zephyr/kernel/libkernel.a(sched.c.obj)
                0x000000000000408c                z_reschedule
 .text.z_sched_start
                0x00000000000040b0       0x3c zephyr/kernel/libkernel.a(sched.c.obj)
                0x00000000000040b0                z_sched_start
 .text.k_sched_lock
                0x00000000000040ec       0x28 zephyr/kernel/libkernel.a(sched.c.obj)
                0x00000000000040ec                k_sched_lock
 .text.k_sched_unlock
                0x0000000000004114       0x38 zephyr/kernel/libkernel.a(sched.c.obj)
                0x0000000000004114                k_sched_unlock
 .text.z_sched_init
                0x000000000000414c       0x10 zephyr/kernel/libkernel.a(sched.c.obj)
                0x000000000000414c                z_sched_init
 .text.z_impl_k_yield
                0x000000000000415c       0x7c zephyr/kernel/libkernel.a(sched.c.obj)
                0x000000000000415c                z_impl_k_yield
 .text.z_tick_sleep
                0x00000000000041d8       0x88 zephyr/kernel/libkernel.a(sched.c.obj)
 .text.z_impl_k_sleep
                0x0000000000004260       0x34 zephyr/kernel/libkernel.a(sched.c.obj)
                0x0000000000004260                z_impl_k_sleep
 .text.z_impl_k_sched_current_thread_query
                0x0000000000004294        0xc zephyr/kernel/libkernel.a(sched.c.obj)
                0x0000000000004294                z_impl_k_sched_current_thread_query
 .text.z_data_copy
                0x00000000000042a0       0x34 zephyr/kernel/libkernel.a(xip.c.obj)
                0x00000000000042a0                z_data_copy
 .text.elapsed  0x00000000000042d4       0x14 zephyr/kernel/libkernel.a(timeout.c.obj)
 .text.next_timeout
                0x00000000000042e8       0x40 zephyr/kernel/libkernel.a(timeout.c.obj)
 .text.remove_timeout
                0x0000000000004328       0x38 zephyr/kernel/libkernel.a(timeout.c.obj)
 .text.z_add_timeout
                0x0000000000004360       0xec zephyr/kernel/libkernel.a(timeout.c.obj)
                0x0000000000004360                z_add_timeout
 .text.sys_clock_announce
                0x000000000000444c       0xd4 zephyr/kernel/libkernel.a(timeout.c.obj)
                0x000000000000444c                sys_clock_announce
 .text.sys_clock_tick_get
                0x0000000000004520       0x34 zephyr/kernel/libkernel.a(timeout.c.obj)
                0x0000000000004520                sys_clock_tick_get
 .text.z_timer_expiration_handler
                0x0000000000004554       0xe4 zephyr/kernel/libkernel.a(timer.c.obj)
                0x0000000000004554                z_timer_expiration_handler
 .text.z_impl_k_timer_start
                0x0000000000004638       0x74 zephyr/kernel/libkernel.a(timer.c.obj)
                0x0000000000004638                z_impl_k_timer_start
 .text.boot_banner
                0x00000000000046ac        0xc zephyr/kernel/libkernel.a(banner.c.obj)
                0x00000000000046ac                boot_banner
 .text.nrf_cc3xx_platform_init_no_rng
                0x00000000000046b8       0x38 /opt/nordic/ncs/v2.6.0/nrfxlib/crypto/nrf_cc312_platform/lib/cortex-m33/soft-float/no-interrupts/libnrf_cc312_platform_0.9.19.a(nrf_cc3xx_platform.c.obj)
                0x00000000000046b8                nrf_cc3xx_platform_init_no_rng
 .text.nrf_cc3xx_platform_abort
                0x00000000000046f0       0x24 /opt/nordic/ncs/v2.6.0/nrfxlib/crypto/nrf_cc312_platform/lib/cortex-m33/soft-float/no-interrupts/libnrf_cc312_platform_0.9.19.a(nrf_cc3xx_platform_abort.c.obj)
 .text.CC_PalAbort
                0x0000000000004714       0x44 /opt/nordic/ncs/v2.6.0/nrfxlib/crypto/nrf_cc312_platform/lib/cortex-m33/soft-float/no-interrupts/libnrf_cc312_platform_0.9.19.a(nrf_cc3xx_platform_abort.c.obj)
                0x0000000000004714                CC_PalAbort
 .text.nrf_cc3xx_platform_set_abort
                0x0000000000004758       0x10 /opt/nordic/ncs/v2.6.0/nrfxlib/crypto/nrf_cc312_platform/lib/cortex-m33/soft-float/no-interrupts/libnrf_cc312_platform_0.9.19.a(nrf_cc3xx_platform_abort.c.obj)
                0x0000000000004758                nrf_cc3xx_platform_set_abort
 .text.mutex_free
                0x0000000000004768       0x34 /opt/nordic/ncs/v2.6.0/nrfxlib/crypto/nrf_cc312_platform/lib/cortex-m33/soft-float/no-interrupts/libnrf_cc312_platform_0.9.19.a(nrf_cc3xx_platform_mutex.c.obj)
 .text.mutex_lock
                0x000000000000479c       0x48 /opt/nordic/ncs/v2.6.0/nrfxlib/crypto/nrf_cc312_platform/lib/cortex-m33/soft-float/no-interrupts/libnrf_cc312_platform_0.9.19.a(nrf_cc3xx_platform_mutex.c.obj)
 .text.mutex_unlock
                0x00000000000047e4       0x38 /opt/nordic/ncs/v2.6.0/nrfxlib/crypto/nrf_cc312_platform/lib/cortex-m33/soft-float/no-interrupts/libnrf_cc312_platform_0.9.19.a(nrf_cc3xx_platform_mutex.c.obj)
 .text.mutex_init
                0x000000000000481c       0x20 /opt/nordic/ncs/v2.6.0/nrfxlib/crypto/nrf_cc312_platform/lib/cortex-m33/soft-float/no-interrupts/libnrf_cc312_platform_0.9.19.a(nrf_cc3xx_platform_mutex.c.obj)
 .text.nrf_cc3xx_platform_set_mutexes
                0x000000000000483c       0x78 /opt/nordic/ncs/v2.6.0/nrfxlib/crypto/nrf_cc312_platform/lib/cortex-m33/soft-float/no-interrupts/libnrf_cc312_platform_0.9.19.a(nrf_cc3xx_platform_mutex.c.obj)
                0x000000000000483c                nrf_cc3xx_platform_set_mutexes
 .text.CC_LibInitNoRng
                0x00000000000048b4       0x28 /opt/nordic/ncs/v2.6.0/nrfxlib/crypto/nrf_cc312_platform/lib/cortex-m33/soft-float/no-interrupts/libnrf_cc312_platform_0.9.19.a(cc_lib.c.obj)
                0x00000000000048b4                CC_LibInitNoRng
 .text.CC_HalInit
                0x00000000000048dc        0x4 /opt/nordic/ncs/v2.6.0/nrfxlib/crypto/nrf_cc312_platform/lib/cortex-m33/soft-float/no-interrupts/libnrf_cc312_platform_0.9.19.a(cc_hal.c.obj)
                0x00000000000048dc                CC_HalInit
 .text.CC_PalInit
                0x00000000000048e0       0x5c /opt/nordic/ncs/v2.6.0/nrfxlib/crypto/nrf_cc312_platform/lib/cortex-m33/soft-float/no-interrupts/libnrf_cc312_platform_0.9.19.a(cc_pal.c.obj)
                0x00000000000048e0                CC_PalInit
 .text.CC_PalTerminate
                0x000000000000493c       0x34 /opt/nordic/ncs/v2.6.0/nrfxlib/crypto/nrf_cc312_platform/lib/cortex-m33/soft-float/no-interrupts/libnrf_cc312_platform_0.9.19.a(cc_pal.c.obj)
                0x000000000000493c                CC_PalTerminate
 .text.CC_PalDmaInit
                0x0000000000004970        0x4 /opt/nordic/ncs/v2.6.0/nrfxlib/crypto/nrf_cc312_platform/lib/cortex-m33/soft-float/no-interrupts/libnrf_cc312_platform_0.9.19.a(cc_pal_dma.c.obj)
                0x0000000000004970                CC_PalDmaInit
 .text.CC_PalDmaTerminate
                0x0000000000004974        0x4 /opt/nordic/ncs/v2.6.0/nrfxlib/crypto/nrf_cc312_platform/lib/cortex-m33/soft-float/no-interrupts/libnrf_cc312_platform_0.9.19.a(cc_pal_dma.c.obj)
                0x0000000000004974                CC_PalDmaTerminate
 .text.CC_PalMutexCreate
                0x0000000000004978       0x14 /opt/nordic/ncs/v2.6.0/nrfxlib/crypto/nrf_cc312_platform/lib/cortex-m33/soft-float/no-interrupts/libnrf_cc312_platform_0.9.19.a(cc_pal_mutex.c.obj)
                0x0000000000004978                CC_PalMutexCreate
 .text.CC_PalMutexDestroy
                0x000000000000498c       0x14 /opt/nordic/ncs/v2.6.0/nrfxlib/crypto/nrf_cc312_platform/lib/cortex-m33/soft-float/no-interrupts/libnrf_cc312_platform_0.9.19.a(cc_pal_mutex.c.obj)
                0x000000000000498c                CC_PalMutexDestroy
 .text.CC_PalPowerSaveModeInit
                0x00000000000049a0       0x3c /opt/nordic/ncs/v2.6.0/nrfxlib/crypto/nrf_cc312_platform/lib/cortex-m33/soft-float/no-interrupts/libnrf_cc312_platform_0.9.19.a(cc_pal_pm.c.obj)
                0x00000000000049a0                CC_PalPowerSaveModeInit
 .text.__l_vfprintf
                0x00000000000049dc      0x4b4 /opt/nordic/ncs/toolchains/580e4ef81c/opt/zephyr-sdk/arm-zephyr-eabi/bin/../lib/gcc/../../picolibc/arm-zephyr-eabi/lib/thumb/v8-m.main/nofp/libc.a(libc_tinystdio_vflprintf.c.o)
                0x00000000000049dc                __l_vfprintf
 .text._OffsetAbsSyms
                0x0000000000004e90        0x2 zephyr/CMakeFiles/offsets.dir/./arch/arm/core/offsets/offsets.c.obj
                0x0000000000004e90                _OffsetAbsSyms
 .text.arch_printk_char_out
                0x0000000000004e92        0x4 zephyr/libzephyr.a(printk.c.obj)
                0x0000000000004e92                arch_printk_char_out
 .text.printk   0x0000000000004e96       0x1a zephyr/libzephyr.a(printk.c.obj)
                0x0000000000004e96                printk
 .text.chunk_field
                0x0000000000004eb0       0x16 zephyr/libzephyr.a(heap.c.obj)
 .text.chunk_set
                0x0000000000004ec6       0x16 zephyr/libzephyr.a(heap.c.obj)
 .text.chunk_size
                0x0000000000004edc        0xc zephyr/libzephyr.a(heap.c.obj)
 .text.set_chunk_used
                0x0000000000004ee8       0x30 zephyr/libzephyr.a(heap.c.obj)
 .text.set_chunk_size
                0x0000000000004f18        0x8 zephyr/libzephyr.a(heap.c.obj)
 .text.bucket_idx.isra.0
                0x0000000000004f20       0x1c zephyr/libzephyr.a(heap.c.obj)
 .text.free_list_add
                0x0000000000004f3c       0x84 zephyr/libzephyr.a(heap.c.obj)
 .text.sys_heap_init
                0x0000000000004fc0       0xb0 zephyr/libzephyr.a(heap.c.obj)
                0x0000000000004fc0                sys_heap_init
 .text.process_recheck
                0x0000000000005070       0x38 zephyr/libzephyr.a(onoff.c.obj)
 .text.validate_args
                0x00000000000050a8       0x20 zephyr/libzephyr.a(onoff.c.obj)
 .text.notify_one
                0x00000000000050c8       0x2c zephyr/libzephyr.a(onoff.c.obj)
 .text.transition_complete
                0x00000000000050f4       0x1c zephyr/libzephyr.a(onoff.c.obj)
 .text.onoff_manager_init
                0x0000000000005110       0x26 zephyr/libzephyr.a(onoff.c.obj)
                0x0000000000005110                onoff_manager_init
 .text.onoff_request
                0x0000000000005136       0xb0 zephyr/libzephyr.a(onoff.c.obj)
                0x0000000000005136                onoff_request
 .text.sys_notify_validate
                0x00000000000051e6       0x22 zephyr/libzephyr.a(notify.c.obj)
                0x00000000000051e6                sys_notify_validate
 .text.sys_notify_finalize
                0x0000000000005208       0x1a zephyr/libzephyr.a(notify.c.obj)
                0x0000000000005208                sys_notify_finalize
 .text._ConfigAbsSyms
                0x0000000000005222        0x2 zephyr/libzephyr.a(configs.c.obj)
                0x0000000000005222                _ConfigAbsSyms
 .text.abort_function
                0x0000000000005224        0x8 zephyr/libzephyr.a(nrf_cc3xx_platform_abort_zephyr.c.obj)
 .text.z_arm_fatal_error
                0x000000000000522c        0x4 zephyr/arch/arch/arm/core/libarch__arm__core.a(fatal.c.obj)
                0x000000000000522c                z_arm_fatal_error
 .text.z_do_kernel_oops
                0x0000000000005230        0x8 zephyr/arch/arch/arm/core/libarch__arm__core.a(fatal.c.obj)
                0x0000000000005230                z_do_kernel_oops
 .text.z_arm_nmi
                0x0000000000005238        0xe zephyr/arch/arch/arm/core/libarch__arm__core.a(nmi.c.obj)
                0x0000000000005238                z_arm_nmi
 .text.z_irq_spurious
                0x0000000000005246        0x8 zephyr/arch/arch/arm/core/cortex_m/libarch__arm__core__cortex_m.a(irq_manage.c.obj)
                0x0000000000005246                z_irq_spurious
 .text.configure_builtin_stack_guard
                0x000000000000524e        0x8 zephyr/arch/arch/arm/core/cortex_m/libarch__arm__core__cortex_m.a(thread.c.obj)
                0x000000000000524e                configure_builtin_stack_guard
 .text.arm_cmse_mpu_region_get
                0x0000000000005256       0x12 zephyr/arch/arch/arm/core/cortex_m/cmse/libarch__arm__core__cortex_m__cmse.a(arm_core_cmse.c.obj)
                0x0000000000005256                arm_cmse_mpu_region_get
 .text.mpu_configure_region
                0x0000000000005268       0x3a zephyr/arch/arch/arm/core/mpu/libarch__arm__core__mpu.a(arm_mpu.c.obj)
 .text.picolibc_put
                0x00000000000052a2        0xa zephyr/lib/libc/picolibc/liblib__libc__picolibc.a(libc-hooks.c.obj)
 .text.get_status
                0x00000000000052ac       0x12 zephyr/drivers/clock_control/libdrivers__clock_control.a(clock_control_nrf.c.obj)
 .text.set_on_state
                0x00000000000052be       0x26 zephyr/drivers/clock_control/libdrivers__clock_control.a(clock_control_nrf.c.obj)
 .text.stop     0x00000000000052e4       0x54 zephyr/drivers/clock_control/libdrivers__clock_control.a(clock_control_nrf.c.obj)
 .text.api_stop
                0x0000000000005338        0x6 zephyr/drivers/clock_control/libdrivers__clock_control.a(clock_control_nrf.c.obj)
 .text.async_start
                0x000000000000533e       0x5e zephyr/drivers/clock_control/libdrivers__clock_control.a(clock_control_nrf.c.obj)
 .text.api_start
                0x000000000000539c        0xe zephyr/drivers/clock_control/libdrivers__clock_control.a(clock_control_nrf.c.obj)
 .text.onoff_started_callback
                0x00000000000053aa       0x12 zephyr/drivers/clock_control/libdrivers__clock_control.a(clock_control_nrf.c.obj)
 .text.hfclkaudio_start
                0x00000000000053bc        0x6 zephyr/drivers/clock_control/libdrivers__clock_control.a(clock_control_nrf.c.obj)
 .text.hfclk192m_start
                0x00000000000053c2        0x6 zephyr/drivers/clock_control/libdrivers__clock_control.a(clock_control_nrf.c.obj)
 .text.lfclk_start
                0x00000000000053c8        0x6 zephyr/drivers/clock_control/libdrivers__clock_control.a(clock_control_nrf.c.obj)
 .text.hfclkaudio_stop
                0x00000000000053ce        0x6 zephyr/drivers/clock_control/libdrivers__clock_control.a(clock_control_nrf.c.obj)
 .text.hfclk192m_stop
                0x00000000000053d4        0x6 zephyr/drivers/clock_control/libdrivers__clock_control.a(clock_control_nrf.c.obj)
 .text.lfclk_stop
                0x00000000000053da        0x6 zephyr/drivers/clock_control/libdrivers__clock_control.a(clock_control_nrf.c.obj)
 .text.blocking_start_callback
                0x00000000000053e0        0x6 zephyr/drivers/clock_control/libdrivers__clock_control.a(clock_control_nrf.c.obj)
 .text.gpio_nrfx_port_get_raw
                0x00000000000053e6        0xc zephyr/drivers/gpio/libdrivers__gpio.a(gpio_nrfx.c.obj)
 .text.gpio_nrfx_port_set_masked_raw
                0x00000000000053f2       0x14 zephyr/drivers/gpio/libdrivers__gpio.a(gpio_nrfx.c.obj)
 .text.gpio_nrfx_port_set_bits_raw
                0x0000000000005406        0xa zephyr/drivers/gpio/libdrivers__gpio.a(gpio_nrfx.c.obj)
 .text.gpio_nrfx_port_clear_bits_raw
                0x0000000000005410        0xa zephyr/drivers/gpio/libdrivers__gpio.a(gpio_nrfx.c.obj)
 .text.gpio_nrfx_port_toggle_bits
                0x000000000000541a       0x14 zephyr/drivers/gpio/libdrivers__gpio.a(gpio_nrfx.c.obj)
 .text.gpio_nrfx_manage_callback
                0x000000000000542e       0x52 zephyr/drivers/gpio/libdrivers__gpio.a(gpio_nrfx.c.obj)
 .text.pinctrl_lookup_state
                0x0000000000005480       0x26 zephyr/drivers/pinctrl/libdrivers__pinctrl.a(common.c.obj)
                0x0000000000005480                pinctrl_lookup_state
 .text.regulator_npm1100_common_init
                0x00000000000054a6       0x48 zephyr/drivers/regulator/libdrivers__regulator.a(regulator_npm1100.c.obj)
 .text.uarte_nrfx_err_check
                0x00000000000054ee        0xe zephyr/drivers/serial/libdrivers__serial.a(uart_nrfx_uarte.c.obj)
 .text.uarte_nrfx_poll_in
                0x00000000000054fc       0x28 zephyr/drivers/serial/libdrivers__serial.a(uart_nrfx_uarte.c.obj)
 .text.is_tx_ready.isra.0
                0x0000000000005524       0x20 zephyr/drivers/serial/libdrivers__serial.a(uart_nrfx_uarte.c.obj)
 .text.uarte_nrfx_isr_int
                0x0000000000005544       0x72 zephyr/drivers/serial/libdrivers__serial.a(uart_nrfx_uarte.c.obj)
 .text.event_clear
                0x00000000000055b6       0x18 zephyr/drivers/timer/libdrivers__timer.a(nrf_rtc_timer.c.obj)
 .text.sys_clock_cycle_get_32
                0x00000000000055ce        0x8 zephyr/drivers/timer/libdrivers__timer.a(nrf_rtc_timer.c.obj)
                0x00000000000055ce                sys_clock_cycle_get_32
 .text.k_sys_fatal_error_handler
                0x00000000000055d6        0x8 modules/nrf/lib/fatal_error/lib..__nrf__lib__fatal_error.a(fatal_error.c.obj)
                0x00000000000055d6                k_sys_fatal_error_handler
 .text.hw_cc3xx_init_internal
                0x00000000000055de        0x4 modules/nrf/drivers/hw_cc3xx/lib..__nrf__drivers__hw_cc3xx.a(hw_cc3xx.c.obj)
 .text.hw_cc3xx_init
                0x00000000000055e2       0x12 modules/nrf/drivers/hw_cc3xx/lib..__nrf__drivers__hw_cc3xx.a(hw_cc3xx.c.obj)
 .text.nrfx_isr
                0x00000000000055f4        0x2 modules/hal_nordic/nrfx/libmodules__hal_nordic__nrfx.a(nrfx_glue.c.obj)
                0x00000000000055f4                nrfx_isr
 .text.nrfx_busy_wait
                0x00000000000055f6        0x4 modules/hal_nordic/nrfx/libmodules__hal_nordic__nrfx.a(nrfx_glue.c.obj)
                0x00000000000055f6                nrfx_busy_wait
 .text.nrfx_gppi_event_endpoint_setup
                0x00000000000055fa        0xa modules/hal_nordic/nrfx/libmodules__hal_nordic__nrfx.a(nrfx_gppi_dppi.c.obj)
                0x00000000000055fa                nrfx_gppi_event_endpoint_setup
 .text.nrfx_gppi_task_endpoint_setup
                0x0000000000005604        0xa modules/hal_nordic/nrfx/libmodules__hal_nordic__nrfx.a(nrfx_gppi_dppi.c.obj)
                0x0000000000005604                nrfx_gppi_task_endpoint_setup
 .text.nrfx_gppi_channel_endpoints_setup
                0x000000000000560e        0xe modules/hal_nordic/nrfx/libmodules__hal_nordic__nrfx.a(nrfx_gppi_dppi.c.obj)
                0x000000000000560e                nrfx_gppi_channel_endpoints_setup
 .text.nrfx_gppi_channel_alloc
                0x000000000000561c        0x4 modules/hal_nordic/nrfx/libmodules__hal_nordic__nrfx.a(nrfx_gppi_dppi.c.obj)
                0x000000000000561c                nrfx_gppi_channel_alloc
 .text.clock_stop
                0x0000000000005620      0x162 modules/hal_nordic/nrfx/libmodules__hal_nordic__nrfx.a(nrfx_clock.c.obj)
 .text.nrfx_clock_stop
                0x0000000000005782        0x4 modules/hal_nordic/nrfx/libmodules__hal_nordic__nrfx.a(nrfx_clock.c.obj)
                0x0000000000005782                nrfx_clock_stop
 .text.nrf_gpio_reconfigure
                0x0000000000005786       0x92 modules/hal_nordic/nrfx/libmodules__hal_nordic__nrfx.a(nrfx_gpiote.c.obj)
 .text.nrf_gpio_cfg_sense_set
                0x0000000000005818       0x1e modules/hal_nordic/nrfx/libmodules__hal_nordic__nrfx.a(nrfx_gpiote.c.obj)
 .text.pin_trigger_disable
                0x0000000000005836       0x48 modules/hal_nordic/nrfx/libmodules__hal_nordic__nrfx.a(nrfx_gpiote.c.obj)
 .text.nrfx_gpiote_pin_uninit
                0x000000000000587e        0x4 modules/hal_nordic/nrfx/libmodules__hal_nordic__nrfx.a(nrfx_gpiote.c.obj)
                0x000000000000587e                nrfx_gpiote_pin_uninit
 .text.nrfx_gpiote_trigger_disable
                0x0000000000005882        0x4 modules/hal_nordic/nrfx/libmodules__hal_nordic__nrfx.a(nrfx_gpiote.c.obj)
                0x0000000000005882                nrfx_gpiote_trigger_disable
 .text.__nrfy_internal_saadc_event_handle.constprop.0
                0x0000000000005886       0x2e modules/hal_nordic/nrfx/libmodules__hal_nordic__nrfx.a(nrfx_saadc.c.obj)
 .text.__nrfy_internal_saadc_buffer_latch.part.0.constprop.0
                0x00000000000058b4       0x10 modules/hal_nordic/nrfx/libmodules__hal_nordic__nrfx.a(nrfx_saadc.c.obj)
 .text.z_impl_k_busy_wait
                0x00000000000058c4        0x8 zephyr/kernel/libkernel.a(busy_wait.c.obj)
                0x00000000000058c4                z_impl_k_busy_wait
 .text.z_device_state_init
                0x00000000000058cc        0x2 zephyr/kernel/libkernel.a(device.c.obj)
                0x00000000000058cc                z_device_state_init
 .text.z_device_is_ready
                0x00000000000058ce       0x16 zephyr/kernel/libkernel.a(device.c.obj)
                0x00000000000058ce                z_device_is_ready
 .text.z_early_memset
                0x00000000000058e4        0x4 zephyr/kernel/libkernel.a(init.c.obj)
                0x00000000000058e4                z_early_memset
 .text.z_early_memcpy
                0x00000000000058e8        0x4 zephyr/kernel/libkernel.a(init.c.obj)
                0x00000000000058e8                z_early_memcpy
 .text.create_free_list
                0x00000000000058ec       0x2c zephyr/kernel/libkernel.a(mem_slab.c.obj)
 .text.k_mem_slab_init
                0x0000000000005918       0x1c zephyr/kernel/libkernel.a(mem_slab.c.obj)
                0x0000000000005918                k_mem_slab_init
 .text.k_mem_slab_free
                0x0000000000005934       0x4c zephyr/kernel/libkernel.a(mem_slab.c.obj)
                0x0000000000005934                k_mem_slab_free
 .text.k_is_in_isr
                0x0000000000005980        0xc zephyr/kernel/libkernel.a(thread.c.obj)
                0x0000000000005980                k_is_in_isr
 .text.idle     0x000000000000598c       0x18 zephyr/kernel/libkernel.a(idle.c.obj)
                0x000000000000598c                idle
 .text.adjust_owner_prio.isra.0
                0x00000000000059a4       0x10 zephyr/kernel/libkernel.a(mutex.c.obj)
 .text.z_impl_k_mutex_init
                0x00000000000059b4        0xe zephyr/kernel/libkernel.a(mutex.c.obj)
                0x00000000000059b4                z_impl_k_mutex_init
 .text.sys_dlist_remove
                0x00000000000059c2       0x10 zephyr/kernel/libkernel.a(sched.c.obj)
 .text.unpend_thread_no_timeout
                0x00000000000059d2       0x14 zephyr/kernel/libkernel.a(sched.c.obj)
 .text.add_to_waitq_locked
                0x00000000000059e6       0x50 zephyr/kernel/libkernel.a(sched.c.obj)
 .text.z_ready_thread
                0x0000000000005a36       0x20 zephyr/kernel/libkernel.a(sched.c.obj)
                0x0000000000005a36                z_ready_thread
 .text.z_impl_k_thread_suspend
                0x0000000000005a56       0x36 zephyr/kernel/libkernel.a(sched.c.obj)
                0x0000000000005a56                z_impl_k_thread_suspend
 .text.z_unpend_thread_no_timeout
                0x0000000000005a8c       0x24 zephyr/kernel/libkernel.a(sched.c.obj)
                0x0000000000005a8c                z_unpend_thread_no_timeout
 .text.z_sched_wake_thread
                0x0000000000005ab0       0x44 zephyr/kernel/libkernel.a(sched.c.obj)
                0x0000000000005ab0                z_sched_wake_thread
 .text.z_thread_timeout
                0x0000000000005af4        0x8 zephyr/kernel/libkernel.a(sched.c.obj)
                0x0000000000005af4                z_thread_timeout
 .text.z_unpend_first_thread
                0x0000000000005afc       0x38 zephyr/kernel/libkernel.a(sched.c.obj)
                0x0000000000005afc                z_unpend_first_thread
 .text.z_reschedule_irqlock
                0x0000000000005b34       0x18 zephyr/kernel/libkernel.a(sched.c.obj)
                0x0000000000005b34                z_reschedule_irqlock
 .text.z_reschedule_unlocked
                0x0000000000005b4c       0x14 zephyr/kernel/libkernel.a(sched.c.obj)
 .text.z_thread_abort
                0x0000000000005b60       0x42 zephyr/kernel/libkernel.a(sched.c.obj)
                0x0000000000005b60                z_thread_abort
 .text.z_abort_timeout
                0x0000000000005ba2       0x2c zephyr/kernel/libkernel.a(timeout.c.obj)
                0x0000000000005ba2                z_abort_timeout
 .text.sys_clock_tick_get_32
                0x0000000000005bce        0x8 zephyr/kernel/libkernel.a(timeout.c.obj)
                0x0000000000005bce                sys_clock_tick_get_32
 .text.z_impl_k_uptime_ticks
                0x0000000000005bd6        0x4 zephyr/kernel/libkernel.a(timeout.c.obj)
                0x0000000000005bd6                z_impl_k_uptime_ticks
 .text.memcpy   0x0000000000005bda       0x1a /opt/nordic/ncs/toolchains/580e4ef81c/opt/zephyr-sdk/arm-zephyr-eabi/bin/../lib/gcc/../../picolibc/arm-zephyr-eabi/lib/thumb/v8-m.main/nofp/libc.a(memcpy.c.o)
                0x0000000000005bda                memcpy
                0x0000000000005bda                __aeabi_memcpy
                0x0000000000005bda                __aeabi_memcpy4
                0x0000000000005bda                __aeabi_memcpy8
 .text.memset   0x0000000000005bf4       0x10 /opt/nordic/ncs/toolchains/580e4ef81c/opt/zephyr-sdk/arm-zephyr-eabi/bin/../lib/gcc/../../picolibc/arm-zephyr-eabi/lib/thumb/v8-m.main/nofp/libc.a(memset.c.o)
                0x0000000000005bf4                memset
 .text.strnlen  0x0000000000005c04       0x18 /opt/nordic/ncs/toolchains/580e4ef81c/opt/zephyr-sdk/arm-zephyr-eabi/bin/../lib/gcc/../../picolibc/arm-zephyr-eabi/lib/thumb/v8-m.main/nofp/libc.a(libc_string_strnlen.c.o)
                0x0000000000005c04                strnlen
 .text.__ultoa_invert
                0x0000000000005c1c       0xac /opt/nordic/ncs/toolchains/580e4ef81c/opt/zephyr-sdk/arm-zephyr-eabi/bin/../lib/gcc/../../picolibc/arm-zephyr-eabi/lib/thumb/v8-m.main/nofp/libc.a(libc_tinystdio_vflprintf.c.o)
 *(SORT_BY_ALIGNMENT(.TEXT.*))
 .TEXT.__aeabi_read_tp
                0x0000000000005cc8        0xc zephyr/arch/arch/arm/core/cortex_m/libarch__arm__core__cortex_m.a(__aeabi_read_tp.S.obj)
                0x0000000000005cc8                __aeabi_read_tp
 *(SORT_BY_ALIGNMENT(.gnu.linkonce.t.*))
 *(SORT_BY_ALIGNMENT(.glue_7t))
 .glue_7t       0x0000000000005cd4        0x0 linker stubs
 *(SORT_BY_ALIGNMENT(.glue_7))
 .glue_7        0x0000000000005cd4        0x0 linker stubs
 *(SORT_BY_ALIGNMENT(.vfp11_veneer))
 .vfp11_veneer  0x0000000000005cd4        0x0 linker stubs
 *(SORT_BY_ALIGNMENT(.v4_bx))
 .v4_bx         0x0000000000005cd4        0x0 linker stubs
                0x0000000000005cd4                . = ALIGN (0x4)
                0x0000000000005cd4                __text_region_end = .

.ARM.exidx      0x0000000000005cd4        0x0
                0x0000000000005cd4                __exidx_start = .
 *(SORT_BY_ALIGNMENT(.ARM.exidx*) SORT_BY_ALIGNMENT(gnu.linkonce.armexidx.*))
                0x0000000000005cd4                __exidx_end = .
                0x0000000000005cd4                __rodata_region_start = .

initlevel       0x0000000000005cd4       0x70
                0x0000000000005cd4                __init_start = .
                0x0000000000005cd4                __init_EARLY_start = .
 *(SORT_BY_NAME(SORT_BY_ALIGNMENT(.z_init_EARLY?_*)))
 *(SORT_BY_NAME(SORT_BY_ALIGNMENT(.z_init_EARLY??_*)))
                0x0000000000005cd4                __init_PRE_KERNEL_1_start = .
 *(SORT_BY_NAME(SORT_BY_ALIGNMENT(.z_init_PRE_KERNEL_1?_*)))
 .z_init_PRE_KERNEL_10_0_
                0x0000000000005cd4        0x8 zephyr/soc/soc/arm/nordic_nrf/libsoc__arm__nordic_nrf.a(soc.c.obj)
 *(SORT_BY_NAME(SORT_BY_ALIGNMENT(.z_init_PRE_KERNEL_1??_*)))
 .z_init_PRE_KERNEL_130_00087_
                0x0000000000005cdc        0x8 zephyr/drivers/clock_control/libdrivers__clock_control.a(clock_control_nrf.c.obj)
 .z_init_PRE_KERNEL_130_0_
                0x0000000000005ce4        0x8 zephyr/kernel/libkernel.a(mem_slab.c.obj)
 .z_init_PRE_KERNEL_140_00007_
                0x0000000000005cec        0x8 zephyr/drivers/gpio/libdrivers__gpio.a(gpio_nrfx.c.obj)
 .z_init_PRE_KERNEL_140_00030_
                0x0000000000005cf4        0x8 zephyr/drivers/gpio/libdrivers__gpio.a(gpio_nrfx.c.obj)
 .z_init_PRE_KERNEL_140_0_
                0x0000000000005cfc        0x8 modules/nrf/drivers/hw_cc3xx/lib..__nrf__drivers__hw_cc3xx.a(hw_cc3xx.c.obj)
 .z_init_PRE_KERNEL_155_00125_
                0x0000000000005d04        0x8 zephyr/drivers/serial/libdrivers__serial.a(uart_nrfx_uarte.c.obj)
 .z_init_PRE_KERNEL_160_0_
                0x0000000000005d0c        0x8 zephyr/drivers/console/libdrivers__console.a(uart_console.c.obj)
                0x0000000000005d14                __init_PRE_KERNEL_2_start = .
 *(SORT_BY_NAME(SORT_BY_ALIGNMENT(.z_init_PRE_KERNEL_2?_*)))
 .z_init_PRE_KERNEL_20_0_
                0x0000000000005d14        0x8 zephyr/drivers/timer/libdrivers__timer.a(nrf_rtc_timer.c.obj)
 *(SORT_BY_NAME(SORT_BY_ALIGNMENT(.z_init_PRE_KERNEL_2??_*)))
                0x0000000000005d1c                __init_POST_KERNEL_start = .
 *(SORT_BY_NAME(SORT_BY_ALIGNMENT(.z_init_POST_KERNEL?_*)))
 .z_init_POST_KERNEL0_0_
                0x0000000000005d1c        0x8 zephyr/soc/soc/arm/nordic_nrf/libsoc__arm__nordic_nrf.a(soc.c.obj)
 *(SORT_BY_NAME(SORT_BY_ALIGNMENT(.z_init_POST_KERNEL??_*)))
 .z_init_POST_KERNEL40_0_
                0x0000000000005d24        0x8 zephyr/lib/libc/common/liblib__libc__common.a(malloc.c.obj)
 .z_init_POST_KERNEL40_0_
                0x0000000000005d2c        0x8 modules/nrf/drivers/hw_cc3xx/lib..__nrf__drivers__hw_cc3xx.a(hw_cc3xx.c.obj)
 .z_init_POST_KERNEL41_0_
                0x0000000000005d34        0x8 zephyr/drivers/gpio/libdrivers__gpio.a(gpio_hogs.c.obj)
 .z_init_POST_KERNEL50_00012_
                0x0000000000005d3c        0x8 zephyr/drivers/regulator/libdrivers__regulator.a(regulator_npm1100.c.obj)
                0x0000000000005d44                __init_APPLICATION_start = .
 *(SORT_BY_NAME(SORT_BY_ALIGNMENT(.z_init_APPLICATION?_*)))
 *(SORT_BY_NAME(SORT_BY_ALIGNMENT(.z_init_APPLICATION??_*)))
                0x0000000000005d44                __init_SMP_start = .
 *(SORT_BY_NAME(SORT_BY_ALIGNMENT(.z_init_SMP?_*)))
 *(SORT_BY_NAME(SORT_BY_ALIGNMENT(.z_init_SMP??_*)))
                0x0000000000005d44                __init_end = .

device_area     0x0000000000005d44       0x64
                0x0000000000005d44                _device_list_start = .
 *(SORT_BY_NAME(SORT_BY_ALIGNMENT(._device.static.*_?_*)))
 *(SORT_BY_NAME(SORT_BY_ALIGNMENT(._device.static.*_??_*)))
 ._device.static.1_30_
                0x0000000000005d44       0x14 zephyr/drivers/clock_control/libdrivers__clock_control.a(clock_control_nrf.c.obj)
                0x0000000000005d44                __device_dts_ord_87
 ._device.static.1_40_
                0x0000000000005d58       0x28 zephyr/drivers/gpio/libdrivers__gpio.a(gpio_nrfx.c.obj)
                0x0000000000005d58                __device_dts_ord_30
                0x0000000000005d6c                __device_dts_ord_7
 ._device.static.1_55_
                0x0000000000005d80       0x14 zephyr/drivers/serial/libdrivers__serial.a(uart_nrfx_uarte.c.obj)
                0x0000000000005d80                __device_dts_ord_125
 ._device.static.3_50_
                0x0000000000005d94       0x14 zephyr/drivers/regulator/libdrivers__regulator.a(regulator_npm1100.c.obj)
                0x0000000000005d94                __device_dts_ord_12
                0x0000000000005da8                _device_list_end = .

sw_isr_table    0x0000000000005da8      0x228
                0x0000000000005da8                . = ALIGN (0x4)
 *(SORT_BY_ALIGNMENT(.gnu.linkonce.sw_isr_table*))
 .gnu.linkonce.sw_isr_table
                0x0000000000005da8      0x228 zephyr/arch/common/libisr_tables.a(isr_tables.c.obj)
                0x0000000000005da8                _sw_isr_table

initlevel_error
                0x0000000000005cd4        0x0
 *(SORT_BY_NAME(SORT_BY_ALIGNMENT(.z_init_[_A-Z0-9]*)))
                0x0000000000000001                ASSERT ((SIZEOF (initlevel_error) == 0x0), Undefined initialization levels used.)

app_shmem_regions
                0x0000000000005fd0        0x0
                0x0000000000005fd0                __app_shmem_regions_start = .
 *(SORT_BY_NAME(SORT_BY_ALIGNMENT(.app_regions.*)))
                0x0000000000005fd0                __app_shmem_regions_end = .

k_p4wq_initparam_area
                0x0000000000005fd0        0x0
                0x0000000000005fd0                _k_p4wq_initparam_list_start = .
 *(SORT_BY_NAME(SORT_BY_ALIGNMENT(._k_p4wq_initparam.static.*)))
                0x0000000000005fd0                _k_p4wq_initparam_list_end = .

_static_thread_data_area
                0x0000000000005fd0        0x0
                0x0000000000005fd0                __static_thread_data_list_start = .
 *(SORT_BY_NAME(SORT_BY_ALIGNMENT(.__static_thread_data.static.*)))
                0x0000000000005fd0                __static_thread_data_list_end = .

device_deps     0x0000000000005fd0        0x0
                0x0000000000005fd0                __device_deps_start = .
 *(SORT_BY_NAME(SORT_BY_ALIGNMENT(.__device_deps_pass2*)))
                0x0000000000005fd0                __device_deps_end = .

ztest           0x0000000000005fd0        0x0
                0x0000000000005fd0                _ztest_expected_result_entry_list_start = .
 *(SORT_BY_NAME(SORT_BY_ALIGNMENT(._ztest_expected_result_entry.static.*)))
                0x0000000000005fd0                _ztest_expected_result_entry_list_end = .
                0x0000000000005fd0                _ztest_suite_node_list_start = .
 *(SORT_BY_NAME(SORT_BY_ALIGNMENT(._ztest_suite_node.static.*)))
                0x0000000000005fd0                _ztest_suite_node_list_end = .
                0x0000000000005fd0                _ztest_unit_test_list_start = .
 *(SORT_BY_NAME(SORT_BY_ALIGNMENT(._ztest_unit_test.static.*)))
                0x0000000000005fd0                _ztest_unit_test_list_end = .
                0x0000000000005fd0                _ztest_test_rule_list_start = .
 *(SORT_BY_NAME(SORT_BY_ALIGNMENT(._ztest_test_rule.static.*)))
                0x0000000000005fd0                _ztest_test_rule_list_end = .

bt_l2cap_fixed_chan_area
                0x0000000000005fd0        0x0
                0x0000000000005fd0                _bt_l2cap_fixed_chan_list_start = .
 *(SORT_BY_NAME(SORT_BY_ALIGNMENT(._bt_l2cap_fixed_chan.static.*)))
                0x0000000000005fd0                _bt_l2cap_fixed_chan_list_end = .

bt_gatt_service_static_area
                0x0000000000005fd0        0x0
                0x0000000000005fd0                _bt_gatt_service_static_list_start = .
 *(SORT_BY_NAME(SORT_BY_ALIGNMENT(._bt_gatt_service_static.static.*)))
                0x0000000000005fd0                _bt_gatt_service_static_list_end = .

log_strings_area
                0x0000000000005fd0        0x0
                0x0000000000005fd0                _log_strings_list_start = .
 *(SORT_BY_NAME(SORT_BY_ALIGNMENT(._log_strings.static.*)))
                0x0000000000005fd0                _log_strings_list_end = .

log_const_area  0x0000000000005fd0        0x0
                0x0000000000005fd0                _log_const_list_start = .
 *(SORT_BY_NAME(SORT_BY_ALIGNMENT(._log_const.static.*)))
                0x0000000000005fd0                _log_const_list_end = .

log_backend_area
                0x0000000000005fd0        0x0
                0x0000000000005fd0                _log_backend_list_start = .
 *(SORT_BY_NAME(SORT_BY_ALIGNMENT(._log_backend.static.*)))
                0x0000000000005fd0                _log_backend_list_end = .

log_link_area   0x0000000000005fd0        0x0
                0x0000000000005fd0                _log_link_list_start = .
 *(SORT_BY_NAME(SORT_BY_ALIGNMENT(._log_link.static.*)))
                0x0000000000005fd0                _log_link_list_end = .

tracing_backend_area
                0x0000000000005fd0        0x0
                0x0000000000005fd0                _tracing_backend_list_start = .
 *(SORT_BY_NAME(SORT_BY_ALIGNMENT(._tracing_backend.static.*)))
                0x0000000000005fd0                _tracing_backend_list_end = .

zephyr_dbg_info
 *(SORT_BY_ALIGNMENT(.dbg_thread_info))

symbol_to_keep  0x0000000000005fd0        0x0
                0x0000000000005fd0                __symbol_to_keep_start = .
 *(SORT_BY_NAME(SORT_BY_ALIGNMENT(.symbol_to_keep*)))
                0x0000000000005fd0                __symbol_to_keep_end = .

shell_area      0x0000000000005fd0        0x0
                0x0000000000005fd0                _shell_list_start = .
 *(SORT_BY_NAME(SORT_BY_ALIGNMENT(._shell.static.*)))
                0x0000000000005fd0                _shell_list_end = .

shell_root_cmds_area
                0x0000000000005fd0        0x0
                0x0000000000005fd0                _shell_root_cmds_list_start = .
 *(SORT_BY_NAME(SORT_BY_ALIGNMENT(._shell_root_cmds.static.*)))
                0x0000000000005fd0                _shell_root_cmds_list_end = .

shell_subcmds_area
                0x0000000000005fd0        0x0
                0x0000000000005fd0                _shell_subcmds_list_start = .
 *(SORT_BY_NAME(SORT_BY_ALIGNMENT(._shell_subcmds.static.*)))
                0x0000000000005fd0                _shell_subcmds_list_end = .

shell_dynamic_subcmds_area
                0x0000000000005fd0        0x0
                0x0000000000005fd0                _shell_dynamic_subcmds_list_start = .
 *(SORT_BY_NAME(SORT_BY_ALIGNMENT(._shell_dynamic_subcmds.static.*)))
                0x0000000000005fd0                _shell_dynamic_subcmds_list_end = .

cfb_font_area   0x0000000000005fd0        0x0
                0x0000000000005fd0                _cfb_font_list_start = .
 *(SORT_BY_NAME(SORT_BY_ALIGNMENT(._cfb_font.static.*)))
                0x0000000000005fd0                _cfb_font_list_end = .

tdata           0x0000000000005fd0        0x0
 *(SORT_BY_ALIGNMENT(.tdata) SORT_BY_ALIGNMENT(.tdata.*) SORT_BY_ALIGNMENT(.gnu.linkonce.td.*))

tbss            0x0000000000005fd0        0x4
 *(SORT_BY_ALIGNMENT(.tbss) SORT_BY_ALIGNMENT(.tbss.*) SORT_BY_ALIGNMENT(.gnu.linkonce.tb.*) SORT_BY_ALIGNMENT(.tcommon))
 .tbss.z_tls_current
                0x0000000000005fd0        0x4 zephyr/libzephyr.a(thread_entry.c.obj)
                0x0000000000005fd0                z_tls_current
                0x0000000000005fd0                PROVIDE (__tdata_start = LOADADDR (tdata))
                0x0000000000000000                PROVIDE (__tdata_size = SIZEOF (tdata))
                [!provide]                        PROVIDE (__tdata_end = (__tdata_start + __tdata_size))
                0x0000000000000001                PROVIDE (__tdata_align = ALIGNOF (tdata))
                [!provide]                        PROVIDE (__tbss_start = ADDR (tbss))
                0x0000000000000004                PROVIDE (__tbss_size = SIZEOF (tbss))
                [!provide]                        PROVIDE (__tbss_end = (__tbss_start + __tbss_size))
                0x0000000000000004                PROVIDE (__tbss_align = ALIGNOF (tbss))
                [!provide]                        PROVIDE (__tls_start = __tdata_start)
                [!provide]                        PROVIDE (__tls_end = __tbss_end)
                [!provide]                        PROVIDE (__tls_size = (__tbss_end - __tdata_start))

rodata          0x0000000000005fd0      0x3d4
 *(SORT_BY_ALIGNMENT(.rodata))
 *(SORT_BY_ALIGNMENT(.rodata.*))
 .rodata.delay_machine_code.0
                0x0000000000005fd0        0x6 zephyr/soc/soc/arm/nordic_nrf/libsoc__arm__nordic_nrf.a(soc.c.obj)
 *fill*         0x0000000000005fd6        0x2 
 .rodata.mem_attr_region
                0x0000000000005fd8        0x0 zephyr/libzephyr.a(mem_attr.c.obj)
 .rodata.apis   0x0000000000005fd8        0x8 zephyr/libzephyr.a(nrf_cc3xx_platform_abort_zephyr.c.obj)
 .rodata.mutexes
                0x0000000000005fe0       0x14 zephyr/libzephyr.a(nrf_cc3xx_platform_mutex_zephyr.c.obj)
 .rodata.mutex_apis
                0x0000000000005ff4       0x10 zephyr/libzephyr.a(nrf_cc3xx_platform_mutex_zephyr.c.obj)
 .rodata.static_regions
                0x0000000000006004        0xc zephyr/arch/arch/arm/core/mpu/libarch__arm__core__mpu.a(arm_core_mpu.c.obj)
 .rodata.mpu_config
                0x0000000000006010        0x8 zephyr/arch/arch/arm/core/mpu/libarch__arm__core__mpu.a(arm_mpu_regions.c.obj)
                0x0000000000006010                mpu_config
 .rodata.mpu_regions
                0x0000000000006018       0x20 zephyr/arch/arch/arm/core/mpu/libarch__arm__core__mpu.a(arm_mpu_regions.c.obj)
 .rodata.transitions.0
                0x0000000000006038        0xc zephyr/drivers/clock_control/libdrivers__clock_control.a(clock_control_nrf.c.obj)
 .rodata.config
                0x0000000000006044       0x20 zephyr/drivers/clock_control/libdrivers__clock_control.a(clock_control_nrf.c.obj)
 .rodata.clock_control_api
                0x0000000000006064       0x1c zephyr/drivers/clock_control/libdrivers__clock_control.a(clock_control_nrf.c.obj)
 .rodata.gpio_nrfx_p1_cfg
                0x0000000000006080       0x18 zephyr/drivers/gpio/libdrivers__gpio.a(gpio_nrfx.c.obj)
 .rodata.gpio_nrfx_p0_cfg
                0x0000000000006098       0x18 zephyr/drivers/gpio/libdrivers__gpio.a(gpio_nrfx.c.obj)
 .rodata.gpio_nrfx_drv_api_funcs
                0x00000000000060b0       0x24 zephyr/drivers/gpio/libdrivers__gpio.a(gpio_nrfx.c.obj)
 .rodata.config_0
                0x00000000000060d4        0x8 zephyr/drivers/regulator/libdrivers__regulator.a(regulator_npm1100.c.obj)
 .rodata.uarte_0z_config
                0x00000000000060dc       0x10 zephyr/drivers/serial/libdrivers__serial.a(uart_nrfx_uarte.c.obj)
 .rodata.__pinctrl_dev_config__device_dts_ord_125
                0x00000000000060ec        0xc zephyr/drivers/serial/libdrivers__serial.a(uart_nrfx_uarte.c.obj)
 .rodata.__pinctrl_states__device_dts_ord_125
                0x00000000000060f8        0x8 zephyr/drivers/serial/libdrivers__serial.a(uart_nrfx_uarte.c.obj)
 .rodata.__pinctrl_state_pins_0__device_dts_ord_125
                0x0000000000006100       0x10 zephyr/drivers/serial/libdrivers__serial.a(uart_nrfx_uarte.c.obj)
 .rodata.uart_nrfx_uarte_driver_api
                0x0000000000006110        0xc zephyr/drivers/serial/libdrivers__serial.a(uart_nrfx_uarte.c.obj)
 .rodata.levels.0
                0x000000000000611c       0x18 zephyr/kernel/libkernel.a(init.c.obj)
 .rodata.CSWTCH.10
                0x0000000000006134       0x20 /opt/nordic/ncs/v2.6.0/nrfxlib/crypto/nrf_cc312_platform/lib/cortex-m33/soft-float/no-interrupts/libnrf_cc312_platform_0.9.19.a(nrf_cc3xx_platform.c.obj)
 .rodata.mutex_free.str1.4
                0x0000000000006154       0x26 /opt/nordic/ncs/v2.6.0/nrfxlib/crypto/nrf_cc312_platform/lib/cortex-m33/soft-float/no-interrupts/libnrf_cc312_platform_0.9.19.a(nrf_cc3xx_platform_mutex.c.obj)
 *fill*         0x000000000000617a        0x2 
 .rodata.mutex_init.str1.4
                0x000000000000617c       0x23 /opt/nordic/ncs/v2.6.0/nrfxlib/crypto/nrf_cc312_platform/lib/cortex-m33/soft-float/no-interrupts/libnrf_cc312_platform_0.9.19.a(nrf_cc3xx_platform_mutex.c.obj)
 *fill*         0x000000000000619f        0x1 
 .rodata.CC_PalPowerSaveModeInit.str1.4
                0x00000000000061a0       0x20 /opt/nordic/ncs/v2.6.0/nrfxlib/crypto/nrf_cc312_platform/lib/cortex-m33/soft-float/no-interrupts/libnrf_cc312_platform_0.9.19.a(cc_pal_pm.c.obj)
 .rodata.battery_sample_timer_handler.str1.1
                0x00000000000061c0       0x4e app/libapp.a(main.c.obj)
 .rodata.main.str1.1
                0x000000000000620e       0x70 app/libapp.a(main.c.obj)
 .rodata.sys_reboot.str1.1
                0x000000000000627e       0x29 zephyr/libzephyr.a(reboot.c.obj)
 .rodata.mutex_free_platform.str1.1
                0x00000000000062a7       0x26 zephyr/libzephyr.a(nrf_cc3xx_platform_mutex_zephyr.c.obj)
 .rodata.mutex_init_platform.str1.1
                0x00000000000062cd       0x2d zephyr/libzephyr.a(nrf_cc3xx_platform_mutex_zephyr.c.obj)
 .rodata.str1.1
                0x00000000000062fa        0xf zephyr/arch/arch/arm/core/mpu/libarch__arm__core__mpu.a(arm_mpu_regions.c.obj)
 .rodata.str1.1
                0x0000000000006309        0xb zephyr/drivers/clock_control/libdrivers__clock_control.a(clock_control_nrf.c.obj)
 .rodata.str1.1
                0x0000000000006314       0x18 zephyr/drivers/gpio/libdrivers__gpio.a(gpio_nrfx.c.obj)
 .rodata.drive_modes
                0x000000000000632c        0x9 zephyr/drivers/pinctrl/libdrivers__pinctrl.a(pinctrl_nrf.c.obj)
 .rodata.str1.1
                0x0000000000006335        0x5 zephyr/drivers/regulator/libdrivers__regulator.a(regulator_npm1100.c.obj)
 .rodata.str1.1
                0x000000000000633a        0xa zephyr/drivers/serial/libdrivers__serial.a(uart_nrfx_uarte.c.obj)
 .rodata.CSWTCH.19
                0x0000000000006344        0x4 modules/hal_nordic/nrfx/libmodules__hal_nordic__nrfx.a(system_nrf5340_application.c.obj)
 .rodata.CSWTCH.7
                0x0000000000006348        0x4 modules/hal_nordic/nrfx/libmodules__hal_nordic__nrfx.a(system_nrf5340_application.c.obj)
 .rodata.CSWTCH.5
                0x000000000000634c        0x4 modules/hal_nordic/nrfx/libmodules__hal_nordic__nrfx.a(system_nrf5340_application.c.obj)
 .rodata.port_offset.1
                0x0000000000006350       0x10 modules/hal_nordic/nrfx/libmodules__hal_nordic__nrfx.a(nrfx_gpiote.c.obj)
 .rodata.ports  0x0000000000006360        0x2 modules/hal_nordic/nrfx/libmodules__hal_nordic__nrfx.a(nrfx_gpiote.c.obj)
 .rodata.z_cstart.str1.1
                0x0000000000006362        0x5 zephyr/kernel/libkernel.a(init.c.obj)
 .rodata.boot_banner.str1.1
                0x0000000000006367       0x2e zephyr/kernel/libkernel.a(banner.c.obj)
 .rodata.__l_vfprintf.str1.1
                0x0000000000006395        0xf /opt/nordic/ncs/toolchains/580e4ef81c/opt/zephyr-sdk/arm-zephyr-eabi/bin/../lib/gcc/../../picolibc/arm-zephyr-eabi/lib/thumb/v8-m.main/nofp/libc.a(libc_tinystdio_vflprintf.c.o)
 *(SORT_BY_ALIGNMENT(.gnu.linkonce.r.*))
                0x00000000000063a4                . = ALIGN (0x4)
                0x00000000000063a4                __rodata_region_end = .
                0x00000000000063c0                . = ALIGN (_region_min_align)
                0x00000000000063c0                __rom_region_end = ((__rom_region_start + .) - ADDR (rom_start))

/DISCARD/
 *(SORT_BY_ALIGNMENT(.got.plt))
 *(SORT_BY_ALIGNMENT(.igot.plt))
 *(SORT_BY_ALIGNMENT(.got))
 *(SORT_BY_ALIGNMENT(.igot))
                0x0000000020000000                . = 0x20000000
                0x0000000020000000                . = ALIGN (_region_min_align)
                0x0000000020000000                _image_ram_start = .

.ramfunc        0x0000000020000000        0x0 load address 0x00000000000063a4
                0x0000000020000000                . = ALIGN (_region_min_align)
                0x0000000020000000                __ramfunc_start = .
 *(SORT_BY_ALIGNMENT(.ramfunc))
 *(SORT_BY_ALIGNMENT(.ramfunc.*))
                0x0000000020000000                . = ALIGN (_region_min_align)
                0x0000000020000000                __ramfunc_end = .
                0x0000000000000000                __ramfunc_size = (__ramfunc_end - __ramfunc_start)
                0x00000000000063a4                __ramfunc_load_start = LOADADDR (.ramfunc)

datas           0x0000000020000000      0x14e load address 0x00000000000063a4
                0x0000000020000000                __data_region_start = .
                0x0000000020000000                __data_start = .
 *(SORT_BY_ALIGNMENT(.data))
 *(SORT_BY_ALIGNMENT(.data.*))
 .data._char_out
                0x0000000020000000        0x4 zephyr/libzephyr.a(printk.c.obj)
                0x0000000020000000                _char_out
 .data.power_mutex
                0x0000000020000004        0x8 zephyr/libzephyr.a(nrf_cc3xx_platform_mutex_zephyr.c.obj)
 .data.rng_mutex
                0x000000002000000c        0x8 zephyr/libzephyr.a(nrf_cc3xx_platform_mutex_zephyr.c.obj)
 .data.asym_mutex
                0x0000000020000014        0x8 zephyr/libzephyr.a(nrf_cc3xx_platform_mutex_zephyr.c.obj)
 .data.sym_mutex
                0x000000002000001c        0x8 zephyr/libzephyr.a(nrf_cc3xx_platform_mutex_zephyr.c.obj)
 .data.__stdout
                0x0000000020000024       0x10 zephyr/lib/libc/picolibc/liblib__libc__picolibc.a(libc-hooks.c.obj)
 .data.uarte_0_data
                0x0000000020000034       0x1c zephyr/drivers/serial/libdrivers__serial.a(uart_nrfx_uarte.c.obj)
 .data.SystemCoreClock
                0x0000000020000050        0x4 modules/hal_nordic/nrfx/libmodules__hal_nordic__nrfx.a(system_nrf5340_application.c.obj)
                0x0000000020000050                SystemCoreClock
 .data.m_allocated_channels
                0x0000000020000054        0x4 modules/hal_nordic/nrfx/libmodules__hal_nordic__nrfx.a(nrfx_dppi.c.obj)
 .data.m_cb     0x0000000020000058       0x84 modules/hal_nordic/nrfx/libmodules__hal_nordic__nrfx.a(nrfx_gpiote.c.obj)
 .data.timeout_list
                0x00000000200000dc        0x8 zephyr/kernel/libkernel.a(timeout.c.obj)
 .data.platform_abort_apis
                0x00000000200000e4        0x8 /opt/nordic/ncs/v2.6.0/nrfxlib/crypto/nrf_cc312_platform/lib/cortex-m33/soft-float/no-interrupts/libnrf_cc312_platform_0.9.19.a(nrf_cc3xx_platform_abort.c.obj)
                0x00000000200000e4                platform_abort_apis
 .data.platform_mutexes
                0x00000000200000ec       0x14 /opt/nordic/ncs/v2.6.0/nrfxlib/crypto/nrf_cc312_platform/lib/cortex-m33/soft-float/no-interrupts/libnrf_cc312_platform_0.9.19.a(nrf_cc3xx_platform_mutex.c.obj)
                0x00000000200000ec                platform_mutexes
 .data.platform_mutex_apis
                0x0000000020000100       0x10 /opt/nordic/ncs/v2.6.0/nrfxlib/crypto/nrf_cc312_platform/lib/cortex-m33/soft-float/no-interrupts/libnrf_cc312_platform_0.9.19.a(nrf_cc3xx_platform_mutex.c.obj)
                0x0000000020000100                platform_mutex_apis
 .data.power_mutex
                0x0000000020000110        0x8 /opt/nordic/ncs/v2.6.0/nrfxlib/crypto/nrf_cc312_platform/lib/cortex-m33/soft-float/no-interrupts/libnrf_cc312_platform_0.9.19.a(nrf_cc3xx_platform_mutex.c.obj)
 .data.rng_mutex
                0x0000000020000118        0x8 /opt/nordic/ncs/v2.6.0/nrfxlib/crypto/nrf_cc312_platform/lib/cortex-m33/soft-float/no-interrupts/libnrf_cc312_platform_0.9.19.a(nrf_cc3xx_platform_mutex.c.obj)
 .data.asym_mutex
                0x0000000020000120        0x8 /opt/nordic/ncs/v2.6.0/nrfxlib/crypto/nrf_cc312_platform/lib/cortex-m33/soft-float/no-interrupts/libnrf_cc312_platform_0.9.19.a(nrf_cc3xx_platform_mutex.c.obj)
 .data.sym_mutex
                0x0000000020000128        0x8 /opt/nordic/ncs/v2.6.0/nrfxlib/crypto/nrf_cc312_platform/lib/cortex-m33/soft-float/no-interrupts/libnrf_cc312_platform_0.9.19.a(nrf_cc3xx_platform_mutex.c.obj)
 .data.pCCRndCryptoMutex
                0x0000000020000130        0x4 /opt/nordic/ncs/v2.6.0/nrfxlib/crypto/nrf_cc312_platform/lib/cortex-m33/soft-float/no-interrupts/libnrf_cc312_platform_0.9.19.a(cc_pal.c.obj)
                0x0000000020000130                pCCRndCryptoMutex
 .data.CCPowerMutex
                0x0000000020000134        0x4 /opt/nordic/ncs/v2.6.0/nrfxlib/crypto/nrf_cc312_platform/lib/cortex-m33/soft-float/no-interrupts/libnrf_cc312_platform_0.9.19.a(cc_pal.c.obj)
                0x0000000020000134                CCPowerMutex
 .data.CCRndCryptoMutex
                0x0000000020000138        0x4 /opt/nordic/ncs/v2.6.0/nrfxlib/crypto/nrf_cc312_platform/lib/cortex-m33/soft-float/no-interrupts/libnrf_cc312_platform_0.9.19.a(cc_pal.c.obj)
                0x0000000020000138                CCRndCryptoMutex
 .data.CCAsymCryptoMutex
                0x000000002000013c        0x4 /opt/nordic/ncs/v2.6.0/nrfxlib/crypto/nrf_cc312_platform/lib/cortex-m33/soft-float/no-interrupts/libnrf_cc312_platform_0.9.19.a(cc_pal.c.obj)
                0x000000002000013c                CCAsymCryptoMutex
 .data.CCSymCryptoMutex
                0x0000000020000140        0x4 /opt/nordic/ncs/v2.6.0/nrfxlib/crypto/nrf_cc312_platform/lib/cortex-m33/soft-float/no-interrupts/libnrf_cc312_platform_0.9.19.a(cc_pal.c.obj)
                0x0000000020000140                CCSymCryptoMutex
 .data.channel  0x0000000020000144        0xa app/libapp.a(main.c.obj)
 *(SORT_BY_ALIGNMENT(.kernel.*))
                0x000000002000014e                __data_end = .
                0x000000000000014e                __data_size = (__data_end - __data_start)
                0x00000000000063a4                __data_load_start = LOADADDR (datas)
                0x00000000000063a4                __data_region_load_start = LOADADDR (datas)

device_states   0x000000002000014e        0xa load address 0x00000000000064f2
                0x000000002000014e                __device_states_start = .
 *(SORT_BY_ALIGNMENT(.z_devstate))
 .z_devstate    0x000000002000014e        0x2 zephyr/drivers/clock_control/libdrivers__clock_control.a(clock_control_nrf.c.obj)
 .z_devstate    0x0000000020000150        0x4 zephyr/drivers/gpio/libdrivers__gpio.a(gpio_nrfx.c.obj)
 .z_devstate    0x0000000020000154        0x2 zephyr/drivers/regulator/libdrivers__regulator.a(regulator_npm1100.c.obj)
 .z_devstate    0x0000000020000156        0x2 zephyr/drivers/serial/libdrivers__serial.a(uart_nrfx_uarte.c.obj)
 *(SORT_BY_ALIGNMENT(.z_devstate.*))
                0x0000000020000158                __device_states_end = .

log_mpsc_pbuf_area
                0x0000000020000158        0x0 load address 0x00000000000064fc
                0x0000000020000158                _log_mpsc_pbuf_list_start = .
 *(SORT_BY_NAME(SORT_BY_ALIGNMENT(._log_mpsc_pbuf.static.*)))
                0x0000000020000158                _log_mpsc_pbuf_list_end = .

log_msg_ptr_area
                0x0000000020000158        0x0 load address 0x00000000000064fc
                0x0000000020000158                _log_msg_ptr_list_start = .
 *(SORT_BY_NAME(SORT_BY_ALIGNMENT(._log_msg_ptr.static.*)))
                0x0000000020000158                _log_msg_ptr_list_end = .

log_dynamic_area
                0x0000000020000158        0x0 load address 0x00000000000064fc
                0x0000000020000158                _log_dynamic_list_start = .
 *(SORT_BY_NAME(SORT_BY_ALIGNMENT(._log_dynamic.static.*)))
                0x0000000020000158                _log_dynamic_list_end = .

k_timer_area    0x0000000020000158       0x38 load address 0x00000000000064fc
                0x0000000020000158                _k_timer_list_start = .
 *(SORT_BY_NAME(SORT_BY_ALIGNMENT(._k_timer.static.*)))
 ._k_timer.static.battery_sample_timer_
                0x0000000020000158       0x38 app/libapp.a(main.c.obj)
                0x0000000020000158                battery_sample_timer
                0x0000000020000190                _k_timer_list_end = .

k_mem_slab_area
                0x0000000020000190        0x0 load address 0x0000000000006534
                0x0000000020000190                _k_mem_slab_list_start = .
 *(SORT_BY_NAME(SORT_BY_ALIGNMENT(._k_mem_slab.static.*)))
                0x0000000020000190                _k_mem_slab_list_end = .

k_heap_area     0x0000000020000190        0x0 load address 0x0000000000006534
                0x0000000020000190                _k_heap_list_start = .
 *(SORT_BY_NAME(SORT_BY_ALIGNMENT(._k_heap.static.*)))
                0x0000000020000190                _k_heap_list_end = .

k_mutex_area    0x0000000020000190       0x50 load address 0x0000000000006534
                0x0000000020000190                _k_mutex_list_start = .
 *(SORT_BY_NAME(SORT_BY_ALIGNMENT(._k_mutex.static.*)))
 ._k_mutex.static.asym_mutex_int_
                0x0000000020000190       0x14 zephyr/libzephyr.a(nrf_cc3xx_platform_mutex_zephyr.c.obj)
                0x0000000020000190                asym_mutex_int
 ._k_mutex.static.power_mutex_int_
                0x00000000200001a4       0x14 zephyr/libzephyr.a(nrf_cc3xx_platform_mutex_zephyr.c.obj)
                0x00000000200001a4                power_mutex_int
 ._k_mutex.static.rng_mutex_int_
                0x00000000200001b8       0x14 zephyr/libzephyr.a(nrf_cc3xx_platform_mutex_zephyr.c.obj)
                0x00000000200001b8                rng_mutex_int
 ._k_mutex.static.sym_mutex_int_
                0x00000000200001cc       0x14 zephyr/libzephyr.a(nrf_cc3xx_platform_mutex_zephyr.c.obj)
                0x00000000200001cc                sym_mutex_int
                0x00000000200001e0                _k_mutex_list_end = .

k_stack_area    0x00000000200001e0        0x0 load address 0x0000000000006584
                0x00000000200001e0                _k_stack_list_start = .
 *(SORT_BY_NAME(SORT_BY_ALIGNMENT(._k_stack.static.*)))
                0x00000000200001e0                _k_stack_list_end = .

k_msgq_area     0x00000000200001e0        0x0 load address 0x0000000000006584
                0x00000000200001e0                _k_msgq_list_start = .
 *(SORT_BY_NAME(SORT_BY_ALIGNMENT(._k_msgq.static.*)))
                0x00000000200001e0                _k_msgq_list_end = .

k_mbox_area     0x00000000200001e0        0x0 load address 0x0000000000006584
                0x00000000200001e0                _k_mbox_list_start = .
 *(SORT_BY_NAME(SORT_BY_ALIGNMENT(._k_mbox.static.*)))
                0x00000000200001e0                _k_mbox_list_end = .

k_pipe_area     0x00000000200001e0        0x0 load address 0x0000000000006584
                0x00000000200001e0                _k_pipe_list_start = .
 *(SORT_BY_NAME(SORT_BY_ALIGNMENT(._k_pipe.static.*)))
                0x00000000200001e0                _k_pipe_list_end = .

k_sem_area      0x00000000200001e0        0x0 load address 0x0000000000006584
                0x00000000200001e0                _k_sem_list_start = .
 *(SORT_BY_NAME(SORT_BY_ALIGNMENT(._k_sem.static.*)))
                0x00000000200001e0                _k_sem_list_end = .

k_event_area    0x00000000200001e0        0x0 load address 0x0000000000006584
                0x00000000200001e0                _k_event_list_start = .
 *(SORT_BY_NAME(SORT_BY_ALIGNMENT(._k_event.static.*)))
                0x00000000200001e0                _k_event_list_end = .

k_queue_area    0x00000000200001e0        0x0 load address 0x0000000000006584
                0x00000000200001e0                _k_queue_list_start = .
 *(SORT_BY_NAME(SORT_BY_ALIGNMENT(._k_queue.static.*)))
                0x00000000200001e0                _k_queue_list_end = .

k_fifo_area     0x00000000200001e0        0x0 load address 0x0000000000006584
                0x00000000200001e0                _k_fifo_list_start = .
 *(SORT_BY_NAME(SORT_BY_ALIGNMENT(._k_fifo.static.*)))
                0x00000000200001e0                _k_fifo_list_end = .

k_lifo_area     0x00000000200001e0        0x0 load address 0x0000000000006584
                0x00000000200001e0                _k_lifo_list_start = .
 *(SORT_BY_NAME(SORT_BY_ALIGNMENT(._k_lifo.static.*)))
                0x00000000200001e0                _k_lifo_list_end = .

k_condvar_area  0x00000000200001e0        0x0 load address 0x0000000000006584
                0x00000000200001e0                _k_condvar_list_start = .
 *(SORT_BY_NAME(SORT_BY_ALIGNMENT(._k_condvar.static.*)))
                0x00000000200001e0                _k_condvar_list_end = .

sys_mem_blocks_ptr_area
                0x00000000200001e0        0x0 load address 0x0000000000006584
                0x00000000200001e0                _sys_mem_blocks_ptr_list_start = .
 *(SORT_BY_NAME(SORT_BY_ALIGNMENT(._sys_mem_blocks_ptr.static.*)))
                0x00000000200001e0                _sys_mem_blocks_ptr_list_end = .

net_buf_pool_area
                0x00000000200001e0        0x0 load address 0x0000000000006584
                0x00000000200001e0                _net_buf_pool_list_start = .
 *(SORT_BY_NAME(SORT_BY_ALIGNMENT(._net_buf_pool.static.*)))
                0x00000000200001e0                _net_buf_pool_list_end = .
                0x00000000200001e0                __data_region_end = .

bss             0x00000000200001e0      0x9c9
                0x00000000200001e0                . = ALIGN (0x4)
                0x00000000200001e0                __bss_start = .
                0x00000000200001e0                __kernel_ram_start = .
 *(SORT_BY_ALIGNMENT(.bss))
 *(SORT_BY_ALIGNMENT(.bss.*))
 .bss.cc_data   0x00000000200001e0       0x10 zephyr/drivers/timer/libdrivers__timer.a(nrf_rtc_timer.c.obj)
 .bss.last_count
                0x00000000200001f0        0x8 zephyr/drivers/timer/libdrivers__timer.a(nrf_rtc_timer.c.obj)
 .bss.anchor    0x00000000200001f8        0x8 zephyr/drivers/timer/libdrivers__timer.a(nrf_rtc_timer.c.obj)
 .bss.z_idle_threads
                0x0000000020000200       0x80 zephyr/kernel/libkernel.a(init.c.obj)
                0x0000000020000200                z_idle_threads
 .bss.z_main_thread
                0x0000000020000280       0x80 zephyr/kernel/libkernel.a(init.c.obj)
                0x0000000020000280                z_main_thread
 .bss.slice_timeouts