/Users/joaovitor/Documents/programming/Tiresias/nrf5340_audio/build_1/zephyr/include/generated/syscalls/sdhc.h:49:19:sdhc_request	8	static
/Users/joaovitor/Documents/programming/Tiresias/nrf5340_audio/build_1/zephyr/include/generated/syscalls/sdhc.h:74:19:sdhc_set_io	8	static
/Users/joaovitor/Documents/programming/Tiresias/nrf5340_audio/build_1/zephyr/include/generated/syscalls/sdhc.h:144:19:sdhc_card_busy	8	static
/opt/nordic/ncs/v2.6.0/zephyr/subsys/sd/sd_utils.h:50:19:sd_retry	16	static
/opt/nordic/ncs/v2.6.0/zephyr/subsys/sd/sd_ops.c:20:5:sdmmc_read_status	48	static
/opt/nordic/ncs/v2.6.0/zephyr/subsys/sd/sd_ops.c:83:20:sdmmc_decode_csd	12	static
/opt/nordic/ncs/v2.6.0/zephyr/subsys/sd/sd_ops.c:176:20:sdmmc_decode_cid	0	static
/opt/nordic/ncs/v2.6.0/zephyr/subsys/sd/sd_ops.c:196:12:sdmmc_spi_read_cxd	88	static
/opt/nordic/ncs/v2.6.0/zephyr/include/zephyr/kernel.h:501:23:k_msleep	8	static
/opt/nordic/ncs/v2.6.0/zephyr/subsys/sd/sd_ops.c:63:5:sdmmc_wait_ready	16	static
/opt/nordic/ncs/v2.6.0/zephyr/subsys/sd/sd_ops.c:475:12:card_read	88	static
/opt/nordic/ncs/v2.6.0/zephyr/subsys/sd/sd_ops.c:248:5:sdmmc_read_csd	64	static
/opt/nordic/ncs/v2.6.0/zephyr/subsys/sd/sd_ops.c:272:5:card_read_cid	48	static
/opt/nordic/ncs/v2.6.0/zephyr/subsys/sd/sd_ops.c:313:5:sdmmc_switch_voltage	56	static
/opt/nordic/ncs/v2.6.0/zephyr/subsys/sd/sd_ops.c:398:5:sdmmc_request_rca	48	static
/opt/nordic/ncs/v2.6.0/zephyr/subsys/sd/sd_ops.c:424:5:sdmmc_select_card	48	static
/opt/nordic/ncs/v2.6.0/zephyr/subsys/sd/sd_ops.c:448:5:card_app_command	56	static
/opt/nordic/ncs/v2.6.0/zephyr/subsys/sd/sd_ops.c:597:12:card_query_written	80	static
/opt/nordic/ncs/v2.6.0/zephyr/subsys/sd/sd_ops.c:636:12:card_write	88	static
/opt/nordic/ncs/v2.6.0/zephyr/subsys/sd/sd_ops.c:529:5:card_read_blocks	24	static
/opt/nordic/ncs/v2.6.0/zephyr/subsys/sd/sd_ops.c:692:5:card_write_blocks	24	static
/opt/nordic/ncs/v2.6.0/zephyr/subsys/sd/sd_ops.c:757:5:card_ioctl	8	static
