/opt/nordic/ncs/v2.6.0/zephyr/include/zephyr/drivers/gpio.h:1713:19:gpio_add_callback	8	static
/opt/nordic/ncs/v2.6.0/zephyr/include/zephyr/drivers/spi.h:769:19:spi_transceive_dt	8	static
/opt/nordic/ncs/v2.6.0/zephyr/include/zephyr/drivers/spi.h:852:19:spi_write_dt	8	static
/Users/joaovitor/Documents/vscode-study/Tiresias/microphone_read/src/drivers/cs47l63_comm.c:54:13:notification_callback	0	static
/Users/joaovitor/Documents/vscode-study/Tiresias/microphone_read/src/drivers/cs47l63_comm.c:246:17:cs47l63_comm_set_supply	0	static
/opt/nordic/ncs/v2.6.0/zephyr/include/zephyr/drivers/gpio.h:961:19:z_impl_gpio_pin_configure	24	static
/opt/nordic/ncs/v2.6.0/zephyr/include/zephyr/drivers/gpio.h:1024:19:gpio_pin_configure_dt	8	static
/opt/nordic/ncs/v2.6.0/zephyr/include/zephyr/drivers/gpio.h:862:19:z_impl_gpio_pin_interrupt_configure	16	static
/Users/joaovitor/Documents/vscode-study/Tiresias/microphone_read/src/drivers/cs47l63_comm.c:212:17:cs47l63_comm_gpio_cb_register	8	static
/opt/nordic/ncs/v2.6.0/zephyr/include/zephyr/drivers/gpio.h:1572:19:gpio_pin_set_raw	8	static
/opt/nordic/ncs/v2.6.0/zephyr/include/zephyr/drivers/spi.h:702:20:spi_is_ready_dt	8	static
/Users/joaovitor/Documents/vscode-study/Tiresias/microphone_read/src/drivers/cs47l63_comm.c:308:13:cs47l63_comm_thread	8	static
/Users/joaovitor/Documents/vscode-study/Tiresias/microphone_read/src/drivers/cs47l63_comm.c:301:17:cs47l63_comm_spi_restore_speed	8	static
/Users/joaovitor/Documents/vscode-study/Tiresias/microphone_read/src/drivers/cs47l63_comm.c:295:17:cs47l63_comm_spi_throttle_speed	8	static
/Users/joaovitor/Documents/vscode-study/Tiresias/microphone_read/src/drivers/cs47l63_comm.c:289:17:cs47l63_comm_disable_irq	8	static
/Users/joaovitor/Documents/vscode-study/Tiresias/microphone_read/src/drivers/cs47l63_comm.c:283:17:cs47l63_comm_enable_irq	8	static
/Users/joaovitor/Documents/vscode-study/Tiresias/microphone_read/src/drivers/cs47l63_comm.c:275:17:cs47l63_comm_i2c_db_write	8	static
/Users/joaovitor/Documents/vscode-study/Tiresias/microphone_read/src/drivers/cs47l63_comm.c:268:17:cs47l63_comm_i2c_write	8	static
/Users/joaovitor/Documents/vscode-study/Tiresias/microphone_read/src/drivers/cs47l63_comm.c:259:17:cs47l63_comm_i2c_read_repeated_start	8	static
/Users/joaovitor/Documents/vscode-study/Tiresias/microphone_read/src/drivers/cs47l63_comm.c:253:17:cs47l63_comm_i2c_reset	8	static
/Users/joaovitor/Documents/vscode-study/Tiresias/microphone_read/src/drivers/cs47l63_comm.c:62:12:spi_mutex_lock	8	static
/Users/joaovitor/Documents/vscode-study/Tiresias/microphone_read/src/drivers/cs47l63_comm.c:197:17:cs47l63_comm_gpio_set	8	static
/Users/joaovitor/Documents/vscode-study/Tiresias/microphone_read/src/drivers/cs47l63_comm.c:84:12:spi_mutex_unlock	8	static
/Users/joaovitor/Documents/vscode-study/Tiresias/microphone_read/src/drivers/cs47l63_comm.c:157:17:cs47l63_comm_reg_write	48	static
/Users/joaovitor/Documents/vscode-study/Tiresias/microphone_read/src/drivers/cs47l63_comm.c:117:17:cs47l63_comm_reg_read	48	static
/opt/nordic/ncs/v2.6.0/zephyr/include/zephyr/kernel.h:501:23:k_msleep	8	static
/Users/joaovitor/Documents/vscode-study/Tiresias/microphone_read/src/drivers/cs47l63_comm.c:234:17:cs47l63_comm_timer_set	8	static
/Users/joaovitor/Documents/vscode-study/Tiresias/microphone_read/src/drivers/cs47l63_comm.c:106:13:cs47l63_comm_pin_int_handler	8	static
/Users/joaovitor/Documents/vscode-study/Tiresias/microphone_read/src/drivers/cs47l63_comm.c:328:5:cs47l63_comm_init	88	static
