/opt/nordic/ncs/v2.6.0-rc2/zephyr/drivers/bluetooth/hci/ipc.c:32:13:is_hci_event_discardable	0	static
/opt/nordic/ncs/v2.6.0-rc2/zephyr/drivers/bluetooth/hci/ipc.c:68:24:bt_ipc_evt_recv	40	static
/opt/nordic/ncs/v2.6.0-rc2/zephyr/drivers/bluetooth/hci/ipc.c:117:24:bt_ipc_acl_recv	40	static
/opt/nordic/ncs/v2.6.0-rc2/zephyr/drivers/bluetooth/hci/ipc.c:159:24:bt_ipc_iso_recv	40	static
/opt/nordic/ncs/v2.6.0-rc2/zephyr/drivers/bluetooth/hci/ipc.c:284:13:hci_ept_bound	8	static
/opt/nordic/ncs/v2.6.0-rc2/zephyr/drivers/bluetooth/hci/ipc.c:397:12:bt_ipc_init	8	static
/opt/nordic/ncs/v2.6.0-rc2/zephyr/drivers/bluetooth/hci/ipc.c:250:12:bt_ipc_send	8	static
/opt/nordic/ncs/v2.6.0-rc2/zephyr/drivers/bluetooth/hci/ipc.c:201:13:bt_ipc_rx	8	static
/opt/nordic/ncs/v2.6.0-rc2/zephyr/drivers/bluetooth/hci/ipc.c:289:13:hci_ept_recv	8	static
/opt/nordic/ncs/v2.6.0-rc2/zephyr/drivers/bluetooth/hci/ipc.c:302:12:bt_hci_transport_setup	0	static
/opt/nordic/ncs/v2.6.0-rc2/zephyr/drivers/bluetooth/hci/ipc.c:314:12:bt_ipc_open	8	static
/opt/nordic/ncs/v2.6.0-rc2/zephyr/drivers/bluetooth/hci/ipc.c:308:12:bt_hci_transport_teardown	0	static
/opt/nordic/ncs/v2.6.0-rc2/zephyr/drivers/bluetooth/hci/ipc.c:350:12:bt_ipc_close	8	static
