/opt/nordic/ncs/v2.6.0/modules/hal/nordic/nrfx/hal/nrf_i2s.h:672:24:nrf_i2s_configure	0	static
/opt/nordic/ncs/v2.6.0/modules/hal/nordic/nrfx/haly/nrfy_i2s.h:110:25:nrfy_i2s_periph_configure	16	static
/opt/nordic/ncs/v2.6.0/modules/hal/nordic/nrfx/haly/nrfy_i2s.h:531:29:__nrfy_internal_i2s_events_process	0	static
/opt/nordic/ncs/v2.6.0/modules/hal/nordic/nrfx/hal/nrf_gpio.h:1314:24:nrf_gpio_pin_present_check	0	static
/opt/nordic/ncs/v2.6.0/modules/hal/nordic/nrfx/drivers/src/nrfx_i2s.c:176:20:validate_config	0	static
/opt/nordic/ncs/v2.6.0/modules/hal/nordic/nrfx/drivers/src/nrfx_i2s.c:527:13:irq_handler	40	static
/opt/nordic/ncs/v2.6.0/modules/hal/nordic/nrfx/hal/nrf_gpio.h:835:35:nrf_gpio_pin_port_decode	16	static
/opt/nordic/ncs/v2.6.0/modules/hal/nordic/nrfx/hal/nrf_gpio.h:872:24:nrf_gpio_cfg	32	static
/opt/nordic/ncs/v2.6.0/modules/hal/nordic/nrfx/hal/nrf_gpio.h:955:24:nrf_gpio_cfg_input	16	static
/opt/nordic/ncs/v2.6.0/modules/hal/nordic/nrfx/hal/nrf_gpio.h:943:24:nrf_gpio_cfg_output	16	static
/opt/nordic/ncs/v2.6.0/modules/hal/nordic/nrfx/drivers/src/nrfx_i2s.c:94:13:configure_pins	8	static
/opt/nordic/ncs/v2.6.0/modules/hal/nordic/nrfx/hal/nrf_gpio.h:967:24:nrf_gpio_cfg_default	16	static
/opt/nordic/ncs/v2.6.0/modules/hal/nordic/nrfx/drivers/src/nrfx_i2s.c:140:13:deconfigure_pins	48	static
/opt/nordic/ncs/v2.6.0/modules/hal/nordic/nrfx/drivers/src/nrfx_i2s.c:220:12:nrfx_i2s_init	72	static
/opt/nordic/ncs/v2.6.0/modules/hal/nordic/nrfx/drivers/src/nrfx_i2s.c:337:6:nrfx_i2s_init_check	0	static
/opt/nordic/ncs/v2.6.0/modules/hal/nordic/nrfx/drivers/src/nrfx_i2s.c:344:12:nrfx_i2s_start	32	static
/opt/nordic/ncs/v2.6.0/modules/hal/nordic/nrfx/drivers/src/nrfx_i2s.c:439:12:nrfx_i2s_next_buffers_set	40	static
/opt/nordic/ncs/v2.6.0/modules/hal/nordic/nrfx/drivers/src/nrfx_i2s.c:506:6:nrfx_i2s_stop	8	static
/opt/nordic/ncs/v2.6.0/modules/hal/nordic/nrfx/drivers/src/nrfx_i2s.c:301:6:nrfx_i2s_uninit	16	static
/opt/nordic/ncs/v2.6.0/modules/hal/nordic/nrfx/drivers/src/nrfx_i2s.c:633:1:nrfx_i2s_0_irq_handler	8	static
