/opt/nordic/ncs/v2.6.0/modules/lib/open-amp/open-amp/lib/rpmsg/rpmsg_virtio.c:254:12:rpmsg_virtio_wait_remote_ready	8	static
/opt/nordic/ncs/v2.6.0/modules/lib/open-amp/open-amp/lib/rpmsg/rpmsg_virtio.c:316:13:rpmsg_virtio_hold_rx_buffer	0	static
/opt/nordic/ncs/v2.6.0/modules/lib/open-amp/open-amp/lib/rpmsg/rpmsg_virtio.c:525:13:rpmsg_virtio_tx_callback	0	static
/Users/joaovitor/Documents/programming/Tiresias/nrf5340_audio/build_1/modules/libmetal/libmetal/lib/include/metal/system/zephyr/mutex.h:74:20:__metal_mutex_acquire	8	static
/opt/nordic/ncs/v2.6.0/modules/lib/open-amp/open-amp/lib/rpmsg/rpmsg_virtio.c:282:12:_rpmsg_virtio_get_buffer_size	8	static
/opt/nordic/ncs/v2.6.0/modules/lib/open-amp/open-amp/lib/rpmsg/rpmsg_virtio.c:446:12:rpmsg_virtio_release_tx_buffer	24	static
/opt/nordic/ncs/v2.6.0/modules/lib/open-amp/open-amp/lib/rpmsg/rpmsg_virtio.c:609:12:rpmsg_virtio_ns_callback	56	static
/opt/nordic/ncs/v2.6.0/modules/lib/open-amp/open-amp/lib/rpmsg/rpmsg_virtio.c:89:13:rpmsg_virtio_return_buffer	40	static
/opt/nordic/ncs/v2.6.0/modules/lib/open-amp/open-amp/lib/rpmsg/rpmsg_virtio.c:129:12:rpmsg_virtio_enqueue_buffer	24	static
/opt/nordic/ncs/v2.6.0/modules/lib/open-amp/open-amp/lib/rpmsg/rpmsg_virtio.c:224:14:rpmsg_virtio_get_rx_buffer	24	static
/opt/nordic/ncs/v2.6.0/modules/lib/open-amp/open-amp/lib/rpmsg/rpmsg_virtio.c:537:13:rpmsg_virtio_rx_callback	40	static
/opt/nordic/ncs/v2.6.0/modules/lib/open-amp/open-amp/lib/rpmsg/rpmsg_virtio.c:394:12:rpmsg_virtio_send_offchannel_nocopy	40	static
/opt/nordic/ncs/v2.6.0/modules/lib/open-amp/open-amp/lib/rpmsg/rpmsg_virtio.c:328:13:rpmsg_virtio_release_rx_buffer	24	static
/Users/joaovitor/Documents/programming/Tiresias/nrf5340_audio/build_1/modules/libmetal/libmetal/lib/include/metal/system/zephyr/sleep.h:25:19:__metal_sleep_usec	8	static
/opt/nordic/ncs/v2.6.0/modules/lib/open-amp/open-amp/lib/rpmsg/rpmsg_virtio.c:55:1:rpmsg_virtio_shm_pool_get_buffer	4	static
/opt/nordic/ncs/v2.6.0/modules/lib/open-amp/open-amp/lib/rpmsg/rpmsg_virtio.c:169:14:rpmsg_virtio_get_tx_buffer	24	static
/opt/nordic/ncs/v2.6.0/modules/lib/open-amp/open-amp/lib/rpmsg/rpmsg_virtio.c:350:14:rpmsg_virtio_get_tx_payload_buffer	32	static
/opt/nordic/ncs/v2.6.0/modules/lib/open-amp/open-amp/lib/rpmsg/rpmsg_virtio.c:487:12:rpmsg_virtio_send_offchannel_raw	48	static
/opt/nordic/ncs/v2.6.0/modules/lib/open-amp/open-amp/lib/rpmsg/rpmsg_virtio.c:69:6:rpmsg_virtio_init_shm_pool	0	static
/opt/nordic/ncs/v2.6.0/modules/lib/open-amp/open-amp/lib/rpmsg/rpmsg_virtio.c:664:5:rpmsg_virtio_get_buffer_size	16	static
/opt/nordic/ncs/v2.6.0/modules/lib/open-amp/open-amp/lib/rpmsg/rpmsg_virtio.c:688:5:rpmsg_init_vdev_with_config	72	static
/opt/nordic/ncs/v2.6.0/modules/lib/open-amp/open-amp/lib/rpmsg/rpmsg_virtio.c:678:5:rpmsg_init_vdev	40	static
/opt/nordic/ncs/v2.6.0/modules/lib/open-amp/open-amp/lib/rpmsg/rpmsg_virtio.c:853:6:rpmsg_deinit_vdev	8	static
