/opt/nordic/ncs/v2.6.0/zephyr/include/zephyr/drivers/gpio.h:1713:19:gpio_add_callback	8	static
/opt/nordic/ncs/v2.6.0/zephyr/include/zephyr/drivers/spi.h:769:19:spi_transceive_dt	8	static
/opt/nordic/ncs/v2.6.0/zephyr/include/zephyr/drivers/spi.h:852:19:spi_write_dt	8	static
/Users/joaovitor/Documents/VSCode/Tiresias/nrf5340_audio/src/drivers/cs47l63_comm.c:50:13:notification_callback	0	static
/Users/joaovitor/Documents/VSCode/Tiresias/nrf5340_audio/src/drivers/cs47l63_comm.c:242:17:cs47l63_comm_set_supply	0	static
/opt/nordic/ncs/v2.6.0/zephyr/include/zephyr/drivers/gpio.h:961:19:z_impl_gpio_pin_configure	24	static
/opt/nordic/ncs/v2.6.0/zephyr/include/zephyr/drivers/gpio.h:1024:19:gpio_pin_configure_dt	8	static
/opt/nordic/ncs/v2.6.0/zephyr/include/zephyr/drivers/gpio.h:862:19:z_impl_gpio_pin_interrupt_configure	16	static
/Users/joaovitor/Documents/VSCode/Tiresias/nrf5340_audio/src/drivers/cs47l63_comm.c:208:17:cs47l63_comm_gpio_cb_register	8	static
/opt/nordic/ncs/v2.6.0/zephyr/include/zephyr/drivers/gpio.h:1572:19:gpio_pin_set_raw	8	static
/opt/nordic/ncs/v2.6.0/zephyr/include/zephyr/drivers/spi.h:702:20:spi_is_ready_dt	8	static
/Users/joaovitor/Documents/VSCode/Tiresias/nrf5340_audio/src/drivers/cs47l63_comm.c:304:13:cs47l63_comm_thread	8	static
/Users/joaovitor/Documents/VSCode/Tiresias/nrf5340_audio/src/drivers/cs47l63_comm.c:297:17:cs47l63_comm_spi_restore_speed	8	static
/Users/joaovitor/Documents/VSCode/Tiresias/nrf5340_audio/src/drivers/cs47l63_comm.c:291:17:cs47l63_comm_spi_throttle_speed	8	static
/Users/joaovitor/Documents/VSCode/Tiresias/nrf5340_audio/src/drivers/cs47l63_comm.c:285:17:cs47l63_comm_disable_irq	8	static
/Users/joaovitor/Documents/VSCode/Tiresias/nrf5340_audio/src/drivers/cs47l63_comm.c:279:17:cs47l63_comm_enable_irq	8	static
/Users/joaovitor/Documents/VSCode/Tiresias/nrf5340_audio/src/drivers/cs47l63_comm.c:271:17:cs47l63_comm_i2c_db_write	8	static
/Users/joaovitor/Documents/VSCode/Tiresias/nrf5340_audio/src/drivers/cs47l63_comm.c:264:17:cs47l63_comm_i2c_write	8	static
/Users/joaovitor/Documents/VSCode/Tiresias/nrf5340_audio/src/drivers/cs47l63_comm.c:255:17:cs47l63_comm_i2c_read_repeated_start	8	static
/Users/joaovitor/Documents/VSCode/Tiresias/nrf5340_audio/src/drivers/cs47l63_comm.c:249:17:cs47l63_comm_i2c_reset	8	static
/Users/joaovitor/Documents/VSCode/Tiresias/nrf5340_audio/src/drivers/cs47l63_comm.c:58:12:spi_mutex_lock	8	static
/Users/joaovitor/Documents/VSCode/Tiresias/nrf5340_audio/src/drivers/cs47l63_comm.c:193:17:cs47l63_comm_gpio_set	8	static
/Users/joaovitor/Documents/VSCode/Tiresias/nrf5340_audio/src/drivers/cs47l63_comm.c:80:12:spi_mutex_unlock	8	static
/Users/joaovitor/Documents/VSCode/Tiresias/nrf5340_audio/src/drivers/cs47l63_comm.c:153:17:cs47l63_comm_reg_write	48	static
/Users/joaovitor/Documents/VSCode/Tiresias/nrf5340_audio/src/drivers/cs47l63_comm.c:113:17:cs47l63_comm_reg_read	48	static
/opt/nordic/ncs/v2.6.0/zephyr/include/zephyr/kernel.h:501:23:k_msleep	8	static
/Users/joaovitor/Documents/VSCode/Tiresias/nrf5340_audio/src/drivers/cs47l63_comm.c:230:17:cs47l63_comm_timer_set	8	static
/Users/joaovitor/Documents/VSCode/Tiresias/nrf5340_audio/src/drivers/cs47l63_comm.c:102:13:cs47l63_comm_pin_int_handler	8	static
/Users/joaovitor/Documents/VSCode/Tiresias/nrf5340_audio/src/drivers/cs47l63_comm.c:324:5:cs47l63_comm_init	88	static
