/opt/nordic/ncs/v2.6.0-rc2/zephyr/subsys/bluetooth/audio/csip_set_member.c:368:13:set_sirk_cfg_changed	0	static
/opt/nordic/ncs/v2.6.0-rc2/zephyr/subsys/bluetooth/audio/csip_set_member.c:387:13:set_size_cfg_changed	0	static
/opt/nordic/ncs/v2.6.0-rc2/zephyr/subsys/bluetooth/audio/csip_set_member.c:499:13:set_lock_cfg_changed	0	static
/opt/nordic/ncs/v2.6.0-rc2/zephyr/subsys/bluetooth/audio/csip_set_member.c:729:13:valid_register_param	0	static
/opt/nordic/ncs/v2.6.0-rc2/zephyr/include/zephyr/bluetooth/addr.h:137:20:bt_addr_le_copy	0	static
/opt/nordic/ncs/v2.6.0-rc2/zephyr/subsys/bluetooth/audio/csip_set_member.c:252:12:generate_prand	16	static
/opt/nordic/ncs/v2.6.0-rc2/zephyr/subsys/bluetooth/audio/csip_set_member.c:825:13:deferred_nfy_work_handler	8	static
/opt/nordic/ncs/v2.6.0-rc2/zephyr/include/zephyr/sys/atomic.h:131:20:atomic_test_bit	0	static
/opt/nordic/ncs/v2.6.0-rc2/zephyr/subsys/bluetooth/audio/csip_set_member.c:93:13:csip_gatt_notify_complete_cb	8	static
/opt/nordic/ncs/v2.6.0-rc2/zephyr/subsys/bluetooth/audio/csip_set_member.c:100:12:csip_gatt_notify_set_lock	40	static
/opt/nordic/ncs/v2.6.0-rc2/zephyr/subsys/bluetooth/audio/csip_set_member.c:143:12:notify_lock_value	8	static
/opt/nordic/ncs/v2.6.0-rc2/zephyr/subsys/bluetooth/audio/csip_set_member.c:796:13:notify_cb	56	static
/opt/nordic/ncs/v2.6.0-rc2/zephyr/subsys/bluetooth/audio/csip_set_member.c:81:13:is_last_client_to_write	8	static
/opt/nordic/ncs/v2.6.0-rc2/zephyr/include/zephyr/sys/atomic.h:217:20:atomic_set_bit	0	static
/opt/nordic/ncs/v2.6.0-rc2/zephyr/subsys/bluetooth/audio/csip_set_member.c:130:13:csip_set_notify_bit	24	static
/opt/nordic/ncs/v2.6.0-rc2/zephyr/subsys/bluetooth/audio/csip_set_member.c:152:13:notify_client	24	static
/opt/nordic/ncs/v2.6.0-rc2/zephyr/subsys/bluetooth/audio/csip_set_member.c:186:13:notify_clients	32	static
/opt/nordic/ncs/v2.6.0-rc2/zephyr/subsys/bluetooth/audio/csip_set_member.c:518:13:set_lock_timer_handler	16	static
/opt/nordic/ncs/v2.6.0-rc2/zephyr/subsys/bluetooth/audio/csip_set_member.c:609:13:handle_csip_auth_complete	24	static
/opt/nordic/ncs/v2.6.0-rc2/zephyr/subsys/bluetooth/audio/csip_set_member.c:643:13:auth_pairing_complete	16	static
/opt/nordic/ncs/v2.6.0-rc2/zephyr/include/zephyr/bluetooth/addr.h:242:19:bt_addr_le_to_str	64	static
/opt/nordic/ncs/v2.6.0-rc2/zephyr/subsys/bluetooth/audio/csip_set_member.c:835:13:add_bonded_addr_to_client_list	40	static
/opt/nordic/ncs/v2.6.0-rc2/zephyr/subsys/bluetooth/audio/csip_set_member.c:668:13:csip_bond_deleted	32	static
/opt/nordic/ncs/v2.6.0-rc2/zephyr/subsys/bluetooth/audio/csip_set_member.c:566:13:handle_csip_disconnect	24	static
/opt/nordic/ncs/v2.6.0-rc2/zephyr/subsys/bluetooth/audio/csip_set_member.c:538:13:csip_security_changed	16	static
/opt/nordic/ncs/v2.6.0-rc2/zephyr/subsys/bluetooth/audio/csip_set_member.c:598:13:csip_disconnected	16	static
/opt/nordic/ncs/v2.6.0-rc2/zephyr/subsys/bluetooth/audio/csip_set_member.c:505:16:read_rank	32	static
/opt/nordic/ncs/v2.6.0-rc2/zephyr/subsys/bluetooth/audio/csip_set_member.c:393:16:read_set_lock	32	static
/opt/nordic/ncs/v2.6.0-rc2/zephyr/subsys/bluetooth/audio/csip_set_member.c:374:16:read_set_size	32	static
/opt/nordic/ncs/v2.6.0-rc2/zephyr/subsys/bluetooth/audio/csip_set_member.c:416:16:set_lock	24	static
/opt/nordic/ncs/v2.6.0-rc2/zephyr/subsys/bluetooth/audio/csip_set_member.c:474:16:write_set_lock	24	static
/opt/nordic/ncs/v2.6.0-rc2/zephyr/subsys/bluetooth/audio/csip_set_member.c:215:12:sirk_encrypt	8	static
/opt/nordic/ncs/v2.6.0-rc2/zephyr/subsys/bluetooth/audio/csip_set_member.c:310:16:read_set_sirk	64	static
/opt/nordic/ncs/v2.6.0-rc2/zephyr/subsys/bluetooth/audio/csip_set_member.c:752:13:remove_csis_char	32	static
/opt/nordic/ncs/v2.6.0-rc2/zephyr/subsys/bluetooth/audio/csip_set_member.c:279:5:bt_csip_set_member_generate_rsi	24	static
/opt/nordic/ncs/v2.6.0-rc2/zephyr/subsys/bluetooth/audio/csip_set_member.c:724:7:bt_csip_set_member_svc_decl_get	0	static
/opt/nordic/ncs/v2.6.0-rc2/zephyr/subsys/bluetooth/audio/csip_set_member.c:858:5:bt_csip_set_member_register	48	static
/opt/nordic/ncs/v2.6.0-rc2/zephyr/subsys/bluetooth/audio/csip_set_member.c:943:5:bt_csip_set_member_lock	8	static
/opt/nordic/ncs/v2.6.0-rc2/zephyr/subsys/bluetooth/audio/csip_set_member.c:973:6:bt_csip_set_member_print_sirk	0	static
