/opt/nordic/ncs/v2.6.0-rc2/zephyr/subsys/bluetooth/audio/vcp_vol_rend.c:59:13:volume_state_cfg_changed	0	static
/opt/nordic/ncs/v2.6.0-rc2/zephyr/subsys/bluetooth/audio/vcp_vol_rend.c:77:20:vol_rend_notify_str	0	static
/opt/nordic/ncs/v2.6.0-rc2/zephyr/include/zephyr/sys/atomic.h:152:20:atomic_test_and_clear_bit	4	static
/opt/nordic/ncs/v2.6.0-rc2/zephyr/include/zephyr/bluetooth/gatt.h:1225:19:bt_gatt_notify_uuid	32	static
/opt/nordic/ncs/v2.6.0-rc2/zephyr/include/zephyr/sys/atomic.h:217:20:atomic_set_bit	0	static
/opt/nordic/ncs/v2.6.0-rc2/zephyr/subsys/bluetooth/audio/vcp_vol_rend.c:89:13:notify_work_reschedule	72	dynamic,bounded
/opt/nordic/ncs/v2.6.0-rc2/zephyr/subsys/bluetooth/audio/vcp_vol_rend.c:134:13:value_changed	8	static
/opt/nordic/ncs/v2.6.0-rc2/zephyr/subsys/bluetooth/audio/vcp_vol_rend.c:139:16:write_vcs_control	16	static
/opt/nordic/ncs/v2.6.0-rc2/zephyr/subsys/bluetooth/audio/vcp_vol_rend.c:106:13:notify	80	dynamic,bounded
/opt/nordic/ncs/v2.6.0-rc2/zephyr/subsys/bluetooth/audio/vcp_vol_rend.c:119:13:notify_work_handler	32	static
/opt/nordic/ncs/v2.6.0-rc2/zephyr/subsys/bluetooth/audio/vcp_vol_rend.c:282:16:read_flags	24	static
/opt/nordic/ncs/v2.6.0-rc2/zephyr/subsys/bluetooth/audio/vcp_vol_rend.c:65:16:read_vol_state	24	static
/opt/nordic/ncs/v2.6.0-rc2/zephyr/subsys/bluetooth/audio/vcp_vol_rend.c:420:5:bt_vcp_vol_rend_register	24	static
/opt/nordic/ncs/v2.6.0-rc2/zephyr/subsys/bluetooth/audio/vcp_vol_rend.c:483:5:bt_vcp_vol_rend_included_get	0	static
/opt/nordic/ncs/v2.6.0-rc2/zephyr/subsys/bluetooth/audio/vcp_vol_rend.c:498:5:bt_vcp_vol_rend_set_step	0	static
/opt/nordic/ncs/v2.6.0-rc2/zephyr/subsys/bluetooth/audio/vcp_vol_rend.c:508:5:bt_vcp_vol_rend_get_state	8	static
/opt/nordic/ncs/v2.6.0-rc2/zephyr/subsys/bluetooth/audio/vcp_vol_rend.c:518:5:bt_vcp_vol_rend_get_flags	8	static
/opt/nordic/ncs/v2.6.0-rc2/zephyr/subsys/bluetooth/audio/vcp_vol_rend.c:527:5:bt_vcp_vol_rend_vol_down	24	static
/opt/nordic/ncs/v2.6.0-rc2/zephyr/subsys/bluetooth/audio/vcp_vol_rend.c:540:5:bt_vcp_vol_rend_vol_up	24	static
/opt/nordic/ncs/v2.6.0-rc2/zephyr/subsys/bluetooth/audio/vcp_vol_rend.c:553:5:bt_vcp_vol_rend_unmute_vol_down	24	static
/opt/nordic/ncs/v2.6.0-rc2/zephyr/subsys/bluetooth/audio/vcp_vol_rend.c:566:5:bt_vcp_vol_rend_unmute_vol_up	24	static
/opt/nordic/ncs/v2.6.0-rc2/zephyr/subsys/bluetooth/audio/vcp_vol_rend.c:579:5:bt_vcp_vol_rend_set_vol	24	static
/opt/nordic/ncs/v2.6.0-rc2/zephyr/subsys/bluetooth/audio/vcp_vol_rend.c:595:5:bt_vcp_vol_rend_unmute	24	static
/opt/nordic/ncs/v2.6.0-rc2/zephyr/subsys/bluetooth/audio/vcp_vol_rend.c:608:5:bt_vcp_vol_rend_mute	24	static
