/opt/nordic/ncs/v2.6.0/zephyr/kernel/thread.c:141:6:k_is_in_isr	0	static
/opt/nordic/ncs/v2.6.0/zephyr/kernel/thread.c:306:15:copy_bytes	8	static
/opt/nordic/ncs/v2.6.0/zephyr/kernel/thread.c:514:14:setup_thread_stack	24	static
/opt/nordic/ncs/v2.6.0/zephyr/kernel/thread.c:151:6:z_thread_essential_set	0	static
/opt/nordic/ncs/v2.6.0/zephyr/kernel/thread.c:161:6:z_thread_essential_clear	0	static
/opt/nordic/ncs/v2.6.0/zephyr/kernel/thread.c:171:6:z_is_thread_essential	0	static
/opt/nordic/ncs/v2.6.0/zephyr/kernel/thread.c:232:5:z_impl_k_thread_name_set	8	static
/opt/nordic/ncs/v2.6.0/zephyr/kernel/thread.c:283:13:k_thread_name_get	0	static
/opt/nordic/ncs/v2.6.0/zephyr/kernel/thread.c:293:5:z_impl_k_thread_name_copy	8	static
/opt/nordic/ncs/v2.6.0/zephyr/kernel/thread.c:325:13:k_thread_state_str	32	static
/opt/nordic/ncs/v2.6.0/zephyr/kernel/thread.c:431:6:z_check_stack_sentinel	0	static
/opt/nordic/ncs/v2.6.0/zephyr/kernel/thread.c:448:6:z_impl_k_thread_start	8	static
/opt/nordic/ncs/v2.6.0/zephyr/kernel/thread.c:466:13:schedule_new_thread	8	static
/opt/nordic/ncs/v2.6.0/zephyr/kernel/thread.c:874:6:z_init_thread_base	4	static
/opt/nordic/ncs/v2.6.0/zephyr/kernel/thread.c:900:20:k_thread_user_mode_enter	8	static
/opt/nordic/ncs/v2.6.0/zephyr/kernel/thread.c:936:6:z_spin_lock_valid	0	static
/opt/nordic/ncs/v2.6.0/zephyr/kernel/thread.c:948:6:z_spin_unlock_valid	0	static
/opt/nordic/ncs/v2.6.0/zephyr/kernel/thread.c:957:6:z_spin_lock_set_owner	0	static
/opt/nordic/ncs/v2.6.0/zephyr/kernel/thread.c:83:6:k_thread_foreach	24	static
/opt/nordic/ncs/v2.6.0/zephyr/kernel/thread.c:114:6:k_thread_foreach_unlocked	24	static
/opt/nordic/ncs/v2.6.0/zephyr/kernel/thread.c:209:6:z_thread_monitor_exit	16	static
/opt/nordic/ncs/v2.6.0/zephyr/kernel/thread.c:593:7:z_setup_new_thread	56	static
/opt/nordic/ncs/v2.6.0/zephyr/kernel/thread.c:722:9:z_impl_k_thread_create	40	static
/opt/nordic/ncs/v2.6.0/zephyr/kernel/thread.c:829:6:z_init_static_threads	32	static
/opt/nordic/ncs/v2.6.0/zephyr/kernel/thread.c:971:5:z_impl_k_float_disable	0	static
/opt/nordic/ncs/v2.6.0/zephyr/kernel/thread.c:981:5:z_impl_k_float_enable	0	static
/opt/nordic/ncs/v2.6.0/zephyr/kernel/thread.c:1024:5:z_stack_space_get	4	static
/opt/nordic/ncs/v2.6.0/zephyr/kernel/thread.c:1075:5:z_impl_k_thread_stack_space_get	8	static
/opt/nordic/ncs/v2.6.0/zephyr/kernel/thread.c:1129:6:z_thread_mark_switched_in	8	static
/opt/nordic/ncs/v2.6.0/zephyr/kernel/thread.c:1140:6:z_thread_mark_switched_out	8	static
/opt/nordic/ncs/v2.6.0/zephyr/kernel/thread.c:1158:5:k_thread_runtime_stats_get	8	static
/opt/nordic/ncs/v2.6.0/zephyr/kernel/thread.c:1174:5:k_thread_runtime_stats_all_get	40	static
