/opt/nordic/ncs/v2.6.0/zephyr/lib/os/rb.c:21:23:get_child	0	static
/opt/nordic/ncs/v2.6.0/zephyr/lib/os/rb.c:34:13:set_child	0	static
/opt/nordic/ncs/v2.6.0/zephyr/lib/os/rb.c:47:22:get_color	0	static
/opt/nordic/ncs/v2.6.0/zephyr/lib/os/rb.c:53:13:is_black	8	static
/opt/nordic/ncs/v2.6.0/zephyr/lib/os/rb.c:58:13:is_red	8	static
/opt/nordic/ncs/v2.6.0/zephyr/lib/os/rb.c:63:13:set_color	0	static
/opt/nordic/ncs/v2.6.0/zephyr/lib/os/rb.c:79:12:find_and_stack	32	static
/opt/nordic/ncs/v2.6.0/zephyr/lib/os/rb.c:111:16:get_side	8	static
/opt/nordic/ncs/v2.6.0/zephyr/lib/os/rb.c:128:13:rotate	48	static
/opt/nordic/ncs/v2.6.0/zephyr/lib/os/rb.c:155:13:fix_extra_red	48	static
/opt/nordic/ncs/v2.6.0/zephyr/lib/os/rb.c:266:13:fix_missing_black	48	static
/opt/nordic/ncs/v2.6.0/zephyr/lib/os/rb.c:533:30:stack_left_limb	8	static
/opt/nordic/ncs/v2.6.0/zephyr/lib/os/rb.c:100:16:z_rb_get_minmax	16	static
/opt/nordic/ncs/v2.6.0/zephyr/lib/os/rb.c:217:6:rb_insert	32	dynamic
/opt/nordic/ncs/v2.6.0/zephyr/lib/os/rb.c:367:6:rb_remove	48	dynamic
/opt/nordic/ncs/v2.6.0/zephyr/lib/os/rb.c:497:6:z_rb_walk	16	static
/opt/nordic/ncs/v2.6.0/zephyr/lib/os/rb.c:507:16:z_rb_child	8	static
/opt/nordic/ncs/v2.6.0/zephyr/lib/os/rb.c:512:5:z_rb_is_black	8	static
/opt/nordic/ncs/v2.6.0/zephyr/lib/os/rb.c:517:6:rb_contains	16	static
/opt/nordic/ncs/v2.6.0/zephyr/lib/os/rb.c:557:16:z_rb_foreach_next	16	static
