/Users/joaovitor/Documents/VSCode/Tiresias/nrf5340_audio/src/audio/audio_datapath.c:184:16:err_us_calculate	8	static
/Users/joaovitor/Documents/VSCode/Tiresias/nrf5340_audio/src/audio/audio_datapath.c:221:13:hfclkaudio_set	0	static
/Users/joaovitor/Documents/VSCode/Tiresias/nrf5340_audio/src/audio/audio_datapath.c:581:12:alt_buffer_get	0	static
/Users/joaovitor/Documents/VSCode/Tiresias/nrf5340_audio/src/audio/audio_datapath.c:602:13:alt_buffer_free	0	static
/Users/joaovitor/Documents/VSCode/Tiresias/nrf5340_audio/src/audio/audio_datapath.c:614:13:alt_buffer_free_both	0	static
/Users/joaovitor/Documents/VSCode/Tiresias/nrf5340_audio/src/audio/audio_datapath.c:497:13:tone_stop_worker	8	static
/Users/joaovitor/Documents/VSCode/Tiresias/nrf5340_audio/src/audio/audio_datapath.c:506:13:tone_stop_timer_handler	8	static
/opt/nordic/ncs/v2.6.0/zephyr/include/zephyr/zbus/zbus.h:584:27:zbus_chan_const_msg	8	static
/Users/joaovitor/Documents/VSCode/Tiresias/nrf5340_audio/src/audio/audio_datapath.c:803:13:audio_datapath_just_in_time_check_and_adjust	8	static
/Users/joaovitor/Documents/VSCode/Tiresias/nrf5340_audio/src/audio/audio_datapath.c:865:13:audio_datapath_sdu_ref_update	8	static
/Users/joaovitor/Documents/VSCode/Tiresias/nrf5340_audio/src/audio/audio_datapath.c:231:13:drift_comp_state_set	56	dynamic,bounded
/Users/joaovitor/Documents/VSCode/Tiresias/nrf5340_audio/src/audio/audio_datapath.c:249:13:audio_datapath_drift_compensation	16	static
/Users/joaovitor/Documents/VSCode/Tiresias/nrf5340_audio/src/audio/audio_datapath.c:346:13:pres_comp_state_set	64	dynamic,bounded
/Users/joaovitor/Documents/VSCode/Tiresias/nrf5340_audio/src/audio/audio_datapath.c:375:13:audio_datapath_presentation_compensation	24	static
/Users/joaovitor/Documents/VSCode/Tiresias/nrf5340_audio/src/audio/audio_datapath.c:743:13:audio_datapath_i2s_start	152	dynamic,bounded
/Users/joaovitor/Documents/VSCode/Tiresias/nrf5340_audio/src/audio/audio_datapath.c:787:13:audio_datapath_i2s_stop	8	static
/Users/joaovitor/Documents/VSCode/Tiresias/nrf5340_audio/src/audio/audio_datapath.c:548:13:tone_mix	112	static
/Users/joaovitor/Documents/VSCode/Tiresias/nrf5340_audio/src/audio/audio_datapath.c:630:13:audio_datapath_i2s_blk_complete	112	dynamic,bounded
/Users/joaovitor/Documents/VSCode/Tiresias/nrf5340_audio/src/audio/audio_datapath.c:1197:12:cmd_audio_pres_comp_disable	16	static
/Users/joaovitor/Documents/VSCode/Tiresias/nrf5340_audio/src/audio/audio_datapath.c:1181:12:cmd_audio_pres_comp_enable	8	static
/Users/joaovitor/Documents/VSCode/Tiresias/nrf5340_audio/src/audio/audio_datapath.c:1162:12:cmd_hfclkaudio_drift_comp_disable	8	static
/Users/joaovitor/Documents/VSCode/Tiresias/nrf5340_audio/src/audio/audio_datapath.c:1149:12:cmd_hfclkaudio_drift_comp_enable	8	static
/Users/joaovitor/Documents/VSCode/Tiresias/nrf5340_audio/src/audio/audio_datapath.c:513:5:audio_datapath_tone_play	24	static
/Users/joaovitor/Documents/VSCode/Tiresias/nrf5340_audio/src/audio/audio_datapath.c:542:6:audio_datapath_tone_stop	8	static
/Users/joaovitor/Documents/VSCode/Tiresias/nrf5340_audio/src/audio/audio_datapath.c:1137:12:cmd_i2s_tone_stop	8	static
/Users/joaovitor/Documents/VSCode/Tiresias/nrf5340_audio/src/audio/audio_datapath.c:1085:12:cmd_i2s_tone_play	56	static
/Users/joaovitor/Documents/VSCode/Tiresias/nrf5340_audio/src/audio/audio_datapath.c:893:5:audio_datapath_pres_delay_us_set	8	static
/Users/joaovitor/Documents/VSCode/Tiresias/nrf5340_audio/src/audio/audio_datapath.c:907:6:audio_datapath_pres_delay_us_get	0	static
/Users/joaovitor/Documents/VSCode/Tiresias/nrf5340_audio/src/audio/audio_datapath.c:912:6:audio_datapath_stream_out	48	static
/Users/joaovitor/Documents/VSCode/Tiresias/nrf5340_audio/src/audio/audio_datapath.c:1022:5:audio_datapath_start	8	static
/Users/joaovitor/Documents/VSCode/Tiresias/nrf5340_audio/src/audio/audio_datapath.c:1046:5:audio_datapath_stop	16	static
/Users/joaovitor/Documents/VSCode/Tiresias/nrf5340_audio/src/audio/audio_datapath.c:1062:5:audio_datapath_init	8	static
