/Users/joaovitor/Documents/programming/Tiresias/nrf5340_audio/src/bluetooth/bt_stream/unicast/unicast_server.c:98:13:csip_lock_changed_cb	0	static
/Users/joaovitor/Documents/programming/Tiresias/nrf5340_audio/src/bluetooth/bt_stream/unicast/unicast_server.c:105:16:sirk_read_req_cb	0	static
/Users/joaovitor/Documents/programming/Tiresias/nrf5340_audio/src/bluetooth/bt_stream/unicast/unicast_server.c:302:12:lc3_reconfig_cb	0	static
/Users/joaovitor/Documents/programming/Tiresias/nrf5340_audio/src/bluetooth/bt_stream/unicast/unicast_server.c:329:12:lc3_enable_cb	0	static
/Users/joaovitor/Documents/programming/Tiresias/nrf5340_audio/src/bluetooth/bt_stream/unicast/unicast_server.c:337:12:lc3_start_cb	0	static
/Users/joaovitor/Documents/programming/Tiresias/nrf5340_audio/src/bluetooth/bt_stream/unicast/unicast_server.c:343:12:lc3_metadata_cb	0	static
/Users/joaovitor/Documents/programming/Tiresias/nrf5340_audio/src/bluetooth/bt_stream/unicast/unicast_server.c:527:12:adv_buf_put	4	static
/Users/joaovitor/Documents/programming/Tiresias/nrf5340_audio/src/bluetooth/bt_stream/unicast/unicast_server.c:507:13:stream_released_cb	56	dynamic,bounded
/Users/joaovitor/Documents/programming/Tiresias/nrf5340_audio/src/bluetooth/bt_stream/unicast/unicast_server.c:464:13:stream_disabled_cb	56	dynamic,bounded
/Users/joaovitor/Documents/programming/Tiresias/nrf5340_audio/src/bluetooth/bt_stream/unicast/unicast_server.c:434:13:stream_sent_cb	16	static
/Users/joaovitor/Documents/programming/Tiresias/nrf5340_audio/src/bluetooth/bt_stream/unicast/unicast_server.c:414:13:stream_recv_cb	40	static
/Users/joaovitor/Documents/programming/Tiresias/nrf5340_audio/src/bluetooth/bt_stream/unicast/unicast_server.c:83:13:le_audio_event_publish	32	static
/Users/joaovitor/Documents/programming/Tiresias/nrf5340_audio/src/bluetooth/bt_stream/unicast/unicast_server.c:488:13:stream_stopped_cb	72	dynamic,bounded
/Users/joaovitor/Documents/programming/Tiresias/nrf5340_audio/src/bluetooth/bt_stream/unicast/unicast_server.c:384:12:lc3_release_cb	64	dynamic,bounded
/Users/joaovitor/Documents/programming/Tiresias/nrf5340_audio/src/bluetooth/bt_stream/unicast/unicast_server.c:367:12:lc3_stop_cb	64	dynamic,bounded
/Users/joaovitor/Documents/programming/Tiresias/nrf5340_audio/src/bluetooth/bt_stream/unicast/unicast_server.c:350:12:lc3_disable_cb	64	dynamic,bounded
/Users/joaovitor/Documents/programming/Tiresias/nrf5340_audio/src/bluetooth/bt_stream/unicast/unicast_server.c:311:12:lc3_qos_cb	64	dynamic,bounded
/Users/joaovitor/Documents/programming/Tiresias/nrf5340_audio/src/bluetooth/bt_stream/unicast/unicast_server.c:469:13:stream_started_cb	104	dynamic,bounded
/Users/joaovitor/Documents/programming/Tiresias/nrf5340_audio/src/bluetooth/bt_stream/unicast/unicast_server.c:441:13:stream_enabled_cb	64	dynamic,bounded
/Users/joaovitor/Documents/programming/Tiresias/nrf5340_audio/src/bluetooth/bt_stream/unicast/unicast_server.c:175:13:print_codec	48	static
/Users/joaovitor/Documents/programming/Tiresias/nrf5340_audio/src/bluetooth/bt_stream/unicast/unicast_server.c:241:12:lc3_config_cb	32	static
/Users/joaovitor/Documents/programming/Tiresias/nrf5340_audio/src/bluetooth/bt_stream/unicast/unicast_server.c:542:5:unicast_server_config_get	16	static
/Users/joaovitor/Documents/programming/Tiresias/nrf5340_audio/src/bluetooth/bt_stream/unicast/unicast_server.c:625:5:unicast_server_uuid_populate	8	static
/Users/joaovitor/Documents/programming/Tiresias/nrf5340_audio/src/bluetooth/bt_stream/unicast/unicast_server.c:639:5:unicast_server_adv_populate	32	static
/Users/joaovitor/Documents/programming/Tiresias/nrf5340_audio/src/bluetooth/bt_stream/unicast/unicast_server.c:679:5:unicast_server_send	32	static
/Users/joaovitor/Documents/programming/Tiresias/nrf5340_audio/src/bluetooth/bt_stream/unicast/unicast_server.c:695:5:unicast_server_disable	0	static
/Users/joaovitor/Documents/programming/Tiresias/nrf5340_audio/src/bluetooth/bt_stream/unicast/unicast_server.c:700:5:unicast_server_enable	16	static
