/opt/nordic/ncs/v2.6.0-rc2/zephyr/lib/os/mpsc_pbuf.c:59:20:free_space	0	static
/opt/nordic/ncs/v2.6.0-rc2/zephyr/lib/os/mpsc_pbuf.c:84:20:available	0	static
/opt/nordic/ncs/v2.6.0-rc2/zephyr/lib/os/mpsc_pbuf.c:96:24:get_usage	16	static
/opt/nordic/ncs/v2.6.0-rc2/zephyr/lib/os/mpsc_pbuf.c:107:20:max_utilization_update	16	static
/opt/nordic/ncs/v2.6.0-rc2/zephyr/lib/os/mpsc_pbuf.c:156:13:rd_idx_inc	0	static
/opt/nordic/ncs/v2.6.0-rc2/zephyr/lib/os/mpsc_pbuf.c:162:13:add_skip_item	4	static
/opt/nordic/ncs/v2.6.0-rc2/zephyr/lib/os/mpsc_pbuf.c:173:13:drop_item_locked	48	static
/opt/nordic/ncs/v2.6.0-rc2/zephyr/lib/os/mpsc_pbuf.c:259:13:post_drop_action	8	static
/opt/nordic/ncs/v2.6.0-rc2/zephyr/lib/os/mpsc_pbuf.c:28:6:mpsc_pbuf_init	16	static
/opt/nordic/ncs/v2.6.0-rc2/zephyr/lib/os/mpsc_pbuf.c:288:6:mpsc_pbuf_put_word	48	static
/opt/nordic/ncs/v2.6.0-rc2/zephyr/lib/os/mpsc_pbuf.c:334:26:mpsc_pbuf_alloc	72	static
/opt/nordic/ncs/v2.6.0-rc2/zephyr/lib/os/mpsc_pbuf.c:407:6:mpsc_pbuf_commit	24	static
/opt/nordic/ncs/v2.6.0-rc2/zephyr/lib/os/mpsc_pbuf.c:421:6:mpsc_pbuf_put_word_ext	48	static
/opt/nordic/ncs/v2.6.0-rc2/zephyr/lib/os/mpsc_pbuf.c:477:6:mpsc_pbuf_put_data	48	static
/opt/nordic/ncs/v2.6.0-rc2/zephyr/lib/os/mpsc_pbuf.c:528:32:mpsc_pbuf_claim	32	static
/opt/nordic/ncs/v2.6.0-rc2/zephyr/lib/os/mpsc_pbuf.c:574:6:mpsc_pbuf_free	24	static
/opt/nordic/ncs/v2.6.0-rc2/zephyr/lib/os/mpsc_pbuf.c:606:6:mpsc_pbuf_is_pending	16	static
/opt/nordic/ncs/v2.6.0-rc2/zephyr/lib/os/mpsc_pbuf.c:615:6:mpsc_pbuf_get_utilization	8	static
/opt/nordic/ncs/v2.6.0-rc2/zephyr/lib/os/mpsc_pbuf.c:623:5:mpsc_pbuf_get_max_utilization	0	static
