/opt/nordic/ncs/v2.6.0/modules/hal/nordic/nrfx/haly/nrfy_twim.h:694:10:__nrfy_internal_twim_events_process	0	static
/opt/nordic/ncs/v2.6.0/modules/hal/nordic/nrfx/haly/nrfy_twim.h:292:25:nrfy_twim_rx_start	16	static
/opt/nordic/ncs/v2.6.0/modules/hal/nordic/nrfx/haly/nrfy_twim.h:219:25:nrfy_twim_tx_start	16	static
/opt/nordic/ncs/v2.6.0/modules/hal/nordic/nrfx/hal/nrf_gpio.h:1314:24:nrf_gpio_pin_present_check	0	static
/opt/nordic/ncs/v2.6.0/modules/hal/nordic/nrfx/drivers/src/nrfx_twim.c:112:19:twi_process_error	0	static
/opt/nordic/ncs/v2.6.0/modules/hal/nordic/nrfx/drivers/src/nrfx_twim.c:134:13:xfer_completeness_check	0	static
/opt/nordic/ncs/v2.6.0/modules/hal/nordic/nrfx/hal/nrf_gpio.h:835:35:nrf_gpio_pin_port_decode	16	static
/opt/nordic/ncs/v2.6.0/modules/hal/nordic/nrfx/hal/nrf_gpio.h:872:24:nrf_gpio_cfg	32	static
/opt/nordic/ncs/v2.6.0/modules/hal/nordic/nrfx/hal/nrf_gpio.h:967:24:nrf_gpio_cfg_default	16	static
/opt/nordic/ncs/v2.6.0/modules/hal/nordic/nrfx/drivers/src/nrfx_twim.c:209:13:pins_configure	24	static
/opt/nordic/ncs/v2.6.0/modules/hal/nordic/nrfx/drivers/src/nrfx_twim.c:407:19:twim_xfer	24	static
/opt/nordic/ncs/v2.6.0/modules/hal/nordic/nrfx/drivers/src/nrfx_twim.c:660:13:irq_handler	48	static
/opt/nordic/ncs/v2.6.0/modules/hal/nordic/nrfx/drivers/src/nrfx_twim.c:189:13:twim_configure	32	static
/opt/nordic/ncs/v2.6.0/modules/hal/nordic/nrfx/drivers/src/nrfx_twim.c:253:12:nrfx_twim_init	24	static
/opt/nordic/ncs/v2.6.0/modules/hal/nordic/nrfx/drivers/src/nrfx_twim.c:323:12:nrfx_twim_reconfigure	8	static
/opt/nordic/ncs/v2.6.0/modules/hal/nordic/nrfx/drivers/src/nrfx_twim.c:370:6:nrfx_twim_init_check	0	static
/opt/nordic/ncs/v2.6.0/modules/hal/nordic/nrfx/drivers/src/nrfx_twim.c:377:6:nrfx_twim_enable	8	static
/opt/nordic/ncs/v2.6.0/modules/hal/nordic/nrfx/drivers/src/nrfx_twim.c:388:6:nrfx_twim_disable	16	static
/opt/nordic/ncs/v2.6.0/modules/hal/nordic/nrfx/drivers/src/nrfx_twim.c:344:6:nrfx_twim_uninit	24	static
/opt/nordic/ncs/v2.6.0/modules/hal/nordic/nrfx/drivers/src/nrfx_twim.c:401:6:nrfx_twim_is_busy	0	static
/opt/nordic/ncs/v2.6.0/modules/hal/nordic/nrfx/drivers/src/nrfx_twim.c:607:12:nrfx_twim_xfer	8	static
/opt/nordic/ncs/v2.6.0/modules/hal/nordic/nrfx/drivers/src/nrfx_twim.c:644:10:nrfx_twim_start_task_address_get	8	static
/opt/nordic/ncs/v2.6.0/modules/hal/nordic/nrfx/drivers/src/nrfx_twim.c:653:10:nrfx_twim_stopped_event_address_get	8	static
/opt/nordic/ncs/v2.6.0/modules/hal/nordic/nrfx/drivers/src/nrfx_twim.c:847:1:nrfx_twim_1_irq_handler	8	static
