/opt/nordic/ncs/v2.6.0/modules/hal/nordic/nrfx/drivers/src/nrfx_nvmc.c:113:17:flash_page_size_get	0	static
/opt/nordic/ncs/v2.6.0/modules/hal/nordic/nrfx/drivers/src/nrfx_nvmc.c:128:17:flash_page_count_get	0	static
/opt/nordic/ncs/v2.6.0/modules/hal/nordic/nrfx/drivers/src/nrfx_nvmc.c:143:17:flash_total_size_get	8	static
/opt/nordic/ncs/v2.6.0/modules/hal/nordic/nrfx/drivers/src/nrfx_nvmc.c:148:13:is_page_aligned_check	8	static
/opt/nordic/ncs/v2.6.0/modules/hal/nordic/nrfx/drivers/src/nrfx_nvmc.c:197:13:nvmc_readonly_mode_set	0	static
/opt/nordic/ncs/v2.6.0/modules/hal/nordic/nrfx/drivers/src/nrfx_nvmc.c:211:13:nvmc_write_mode_set	0	static
/opt/nordic/ncs/v2.6.0/modules/hal/nordic/nrfx/drivers/src/nrfx_nvmc.c:225:13:nvmc_erase_mode_set	0	static
/opt/nordic/ncs/v2.6.0/modules/hal/nordic/nrfx/drivers/src/nrfx_nvmc.c:239:13:nvmc_word_write	0	static
/opt/nordic/ncs/v2.6.0/modules/hal/nordic/nrfx/drivers/src/nrfx_nvmc.c:253:13:nvmc_words_write	24	static
/opt/nordic/ncs/v2.6.0/modules/hal/nordic/nrfx/drivers/src/nrfx_nvmc.c:178:17:partial_word_create	16	static
/opt/nordic/ncs/v2.6.0/modules/hal/nordic/nrfx/drivers/src/nrfx_nvmc.c:261:12:nrfx_nvmc_page_erase	8	static
/opt/nordic/ncs/v2.6.0/modules/hal/nordic/nrfx/drivers/src/nrfx_nvmc.c:279:12:nrfx_nvmc_uicr_erase	0	static
/opt/nordic/ncs/v2.6.0/modules/hal/nordic/nrfx/drivers/src/nrfx_nvmc.c:293:6:nrfx_nvmc_all_erase	8	static
/opt/nordic/ncs/v2.6.0/modules/hal/nordic/nrfx/drivers/src/nrfx_nvmc.c:303:12:nrfx_nvmc_page_partial_erase_init	16	static
/opt/nordic/ncs/v2.6.0/modules/hal/nordic/nrfx/drivers/src/nrfx_nvmc.c:319:6:nrfx_nvmc_page_partial_erase_continue	8	static
/opt/nordic/ncs/v2.6.0/modules/hal/nordic/nrfx/drivers/src/nrfx_nvmc.c:349:6:nrfx_nvmc_byte_writable_check	16	static
/opt/nordic/ncs/v2.6.0/modules/hal/nordic/nrfx/drivers/src/nrfx_nvmc.c:375:6:nrfx_nvmc_word_writable_check	16	static
/opt/nordic/ncs/v2.6.0/modules/hal/nordic/nrfx/drivers/src/nrfx_nvmc.c:403:6:nrfx_nvmc_word_write	16	static
/opt/nordic/ncs/v2.6.0/modules/hal/nordic/nrfx/drivers/src/nrfx_nvmc.c:384:6:nrfx_nvmc_byte_write	24	static
/opt/nordic/ncs/v2.6.0/modules/hal/nordic/nrfx/drivers/src/nrfx_nvmc.c:393:6:nrfx_nvmc_halfword_write	24	static
/opt/nordic/ncs/v2.6.0/modules/hal/nordic/nrfx/drivers/src/nrfx_nvmc.c:415:6:nrfx_nvmc_bytes_write	24	static
/opt/nordic/ncs/v2.6.0/modules/hal/nordic/nrfx/drivers/src/nrfx_nvmc.c:477:6:nrfx_nvmc_words_write	16	static
/opt/nordic/ncs/v2.6.0/modules/hal/nordic/nrfx/drivers/src/nrfx_nvmc.c:490:10:nrfx_nvmc_otp_halfword_read	8	static
/opt/nordic/ncs/v2.6.0/modules/hal/nordic/nrfx/drivers/src/nrfx_nvmc.c:357:6:nrfx_nvmc_halfword_writable_check	16	static
/opt/nordic/ncs/v2.6.0/modules/hal/nordic/nrfx/drivers/src/nrfx_nvmc.c:501:10:nrfx_nvmc_flash_size_get	8	static
/opt/nordic/ncs/v2.6.0/modules/hal/nordic/nrfx/drivers/src/nrfx_nvmc.c:506:10:nrfx_nvmc_flash_page_size_get	8	static
/opt/nordic/ncs/v2.6.0/modules/hal/nordic/nrfx/drivers/src/nrfx_nvmc.c:511:10:nrfx_nvmc_flash_page_count_get	8	static
