/opt/nordic/ncs/v2.6.0/zephyr/lib/libc/picolibc/libc-hooks.c:84:12:cbputc	8	static
/opt/nordic/ncs/v2.6.0/zephyr/lib/libc/picolibc/libc-hooks.c:31:5:z_impl_zephyr_fputc	8	static
/opt/nordic/ncs/v2.6.0/zephyr/lib/libc/picolibc/libc-hooks.c:45:12:picolibc_put	8	static
/opt/nordic/ncs/v2.6.0/zephyr/lib/libc/picolibc/libc-hooks.c:64:6:__stdout_hook_install	0	static
/opt/nordic/ncs/v2.6.0/zephyr/lib/libc/picolibc/libc-hooks.c:70:6:__stdin_hook_install	0	static
/opt/nordic/ncs/v2.6.0/zephyr/lib/libc/picolibc/libc-hooks.c:92:5:cbvprintf	40	static
/opt/nordic/ncs/v2.6.0/zephyr/lib/libc/picolibc/libc-hooks.c:102:13:_exit	8	static
/opt/nordic/ncs/v2.6.0/zephyr/lib/libc/picolibc/libc-hooks.c:130:6:__retarget_lock_init_recursive	8	static
/opt/nordic/ncs/v2.6.0/zephyr/lib/libc/picolibc/libc-hooks.c:146:6:__retarget_lock_init	8	static
/opt/nordic/ncs/v2.6.0/zephyr/lib/libc/picolibc/libc-hooks.c:152:6:__retarget_lock_close_recursive	8	static
/opt/nordic/ncs/v2.6.0/zephyr/lib/libc/picolibc/libc-hooks.c:163:6:__retarget_lock_close	8	static
/opt/nordic/ncs/v2.6.0/zephyr/lib/libc/picolibc/libc-hooks.c:169:6:__retarget_lock_acquire_recursive	8	static
/opt/nordic/ncs/v2.6.0/zephyr/lib/libc/picolibc/libc-hooks.c:176:6:__retarget_lock_acquire	8	static
/opt/nordic/ncs/v2.6.0/zephyr/lib/libc/picolibc/libc-hooks.c:182:5:__retarget_lock_try_acquire_recursive	8	static
/opt/nordic/ncs/v2.6.0/zephyr/lib/libc/picolibc/libc-hooks.c:189:5:__retarget_lock_try_acquire	8	static
/opt/nordic/ncs/v2.6.0/zephyr/lib/libc/picolibc/libc-hooks.c:195:6:__retarget_lock_release_recursive	8	static
/opt/nordic/ncs/v2.6.0/zephyr/lib/libc/picolibc/libc-hooks.c:202:6:__retarget_lock_release	8	static
/opt/nordic/ncs/v2.6.0/zephyr/lib/libc/picolibc/libc-hooks.c:222:20:__assert_no_args	8	static
/opt/nordic/ncs/toolchains/580e4ef81c/opt/zephyr-sdk/arm-zephyr-eabi/picolibc/include/ssp/ssp.h:71:6:__chk_fail	8	static
