/Users/joaovitor/Documents/VSCode/Tiresias/nrf5340_audio/src/bluetooth/bt_renderer/volume/bt_rend_vol.c:159:13:vcs_flags_rend_cb_handler	8	static
/Users/joaovitor/Documents/VSCode/Tiresias/nrf5340_audio/src/bluetooth/bt_renderer/volume/bt_rend_vol.c:130:13:vcs_state_rend_cb_handler	24	static
/Users/joaovitor/Documents/VSCode/Tiresias/nrf5340_audio/src/bluetooth/bt_renderer/volume/bt_rend_vol.c:183:5:bt_rend_vol_set	8	static
/Users/joaovitor/Documents/VSCode/Tiresias/nrf5340_audio/src/bluetooth/bt_renderer/volume/bt_rend_vol.c:208:5:bt_rend_vol_up	8	static
/Users/joaovitor/Documents/VSCode/Tiresias/nrf5340_audio/src/bluetooth/bt_renderer/volume/bt_rend_vol.c:233:5:bt_rend_vol_down	8	static
/Users/joaovitor/Documents/VSCode/Tiresias/nrf5340_audio/src/bluetooth/bt_renderer/volume/bt_rend_vol.c:258:5:bt_rend_vol_mute	8	static
/Users/joaovitor/Documents/VSCode/Tiresias/nrf5340_audio/src/bluetooth/bt_renderer/volume/bt_rend_vol.c:283:5:bt_rend_vol_unmute	8	static
/Users/joaovitor/Documents/VSCode/Tiresias/nrf5340_audio/src/bluetooth/bt_renderer/volume/bt_rend_vol.c:308:5:bt_rend_vol_discover	8	static
/Users/joaovitor/Documents/VSCode/Tiresias/nrf5340_audio/src/bluetooth/bt_renderer/volume/bt_rend_vol.c:331:5:bt_rend_vol_ctlr_init	8	static
/Users/joaovitor/Documents/VSCode/Tiresias/nrf5340_audio/src/bluetooth/bt_renderer/volume/bt_rend_vol.c:347:5:bt_rend_vol_rend_init	16	static
