/Users/joaovitor/Documents/VSCode/Tiresias/nrf5340_audio/src/bluetooth/bt_stream/unicast/unicast_client.c:198:12:discover_list_remove	0	static
/Users/joaovitor/Documents/VSCode/Tiresias/nrf5340_audio/src/bluetooth/bt_stream/unicast/unicast_client.c:220:12:discover_list_index_get	0	static
/Users/joaovitor/Documents/VSCode/Tiresias/nrf5340_audio/src/bluetooth/bt_stream/unicast/unicast_client.c:240:12:headset_pres_delay_find	8	static
/Users/joaovitor/Documents/VSCode/Tiresias/nrf5340_audio/src/bluetooth/bt_stream/unicast/unicast_client.c:508:13:bt_audio_codec_allocation_set	4	static
/Users/joaovitor/Documents/VSCode/Tiresias/nrf5340_audio/src/bluetooth/bt_stream/unicast/unicast_client.c:1088:13:stream_metadata_updated_cb	0	static
/Users/joaovitor/Documents/VSCode/Tiresias/nrf5340_audio/src/bluetooth/bt_stream/unicast/unicast_client.c:1093:13:stream_disabled_cb	0	static
/Users/joaovitor/Documents/VSCode/Tiresias/nrf5340_audio/src/bluetooth/bt_stream/unicast/unicast_client.c:307:12:channel_index_get	8	static
/Users/joaovitor/Documents/VSCode/Tiresias/nrf5340_audio/src/bluetooth/bt_stream/unicast/unicast_client.c:145:12:discover_list_add	8	static
/Users/joaovitor/Documents/VSCode/Tiresias/nrf5340_audio/src/bluetooth/bt_stream/unicast/unicast_client.c:615:12:temp_cap_index_get	8	static
/Users/joaovitor/Documents/VSCode/Tiresias/nrf5340_audio/src/bluetooth/bt_stream/unicast/unicast_client.c:673:13:endpoint_cb	24	static
/Users/joaovitor/Documents/VSCode/Tiresias/nrf5340_audio/src/bluetooth/bt_stream/unicast/unicast_client.c:1285:13:disconnected_headset_cleanup	24	static
/Users/joaovitor/Documents/VSCode/Tiresias/nrf5340_audio/src/bluetooth/bt_stream/unicast/unicast_client.c:122:13:le_audio_event_publish	32	static
/Users/joaovitor/Documents/VSCode/Tiresias/nrf5340_audio/src/bluetooth/bt_stream/unicast/unicast_client.c:576:13:unicast_client_location_cb	16	static
/Users/joaovitor/Documents/VSCode/Tiresias/nrf5340_audio/src/bluetooth/bt_stream/unicast/unicast_client.c:1131:13:stream_released_cb	8	static
/Users/joaovitor/Documents/VSCode/Tiresias/nrf5340_audio/src/bluetooth/bt_stream/unicast/unicast_client.c:643:13:pac_record_cb	24	static
/Users/joaovitor/Documents/VSCode/Tiresias/nrf5340_audio/src/bluetooth/bt_stream/unicast/unicast_client.c:480:13:valid_codec_cap_check	24	static
/Users/joaovitor/Documents/VSCode/Tiresias/nrf5340_audio/src/bluetooth/bt_stream/unicast/unicast_client.c:725:13:discover_cb	104	dynamic,bounded
/Users/joaovitor/Documents/VSCode/Tiresias/nrf5340_audio/src/bluetooth/bt_stream/unicast/unicast_client.c:326:13:supported_sample_rates_print	32	static
/Users/joaovitor/Documents/VSCode/Tiresias/nrf5340_audio/src/bluetooth/bt_stream/unicast/unicast_client.c:409:13:source_parse_cb	16	static
/Users/joaovitor/Documents/VSCode/Tiresias/nrf5340_audio/src/bluetooth/bt_stream/unicast/unicast_client.c:349:13:sink_parse_cb	16	static
/opt/nordic/ncs/v2.6.0/zephyr/include/zephyr/bluetooth/addr.h:242:19:bt_addr_le_to_str	64	static
/Users/joaovitor/Documents/VSCode/Tiresias/nrf5340_audio/src/bluetooth/bt_stream/unicast/unicast_client.c:605:13:available_contexts_cb	40	static
/Users/joaovitor/Documents/VSCode/Tiresias/nrf5340_audio/src/bluetooth/bt_stream/unicast/unicast_client.c:1206:13:work_stream_start	16	static
/Users/joaovitor/Documents/VSCode/Tiresias/nrf5340_audio/src/bluetooth/bt_stream/unicast/unicast_client.c:868:13:stream_sent_cb	24	static
/Users/joaovitor/Documents/VSCode/Tiresias/nrf5340_audio/src/bluetooth/bt_stream/unicast/unicast_client.c:1162:13:stream_recv_cb	48	static
/Users/joaovitor/Documents/VSCode/Tiresias/nrf5340_audio/src/bluetooth/bt_stream/unicast/unicast_client.c:1098:13:stream_stopped_cb	72	dynamic,bounded
/Users/joaovitor/Documents/VSCode/Tiresias/nrf5340_audio/src/bluetooth/bt_stream/unicast/unicast_client.c:1063:13:stream_started_cb	104	dynamic,bounded
/Users/joaovitor/Documents/VSCode/Tiresias/nrf5340_audio/src/bluetooth/bt_stream/unicast/unicast_client.c:997:13:stream_enabled_cb	72	dynamic,bounded
/Users/joaovitor/Documents/VSCode/Tiresias/nrf5340_audio/src/bluetooth/bt_stream/unicast/unicast_client.c:961:13:stream_qos_set_cb	112	dynamic,bounded
/Users/joaovitor/Documents/VSCode/Tiresias/nrf5340_audio/src/bluetooth/bt_stream/unicast/unicast_client.c:528:12:update_sink_stream_qos	104	dynamic,bounded
/Users/joaovitor/Documents/VSCode/Tiresias/nrf5340_audio/src/bluetooth/bt_stream/unicast/unicast_client.c:886:13:stream_configured_cb	184	dynamic,bounded
/Users/joaovitor/Documents/VSCode/Tiresias/nrf5340_audio/src/bluetooth/bt_stream/unicast/unicast_client.c:1299:5:unicast_client_config_get	32	static
/Users/joaovitor/Documents/VSCode/Tiresias/nrf5340_audio/src/bluetooth/bt_stream/unicast/unicast_client.c:1373:6:unicast_client_conn_disconnected	16	static
/Users/joaovitor/Documents/VSCode/Tiresias/nrf5340_audio/src/bluetooth/bt_stream/unicast/unicast_client.c:1392:5:unicast_client_discover	16	static
/Users/joaovitor/Documents/VSCode/Tiresias/nrf5340_audio/src/bluetooth/bt_stream/unicast/unicast_client.c:1412:5:unicast_client_start	16	static
/Users/joaovitor/Documents/VSCode/Tiresias/nrf5340_audio/src/bluetooth/bt_stream/unicast/unicast_client.c:1448:5:unicast_client_stop	16	static
/Users/joaovitor/Documents/VSCode/Tiresias/nrf5340_audio/src/bluetooth/bt_stream/unicast/unicast_client.c:1482:5:unicast_client_send	40	static
/Users/joaovitor/Documents/VSCode/Tiresias/nrf5340_audio/src/bluetooth/bt_stream/unicast/unicast_client.c:1502:5:unicast_client_disable	0	static
/Users/joaovitor/Documents/VSCode/Tiresias/nrf5340_audio/src/bluetooth/bt_stream/unicast/unicast_client.c:1507:5:unicast_client_enable	88	static
