/Users/joaovitor/Documents/VSCode/Tiresias/nrf5340_audio/unicast_server/main.c:53:13:stream_state_set	0	static
/opt/nordic/ncs/v2.6.0-rc2/zephyr/include/zephyr/zbus/zbus.h:584:27:zbus_chan_const_msg	8	static
/Users/joaovitor/Documents/VSCode/Tiresias/nrf5340_audio/unicast_server/main.c:330:13:bt_mgmt_evt_handler	8	static
/Users/joaovitor/Documents/VSCode/Tiresias/nrf5340_audio/unicast_server/main.c:295:12:zbus_subscribers_create	40	static
/Users/joaovitor/Documents/VSCode/Tiresias/nrf5340_audio/unicast_server/main.c:384:12:zbus_link_producers_observers	8	static
/Users/joaovitor/Documents/VSCode/Tiresias/nrf5340_audio/unicast_server/main.c:419:12:ext_adv_populate	56	static
/Users/joaovitor/Documents/VSCode/Tiresias/nrf5340_audio/unicast_server/main.c:170:13:le_audio_msg_sub_thread	48	static
/Users/joaovitor/Documents/VSCode/Tiresias/nrf5340_audio/unicast_server/main.c:61:13:button_msg_sub_thread	32	static
/Users/joaovitor/Documents/VSCode/Tiresias/nrf5340_audio/unicast_server/main.c:467:9:stream_state_get	0	static
/Users/joaovitor/Documents/VSCode/Tiresias/nrf5340_audio/unicast_server/main.c:472:6:streamctrl_send	24	static
/Users/joaovitor/Documents/VSCode/Tiresias/nrf5340_audio/unicast_server/main.c:494:5:main	168	dynamic,bounded
