/opt/nordic/ncs/v2.6.0/zephyr/subsys/logging/log_mgmt.c:58:13:domain_id_cmp	0	static
/opt/nordic/ncs/v2.6.0/zephyr/subsys/logging/log_mgmt.c:63:13:source_id_cmp	0	static
/opt/nordic/ncs/v2.6.0/zephyr/subsys/logging/log_mgmt.c:332:18:get_dynamic_filter	0	static
/opt/nordic/ncs/v2.6.0/zephyr/subsys/logging/log_mgmt.c:375:17:max_filter_get	0	static
/opt/nordic/ncs/v2.6.0/zephyr/subsys/logging/log_mgmt.c:392:13:set_runtime_filter	24	static
/opt/nordic/ncs/v2.6.0/zephyr/subsys/logging/log_mgmt.c:84:31:get_link_domain	8	static
/opt/nordic/ncs/v2.6.0/zephyr/include/zephyr/logging/log_link.h:181:24:log_link_sources_count	8	static
/opt/nordic/ncs/v2.6.0/zephyr/subsys/logging/log_mgmt.c:109:17:get_source_offset	24	static
/opt/nordic/ncs/v2.6.0/zephyr/include/zephyr/logging/log_link.h:167:23:log_link_domains_count	8	static
/opt/nordic/ncs/v2.6.0/zephyr/include/zephyr/logging/log_link.h:262:19:log_link_set_runtime_level	8	static
/opt/nordic/ncs/v2.6.0/zephyr/include/zephyr/logging/log_backend.h:235:23:log_backend_id_get	8	static
/opt/nordic/ncs/v2.6.0/zephyr/include/zephyr/logging/log_backend.h:220:20:log_backend_id_set	8	static
/opt/nordic/ncs/v2.6.0/zephyr/include/zephyr/logging/log_backend.h:277:20:log_backend_activate	8	static
/opt/nordic/ncs/v2.6.0/zephyr/include/zephyr/logging/log_backend.h:304:20:log_backend_is_active	8	static
/opt/nordic/ncs/v2.6.0/zephyr/include/zephyr/logging/log_backend.h:290:20:log_backend_deactivate	8	static
/opt/nordic/ncs/v2.6.0/zephyr/include/zephyr/logging/log_link.h:123:19:log_link_initiate	8	static
/opt/nordic/ncs/v2.6.0/zephyr/subsys/logging/log_mgmt.c:154:13:cache_init	8	static
/opt/nordic/ncs/v2.6.0/zephyr/subsys/logging/log_mgmt.c:121:11:z_log_link_get_dynamic_filter	24	static
/opt/nordic/ncs/v2.6.0/zephyr/subsys/logging/log_mgmt.c:177:9:z_log_ext_domain_count	16	static
/opt/nordic/ncs/v2.6.0/zephyr/subsys/logging/log_mgmt.c:198:10:log_src_cnt_get	0	static
/opt/nordic/ncs/v2.6.0/zephyr/subsys/logging/log_mgmt.c:243:13:log_source_name_get	8	static
/opt/nordic/ncs/v2.6.0/zephyr/subsys/logging/log_mgmt.c:288:13:log_domain_name_get	0	static
/opt/nordic/ncs/v2.6.0/zephyr/subsys/logging/log_mgmt.c:309:9:log_compiled_level_get	8	static
/opt/nordic/ncs/v2.6.0/zephyr/subsys/logging/log_mgmt.c:322:5:z_log_link_set_runtime_level	24	static
/opt/nordic/ncs/v2.6.0/zephyr/subsys/logging/log_mgmt.c:341:6:z_log_runtime_filters_init	8	static
/opt/nordic/ncs/v2.6.0/zephyr/subsys/logging/log_mgmt.c:363:5:log_source_id_get	16	static
/opt/nordic/ncs/v2.6.0/zephyr/subsys/logging/log_mgmt.c:504:27:log_backend_get_by_name	16	static
/opt/nordic/ncs/v2.6.0/zephyr/subsys/logging/log_mgmt.c:541:10:log_filter_get	24	static
/opt/nordic/ncs/v2.6.0/zephyr/subsys/logging/log_mgmt.c:415:10:z_impl_log_filter_set	24	static
/Users/joaovitor/Documents/VSCode/Tiresias/nrf5340_audio/build/dev_gateway/build_debug/zephyr/include/generated/syscalls/log_ctrl.h:93:24:log_filter_set	8	static
/opt/nordic/ncs/v2.6.0/zephyr/subsys/logging/log_mgmt.c:483:13:backend_filter_set	16	static
/opt/nordic/ncs/v2.6.0/zephyr/subsys/logging/log_mgmt.c:515:6:log_backend_enable	16	static
/opt/nordic/ncs/v2.6.0/zephyr/subsys/logging/log_mgmt.c:532:6:log_backend_disable	8	static
/opt/nordic/ncs/v2.6.0/zephyr/subsys/logging/log_mgmt.c:558:6:z_log_links_initiate	8	static
