/opt/nordic/ncs/v2.6.0/modules/debug/segger/SEGGER/SEGGER_RTT.c:530:17:_GetAvailWriteSpace	0	static
/opt/nordic/ncs/v2.6.0/modules/debug/segger/SEGGER/SEGGER_RTT.c:440:13:_WriteNoCheck	32	static
/opt/nordic/ncs/v2.6.0/modules/debug/segger/SEGGER/SEGGER_RTT.c:378:17:_WriteBlocking	32	static
/opt/nordic/ncs/v2.6.0/modules/debug/segger/SEGGER/SEGGER_RTT.c:508:13:_PostTerminalSwitch	16	static
/opt/nordic/ncs/v2.6.0/modules/debug/segger/SEGGER/SEGGER_RTT.c:318:13:_DoInit	8	static
/opt/nordic/ncs/v2.6.0/modules/debug/segger/SEGGER/SEGGER_RTT.c:577:10:SEGGER_RTT_ReadUpBufferNoLock	32	static
/opt/nordic/ncs/v2.6.0/modules/debug/segger/SEGGER/SEGGER_RTT.c:669:10:SEGGER_RTT_ReadNoLock	32	static
/opt/nordic/ncs/v2.6.0/modules/debug/segger/SEGGER/SEGGER_RTT.c:766:10:SEGGER_RTT_ReadUpBuffer	8	static
/opt/nordic/ncs/v2.6.0/modules/debug/segger/SEGGER/SEGGER_RTT.c:798:10:SEGGER_RTT_Read	8	static
/opt/nordic/ncs/v2.6.0/modules/debug/segger/SEGGER/SEGGER_RTT.c:837:6:SEGGER_RTT_WriteWithOverwriteNoLock	32	static
/opt/nordic/ncs/v2.6.0/modules/debug/segger/SEGGER/SEGGER_RTT.c:1029:10:SEGGER_RTT_WriteDownBufferNoLock	24	static
/opt/nordic/ncs/v2.6.0/modules/debug/segger/SEGGER/SEGGER_RTT.c:1104:10:SEGGER_RTT_WriteNoLock	24	static
/opt/nordic/ncs/v2.6.0/modules/debug/segger/SEGGER/SEGGER_RTT.c:1180:10:SEGGER_RTT_WriteDownBuffer	24	static
/opt/nordic/ncs/v2.6.0/modules/debug/segger/SEGGER/SEGGER_RTT.c:1209:10:SEGGER_RTT_Write	24	static
/opt/nordic/ncs/v2.6.0/modules/debug/segger/SEGGER/SEGGER_RTT.c:1239:10:SEGGER_RTT_WriteString	16	static
/opt/nordic/ncs/v2.6.0/modules/debug/segger/SEGGER/SEGGER_RTT.c:1269:10:SEGGER_RTT_PutCharSkipNoLock	8	static
/opt/nordic/ncs/v2.6.0/modules/debug/segger/SEGGER/SEGGER_RTT.c:1319:10:SEGGER_RTT_PutCharSkip	16	static
/opt/nordic/ncs/v2.6.0/modules/debug/segger/SEGGER/SEGGER_RTT.c:1378:10:SEGGER_RTT_PutChar	16	static
/opt/nordic/ncs/v2.6.0/modules/debug/segger/SEGGER/SEGGER_RTT.c:1441:5:SEGGER_RTT_GetKey	16	static
/opt/nordic/ncs/v2.6.0/modules/debug/segger/SEGGER/SEGGER_RTT.c:1469:5:SEGGER_RTT_WaitKey	8	static
/opt/nordic/ncs/v2.6.0/modules/debug/segger/SEGGER/SEGGER_RTT.c:1492:5:SEGGER_RTT_HasKey	8	static
/opt/nordic/ncs/v2.6.0/modules/debug/segger/SEGGER/SEGGER_RTT.c:1520:10:SEGGER_RTT_HasData	0	static
/opt/nordic/ncs/v2.6.0/modules/debug/segger/SEGGER/SEGGER_RTT.c:1541:10:SEGGER_RTT_HasDataUp	0	static
/opt/nordic/ncs/v2.6.0/modules/debug/segger/SEGGER/SEGGER_RTT.c:1570:5:SEGGER_RTT_AllocDownBuffer	24	static
/opt/nordic/ncs/v2.6.0/modules/debug/segger/SEGGER/SEGGER_RTT.c:1619:5:SEGGER_RTT_AllocUpBuffer	24	static
/opt/nordic/ncs/v2.6.0/modules/debug/segger/SEGGER/SEGGER_RTT.c:1674:5:SEGGER_RTT_ConfigUpBuffer	24	static
/opt/nordic/ncs/v2.6.0/modules/debug/segger/SEGGER/SEGGER_RTT.c:1726:5:SEGGER_RTT_ConfigDownBuffer	24	static
/opt/nordic/ncs/v2.6.0/modules/debug/segger/SEGGER/SEGGER_RTT.c:1769:5:SEGGER_RTT_SetNameUpBuffer	16	static
/opt/nordic/ncs/v2.6.0/modules/debug/segger/SEGGER/SEGGER_RTT.c:1804:5:SEGGER_RTT_SetNameDownBuffer	16	static
/opt/nordic/ncs/v2.6.0/modules/debug/segger/SEGGER/SEGGER_RTT.c:1840:5:SEGGER_RTT_SetFlagsUpBuffer	16	static
/opt/nordic/ncs/v2.6.0/modules/debug/segger/SEGGER/SEGGER_RTT.c:1876:5:SEGGER_RTT_SetFlagsDownBuffer	16	static
/opt/nordic/ncs/v2.6.0/modules/debug/segger/SEGGER/SEGGER_RTT.c:1904:6:SEGGER_RTT_Init	8	static
/opt/nordic/ncs/v2.6.0/modules/debug/segger/SEGGER/SEGGER_RTT.c:1925:5:SEGGER_RTT_SetTerminal	24	static
/opt/nordic/ncs/v2.6.0/modules/debug/segger/SEGGER/SEGGER_RTT.c:1974:5:SEGGER_RTT_TerminalOut	32	static
/opt/nordic/ncs/v2.6.0/modules/debug/segger/SEGGER/SEGGER_RTT.c:2062:10:SEGGER_RTT_GetAvailWriteSpace	8	static
/opt/nordic/ncs/v2.6.0/modules/debug/segger/SEGGER/SEGGER_RTT.c:2083:10:SEGGER_RTT_GetBytesInBuffer	0	static
