/opt/nordic/ncs/v2.6.0/modules/hal/nordic/nrfx/mdk/nrf53_erratas.h:6041:13:nrf53_errata_161	0	static
/opt/nordic/ncs/v2.6.0/zephyr/boards/arm/nrf5340_audio_dk_nrf5340/nrf5340_audio_dk_cpunet_reset.c:23:12:core_config	0	static
/opt/nordic/ncs/v2.6.0/zephyr/boards/arm/nrf5340_audio_dk_nrf5340/nrf5340_audio_dk_cpunet_reset.c:37:13:remoteproc_mgr_config	0	static
/opt/nordic/ncs/v2.6.0/modules/hal/nordic/nrfx/hal/nrf_reset.h:242:24:nrf_reset_network_force_off	24	static
/opt/nordic/ncs/v2.6.0/zephyr/boards/arm/nrf5340_audio_dk_nrf5340/nrf5340_audio_dk_cpunet_reset.c:52:12:remoteproc_mgr_boot	8	static
