/opt/nordic/ncs/v2.6.0-rc2/zephyr/kernel/fatal.c:62:20:reason_to_str	0	static
/opt/nordic/ncs/v2.6.0-rc2/zephyr/kernel/fatal.c:51:20:thread_name_get	8	static
/opt/nordic/ncs/v2.6.0-rc2/zephyr/include/zephyr/debug/coredump.h:232:6:coredump	0	static
/opt/nordic/ncs/v2.6.0-rc2/zephyr/include/zephyr/debug/coredump.h:240:6:coredump_memory_dump	0	static
/opt/nordic/ncs/v2.6.0-rc2/zephyr/include/zephyr/debug/coredump.h:246:6:coredump_buffer_output	0	static
/opt/nordic/ncs/v2.6.0-rc2/zephyr/include/zephyr/debug/coredump.h:252:5:coredump_query	0	static
/opt/nordic/ncs/v2.6.0-rc2/zephyr/include/zephyr/debug/coredump.h:259:5:coredump_cmd	0	static
/opt/nordic/ncs/v2.6.0-rc2/zephyr/kernel/fatal.c:23:27:arch_system_halt	0	static
/opt/nordic/ncs/v2.6.0-rc2/zephyr/kernel/fatal.c:39:13:k_sys_fatal_error_handler	8	static
/opt/nordic/ncs/v2.6.0-rc2/zephyr/kernel/fatal.c:81:20:k_fatal_halt	8	static
/opt/nordic/ncs/v2.6.0-rc2/zephyr/kernel/fatal.c:87:6:z_fatal_error	120	dynamic,bounded
