/opt/nordic/ncs/v2.6.0-rc2/zephyr/kernel/poll.c:107:25:poller_thread	0	static
/opt/nordic/ncs/v2.6.0-rc2/zephyr/kernel/poll.c:63:20:is_condition_met	16	static
/opt/nordic/ncs/v2.6.0-rc2/zephyr/kernel/poll.c:175:20:clear_event_registration	8	static
/opt/nordic/ncs/v2.6.0-rc2/zephyr/kernel/poll.c:112:20:add_event	24	static
/opt/nordic/ncs/v2.6.0-rc2/zephyr/kernel/poll.c:137:20:register_event	16	static
/opt/nordic/ncs/v2.6.0-rc2/zephyr/kernel/poll.c:217:20:clear_event_registrations	16	static
/opt/nordic/ncs/v2.6.0-rc2/zephyr/kernel/poll.c:570:13:triggered_work_handler	24	static
/opt/nordic/ncs/v2.6.0-rc2/zephyr/kernel/poll.c:234:19:register_events	48	static
/opt/nordic/ncs/v2.6.0-rc2/zephyr/kernel/poll.c:265:12:signal_poller	16	static
/opt/nordic/ncs/v2.6.0-rc2/zephyr/kernel/poll.c:623:12:triggered_work_cancel	16	static
/opt/nordic/ncs/v2.6.0-rc2/zephyr/kernel/poll.c:606:12:signal_triggered_work	16	static
/opt/nordic/ncs/v2.6.0-rc2/zephyr/kernel/poll.c:441:12:signal_poll_event	16	static
/opt/nordic/ncs/v2.6.0-rc2/zephyr/kernel/poll.c:593:13:triggered_work_expiration_handler	8	static
/opt/nordic/ncs/v2.6.0-rc2/zephyr/kernel/poll.c:43:6:k_poll_event_init	8	static
/opt/nordic/ncs/v2.6.0-rc2/zephyr/kernel/poll.c:288:5:z_impl_k_poll	40	static
/opt/nordic/ncs/v2.6.0-rc2/zephyr/kernel/poll.c:467:6:z_handle_obj_poll_events	16	static
/opt/nordic/ncs/v2.6.0-rc2/zephyr/kernel/poll.c:480:6:z_impl_k_poll_signal_init	0	static
/opt/nordic/ncs/v2.6.0-rc2/zephyr/kernel/poll.c:499:6:z_impl_k_poll_signal_reset	0	static
/opt/nordic/ncs/v2.6.0-rc2/zephyr/kernel/poll.c:506:6:z_impl_k_poll_signal_check	0	static
/opt/nordic/ncs/v2.6.0-rc2/zephyr/kernel/poll.c:527:5:z_impl_k_poll_signal_raise	24	static
/opt/nordic/ncs/v2.6.0-rc2/zephyr/kernel/poll.c:653:6:k_work_poll_init	16	static
/opt/nordic/ncs/v2.6.0-rc2/zephyr/kernel/poll.c:666:5:k_work_poll_submit_to_queue	48	static
/opt/nordic/ncs/v2.6.0-rc2/zephyr/kernel/poll.c:779:5:k_work_poll_submit	16	static
/opt/nordic/ncs/v2.6.0-rc2/zephyr/kernel/poll.c:794:5:k_work_poll_cancel	24	static
