/opt/nordic/ncs/v2.6.0-rc2/zephyr/include/zephyr/sys/slist.h:365:1:sys_slist_insert	0	static
/opt/nordic/ncs/v2.6.0-rc2/zephyr/include/zephyr/sys/slist.h:408:1:sys_slist_remove	0	static
/opt/nordic/ncs/v2.6.0-rc2/zephyr/include/zephyr/sys/slist.h:435:1:sys_slist_find_and_remove	8	static
/opt/nordic/ncs/v2.6.0-rc2/zephyr/kernel/work.c:202:20:queue_remove_locked	8	static
/opt/nordic/ncs/v2.6.0-rc2/zephyr/kernel/work.c:492:12:cancel_async_locked	8	static
/opt/nordic/ncs/v2.6.0-rc2/zephyr/kernel/work.c:221:20:notify_queue_locked	8	static
/opt/nordic/ncs/v2.6.0-rc2/zephyr/kernel/work.c:251:19:queue_submit_locked	16	static
/opt/nordic/ncs/v2.6.0-rc2/zephyr/kernel/work.c:311:12:submit_to_queue_locked	16	static
/opt/nordic/ncs/v2.6.0-rc2/zephyr/kernel/work.c:810:13:work_timeout	24	static
/opt/nordic/ncs/v2.6.0-rc2/zephyr/kernel/include/ksched.h:75:20:z_reschedule_unlocked	8	static
/opt/nordic/ncs/v2.6.0-rc2/zephyr/kernel/work.c:66:13:handle_flush	8	static
/opt/nordic/ncs/v2.6.0-rc2/zephyr/kernel/work.c:109:13:finalize_cancel_locked	24	static
/opt/nordic/ncs/v2.6.0-rc2/zephyr/kernel/work.c:91:20:init_work_cancel	16	static
/opt/nordic/ncs/v2.6.0-rc2/zephyr/kernel/work.c:528:13:cancel_sync_locked	8	static
/opt/nordic/ncs/v2.6.0-rc2/zephyr/kernel/work.c:600:13:work_queue_main	40	static
/opt/nordic/ncs/v2.6.0-rc2/zephyr/kernel/work.c:887:12:schedule_for_queue_locked	8	static
/opt/nordic/ncs/v2.6.0-rc2/zephyr/kernel/work.c:919:20:unschedule_locked	8	static
/opt/nordic/ncs/v2.6.0-rc2/zephyr/kernel/work.c:947:12:cancel_delayable_async_locked	8	static
/opt/nordic/ncs/v2.6.0-rc2/zephyr/kernel/work.c:134:6:k_work_init	8	static
/opt/nordic/ncs/v2.6.0-rc2/zephyr/kernel/work.c:74:20:init_flusher	8	static
/opt/nordic/ncs/v2.6.0-rc2/zephyr/kernel/work.c:171:13:queue_flusher_locked	24	static
/opt/nordic/ncs/v2.6.0-rc2/zephyr/kernel/work.c:431:13:work_flush_locked	16	static
/opt/nordic/ncs/v2.6.0-rc2/zephyr/kernel/work.c:150:5:k_work_busy_get	16	static
/opt/nordic/ncs/v2.6.0-rc2/zephyr/kernel/work.c:369:5:z_work_submit_to_queue	24	static
/opt/nordic/ncs/v2.6.0-rc2/zephyr/kernel/work.c:384:5:k_work_submit_to_queue	8	static
/opt/nordic/ncs/v2.6.0-rc2/zephyr/kernel/work.c:405:5:k_work_submit	8	static
/opt/nordic/ncs/v2.6.0-rc2/zephyr/kernel/work.c:449:6:k_work_flush	24	static
/opt/nordic/ncs/v2.6.0-rc2/zephyr/kernel/work.c:544:5:k_work_cancel	16	static
/opt/nordic/ncs/v2.6.0-rc2/zephyr/kernel/work.c:561:6:k_work_cancel_sync	24	static
/opt/nordic/ncs/v2.6.0-rc2/zephyr/kernel/work.c:699:6:k_work_queue_init	8	static
/opt/nordic/ncs/v2.6.0-rc2/zephyr/kernel/work.c:710:6:k_work_queue_start	48	static
/opt/nordic/ncs/v2.6.0-rc2/zephyr/kernel/work.c:750:5:k_work_queue_drain	40	static
/opt/nordic/ncs/v2.6.0-rc2/zephyr/kernel/work.c:782:5:k_work_queue_unplug	16	static
/opt/nordic/ncs/v2.6.0-rc2/zephyr/kernel/work.c:833:6:k_work_init_delayable	16	static
/opt/nordic/ncs/v2.6.0-rc2/zephyr/kernel/work.c:855:5:k_work_delayable_busy_get	16	static
/opt/nordic/ncs/v2.6.0-rc2/zephyr/kernel/work.c:954:5:k_work_schedule_for_queue	32	static
/opt/nordic/ncs/v2.6.0-rc2/zephyr/kernel/work.c:978:5:k_work_schedule	8	static
/opt/nordic/ncs/v2.6.0-rc2/zephyr/kernel/work.c:990:5:k_work_reschedule_for_queue	32	static
/opt/nordic/ncs/v2.6.0-rc2/zephyr/kernel/work.c:1014:5:k_work_reschedule	8	static
/opt/nordic/ncs/v2.6.0-rc2/zephyr/kernel/work.c:1026:5:k_work_cancel_delayable	16	static
/opt/nordic/ncs/v2.6.0-rc2/zephyr/kernel/work.c:1042:6:k_work_cancel_delayable_sync	24	static
/opt/nordic/ncs/v2.6.0-rc2/zephyr/kernel/work.c:1074:6:k_work_flush_delayable	32	static
