/opt/nordic/ncs/v2.6.0/zephyr/include/zephyr/sys/slist.h:365:1:sys_slist_insert	0	static
/opt/nordic/ncs/v2.6.0/zephyr/include/zephyr/sys/slist.h:408:1:sys_slist_remove	0	static
/opt/nordic/ncs/v2.6.0/zephyr/include/zephyr/sys/slist.h:435:1:sys_slist_find_and_remove	8	static
/opt/nordic/ncs/v2.6.0/zephyr/include/zephyr/sys/byteorder.h:639:20:sys_mem_swap	4	static
/opt/nordic/ncs/v2.6.0/zephyr/subsys/bluetooth/host/gatt.c:409:13:update_range	4	static
/opt/nordic/ncs/v2.6.0/zephyr/subsys/bluetooth/host/gatt.c:632:13:cf_set_value	8	static
/opt/nordic/ncs/v2.6.0/zephyr/subsys/bluetooth/host/gatt.c:1153:16:found_attr	0	static
/opt/nordic/ncs/v2.6.0/zephyr/subsys/bluetooth/host/gatt.c:1172:13:gatt_insert	8	static
/opt/nordic/ncs/v2.6.0/zephyr/subsys/bluetooth/host/gatt.c:2029:16:find_next	0	static
/opt/nordic/ncs/v2.6.0/zephyr/subsys/bluetooth/host/gatt.c:2088:13:gatt_ccc_changed	8	static
/opt/nordic/ncs/v2.6.0/zephyr/subsys/bluetooth/host/gatt.c:2472:13:gatt_indicate_rsp	8	static
/opt/nordic/ncs/v2.6.0/zephyr/subsys/bluetooth/host/gatt.c:2742:16:match_uuid	0	static
/opt/nordic/ncs/v2.6.0/zephyr/subsys/bluetooth/host/gatt.c:3408:13:gatt_sub_is_empty	0	static
/opt/nordic/ncs/v2.6.0/zephyr/subsys/bluetooth/host/gatt.c:3502:13:check_subscribe_security_level	0	static
/opt/nordic/ncs/v2.6.0/zephyr/subsys/bluetooth/host/gatt.c:3627:13:gatt_mtu_rsp	8	static
/opt/nordic/ncs/v2.6.0/zephyr/subsys/bluetooth/host/gatt.c:4069:17:parse_read_std_char_desc	64	static
/opt/nordic/ncs/v2.6.0/zephyr/subsys/bluetooth/host/gatt.c:4694:13:gatt_read_mult_rsp	24	static
/opt/nordic/ncs/v2.6.0/zephyr/subsys/bluetooth/host/gatt.c:4861:13:gatt_write_rsp	8	static
/opt/nordic/ncs/v2.6.0/zephyr/subsys/bluetooth/host/gatt.c:5633:12:ccc_set_cb	0	static
/opt/nordic/ncs/v2.6.0/zephyr/subsys/bluetooth/host/gatt.c:736:16:gen_hash_m	56	static
/opt/nordic/ncs/v2.6.0/zephyr/subsys/bluetooth/host/gatt.c:5821:28:find_cf_cfg_by_addr	16	static
/opt/nordic/ncs/v2.6.0/zephyr/subsys/bluetooth/host/gatt.c:1338:24:gatt_delayed_store_find	24	static
/opt/nordic/ncs/v2.6.0/zephyr/subsys/bluetooth/host/gatt.c:320:28:find_sc_cfg	16	static
/opt/nordic/ncs/v2.6.0/zephyr/subsys/bluetooth/host/gatt.c:3471:25:gatt_sub_find_by_addr	24	static
/opt/nordic/ncs/v2.6.0/zephyr/subsys/bluetooth/host/gatt.c:5468:32:ccc_find_cfg	24	static
/opt/nordic/ncs/v2.6.0/zephyr/subsys/bluetooth/host/gatt.c:5846:16:ccc_save	16	static
/opt/nordic/ncs/v2.6.0/zephyr/subsys/bluetooth/host/gatt.c:6182:25:find_gatt_sub	24	static
/opt/nordic/ncs/v2.6.0/zephyr/include/zephyr/sys/atomic.h:176:20:atomic_test_and_set_bit	0	static
/opt/nordic/ncs/v2.6.0/zephyr/subsys/bluetooth/host/gatt.c:1446:13:bt_gatt_service_init	8	static
/opt/nordic/ncs/v2.6.0/zephyr/include/zephyr/sys/atomic.h:217:20:atomic_set_bit	0	static
/opt/nordic/ncs/v2.6.0/zephyr/include/zephyr/sys/atomic.h:152:20:atomic_test_and_clear_bit	4	static
/opt/nordic/ncs/v2.6.0/zephyr/subsys/bluetooth/host/gatt.c:546:13:set_change_aware_no_store	8	static
/opt/nordic/ncs/v2.6.0/zephyr/subsys/bluetooth/host/gatt.c:4212:17:parse_service	88	static
/opt/nordic/ncs/v2.6.0/zephyr/subsys/bluetooth/host/gatt.c:6091:12:db_hash_set	8	static
/opt/nordic/ncs/v2.6.0/zephyr/subsys/bluetooth/host/gatt.c:811:13:db_hash_store	8	static
/opt/nordic/ncs/v2.6.0/zephyr/subsys/bluetooth/host/gatt.c:598:28:find_cf_cfg	16	static
/opt/nordic/ncs/v2.6.0/zephyr/subsys/bluetooth/host/gatt.c:2049:32:find_ccc_cfg	24	static
/opt/nordic/ncs/v2.6.0/zephyr/subsys/bluetooth/host/gatt.c:3438:25:gatt_sub_find	16	static
/opt/nordic/ncs/v2.6.0/zephyr/include/zephyr/sys/atomic.h:131:20:atomic_test_bit	0	static
/opt/nordic/ncs/v2.6.0/zephyr/subsys/bluetooth/host/gatt.c:1006:12:bt_gatt_store_cf	24	static
/opt/nordic/ncs/v2.6.0/zephyr/subsys/bluetooth/host/gatt.c:576:13:set_all_change_unaware	16	static
/opt/nordic/ncs/v2.6.0/zephyr/include/zephyr/bluetooth/addr.h:137:20:bt_addr_le_copy	0	static
/opt/nordic/ncs/v2.6.0/zephyr/subsys/bluetooth/host/gatt.c:1366:24:gatt_delayed_store_alloc	24	static
/opt/nordic/ncs/v2.6.0/zephyr/subsys/bluetooth/host/gatt.c:1061:16:convert_to_id_on_match	24	static
/opt/nordic/ncs/v2.6.0/zephyr/subsys/bluetooth/host/gatt.c:1315:13:clear_ccc_cfg	8	static
/opt/nordic/ncs/v2.6.0/zephyr/subsys/bluetooth/host/gatt.c:5493:13:ccc_clear	8	static
/opt/nordic/ncs/v2.6.0/zephyr/subsys/bluetooth/host/gatt.c:3455:25:gatt_sub_add	16	static
/opt/nordic/ncs/v2.6.0/zephyr/subsys/bluetooth/host/gatt.c:3415:13:gatt_sub_free	8	static
/opt/nordic/ncs/v2.6.0/zephyr/subsys/bluetooth/host/gatt.c:3421:13:gatt_sub_remove	24	static
/opt/nordic/ncs/v2.6.0/zephyr/subsys/bluetooth/host/gatt.c:5107:13:gatt_write_ccc_rsp	24	static
/opt/nordic/ncs/v2.6.0/zephyr/subsys/bluetooth/host/gatt.c:6196:13:bt_gatt_clear_subscriptions	16	static
/opt/nordic/ncs/v2.6.0/zephyr/subsys/bluetooth/host/gatt.c:3485:25:gatt_sub_add_by_addr	16	static
/opt/nordic/ncs/v2.6.0/zephyr/subsys/bluetooth/host/gatt.c:5508:16:ccc_load	24	static
/opt/nordic/ncs/v2.6.0/zephyr/subsys/bluetooth/host/gatt.c:3589:13:gatt_sub_update	8	static
/opt/nordic/ncs/v2.6.0/zephyr/subsys/bluetooth/host/gatt.c:3599:13:remove_subscriptions	32	static
/opt/nordic/ncs/v2.6.0/zephyr/subsys/bluetooth/host/gatt.c:1389:13:gatt_delayed_store_enqueue	24	static
/opt/nordic/ncs/v2.6.0/zephyr/subsys/bluetooth/host/gatt.c:561:13:set_change_aware	8	static
/opt/nordic/ncs/v2.6.0/zephyr/subsys/bluetooth/host/gatt.c:659:16:cf_write	24	static
/opt/nordic/ncs/v2.6.0/zephyr/subsys/bluetooth/host/gatt.c:2110:9:bt_gatt_attr_write_ccc	32	static
/opt/nordic/ncs/v2.6.0/zephyr/subsys/bluetooth/host/gatt.c:1516:13:sc_indicate	8	static
/opt/nordic/ncs/v2.6.0/zephyr/subsys/bluetooth/host/gatt.c:5986:12:sc_commit	8	static
/opt/nordic/ncs/v2.6.0/zephyr/subsys/bluetooth/host/gatt.c:334:13:sc_store	8	static
/opt/nordic/ncs/v2.6.0/zephyr/subsys/bluetooth/host/gatt.c:432:13:sc_save	24	static
/opt/nordic/ncs/v2.6.0/zephyr/subsys/bluetooth/host/gatt.c:348:13:clear_sc_cfg	0	static
/opt/nordic/ncs/v2.6.0/zephyr/subsys/bluetooth/host/gatt.c:353:12:bt_gatt_clear_sc	8	static
/opt/nordic/ncs/v2.6.0/zephyr/subsys/bluetooth/host/gatt.c:379:13:sc_clear	16	static
/opt/nordic/ncs/v2.6.0/zephyr/subsys/bluetooth/host/gatt.c:469:16:sc_ccc_cfg_write	8	static
/opt/nordic/ncs/v2.6.0/zephyr/subsys/bluetooth/host/gatt.c:398:13:sc_reset	8	static
/opt/nordic/ncs/v2.6.0/zephyr/subsys/bluetooth/host/gatt.c:6124:16:remove_peer_from_attr	8	static
/opt/nordic/ncs/v2.6.0/zephyr/subsys/bluetooth/host/gatt.c:1356:13:gatt_delayed_store_free	0	static
/opt/nordic/ncs/v2.6.0/zephyr/subsys/bluetooth/host/gatt.c:527:13:clear_cf_cfg	8	static
/opt/nordic/ncs/v2.6.0/zephyr/subsys/bluetooth/host/gatt.c:965:13:remove_cf_cfg	16	static
/opt/nordic/ncs/v2.6.0/zephyr/subsys/bluetooth/host/gatt.c:1246:13:sc_indicate_rsp	8	static
/opt/nordic/ncs/v2.6.0/zephyr/subsys/bluetooth/host/gatt.c:3134:13:sc_restore_rsp	16	static
/opt/nordic/ncs/v2.6.0/zephyr/subsys/bluetooth/host/gatt.c:1780:16:get_service_handles	24	static
/opt/nordic/ncs/v2.6.0/zephyr/subsys/bluetooth/host/gatt.c:1913:16:gatt_foreach_iter	16	static
/opt/nordic/ncs/v2.6.0/zephyr/subsys/bluetooth/host/gatt.c:1953:13:foreach_attr_type_dyndb	64	static
/opt/nordic/ncs/v2.6.0/zephyr/subsys/bluetooth/host/gatt.c:3988:17:parse_characteristic	88	static
/opt/nordic/ncs/v2.6.0/zephyr/subsys/bluetooth/host/gatt.c:1549:13:db_changed	16	static
/opt/nordic/ncs/v2.6.0/zephyr/subsys/bluetooth/host/gatt.c:3274:16:disconnected_cb	40	static
/opt/nordic/ncs/v2.6.0/zephyr/subsys/bluetooth/host/gatt.c:2487:27:gatt_req_alloc	24	static
/opt/nordic/ncs/v2.6.0/zephyr/subsys/bluetooth/host/gatt.c:2512:12:gatt_req_send	40	static
/opt/nordic/ncs/v2.6.0/zephyr/subsys/bluetooth/host/gatt.c:3799:12:gatt_find_type	24	static
/opt/nordic/ncs/v2.6.0/zephyr/subsys/bluetooth/host/gatt.c:4338:12:gatt_read_group	24	static
/opt/nordic/ncs/v2.6.0/zephyr/subsys/bluetooth/host/gatt.c:4202:12:gatt_read_type	24	static
/opt/nordic/ncs/v2.6.0/zephyr/subsys/bluetooth/host/gatt.c:3885:12:read_included_uuid	24	static
/opt/nordic/ncs/v2.6.0/zephyr/subsys/bluetooth/host/gatt.c:3895:17:parse_include	88	static
/opt/nordic/ncs/v2.6.0/zephyr/subsys/bluetooth/host/gatt.c:4478:12:gatt_find_info	24	static
/opt/nordic/ncs/v2.6.0/zephyr/subsys/bluetooth/host/gatt.c:4681:12:gatt_read_uuid	24	static
/opt/nordic/ncs/v2.6.0/zephyr/subsys/bluetooth/host/gatt.c:4798:12:gatt_read_mult_vl	24	static
/opt/nordic/ncs/v2.6.0/zephyr/subsys/bluetooth/host/gatt.c:4725:12:gatt_read_mult	24	static
/opt/nordic/ncs/v2.6.0/zephyr/subsys/bluetooth/host/gatt.c:4651:12:gatt_read_blob	24	static
/opt/nordic/ncs/v2.6.0/zephyr/subsys/bluetooth/host/gatt.c:4953:12:gatt_cancel_all_writes	24	static
/opt/nordic/ncs/v2.6.0/zephyr/subsys/bluetooth/host/gatt.c:4932:12:gatt_exec_write	24	static
/opt/nordic/ncs/v2.6.0/zephyr/subsys/bluetooth/host/gatt.c:5165:12:gatt_write_ccc	24	static
/opt/nordic/ncs/v2.6.0/zephyr/subsys/bluetooth/host/gatt.c:3635:12:gatt_exchange_mtu_encode	8	static
/opt/nordic/ncs/v2.6.0/zephyr/subsys/bluetooth/host/gatt.c:3873:12:read_included_uuid_encode	8	static
/opt/nordic/ncs/v2.6.0/zephyr/subsys/bluetooth/host/gatt.c:4465:12:gatt_find_info_encode	8	static
/opt/nordic/ncs/v2.6.0/zephyr/subsys/bluetooth/host/gatt.c:4818:12:gatt_read_encode	8	static
/opt/nordic/ncs/v2.6.0/zephyr/subsys/bluetooth/host/gatt.c:4638:12:gatt_read_blob_encode	8	static
/opt/nordic/ncs/v2.6.0/zephyr/subsys/bluetooth/host/gatt.c:4943:12:gatt_cancel_encode	8	static
/opt/nordic/ncs/v2.6.0/zephyr/subsys/bluetooth/host/gatt.c:4922:12:gatt_exec_encode	8	static
/opt/nordic/ncs/v2.6.0/zephyr/subsys/bluetooth/host/gatt.c:5047:12:gatt_prepare_write	32	static
/opt/nordic/ncs/v2.6.0/zephyr/subsys/bluetooth/host/gatt.c:4745:13:gatt_read_mult_vl_rsp	48	static
/opt/nordic/ncs/v2.6.0/zephyr/subsys/bluetooth/host/gatt.c:4319:12:gatt_read_group_encode	16	static
/opt/nordic/ncs/v2.6.0/zephyr/subsys/bluetooth/host/gatt.c:4176:12:gatt_read_type_encode	16	static
/opt/nordic/ncs/v2.6.0/zephyr/subsys/bluetooth/host/gatt.c:4785:12:gatt_read_mult_vl_encode	16	static
/opt/nordic/ncs/v2.6.0/zephyr/subsys/bluetooth/host/gatt.c:4712:12:gatt_read_mult_encode	16	static
/opt/nordic/ncs/v2.6.0/zephyr/subsys/bluetooth/host/gatt.c:5151:12:gatt_write_ccc_buf	16	static
/opt/nordic/ncs/v2.6.0/zephyr/subsys/bluetooth/host/gatt.c:3765:12:gatt_find_type_encode	16	static
/opt/nordic/ncs/v2.6.0/zephyr/subsys/bluetooth/host/gatt.c:4662:12:gatt_read_uuid_encode	16	static
/opt/nordic/ncs/v2.6.0/zephyr/subsys/bluetooth/host/gatt.c:5064:12:gatt_write_encode	32	static
/opt/nordic/ncs/v2.6.0/zephyr/subsys/bluetooth/host/gatt.c:5026:12:gatt_prepare_write_encode	32	static
/opt/nordic/ncs/v2.6.0/zephyr/subsys/bluetooth/host/gatt.c:5917:12:sc_set	88	dynamic,bounded
/opt/nordic/ncs/v2.6.0/zephyr/subsys/bluetooth/host/gatt.c:6003:12:cf_set	88	dynamic,bounded
/opt/nordic/ncs/v2.6.0/zephyr/subsys/bluetooth/host/gatt.c:6164:12:bt_gatt_clear_cf	16	static
/opt/nordic/ncs/v2.6.0/zephyr/subsys/bluetooth/host/gatt.c:1457:6:bt_gatt_init	8	static
/opt/nordic/ncs/v2.6.0/zephyr/subsys/bluetooth/host/gatt.c:1543:6:bt_gatt_cb_register	0	static
/opt/nordic/ncs/v2.6.0/zephyr/subsys/bluetooth/host/gatt.c:1719:6:bt_gatt_service_is_registered	8	static
/opt/nordic/ncs/v2.6.0/zephyr/subsys/bluetooth/host/gatt.c:1738:9:bt_gatt_attr_read	8	static
/opt/nordic/ncs/v2.6.0/zephyr/subsys/bluetooth/host/gatt.c:132:16:read_appearance	48	static
/opt/nordic/ncs/v2.6.0/zephyr/subsys/bluetooth/host/gatt.c:98:16:read_name	40	static
/opt/nordic/ncs/v2.6.0/zephyr/subsys/bluetooth/host/gatt.c:617:16:cf_read	48	static
/opt/nordic/ncs/v2.6.0/zephyr/subsys/bluetooth/host/gatt.c:1757:9:bt_gatt_attr_read_service	40	static
/opt/nordic/ncs/v2.6.0/zephyr/subsys/bluetooth/host/gatt.c:2068:9:bt_gatt_attr_read_ccc	48	static
/opt/nordic/ncs/v2.6.0/zephyr/subsys/bluetooth/host/gatt.c:1796:10:bt_gatt_attr_get_handle	16	static
/opt/nordic/ncs/v2.6.0/zephyr/subsys/bluetooth/host/gatt.c:1865:10:bt_gatt_attr_value_handle	16	static
/opt/nordic/ncs/v2.6.0/zephyr/subsys/bluetooth/host/gatt.c:1882:9:bt_gatt_attr_read_chrc	64	static
/opt/nordic/ncs/v2.6.0/zephyr/subsys/bluetooth/host/gatt.c:1990:6:bt_gatt_foreach_attr_type	72	static
/opt/nordic/ncs/v2.6.0/zephyr/subsys/bluetooth/host/gatt.c:825:13:db_hash_gen	312	static
/opt/nordic/ncs/v2.6.0/zephyr/subsys/bluetooth/host/gatt.c:930:16:db_hash_read	40	static
/opt/nordic/ncs/v2.6.0/zephyr/subsys/bluetooth/host/gatt.c:859:13:do_db_hash	8	static
/opt/nordic/ncs/v2.6.0/zephyr/subsys/bluetooth/host/gatt.c:925:13:db_hash_process	8	static
/opt/nordic/ncs/v2.6.0/zephyr/subsys/bluetooth/host/gatt.c:6107:12:db_hash_commit	8	static
/opt/nordic/ncs/v2.6.0/zephyr/subsys/bluetooth/host/gatt.c:1163:35:find_attr	32	static
/opt/nordic/ncs/v2.6.0/zephyr/subsys/bluetooth/host/gatt.c:1196:12:gatt_register	24	static
/opt/nordic/ncs/v2.6.0/zephyr/subsys/bluetooth/host/gatt.c:1641:5:bt_gatt_service_register	24	static
/opt/nordic/ncs/v2.6.0/zephyr/subsys/bluetooth/host/gatt.c:1826:9:bt_gatt_attr_read_included	56	static
/opt/nordic/ncs/v2.6.0/zephyr/subsys/bluetooth/host/gatt.c:5567:12:ccc_set	304	dynamic,bounded
/opt/nordic/ncs/v2.6.0/zephyr/subsys/bluetooth/host/gatt.c:5646:12:ccc_set_direct	24	static
/opt/nordic/ncs/v2.6.0/zephyr/subsys/bluetooth/host/gatt.c:6147:12:bt_gatt_clear_ccc	40	static
/opt/nordic/ncs/v2.6.0/zephyr/subsys/bluetooth/host/gatt.c:2753:13:gatt_find_by_uuid	24	static
/opt/nordic/ncs/v2.6.0/zephyr/subsys/bluetooth/host/gatt.c:2039:22:bt_gatt_attr_next	32	static
/opt/nordic/ncs/v2.6.0/zephyr/subsys/bluetooth/host/gatt.c:2192:9:bt_gatt_attr_read_cep	32	static
/opt/nordic/ncs/v2.6.0/zephyr/subsys/bluetooth/host/gatt.c:2203:9:bt_gatt_attr_read_cud	40	static
/opt/nordic/ncs/v2.6.0/zephyr/subsys/bluetooth/host/gatt.c:2221:9:bt_gatt_attr_read_cpf	32	static
/opt/nordic/ncs/v2.6.0/zephyr/subsys/bluetooth/host/gatt.c:2764:22:bt_gatt_find_by_uuid	40	static
/opt/nordic/ncs/v2.6.0/zephyr/subsys/bluetooth/host/gatt.c:3063:10:bt_gatt_get_mtu	8	static
/opt/nordic/ncs/v2.6.0/zephyr/subsys/bluetooth/host/gatt.c:3068:9:bt_gatt_check_perm	16	static
/opt/nordic/ncs/v2.6.0/zephyr/subsys/bluetooth/host/gatt.c:3345:6:bt_gatt_is_subscribed	56	static
/opt/nordic/ncs/v2.6.0/zephyr/subsys/bluetooth/host/gatt.c:2556:12:gatt_indicate	40	static
/opt/nordic/ncs/v2.6.0/zephyr/subsys/bluetooth/host/gatt.c:3004:5:bt_gatt_indicate	64	static
/opt/nordic/ncs/v2.6.0/zephyr/subsys/bluetooth/host/gatt.c:1280:13:sc_process	24	static
/opt/nordic/ncs/v2.6.0/zephyr/subsys/bluetooth/host/gatt.c:3172:13:sc_restore	16	static
/opt/nordic/ncs/v2.6.0/zephyr/subsys/bluetooth/host/gatt.c:3210:16:update_ccc	80	dynamic,bounded
/opt/nordic/ncs/v2.6.0/zephyr/subsys/bluetooth/host/gatt.c:2406:12:gatt_notify	32	static
/opt/nordic/ncs/v2.6.0/zephyr/subsys/bluetooth/host/gatt.c:2779:5:bt_gatt_notify_cb	64	static
/opt/nordic/ncs/v2.6.0/zephyr/subsys/bluetooth/host/gatt.c:2635:16:notify_cb	32	static
/opt/nordic/ncs/v2.6.0/zephyr/subsys/bluetooth/host/gatt.c:3651:5:bt_gatt_exchange_mtu	32	static
/opt/nordic/ncs/v2.6.0/zephyr/subsys/bluetooth/host/gatt.c:4489:5:bt_gatt_discover	48	static
/opt/nordic/ncs/v2.6.0/zephyr/subsys/bluetooth/host/gatt.c:3679:13:gatt_discover_next	16	static
/opt/nordic/ncs/v2.6.0/zephyr/subsys/bluetooth/host/gatt.c:3709:13:gatt_find_type_rsp	64	static
/opt/nordic/ncs/v2.6.0/zephyr/subsys/bluetooth/host/gatt.c:4297:13:gatt_read_group_rsp	16	static
/opt/nordic/ncs/v2.6.0/zephyr/subsys/bluetooth/host/gatt.c:4147:13:gatt_read_type_rsp	16	static
/opt/nordic/ncs/v2.6.0/zephyr/subsys/bluetooth/host/gatt.c:3823:13:read_included_uuid_cb	72	static
/opt/nordic/ncs/v2.6.0/zephyr/subsys/bluetooth/host/gatt.c:4350:13:gatt_find_info_rsp	96	static
/opt/nordic/ncs/v2.6.0/zephyr/subsys/bluetooth/host/gatt.c:5212:12:gatt_ccc_discover	16	static
/opt/nordic/ncs/v2.6.0/zephyr/subsys/bluetooth/host/gatt.c:4829:5:bt_gatt_read	24	static
/opt/nordic/ncs/v2.6.0/zephyr/subsys/bluetooth/host/gatt.c:4542:13:parse_read_by_uuid	40	static
/opt/nordic/ncs/v2.6.0/zephyr/subsys/bluetooth/host/gatt.c:4595:13:gatt_read_rsp	32	static
/opt/nordic/ncs/v2.6.0/zephyr/subsys/bluetooth/host/gatt.c:4871:5:bt_gatt_write_without_response_cb	40	static
/opt/nordic/ncs/v2.6.0/zephyr/subsys/bluetooth/host/gatt.c:5082:5:bt_gatt_write	32	static
/opt/nordic/ncs/v2.6.0/zephyr/subsys/bluetooth/host/gatt.c:4964:13:gatt_prepare_write_rsp	32	static
/opt/nordic/ncs/v2.6.0/zephyr/subsys/bluetooth/host/gatt.c:5241:5:bt_gatt_subscribe	24	static
/opt/nordic/ncs/v2.6.0/zephyr/subsys/bluetooth/host/gatt.c:5183:16:gatt_ccc_discover_cb	24	static
/opt/nordic/ncs/v2.6.0/zephyr/subsys/bluetooth/host/gatt.c:5308:5:bt_gatt_resubscribe	8	static
/opt/nordic/ncs/v2.6.0/zephyr/subsys/bluetooth/host/gatt.c:5401:6:bt_gatt_cancel	24	static
/opt/nordic/ncs/v2.6.0/zephyr/subsys/bluetooth/host/gatt.c:5336:5:bt_gatt_unsubscribe	24	static
/opt/nordic/ncs/v2.6.0/zephyr/subsys/bluetooth/host/gatt.c:3511:6:bt_gatt_notification	32	static
/opt/nordic/ncs/v2.6.0/zephyr/subsys/bluetooth/host/gatt.c:3538:6:bt_gatt_mult_notification	72	static
/opt/nordic/ncs/v2.6.0/zephyr/subsys/bluetooth/host/gatt.c:5665:6:bt_gatt_connected	80	static
/opt/nordic/ncs/v2.6.0/zephyr/subsys/bluetooth/host/gatt.c:5732:6:bt_gatt_att_max_mtu_changed	24	static
/opt/nordic/ncs/v2.6.0/zephyr/subsys/bluetooth/host/gatt.c:5766:6:bt_gatt_change_aware	24	static
/opt/nordic/ncs/v2.6.0/zephyr/subsys/bluetooth/host/gatt.c:5743:6:bt_gatt_encrypt_change	40	static
/opt/nordic/ncs/v2.6.0/zephyr/subsys/bluetooth/host/gatt.c:5875:5:bt_gatt_store_ccc	240	static
/opt/nordic/ncs/v2.6.0/zephyr/subsys/bluetooth/host/gatt.c:1423:13:gatt_store_ccc_cf	24	static
/opt/nordic/ncs/v2.6.0/zephyr/subsys/bluetooth/host/gatt.c:1408:13:delayed_store	16	static
/opt/nordic/ncs/v2.6.0/zephyr/subsys/bluetooth/host/gatt.c:1114:13:bt_gatt_pairing_complete	16	static
/opt/nordic/ncs/v2.6.0/zephyr/subsys/bluetooth/host/gatt.c:1086:13:bt_gatt_identity_resolved	48	static
/opt/nordic/ncs/v2.6.0/zephyr/subsys/bluetooth/host/gatt.c:1589:13:gatt_unregister_ccc	32	static
/opt/nordic/ncs/v2.6.0/zephyr/subsys/bluetooth/host/gatt.c:1624:12:gatt_unregister	16	static
/opt/nordic/ncs/v2.6.0/zephyr/subsys/bluetooth/host/gatt.c:1689:5:bt_gatt_service_unregister	16	static
/opt/nordic/ncs/v2.6.0/zephyr/subsys/bluetooth/host/gatt.c:6214:5:bt_gatt_clear	16	static
/opt/nordic/ncs/v2.6.0/zephyr/subsys/bluetooth/host/gatt.c:6244:6:bt_gatt_disconnected	40	static
/opt/nordic/ncs/v2.6.0/zephyr/subsys/bluetooth/host/gatt.c:6279:6:bt_gatt_req_set_mtu	8	static
