/opt/nordic/ncs/v2.6.0-rc2/nrf/lib/sample_rate_converter/sample_rate_converter.c:37:12:validate_sample_rates	8	static
/opt/nordic/ncs/v2.6.0-rc2/nrf/lib/sample_rate_converter/sample_rate_converter.c:93:12:sample_rate_converter_reconfigure	40	static
/opt/nordic/ncs/v2.6.0-rc2/nrf/lib/sample_rate_converter/sample_rate_converter.c:190:5:sample_rate_converter_open	8	static
/opt/nordic/ncs/v2.6.0-rc2/nrf/lib/sample_rate_converter/sample_rate_converter.c:202:5:sample_rate_converter_process	1960	static
