/opt/nordic/ncs/v2.6.0-rc2/zephyr/subsys/shell/shell_ops.c:117:17:shift_calc	12	static
/opt/nordic/ncs/v2.6.0-rc2/zephyr/subsys/shell/shell_ops.h:18:20:z_shell_raw_fprintf	12	static
/opt/nordic/ncs/v2.6.0-rc2/zephyr/subsys/shell/shell_ops.h:233:20:z_cursor_save	8	static
/opt/nordic/ncs/v2.6.0-rc2/zephyr/subsys/shell/shell_ops.h:227:20:z_clear_eos	8	static
/opt/nordic/ncs/v2.6.0-rc2/zephyr/subsys/shell/shell_ops.h:239:20:z_cursor_restore	8	static
/opt/nordic/ncs/v2.6.0-rc2/zephyr/subsys/shell/shell_ops.c:455:13:vt100_bgcolor_set	8	static
/opt/nordic/ncs/v2.6.0-rc2/zephyr/subsys/shell/shell_ops.c:44:20:full_line_cmd	16	static
/opt/nordic/ncs/v2.6.0-rc2/zephyr/subsys/shell/shell_ops.h:344:20:z_shell_vt100_colors_store	0	static
/opt/nordic/ncs/v2.6.0-rc2/zephyr/subsys/shell/shell_ops.h:136:20:z_flag_tx_rdy_set	0	static
/opt/nordic/ncs/v2.6.0-rc2/zephyr/subsys/shell/shell_ops.c:405:13:shell_pend_on_txdone	32	static
/opt/nordic/ncs/v2.6.0-rc2/zephyr/subsys/shell/shell_ops.c:11:6:z_shell_op_cursor_vert_move	8	static
/opt/nordic/ncs/v2.6.0-rc2/zephyr/subsys/shell/shell_ops.c:26:6:z_shell_op_cursor_horiz_move	8	static
/opt/nordic/ncs/v2.6.0-rc2/zephyr/subsys/shell/shell_ops.c:51:6:z_shell_cursor_in_empty_line	16	static
/opt/nordic/ncs/v2.6.0-rc2/zephyr/subsys/shell/shell_ops.c:284:13:char_replace	8	static
/opt/nordic/ncs/v2.6.0-rc2/zephyr/subsys/shell/shell_ops.c:59:6:z_shell_op_cond_next_line	8	static
/opt/nordic/ncs/v2.6.0-rc2/zephyr/subsys/shell/shell_ops.c:66:6:z_shell_op_cursor_position_synchronize	24	static
/opt/nordic/ncs/v2.6.0-rc2/zephyr/subsys/shell/shell_ops.c:92:6:z_shell_op_cursor_move	24	static
/opt/nordic/ncs/v2.6.0-rc2/zephyr/subsys/shell/shell_ops.c:142:6:z_shell_op_cursor_word_move	16	static
/opt/nordic/ncs/v2.6.0-rc2/zephyr/subsys/shell/shell_ops.c:202:6:z_shell_op_cursor_home_move	8	static
/opt/nordic/ncs/v2.6.0-rc2/zephyr/subsys/shell/shell_ops.c:207:6:z_shell_op_cursor_end_move	8	static
/opt/nordic/ncs/v2.6.0-rc2/zephyr/subsys/shell/shell_ops.c:213:6:z_shell_op_left_arrow	8	static
/opt/nordic/ncs/v2.6.0-rc2/zephyr/subsys/shell/shell_ops.c:220:6:z_shell_op_right_arrow	8	static
/opt/nordic/ncs/v2.6.0-rc2/zephyr/subsys/shell/shell_ops.c:336:6:z_shell_op_delete_from_cursor	8	static
/opt/nordic/ncs/v2.6.0-rc2/zephyr/subsys/shell/shell_ops.c:351:6:z_shell_cmd_line_erase	8	static
/opt/nordic/ncs/v2.6.0-rc2/zephyr/subsys/shell/shell_ops.c:368:6:z_shell_print_cmd	32	static
/opt/nordic/ncs/v2.6.0-rc2/zephyr/subsys/shell/shell_ops.c:425:6:z_shell_write	32	static
/opt/nordic/ncs/v2.6.0-rc2/zephyr/subsys/shell/shell_ops.c:450:6:z_shell_print_stream	8	static
/opt/nordic/ncs/v2.6.0-rc2/zephyr/subsys/shell/shell_ops.c:475:6:z_shell_vt100_color_set	8	static
/opt/nordic/ncs/v2.6.0-rc2/zephyr/subsys/shell/shell_ops.c:499:6:z_shell_vt100_colors_restore	16	static
/opt/nordic/ncs/v2.6.0-rc2/zephyr/subsys/shell/shell_ops.c:510:6:z_shell_vfprintf	32	static
/opt/nordic/ncs/v2.6.0-rc2/zephyr/subsys/shell/shell_ops.c:529:6:z_shell_fprintf	24	static
/opt/nordic/ncs/v2.6.0-rc2/zephyr/subsys/shell/shell_ops.c:162:6:z_shell_op_word_remove	16	static
/opt/nordic/ncs/v2.6.0-rc2/zephyr/subsys/shell/shell_ops.c:227:13:reprint_from_cursor	24	static
/opt/nordic/ncs/v2.6.0-rc2/zephyr/subsys/shell/shell_ops.c:262:13:data_insert	24	static
/opt/nordic/ncs/v2.6.0-rc2/zephyr/subsys/shell/shell_ops.c:301:6:z_shell_op_char_insert	16	static
/opt/nordic/ncs/v2.6.0-rc2/zephyr/subsys/shell/shell_ops.c:344:6:z_shell_op_completion_insert	8	static
/opt/nordic/ncs/v2.6.0-rc2/zephyr/subsys/shell/shell_ops.c:322:6:z_shell_op_char_delete	16	static
/opt/nordic/ncs/v2.6.0-rc2/zephyr/subsys/shell/shell_ops.c:311:6:z_shell_op_char_backspace	8	static
/opt/nordic/ncs/v2.6.0-rc2/zephyr/subsys/shell/shell_ops.c:363:13:print_prompt	8	static
/opt/nordic/ncs/v2.6.0-rc2/zephyr/subsys/shell/shell_ops.c:395:6:z_shell_print_prompt_and_cmd	8	static
