/opt/nordic/ncs/v2.6.0-rc2/zephyr/modules/segger/SEGGER_RTT_zephyr.c:25:12:rtt_init	8	static
/opt/nordic/ncs/v2.6.0-rc2/zephyr/modules/segger/SEGGER_RTT_zephyr.c:35:6:zephyr_rtt_mutex_lock	8	static
/opt/nordic/ncs/v2.6.0-rc2/zephyr/modules/segger/SEGGER_RTT_zephyr.c:40:6:zephyr_rtt_mutex_unlock	8	static
/opt/nordic/ncs/v2.6.0-rc2/zephyr/modules/segger/SEGGER_RTT_zephyr.c:47:14:zephyr_rtt_irq_lock	0	static
/opt/nordic/ncs/v2.6.0-rc2/zephyr/modules/segger/SEGGER_RTT_zephyr.c:52:6:zephyr_rtt_irq_unlock	0	static
