Archive member included to satisfy reference by file (symbol)

app/libapp.a(main.c.obj)      (--whole-archive)
zephyr/libzephyr.a(cbprintf_packaged.c.obj)
                              (--whole-archive)
zephyr/libzephyr.a(dec.c.obj)
                              (--whole-archive)
zephyr/libzephyr.a(fdtable.c.obj)
                              (--whole-archive)
zephyr/libzephyr.a(hex.c.obj)
                              (--whole-archive)
zephyr/libzephyr.a(printk.c.obj)
                              (--whole-archive)
zephyr/libzephyr.a(rb.c.obj)  (--whole-archive)
zephyr/libzephyr.a(sem.c.obj)
                              (--whole-archive)
zephyr/libzephyr.a(thread_entry.c.obj)
                              (--whole-archive)
zephyr/libzephyr.a(timeutil.c.obj)
                              (--whole-archive)
zephyr/libzephyr.a(heap.c.obj)
                              (--whole-archive)
zephyr/libzephyr.a(heap-validate.c.obj)
                              (--whole-archive)
zephyr/libzephyr.a(bitarray.c.obj)
                              (--whole-archive)
zephyr/libzephyr.a(multi_heap.c.obj)
                              (--whole-archive)
zephyr/libzephyr.a(onoff.c.obj)
                              (--whole-archive)
zephyr/libzephyr.a(notify.c.obj)
                              (--whole-archive)
zephyr/libzephyr.a(cbprintf_complete.c.obj)
                              (--whole-archive)
zephyr/libzephyr.a(assert.c.obj)
                              (--whole-archive)
zephyr/libzephyr.a(mpsc_pbuf.c.obj)
                              (--whole-archive)
zephyr/libzephyr.a(reboot.c.obj)
                              (--whole-archive)
zephyr/libzephyr.a(configs.c.obj)
                              (--whole-archive)
zephyr/libzephyr.a(soc.c.obj)
                              (--whole-archive)
zephyr/libzephyr.a(sync_rtc.c.obj)
                              (--whole-archive)
zephyr/libzephyr.a(soc_nrf_common.S.obj)
                              (--whole-archive)
zephyr/libzephyr.a(validate_base_addresses.c.obj)
                              (--whole-archive)
zephyr/libzephyr.a(validate_enabled_instances.c.obj)
                              (--whole-archive)
zephyr/libzephyr.a(ipc_service.c.obj)
                              (--whole-archive)
zephyr/libzephyr.a(ipc_rpmsg_static_vrings.c.obj)
                              (--whole-archive)
zephyr/libzephyr.a(ipc_rpmsg.c.obj)
                              (--whole-archive)
zephyr/libzephyr.a(ipc_static_vrings.c.obj)
                              (--whole-archive)
zephyr/libzephyr.a(log_core.c.obj)
                              (--whole-archive)
zephyr/libzephyr.a(log_mgmt.c.obj)
                              (--whole-archive)
zephyr/libzephyr.a(log_cache.c.obj)
                              (--whole-archive)
zephyr/libzephyr.a(log_msg.c.obj)
                              (--whole-archive)
zephyr/libzephyr.a(log_output.c.obj)
                              (--whole-archive)
zephyr/libzephyr.a(log_backend_rtt.c.obj)
                              (--whole-archive)
zephyr/libzephyr.a(tracing_none.c.obj)
                              (--whole-archive)
zephyr/libzephyr.a(addr_utils.c.obj)
                              (--whole-archive)
zephyr/libzephyr.a(nus.c.obj)
                              (--whole-archive)
zephyr/libzephyr.a(flash_map_partition_manager.c.obj)
                              (--whole-archive)
zephyr/libzephyr.a(utils.c.obj)
                              (--whole-archive)
zephyr/libzephyr.a(aes_decrypt.c.obj)
                              (--whole-archive)
zephyr/libzephyr.a(aes_encrypt.c.obj)
                              (--whole-archive)
zephyr/libzephyr.a(cmac_mode.c.obj)
                              (--whole-archive)
zephyr/libzephyr.a(sha256.c.obj)
                              (--whole-archive)
zephyr/libzephyr.a(hmac.c.obj)
                              (--whole-archive)
zephyr/libzephyr.a(hmac_prng.c.obj)
                              (--whole-archive)
zephyr/libzephyr.a(nrf_cc3xx_platform_abort_zephyr.c.obj)
                              (--whole-archive)
zephyr/libzephyr.a(nrf_cc3xx_platform_mutex_zephyr.c.obj)
                              (--whole-archive)
zephyr/arch/common/libarch__common.a(sw_isr_common.c.obj)
                              (--whole-archive)
zephyr/arch/arch/arm/core/aarch32/libarch__arm__core__aarch32.a(cpu_idle.S.obj)
                              (--whole-archive)
zephyr/arch/arch/arm/core/aarch32/libarch__arm__core__aarch32.a(fatal.c.obj)
                              (--whole-archive)
zephyr/arch/arch/arm/core/aarch32/libarch__arm__core__aarch32.a(irq_manage.c.obj)
                              (--whole-archive)
zephyr/arch/arch/arm/core/aarch32/libarch__arm__core__aarch32.a(nmi.c.obj)
                              (--whole-archive)
zephyr/arch/arch/arm/core/aarch32/libarch__arm__core__aarch32.a(nmi_on_reset.S.obj)
                              (--whole-archive)
[...]
Memory Configuration

Name             Origin             Length             Attributes
FLASH            0x0000000000000000 0x0000000000100000 xr
RAM              0x0000000020000000 0x0000000000070000 xw
IDT_LIST         0x00000000fffff7ff 0x0000000000000800 xw
*default*        0x0000000000000000 0xffffffffffffffff

Linker script and memory map

                0x0000000000013c40                vfprintf = __i_vfprintf
                0x0000000000000000                vfscanf = __i_vfscanf
LOAD zephyr/CMakeFiles/zephyr_final.dir/misc/empty_file.c.obj
LOAD zephyr/CMakeFiles/zephyr_final.dir/isr_tables.c.obj
LOAD app/libapp.a
LOAD zephyr/libzephyr.a
LOAD zephyr/arch/common/libarch__common.a
LOAD zephyr/arch/arch/arm/core/aarch32/libarch__arm__core__aarch32.a
LOAD zephyr/arch/arch/arm/core/aarch32/cortex_m/libarch__arm__core__aarch32__cortex_m.a
LOAD zephyr/arch/arch/arm/core/aarch32/cortex_m/cmse/libarch__arm__core__aarch32__cortex_m__cmse.a
LOAD zephyr/arch/arch/arm/core/aarch32/mpu/libarch__arm__core__aarch32__mpu.a
LOAD zephyr/lib/libc/picolibc/liblib__libc__picolibc.a
LOAD zephyr/lib/libc/common/liblib__libc__common.a
LOAD zephyr/soc/soc/arm/common/cortex_m/libsoc__arm__common__cortex_m.a
LOAD zephyr/boards/arm/nrf5340_audio_dk_nrf5340/libboards__arm__nrf5340_audio_dk_nrf5340.a
LOAD zephyr/subsys/bluetooth/common/libsubsys__bluetooth__common.a
LOAD zephyr/subsys/bluetooth/host/libsubsys__bluetooth__host.a
LOAD zephyr/subsys/net/libsubsys__net.a
LOAD zephyr/drivers/bluetooth/libdrivers__bluetooth.a
LOAD zephyr/drivers/clock_control/libdrivers__clock_control.a
LOAD zephyr/drivers/console/libdrivers__console.a
LOAD zephyr/drivers/gpio/libdrivers__gpio.a
LOAD zephyr/drivers/mbox/libdrivers__mbox.a
LOAD zephyr/drivers/pinctrl/libdrivers__pinctrl.a
LOAD zephyr/drivers/regulator/libdrivers__regulator.a
LOAD zephyr/drivers/serial/libdrivers__serial.a
LOAD zephyr/drivers/timer/libdrivers__timer.a
LOAD modules/nrf/lib/dk_buttons_and_leds/lib..__nrf__lib__dk_buttons_and_leds.a
LOAD modules/nrf/lib/fatal_error/lib..__nrf__lib__fatal_error.a
LOAD modules/nrf/drivers/hw_cc310/lib..__nrf__drivers__hw_cc310.a
LOAD modules/hal_nordic/nrfx/libmodules__hal_nordic__nrfx.a
LOAD modules/libmetal/libmetal/lib/libmetal.a
LOAD modules/open-amp/open-amp/lib/libopen_amp.a
LOAD modules/segger/libmodules__segger.a
LOAD zephyr/kernel/libkernel.a
LOAD zephyr/CMakeFiles/offsets.dir/./arch/arm/core/offsets/offsets.c.obj
LOAD /opt/nordic/ncs/toolchains/c7cf392be9/opt/zephyr-sdk/arm-zephyr-eabi/bin/../lib/gcc/arm-zephyr-eabi/12.2.0/thumb/v8-m.main/nofp/libgcc.a
LOAD zephyr/arch/common/libisr_tables.a
LOAD /opt/nordic/ncs/v2.5.0-rc1/nrfxlib/crypto/nrf_cc312_platform/lib/cortex-m33/soft-float/no-interrupts/libnrf_cc312_platform_0.9.18.a
LOAD /opt/nordic/ncs/toolchains/c7cf392be9/opt/zephyr-sdk/arm-zephyr-eabi/bin/../lib/gcc/../../picolibc/arm-zephyr-eabi/lib/thumb/v8-m.main/nofp/libc.a
LOAD /opt/nordic/ncs/toolchains/c7cf392be9/opt/zephyr-sdk/arm-zephyr-eabi/bin/../lib/gcc/arm-zephyr-eabi/12.2.0/thumb/v8-m.main/nofp/libgcc.a
                0x0000000000000020                _region_min_align = 0x20

.rel.plt        0x0000000000000000        0x0
 *(SORT_BY_ALIGNMENT(.rel.plt))
                [!provide]                        PROVIDE (__rel_iplt_start = .)
 *(SORT_BY_ALIGNMENT(.rel.iplt))
 .rel.iplt      0x0000000000000000        0x0 zephyr/CMakeFiles/zephyr_final.dir/isr_tables.c.obj
                [!provide]                        PROVIDE (__rel_iplt_end = .)

.rela.plt       0x0000000000000000        0x0
 *(SORT_BY_ALIGNMENT(.rela.plt))
                [!provide]                        PROVIDE (__rela_iplt_start = .)
 *(SORT_BY_ALIGNMENT(.rela.iplt))
                [!provide]                        PROVIDE (__rela_iplt_end = .)

.rel.dyn
 *(SORT_BY_ALIGNMENT(.rel.*))

.rela.dyn
 *(SORT_BY_ALIGNMENT(.rela.*))

/DISCARD/
 *(SORT_BY_ALIGNMENT(.plt))

/DISCARD/
 *(SORT_BY_ALIGNMENT(.iplt))
                0x0000000000000000                __rom_region_start = 0x0

rom_start       0x0000000000000000      0x154
                0x0000000000000000                __rom_start_address = .
                0x0000000000000000                . = (. + (0x0 - (. - __rom_start_address)))
                0x0000000000000000                . = ALIGN (0x4)
                0x0000000000000000                . = ALIGN (0x80)
                0x0000000000000000                . = ALIGN (0x200)
                0x0000000000000000                _vector_start = .
 *(SORT_BY_ALIGNMENT(.exc_vector_table))
 *(SORT_BY_ALIGNMENT(.exc_vector_table.*))
 .exc_vector_table._vector_table_section
                0x0000000000000000       0x40 zephyr/arch/arch/arm/core/aarch32/cortex_m/libarch__arm__core__aarch32__cortex_m.a(vector_table.S.obj)
                0x0000000000000000                _vector_table
 *(SORT_BY_ALIGNMENT(.vectors))
                0x0000000000000154                _vector_end = .
                0x0000000000000040                . = ALIGN (0x4)
 *(SORT_BY_ALIGNMENT(.gnu.linkonce.irq_vector_table*))
 .gnu.linkonce.irq_vector_table
                0x0000000000000040      0x114 zephyr/CMakeFiles/zephyr_final.dir/isr_tables.c.obj
                0x0000000000000040                _irq_vector_table
                0x0000000000000154                _vector_end = .

text            0x0000000000000154    0x180e0
                0x0000000000000154                __text_region_start = .
 *(SORT_BY_ALIGNMENT(.text))
 .text          0x0000000000000154       0x30 /opt/nordic/ncs/toolchains/c7cf392be9/opt/zephyr-sdk/arm-zephyr-eabi/bin/../lib/gcc/arm-zephyr-eabi/12.2.0/thumb/v8-m.main/nofp/libgcc.a(_aeabi_uldivmod.o)
                0x0000000000000154                __aeabi_uldivmod
 .text          0x0000000000000184        0x4 /opt/nordic/ncs/toolchains/c7cf392be9/opt/zephyr-sdk/arm-zephyr-eabi/bin/../lib/gcc/arm-zephyr-eabi/12.2.0/thumb/v8-m.main/nofp/libgcc.a(_dvmd_tls.o)
                0x0000000000000184                __aeabi_ldiv0
                0x0000000000000184                __aeabi_idiv0
 .text          0x0000000000000188      0x29c /opt/nordic/ncs/toolchains/c7cf392be9/opt/zephyr-sdk/arm-zephyr-eabi/bin/../lib/gcc/arm-zephyr-eabi/12.2.0/thumb/v8-m.main/nofp/libgcc.a(_udivmoddi4.o)
                0x0000000000000188                __udivmoddi4
 .text          0x0000000000000424       0x14 /opt/nordic/ncs/toolchains/c7cf392be9/opt/zephyr-sdk/arm-zephyr-eabi/bin/../lib/gcc/../../picolibc/arm-zephyr-eabi/lib/thumb/v8-m.main/nofp/libc.a(strcmp.S.o)
                0x0000000000000424                strcmp
 .text          0x0000000000000438       0x10 /opt/nordic/ncs/toolchains/c7cf392be9/opt/zephyr-sdk/arm-zephyr-eabi/bin/../lib/gcc/../../picolibc/arm-zephyr-eabi/lib/thumb/v8-m.main/nofp/libc.a(strcpy.S.o)
                0x0000000000000438                strcpy
 .text          0x0000000000000448       0x10 /opt/nordic/ncs/toolchains/c7cf392be9/opt/zephyr-sdk/arm-zephyr-eabi/bin/../lib/gcc/../../picolibc/arm-zephyr-eabi/lib/thumb/v8-m.main/nofp/libc.a(strlen.S.o)
                0x0000000000000448                strlen
 *(SORT_BY_ALIGNMENT(.text.*))
 .text.uart_work_handler.part.0
                0x0000000000000458       0x34 app/libapp.a(main.c.obj)
 .text.uart_work_handler
                0x000000000000048c       0x28 app/libapp.a(main.c.obj)
 .text.bt_addr_le_to_str.constprop.0.isra.0
                0x00000000000004b4       0x78 app/libapp.a(main.c.obj)
 .text.disconnected
                0x000000000000052c       0x74 app/libapp.a(main.c.obj)
 .text.connected
                0x00000000000005a0       0x84 app/libapp.a(main.c.obj)
 .text.bt_receive_cb
                0x0000000000000624       0xf0 app/libapp.a(main.c.obj)
 .text.uart_cb  0x0000000000000714      0x174 app/libapp.a(main.c.obj)
 .text.ble_write_thread
                0x0000000000000888       0x60 app/libapp.a(main.c.obj)
                0x0000000000000888                ble_write_thread
 .text.main     0x00000000000008e8      0x1b4 app/libapp.a(main.c.obj)
                0x00000000000008e8                main
 .text.cbvprintf_package
                0x0000000000000a9c      0x42c zephyr/libzephyr.a(cbprintf_packaged.c.obj)
                0x0000000000000a9c                cbvprintf_package
 .text.cbprintf_package_convert
                0x0000000000000ec8      0x45c zephyr/libzephyr.a(cbprintf_packaged.c.obj)
                0x0000000000000ec8                cbprintf_package_convert
 .text.__printk_hook_install
                0x0000000000001324        0xc zephyr/libzephyr.a(printk.c.obj)
                0x0000000000001324                __printk_hook_install
 .text.z_thread_entry
                0x0000000000001330       0x34 zephyr/libzephyr.a(thread_entry.c.obj)
                0x0000000000001330                z_thread_entry
 .text.sys_heap_free
                0x0000000000001364       0x9c zephyr/libzephyr.a(heap.c.obj)
                0x0000000000001364                sys_heap_free
 .text.sys_heap_aligned_alloc
                0x0000000000001400      0x118 zephyr/libzephyr.a(heap.c.obj)
                0x0000000000001400                sys_heap_aligned_alloc
 .text.sys_heap_init
                0x0000000000001518      0x134 zephyr/libzephyr.a(heap.c.obj)
                0x0000000000001518                sys_heap_init
 .text.process_event
                0x000000000000164c      0x3a8 zephyr/libzephyr.a(onoff.c.obj)
 .text.transition_complete
                0x00000000000019f4       0x64 zephyr/libzephyr.a(onoff.c.obj)
 .text.onoff_request
                0x0000000000001a58      0x130 zephyr/libzephyr.a(onoff.c.obj)
                0x0000000000001a58                onoff_request
 .text.sys_notify_finalize
                0x0000000000001b88       0x58 zephyr/libzephyr.a(notify.c.obj)
                0x0000000000001b88                sys_notify_finalize
 .text.mpsc_pbuf_init
                0x0000000000001be0       0x64 zephyr/libzephyr.a(mpsc_pbuf.c.obj)
                0x0000000000001be0                mpsc_pbuf_init
 .text.mpsc_pbuf_alloc
                0x0000000000001c44      0x180 zephyr/libzephyr.a(mpsc_pbuf.c.obj)
                0x0000000000001c44                mpsc_pbuf_alloc
 .text.mpsc_pbuf_commit
                0x0000000000001dc4       0xac zephyr/libzephyr.a(mpsc_pbuf.c.obj)
                0x0000000000001dc4                mpsc_pbuf_commit
 .text.mpsc_pbuf_claim
                0x0000000000001e70      0x110 zephyr/libzephyr.a(mpsc_pbuf.c.obj)
                0x0000000000001e70                mpsc_pbuf_claim
 .text.mpsc_pbuf_free
                0x0000000000001f80       0xe0 zephyr/libzephyr.a(mpsc_pbuf.c.obj)
                0x0000000000001f80                mpsc_pbuf_free
 .text.sys_reboot
                0x0000000000002060       0x30 zephyr/libzephyr.a(reboot.c.obj)
                0x0000000000002060                sys_reboot
 .text.nrf_gpio_pin_control_select
                0x0000000000002090       0x6c zephyr/libzephyr.a(soc.c.obj)
 .text.nordicsemi_nrf53_init
                0x00000000000020fc       0x5c zephyr/libzephyr.a(soc.c.obj)
 .text.rtc_pretick_init
                0x0000000000002158       0x60 zephyr/libzephyr.a(soc.c.obj)
 .text.z_arm_on_enter_cpu_idle
                0x00000000000021b8       0x64 zephyr/libzephyr.a(soc.c.obj)
                0x00000000000021b8                z_arm_on_enter_cpu_idle
 .text.arch_busy_wait
                0x000000000000221c       0x24 zephyr/libzephyr.a(soc.c.obj)
                0x000000000000221c                arch_busy_wait
 .text.ppi_ipc_to_rtc.isra.0
                0x0000000000002240       0x5c zephyr/libzephyr.a(sync_rtc.c.obj)
 .text.sync_rtc_setup
                0x000000000000229c       0xb8 zephyr/libzephyr.a(sync_rtc.c.obj)
 .text.rtc_cb   0x0000000000002354       0x8c zephyr/libzephyr.a(sync_rtc.c.obj)
 .text.mbox_callback
                0x00000000000023e0       0xb4 zephyr/libzephyr.a(sync_rtc.c.obj)
 .text.z_arm_platform_init
                0x0000000000002494        0x4 zephyr/libzephyr.a(soc_nrf_common.S.obj)
                0x0000000000002494                z_arm_platform_init
 .text.ipc_service_open_instance
                0x0000000000002498       0x5c zephyr/libzephyr.a(ipc_service.c.obj)
                0x0000000000002498                ipc_service_open_instance
 .text.ipc_service_register_endpoint
                0x00000000000024f4       0x64 zephyr/libzephyr.a(ipc_service.c.obj)
                0x00000000000024f4                ipc_service_register_endpoint
 .text.ipc_service_send
                0x0000000000002558       0x84 zephyr/libzephyr.a(ipc_service.c.obj)
                0x0000000000002558                ipc_service_send
 .text.shared_memory_prepare
                0x00000000000025dc        0xc zephyr/libzephyr.a(ipc_rpmsg_static_vrings.c.obj)
 .text.advertise_ept
                0x00000000000025e8       0x44 zephyr/libzephyr.a(ipc_rpmsg_static_vrings.c.obj)
 .text.get_ept  0x000000000000262c       0x28 zephyr/libzephyr.a(ipc_rpmsg_static_vrings.c.obj)
 .text.open     0x0000000000002654      0x1b0 zephyr/libzephyr.a(ipc_rpmsg_static_vrings.c.obj)
 .text.bound_cb
                0x0000000000002804       0x30 zephyr/libzephyr.a(ipc_rpmsg_static_vrings.c.obj)
 .text.send     0x0000000000002834       0x4c zephyr/libzephyr.a(ipc_rpmsg_static_vrings.c.obj)
 .text.register_ept
                0x0000000000002880       0xe0 zephyr/libzephyr.a(ipc_rpmsg_static_vrings.c.obj)
 .text.ns_bind_cb
                0x0000000000002960       0x6c zephyr/libzephyr.a(ipc_rpmsg.c.obj)
 .text.ipc_rpmsg_register_ept
                0x00000000000029cc       0x3c zephyr/libzephyr.a(ipc_rpmsg.c.obj)
                0x00000000000029cc                ipc_rpmsg_register_ept
 .text.ipc_rpmsg_init
                0x0000000000002a08       0x70 zephyr/libzephyr.a(ipc_rpmsg.c.obj)
                0x0000000000002a08                ipc_rpmsg_init
 .text.ipc_static_vrings_init
                0x0000000000002a78      0x104 zephyr/libzephyr.a(ipc_static_vrings.c.obj)
                0x0000000000002a78                ipc_static_vrings_init
 .text.enable_logger
                0x0000000000002b7c       0x5c zephyr/libzephyr.a(log_core.c.obj)
 .text.activate_foreach_backend
                0x0000000000002bd8       0x64 zephyr/libzephyr.a(log_core.c.obj)
 .text.z_log_init
                0x0000000000002c3c       0xe0 zephyr/libzephyr.a(log_core.c.obj)
 .text.log_process_thread_timer_expiry_fn
                0x0000000000002d1c        0xc zephyr/libzephyr.a(log_core.c.obj)
 .text.log_format_func_t_get
                0x0000000000002d28        0xc zephyr/libzephyr.a(log_core.c.obj)
                0x0000000000002d28                log_format_func_t_get
 .text.log_set_timestamp_func
                0x0000000000002d34       0x20 zephyr/libzephyr.a(log_core.c.obj)
                0x0000000000002d34                log_set_timestamp_func
 .text.z_log_notify_backend_enabled
                0x0000000000002d54       0x1c zephyr/libzephyr.a(log_core.c.obj)
                0x0000000000002d54                z_log_notify_backend_enabled
 .text.z_log_dropped
                0x0000000000002d70       0x28 zephyr/libzephyr.a(log_core.c.obj)
                0x0000000000002d70                z_log_dropped
 .text.z_log_dropped_read_and_clear
                0x0000000000002d98       0x18 zephyr/libzephyr.a(log_core.c.obj)
                0x0000000000002d98                z_log_dropped_read_and_clear
 .text.dropped_notify
                0x0000000000002db0       0x60 zephyr/libzephyr.a(log_core.c.obj)
                0x0000000000002db0                dropped_notify
 .text.z_log_msg_init
                0x0000000000002e10       0x20 zephyr/libzephyr.a(log_core.c.obj)
                0x0000000000002e10                z_log_msg_init
 .text.log_core_init
                0x0000000000002e30       0x34 zephyr/libzephyr.a(log_core.c.obj)
                0x0000000000002e30                log_core_init
 .text.z_log_msg_alloc
                0x0000000000002e64       0x10 zephyr/libzephyr.a(log_core.c.obj)
                0x0000000000002e64                z_log_msg_alloc
 .text.z_log_msg_local_claim
                0x0000000000002e74        0xc zephyr/libzephyr.a(log_core.c.obj)
                0x0000000000002e74                z_log_msg_local_claim
 .text.z_log_msg_free
                0x0000000000002e80       0x10 zephyr/libzephyr.a(log_core.c.obj)
                0x0000000000002e80                z_log_msg_free
 .text.z_log_msg_pending
                0x0000000000002e90        0xc zephyr/libzephyr.a(log_core.c.obj)
                0x0000000000002e90                z_log_msg_pending
 .text.z_impl_log_process
                0x0000000000002e9c       0xe4 zephyr/libzephyr.a(log_core.c.obj)
                0x0000000000002e9c                z_impl_log_process
 .text.z_impl_log_panic
                0x0000000000002f80       0x74 zephyr/libzephyr.a(log_core.c.obj)
                0x0000000000002f80                z_impl_log_panic
 .text.log_process_thread_func
                0x0000000000002ff4       0xf4 zephyr/libzephyr.a(log_core.c.obj)
 .text.z_log_msg_post_finalize
                0x00000000000030e8       0xe0 zephyr/libzephyr.a(log_core.c.obj)
 .text.z_log_msg_commit
                0x00000000000031c8       0x24 zephyr/libzephyr.a(log_core.c.obj)
                0x00000000000031c8                z_log_msg_commit
 .text.log_source_name_get
                0x00000000000031ec       0x1c zephyr/libzephyr.a(log_mgmt.c.obj)
                0x00000000000031ec                log_source_name_get
 .text.log_backend_enable
                0x0000000000003208       0x4c zephyr/libzephyr.a(log_mgmt.c.obj)
                0x0000000000003208                log_backend_enable
 .text.z_impl_z_log_msg_static_create
                0x0000000000003254      0x128 zephyr/libzephyr.a(log_msg.c.obj)
                0x0000000000003254                z_impl_z_log_msg_static_create
 .text.z_impl_z_log_msg_runtime_vcreate
                0x000000000000337c       0xc0 zephyr/libzephyr.a(log_msg.c.obj)
                0x000000000000337c                z_impl_z_log_msg_runtime_vcreate
 .text.print_formatted
                0x000000000000343c       0x24 zephyr/libzephyr.a(log_output.c.obj)
 .text.newline_print
                0x0000000000003460       0x1c zephyr/libzephyr.a(log_output.c.obj)
 .text.out_func
                0x000000000000347c       0x58 zephyr/libzephyr.a(log_output.c.obj)
 .text.log_output_process
                0x00000000000034d4      0x2f8 zephyr/libzephyr.a(log_output.c.obj)
                0x00000000000034d4                log_output_process
 .text.log_output_msg_process
                0x00000000000037cc       0x70 zephyr/libzephyr.a(log_output.c.obj)
                0x00000000000037cc                log_output_msg_process
 .text.log_output_dropped_process
                0x000000000000383c       0x58 zephyr/libzephyr.a(log_output.c.obj)
                0x000000000000383c                log_output_dropped_process
 .text.log_output_timestamp_freq_set
                0x0000000000003894       0x2c zephyr/libzephyr.a(log_output.c.obj)
                0x0000000000003894                log_output_timestamp_freq_set
 .text.log_backend_rtt_init
                0x00000000000038c0        0xc zephyr/libzephyr.a(log_backend_rtt.c.obj)
 .text.format_set
                0x00000000000038cc        0xc zephyr/libzephyr.a(log_backend_rtt.c.obj)
 .text.panic    0x00000000000038d8       0x14 zephyr/libzephyr.a(log_backend_rtt.c.obj)
 .text.dropped  0x00000000000038ec        0xc zephyr/libzephyr.a(log_backend_rtt.c.obj)
 .text.process  0x00000000000038f8       0x24 zephyr/libzephyr.a(log_backend_rtt.c.obj)
 .text.on_failed_write
                0x000000000000391c       0x28 zephyr/libzephyr.a(log_backend_rtt.c.obj)
 .text.data_out_block_mode
                0x0000000000003944       0x84 zephyr/libzephyr.a(log_backend_rtt.c.obj)
 .text.nus_ccc_cfg_changed
                0x00000000000039c8       0x14 zephyr/libzephyr.a(nus.c.obj)
 .text.on_receive
                0x00000000000039dc       0x18 zephyr/libzephyr.a(nus.c.obj)
 .text.on_sent  0x00000000000039f4       0x10 zephyr/libzephyr.a(nus.c.obj)
 .text.bt_nus_init
                0x0000000000003a04       0x18 zephyr/libzephyr.a(nus.c.obj)
                0x0000000000003a04                bt_nus_init
 .text.bt_nus_send
                0x0000000000003a1c       0x4c zephyr/libzephyr.a(nus.c.obj)
                0x0000000000003a1c                bt_nus_send
 .text.sub_bytes
                0x0000000000003a68       0x18 zephyr/libzephyr.a(aes_encrypt.c.obj)
 .text.tc_aes128_set_encrypt_key
                0x0000000000003a80       0xa8 zephyr/libzephyr.a(aes_encrypt.c.obj)
                0x0000000000003a80                tc_aes128_set_encrypt_key
 .text.compress
                0x0000000000003b28      0x1d4 zephyr/libzephyr.a(sha256.c.obj)
 .text.tc_sha256_init
                0x0000000000003cfc       0x58 zephyr/libzephyr.a(sha256.c.obj)
                0x0000000000003cfc                tc_sha256_init
 .text.nrf_cc3xx_platform_abort_init
                0x0000000000003d54        0xc zephyr/libzephyr.a(nrf_cc3xx_platform_abort_zephyr.c.obj)
                0x0000000000003d54                nrf_cc3xx_platform_abort_init
 .text.mutex_free_platform
                0x0000000000003d60       0x54 zephyr/libzephyr.a(nrf_cc3xx_platform_mutex_zephyr.c.obj)
 .text.mutex_lock_platform
                0x0000000000003db4       0x74 zephyr/libzephyr.a(nrf_cc3xx_platform_mutex_zephyr.c.obj)
 .text.mutex_unlock_platform
                0x0000000000003e28       0x68 zephyr/libzephyr.a(nrf_cc3xx_platform_mutex_zephyr.c.obj)
 .text.mutex_init_platform
                0x0000000000003e90       0x94 zephyr/libzephyr.a(nrf_cc3xx_platform_mutex_zephyr.c.obj)
 .text.nrf_cc3xx_platform_mutex_init
                0x0000000000003f24       0x2c zephyr/libzephyr.a(nrf_cc3xx_platform_mutex_zephyr.c.obj)
                0x0000000000003f24                nrf_cc3xx_platform_mutex_init
 .text.z_arm_cpu_idle_init
                0x0000000000003f50        0xc zephyr/arch/arch/arm/core/aarch32/libarch__arm__core__aarch32.a(cpu_idle.S.obj)
                0x0000000000003f50                z_arm_cpu_idle_init
 .text.arch_cpu_idle
                0x0000000000003f5c       0x28 zephyr/arch/arch/arm/core/aarch32/libarch__arm__core__aarch32.a(cpu_idle.S.obj)
                0x0000000000003f5c                arch_cpu_idle
 .text.arch_cpu_atomic_idle
                0x0000000000003f84       0x24 zephyr/arch/arch/arm/core/aarch32/libarch__arm__core__aarch32.a(cpu_idle.S.obj)
                0x0000000000003f84                arch_cpu_atomic_idle
 .text.z_arm_fatal_error
                0x0000000000003fa8       0xcc zephyr/arch/arch/arm/core/aarch32/libarch__arm__core__aarch32.a(fatal.c.obj)
                0x0000000000003fa8                z_arm_fatal_error
 .text.arch_irq_enable
                0x0000000000004074       0x1c zephyr/arch/arch/arm/core/aarch32/libarch__arm__core__aarch32.a(irq_manage.c.obj)
                0x0000000000004074                arch_irq_enable
 .text.arch_irq_disable
                0x0000000000004090       0x28 zephyr/arch/arch/arm/core/aarch32/libarch__arm__core__aarch32.a(irq_manage.c.obj)
                0x0000000000004090                arch_irq_disable
 .text.arch_irq_is_enabled
                0x00000000000040b8       0x1c zephyr/arch/arch/arm/core/aarch32/libarch__arm__core__aarch32.a(irq_manage.c.obj)
                0x00000000000040b8                arch_irq_is_enabled
 .text.z_arm_irq_priority_set
                0x00000000000040d4       0x64 zephyr/arch/arch/arm/core/aarch32/libarch__arm__core__aarch32.a(irq_manage.c.obj)
                0x00000000000040d4                z_arm_irq_priority_set
 .text.z_SysNmiOnReset
                0x0000000000004138        0x8 zephyr/arch/arch/arm/core/aarch32/libarch__arm__core__aarch32.a(nmi_on_reset.S.obj)
                0x0000000000004138                z_SysNmiOnReset
 .text.z_arm_prep_c
                0x0000000000004140       0x38 zephyr/arch/arch/arm/core/aarch32/libarch__arm__core__aarch32.a(prep_c.c.obj)
                0x0000000000004140                z_arm_prep_c
 .text.arch_swap
                0x0000000000004178       0x34 zephyr/arch/arch/arm/core/aarch32/libarch__arm__core__aarch32.a(swap.c.obj)
                0x0000000000004178                arch_swap
 .text.z_arm_pendsv
                0x00000000000041ac       0x68 zephyr/arch/arch/arm/core/aarch32/libarch__arm__core__aarch32.a(swap_helper.S.obj)
                0x00000000000041ac                z_arm_pendsv
 .text.z_arm_svc
                0x0000000000004214       0x20 zephyr/arch/arch/arm/core/aarch32/libarch__arm__core__aarch32.a(swap_helper.S.obj)
                0x0000000000004214                z_arm_svc
 .text.arch_new_thread
                0x0000000000004234       0x38 zephyr/arch/arch/arm/core/aarch32/libarch__arm__core__aarch32.a(thread.c.obj)
                0x0000000000004234                arch_new_thread
 .text.arch_switch_to_main_thread
                0x000000000000426c       0x34 zephyr/arch/arch/arm/core/aarch32/libarch__arm__core__aarch32.a(thread.c.obj)
                0x000000000000426c                arch_switch_to_main_thread
 .text._isr_wrapper
                0x00000000000042a0       0x28 zephyr/arch/arch/arm/core/aarch32/libarch__arm__core__aarch32.a(isr_wrapper.S.obj)
                0x00000000000042a0                _isr_wrapper
 .text.arch_tls_stack_setup
                0x00000000000042c8       0x5c zephyr/arch/arch/arm/core/aarch32/libarch__arm__core__aarch32.a(tls.c.obj)
                0x00000000000042c8                arch_tls_stack_setup
 .text._HandlerModeExit
                0x0000000000004324       0x1c zephyr/arch/arch/arm/core/aarch32/cortex_m/libarch__arm__core__aarch32__cortex_m.a(exc_exit.S.obj)
                0x0000000000004324                z_arm_exc_exit
                0x0000000000004324                z_arm_int_exit
 .text.mem_manage_fault.constprop.0
                0x0000000000004340      0x180 zephyr/arch/arch/arm/core/aarch32/cortex_m/libarch__arm__core__aarch32__cortex_m.a(fault.c.obj)
 .text.bus_fault.constprop.0
                0x00000000000044c0      0x154 zephyr/arch/arch/arm/core/aarch32/cortex_m/libarch__arm__core__aarch32__cortex_m.a(fault.c.obj)
 .text.usage_fault.constprop.0
                0x0000000000004614      0x128 zephyr/arch/arch/arm/core/aarch32/cortex_m/libarch__arm__core__aarch32__cortex_m.a(fault.c.obj)
 .text.z_arm_fault
                0x000000000000473c      0x28c zephyr/arch/arch/arm/core/aarch32/cortex_m/libarch__arm__core__aarch32__cortex_m.a(fault.c.obj)
                0x000000000000473c                z_arm_fault
 .text.z_arm_fault_init
                0x00000000000049c8       0x18 zephyr/arch/arch/arm/core/aarch32/cortex_m/libarch__arm__core__aarch32__cortex_m.a(fault.c.obj)
                0x00000000000049c8                z_arm_fault_init
 .text.__fault  0x00000000000049e0       0x14 zephyr/arch/arch/arm/core/aarch32/cortex_m/libarch__arm__core__aarch32__cortex_m.a(fault_s.S.obj)
                0x00000000000049e0                z_arm_bus_fault
                0x00000000000049e0                z_arm_usage_fault
                0x00000000000049e0                z_arm_mpu_fault
                0x00000000000049e0                z_arm_exc_spurious
                0x00000000000049e0                z_arm_debug_monitor
                0x00000000000049e0                z_arm_hard_fault
 .text.z_arm_interrupt_init
                0x00000000000049f4       0x18 zephyr/arch/arch/arm/core/aarch32/cortex_m/libarch__arm__core__aarch32__cortex_m.a(irq_init.c.obj)
                0x00000000000049f4                z_arm_interrupt_init
 .text._reset_section
                0x0000000000004a0c       0x60 zephyr/arch/arch/arm/core/aarch32/cortex_m/libarch__arm__core__aarch32__cortex_m.a(reset.S.obj)
                0x0000000000004a0c                z_arm_reset
                0x0000000000004a0c                __start
 .text.sys_arch_reboot
                0x0000000000004a6c       0x24 zephyr/arch/arch/arm/core/aarch32/cortex_m/libarch__arm__core__aarch32__cortex_m.a(scb.c.obj)
                0x0000000000004a6c                sys_arch_reboot
 .text.z_arm_clear_arm_mpu_config
                0x0000000000004a90       0x24 zephyr/arch/arch/arm/core/aarch32/cortex_m/libarch__arm__core__aarch32__cortex_m.a(scb.c.obj)
                0x0000000000004a90                z_arm_clear_arm_mpu_config
 .text.z_arm_init_arch_hw_at_boot
                0x0000000000004ab4       0x4c zephyr/arch/arch/arm/core/aarch32/cortex_m/libarch__arm__core__aarch32__cortex_m.a(scb.c.obj)
                0x0000000000004ab4                z_arm_init_arch_hw_at_boot
 .text.z_impl_k_thread_abort
                0x0000000000004b00       0x2c zephyr/arch/arch/arm/core/aarch32/cortex_m/libarch__arm__core__aarch32__cortex_m.a(thread_abort.c.obj)
                0x0000000000004b00                z_impl_k_thread_abort
 .text.z_arm_configure_static_mpu_regions
                0x0000000000004b2c       0x38 zephyr/arch/arch/arm/core/aarch32/mpu/libarch__arm__core__aarch32__mpu.a(arm_core_mpu.c.obj)
                0x0000000000004b2c                z_arm_configure_static_mpu_regions
 .text.region_init
                0x0000000000004b64       0x34 zephyr/arch/arch/arm/core/aarch32/mpu/libarch__arm__core__aarch32__mpu.a(arm_mpu.c.obj)
 .text.region_allocate_and_init.part.0
                0x0000000000004b98       0x30 zephyr/arch/arch/arm/core/aarch32/mpu/libarch__arm__core__aarch32__mpu.a(arm_mpu.c.obj)
 .text.mpu_configure_regions_and_partition.constprop.0
                0x0000000000004bc8      0x19c zephyr/arch/arch/arm/core/aarch32/mpu/libarch__arm__core__aarch32__mpu.a(arm_mpu.c.obj)
 .text.arm_core_mpu_enable
                0x0000000000004d64       0x18 zephyr/arch/arch/arm/core/aarch32/mpu/libarch__arm__core__aarch32__mpu.a(arm_mpu.c.obj)
                0x0000000000004d64                arm_core_mpu_enable
 .text.arm_core_mpu_disable
                0x0000000000004d7c       0x14 zephyr/arch/arch/arm/core/aarch32/mpu/libarch__arm__core__aarch32__mpu.a(arm_mpu.c.obj)
                0x0000000000004d7c                arm_core_mpu_disable
 .text.arm_core_mpu_configure_static_mpu_regions
                0x0000000000004d90       0x48 zephyr/arch/arch/arm/core/aarch32/mpu/libarch__arm__core__aarch32__mpu.a(arm_mpu.c.obj)
                0x0000000000004d90                arm_core_mpu_configure_static_mpu_regions
 .text.arm_core_mpu_mark_areas_for_dynamic_regions
                0x0000000000004dd8       0xe8 zephyr/arch/arch/arm/core/aarch32/mpu/libarch__arm__core__aarch32__mpu.a(arm_mpu.c.obj)
                0x0000000000004dd8                arm_core_mpu_mark_areas_for_dynamic_regions
 .text.z_arm_mpu_init
                0x0000000000004ec0       0xa8 zephyr/arch/arch/arm/core/aarch32/mpu/libarch__arm__core__aarch32__mpu.a(arm_mpu.c.obj)
                0x0000000000004ec0                z_arm_mpu_init
 .text.z_impl_zephyr_fputc
                0x0000000000004f68       0x10 zephyr/lib/libc/picolibc/liblib__libc__picolibc.a(libc-hooks.c.obj)
                0x0000000000004f68                z_impl_zephyr_fputc
 .text.__stdout_hook_install
                0x0000000000004f78       0x18 zephyr/lib/libc/picolibc/liblib__libc__picolibc.a(libc-hooks.c.obj)
                0x0000000000004f78                __stdout_hook_install
 .text.cbvprintf
                0x0000000000004f90       0x38 zephyr/lib/libc/picolibc/liblib__libc__picolibc.a(libc-hooks.c.obj)
                0x0000000000004f90                cbvprintf
 .text.malloc_prepare
                0x0000000000004fc8       0x24 zephyr/lib/libc/common/liblib__libc__common.a(malloc.c.obj)
 .text.remoteproc_mgr_boot
                0x0000000000004fec       0x7c zephyr/boards/arm/nrf5340_audio_dk_nrf5340/libboards__arm__nrf5340_audio_dk_nrf5340.a(nrf5340_audio_dk_cpunet_reset.c.obj)
 .text.bt_hex   0x0000000000005068       0x44 zephyr/subsys/bluetooth/common/libsubsys__bluetooth__common.a(bt_str.c.obj)
                0x0000000000005068                bt_hex
 .text.bt_addr_le_str
                0x00000000000050ac       0x7c zephyr/subsys/bluetooth/common/libsubsys__bluetooth__common.a(bt_str.c.obj)
                0x00000000000050ac                bt_addr_le_str
 .text.long_wq_init
                0x0000000000005128       0x38 zephyr/subsys/bluetooth/host/libsubsys__bluetooth__host.a(long_wq.c.obj)
 .text.bt_long_wq_schedule
                0x0000000000005160        0xc zephyr/subsys/bluetooth/host/libsubsys__bluetooth__host.a(long_wq.c.obj)
                0x0000000000005160                bt_long_wq_schedule
 .text.uuid_to_uuid128
                0x000000000000516c       0x78 zephyr/subsys/bluetooth/host/libsubsys__bluetooth__host.a(uuid.c.obj)
 .text.bt_buf_get_rx
                0x00000000000051e4       0x68 zephyr/subsys/bluetooth/host/libsubsys__bluetooth__host.a(buf.c.obj)
                0x00000000000051e4                bt_buf_get_rx
 .text.bt_buf_get_cmd_complete
                0x000000000000524c       0x38 zephyr/subsys/bluetooth/host/libsubsys__bluetooth__host.a(buf.c.obj)
                0x000000000000524c                bt_buf_get_cmd_complete
 .text.bt_buf_get_evt
                0x0000000000005284       0x58 zephyr/subsys/bluetooth/host/libsubsys__bluetooth__host.a(buf.c.obj)
                0x0000000000005284                bt_buf_get_evt
 .text.ver_str  0x00000000000052dc       0x3c zephyr/subsys/bluetooth/host/libsubsys__bluetooth__host.a(hci_core.c.obj)
 .text.hci_disconn_complete_prio
                0x0000000000005318       0x40 zephyr/subsys/bluetooth/host/libsubsys__bluetooth__host.a(hci_core.c.obj)
 .text.find_pending_connect.part.0
                0x0000000000005358       0x2c zephyr/subsys/bluetooth/host/libsubsys__bluetooth__host.a(hci_core.c.obj)
 .text.hci_data_buf_overflow
                0x0000000000005384       0x30 zephyr/subsys/bluetooth/host/libsubsys__bluetooth__host.a(hci_core.c.obj)
 .text.le_conn_param_neg_reply.part.0
                0x00000000000053b4       0x24 zephyr/subsys/bluetooth/host/libsubsys__bluetooth__host.a(hci_core.c.obj)
 .text.rx_queue_put
                0x00000000000053d8       0x50 zephyr/subsys/bluetooth/host/libsubsys__bluetooth__host.a(hci_core.c.obj)
 .text.handle_event.part.0
                0x0000000000005428       0x48 zephyr/subsys/bluetooth/host/libsubsys__bluetooth__host.a(hci_core.c.obj)
 .text.hci_hardware_error
                0x0000000000005470       0x34 zephyr/subsys/bluetooth/host/libsubsys__bluetooth__host.a(hci_core.c.obj)
 .text.hci_disconn_complete
                0x00000000000054a4       0x5c zephyr/subsys/bluetooth/host/libsubsys__bluetooth__host.a(hci_core.c.obj)
 .text.le_data_len_change
                0x0000000000005500       0x44 zephyr/subsys/bluetooth/host/libsubsys__bluetooth__host.a(hci_core.c.obj)
 .text.le_phy_update_complete
                0x0000000000005544       0x44 zephyr/subsys/bluetooth/host/libsubsys__bluetooth__host.a(hci_core.c.obj)
 .text.handle_event
                0x0000000000005588       0x60 zephyr/subsys/bluetooth/host/libsubsys__bluetooth__host.a(hci_core.c.obj)
 .text.rx_work_handler
                0x00000000000055e8      0x1b8 zephyr/subsys/bluetooth/host/libsubsys__bluetooth__host.a(hci_core.c.obj)
 .text.hci_le_meta_event
                0x00000000000057a0       0x20 zephyr/subsys/bluetooth/host/libsubsys__bluetooth__host.a(hci_core.c.obj)
 .text.le_remote_feat_complete
                0x00000000000057c0       0x68 zephyr/subsys/bluetooth/host/libsubsys__bluetooth__host.a(hci_core.c.obj)
 .text.hci_cmd_done
                0x0000000000005828      0x130 zephyr/subsys/bluetooth/host/libsubsys__bluetooth__host.a(hci_core.c.obj)
 .text.hci_cmd_status
                0x0000000000005958       0x2c zephyr/subsys/bluetooth/host/libsubsys__bluetooth__host.a(hci_core.c.obj)
 .text.hci_cmd_complete
                0x0000000000005984       0x30 zephyr/subsys/bluetooth/host/libsubsys__bluetooth__host.a(hci_core.c.obj)
 .text.hci_num_completed_packets
                0x00000000000059b4      0x154 zephyr/subsys/bluetooth/host/libsubsys__bluetooth__host.a(hci_core.c.obj)
 .text.le_conn_update_complete
                0x0000000000005b08       0xd8 zephyr/subsys/bluetooth/host/libsubsys__bluetooth__host.a(hci_core.c.obj)
 .text.bt_hci_cmd_state_set_init
                0x0000000000005be0       0x24 zephyr/subsys/bluetooth/host/libsubsys__bluetooth__host.a(hci_core.c.obj)
                0x0000000000005be0                bt_hci_cmd_state_set_init
 .text.bt_hci_cmd_create
                0x0000000000005c04       0x9c zephyr/subsys/bluetooth/host/libsubsys__bluetooth__host.a(hci_core.c.obj)
                0x0000000000005c04                bt_hci_cmd_create
 .text.bt_hci_cmd_send_sync
                0x0000000000005ca0      0x104 zephyr/subsys/bluetooth/host/libsubsys__bluetooth__host.a(hci_core.c.obj)
                0x0000000000005ca0                bt_hci_cmd_send_sync
 .text.hci_le_read_max_data_len
                0x0000000000005da4       0x50 zephyr/subsys/bluetooth/host/libsubsys__bluetooth__host.a(hci_core.c.obj)
 .text.bt_hci_le_rand
                0x0000000000005df4       0x58 zephyr/subsys/bluetooth/host/libsubsys__bluetooth__host.a(hci_core.c.obj)
                0x0000000000005df4                bt_hci_le_rand
 .text.bt_hci_le_enh_conn_complete
                0x0000000000005e4c      0x2d8 zephyr/subsys/bluetooth/host/libsubsys__bluetooth__host.a(hci_core.c.obj)
                0x0000000000005e4c                bt_hci_le_enh_conn_complete
 .text.le_legacy_conn_complete
                0x0000000000006124       0x64 zephyr/subsys/bluetooth/host/libsubsys__bluetooth__host.a(hci_core.c.obj)
 .text.bt_send  0x0000000000006188       0x10 zephyr/subsys/bluetooth/host/libsubsys__bluetooth__host.a(hci_core.c.obj)
                0x0000000000006188                bt_send
 .text.bt_hci_cmd_send
                0x0000000000006198       0x6c zephyr/subsys/bluetooth/host/libsubsys__bluetooth__host.a(hci_core.c.obj)
                0x0000000000006198                bt_hci_cmd_send
 .text.bt_hci_host_num_completed_packets
                0x0000000000006204       0xf0 zephyr/subsys/bluetooth/host/libsubsys__bluetooth__host.a(hci_core.c.obj)
                0x0000000000006204                bt_hci_host_num_completed_packets
 .text.le_conn_param_req
                0x00000000000062f4       0xc8 zephyr/subsys/bluetooth/host/libsubsys__bluetooth__host.a(hci_core.c.obj)
 .text.hci_tx_thread
                0x00000000000063bc      0x194 zephyr/subsys/bluetooth/host/libsubsys__bluetooth__host.a(hci_core.c.obj)
 .text.hci_event_prio
                0x0000000000006550       0xa4 zephyr/subsys/bluetooth/host/libsubsys__bluetooth__host.a(hci_core.c.obj)
                0x0000000000006550                hci_event_prio
 .text.bt_recv  0x00000000000065f4       0x68 zephyr/subsys/bluetooth/host/libsubsys__bluetooth__host.a(hci_core.c.obj)
                0x00000000000065f4                bt_recv
 .text.bt_hci_driver_register
                0x000000000000665c       0x28 zephyr/subsys/bluetooth/host/libsubsys__bluetooth__host.a(hci_core.c.obj)
                0x000000000000665c                bt_hci_driver_register
 .text.bt_finalize_init
                0x0000000000006684      0x134 zephyr/subsys/bluetooth/host/libsubsys__bluetooth__host.a(hci_core.c.obj)
                0x0000000000006684                bt_finalize_init
 .text.bt_init  0x00000000000067b8      0x58c zephyr/subsys/bluetooth/host/libsubsys__bluetooth__host.a(hci_core.c.obj)
 .text.init_work
                0x0000000000006d44       0x18 zephyr/subsys/bluetooth/host/libsubsys__bluetooth__host.a(hci_core.c.obj)
 .text.bt_enable
                0x0000000000006d5c      0x124 zephyr/subsys/bluetooth/host/libsubsys__bluetooth__host.a(hci_core.c.obj)
                0x0000000000006d5c                bt_enable
 .text.bt_get_name
                0x0000000000006e80        0x8 zephyr/subsys/bluetooth/host/libsubsys__bluetooth__host.a(hci_core.c.obj)
                0x0000000000006e80                bt_get_name
 .text.id_find  0x0000000000006e88       0x30 zephyr/subsys/bluetooth/host/libsubsys__bluetooth__host.a(id.c.obj)
 .text.id_create.constprop.0
                0x0000000000006eb8       0x5c zephyr/subsys/bluetooth/host/libsubsys__bluetooth__host.a(id.c.obj)
 .text.set_random_address
                0x0000000000006f14       0x50 zephyr/subsys/bluetooth/host/libsubsys__bluetooth__host.a(id.c.obj)
 .text.bt_id_create
                0x0000000000006f64       0xa8 zephyr/subsys/bluetooth/host/libsubsys__bluetooth__host.a(id.c.obj)
                0x0000000000006f64                bt_id_create
 .text.bt_id_read_public_addr
                0x000000000000700c       0x84 zephyr/subsys/bluetooth/host/libsubsys__bluetooth__host.a(id.c.obj)
                0x000000000000700c                bt_id_read_public_addr
 .text.bt_setup_public_id_addr
                0x0000000000007090       0x20 zephyr/subsys/bluetooth/host/libsubsys__bluetooth__host.a(id.c.obj)
                0x0000000000007090                bt_setup_public_id_addr
 .text.bt_read_static_addr
                0x00000000000070b0       0xa8 zephyr/subsys/bluetooth/host/libsubsys__bluetooth__host.a(id.c.obj)
                0x00000000000070b0                bt_read_static_addr
 .text.bt_setup_random_id_addr
                0x0000000000007158       0x5c zephyr/subsys/bluetooth/host/libsubsys__bluetooth__host.a(id.c.obj)
                0x0000000000007158                bt_setup_random_id_addr
 .text.bt_id_set_adv_own_addr
                0x00000000000071b4       0xe0 zephyr/subsys/bluetooth/host/libsubsys__bluetooth__host.a(id.c.obj)
                0x00000000000071b4                bt_id_set_adv_own_addr
 .text.bt_id_init
                0x0000000000007294       0x60 zephyr/subsys/bluetooth/host/libsubsys__bluetooth__host.a(id.c.obj)
                0x0000000000007294                bt_id_init
 .text.hci_set_ad
                0x00000000000072f4       0xe0 zephyr/subsys/bluetooth/host/libsubsys__bluetooth__host.a(adv.c.obj)
 .text.valid_adv_param
                0x00000000000073d4       0x84 zephyr/subsys/bluetooth/host/libsubsys__bluetooth__host.a(adv.c.obj)
 .text.adv_is_directed
                0x0000000000007458       0x18 zephyr/subsys/bluetooth/host/libsubsys__bluetooth__host.a(adv.c.obj)
 .text.le_adv_start_add_conn
                0x0000000000007470       0x60 zephyr/subsys/bluetooth/host/libsubsys__bluetooth__host.a(adv.c.obj)
 .text.bt_le_adv_lookup_legacy
                0x00000000000074d0        0x8 zephyr/subsys/bluetooth/host/libsubsys__bluetooth__host.a(adv.c.obj)
                0x00000000000074d0                bt_le_adv_lookup_legacy
 .text.bt_le_adv_start_legacy
                0x00000000000074d8      0x264 zephyr/subsys/bluetooth/host/libsubsys__bluetooth__host.a(adv.c.obj)
                0x00000000000074d8                bt_le_adv_start_legacy
 .text.bt_le_adv_start
                0x000000000000773c       0x64 zephyr/subsys/bluetooth/host/libsubsys__bluetooth__host.a(adv.c.obj)
                0x000000000000773c                bt_le_adv_start
 .text.bt_le_adv_stop
                0x00000000000077a0       0x78 zephyr/subsys/bluetooth/host/libsubsys__bluetooth__host.a(adv.c.obj)
                0x00000000000077a0                bt_le_adv_stop
 .text.adv_timeout
                0x0000000000007818       0x38 zephyr/subsys/bluetooth/host/libsubsys__bluetooth__host.a(adv.c.obj)
 .text.bt_le_adv_resume
                0x0000000000007850       0xf4 zephyr/subsys/bluetooth/host/libsubsys__bluetooth__host.a(adv.c.obj)
                0x0000000000007850                bt_le_adv_resume
 .text.prng_reseed.constprop.0
                0x0000000000007944       0x6c zephyr/subsys/bluetooth/host/libsubsys__bluetooth__host.a(crypto.c.obj)
 .text.prng_init
                0x00000000000079b0       0x50 zephyr/subsys/bluetooth/host/libsubsys__bluetooth__host.a(crypto.c.obj)
                0x00000000000079b0                prng_init
 .text.bt_rand  0x0000000000007a00       0x3c zephyr/subsys/bluetooth/host/libsubsys__bluetooth__host.a(crypto.c.obj)
                0x0000000000007a00                bt_rand
 .text.notify_connected
                0x0000000000007a3c       0x6c zephyr/subsys/bluetooth/host/libsubsys__bluetooth__host.a(conn.c.obj)
 .text.tx_notify
                0x0000000000007aa8       0x60 zephyr/subsys/bluetooth/host/libsubsys__bluetooth__host.a(conn.c.obj)
 .text.conn_tx_destroy
                0x0000000000007b08       0x4c zephyr/subsys/bluetooth/host/libsubsys__bluetooth__host.a(conn.c.obj)
 .text.send_frag
                0x0000000000007b54      0x1e8 zephyr/subsys/bluetooth/host/libsubsys__bluetooth__host.a(conn.c.obj)
 .text.bt_conn_get_pkts
                0x0000000000007d3c       0x18 zephyr/subsys/bluetooth/host/libsubsys__bluetooth__host.a(conn.c.obj)
                0x0000000000007d3c                bt_conn_get_pkts
 .text.bt_conn_new
                0x0000000000007d54       0x5c zephyr/subsys/bluetooth/host/libsubsys__bluetooth__host.a(conn.c.obj)
                0x0000000000007d54                bt_conn_new
 .text.conn_cleanup
                0x0000000000007db0       0x94 zephyr/subsys/bluetooth/host/libsubsys__bluetooth__host.a(conn.c.obj)
 .text.bt_conn_recv
                0x0000000000007e44      0x138 zephyr/subsys/bluetooth/host/libsubsys__bluetooth__host.a(conn.c.obj)
                0x0000000000007e44                bt_conn_recv
 .text.bt_conn_send_cb
                0x0000000000007f7c      0x100 zephyr/subsys/bluetooth/host/libsubsys__bluetooth__host.a(conn.c.obj)
                0x0000000000007f7c                bt_conn_send_cb
 .text.bt_conn_prepare_events
                0x000000000000807c       0x94 zephyr/subsys/bluetooth/host/libsubsys__bluetooth__host.a(conn.c.obj)
                0x000000000000807c                bt_conn_prepare_events
 .text.bt_conn_ref
                0x0000000000008110       0x50 zephyr/subsys/bluetooth/host/libsubsys__bluetooth__host.a(conn.c.obj)
                0x0000000000008110                bt_conn_ref
 .text.bt_conn_unref
                0x0000000000008160       0x60 zephyr/subsys/bluetooth/host/libsubsys__bluetooth__host.a(conn.c.obj)
                0x0000000000008160                bt_conn_unref
 .text.bt_conn_set_state
                0x00000000000081c0      0x204 zephyr/subsys/bluetooth/host/libsubsys__bluetooth__host.a(conn.c.obj)
                0x00000000000081c0                bt_conn_set_state
 .text.bt_conn_lookup_handle
                0x00000000000083c4       0x58 zephyr/subsys/bluetooth/host/libsubsys__bluetooth__host.a(conn.c.obj)
                0x00000000000083c4                bt_conn_lookup_handle
 .text.bt_conn_index
                0x000000000000841c       0x4c zephyr/subsys/bluetooth/host/libsubsys__bluetooth__host.a(conn.c.obj)
                0x000000000000841c                bt_conn_index
 .text.bt_conn_create_pdu_timeout
                0x0000000000008468       0x7c zephyr/subsys/bluetooth/host/libsubsys__bluetooth__host.a(conn.c.obj)
                0x0000000000008468                bt_conn_create_pdu_timeout
 .text.notify_le_param_updated
                0x00000000000084e4       0xb8 zephyr/subsys/bluetooth/host/libsubsys__bluetooth__host.a(conn.c.obj)
                0x00000000000084e4                notify_le_param_updated
 .text.le_param_req
                0x000000000000859c       0xa4 zephyr/subsys/bluetooth/host/libsubsys__bluetooth__host.a(conn.c.obj)
                0x000000000000859c                le_param_req
 .text.bt_conn_add_le
                0x0000000000008640       0x38 zephyr/subsys/bluetooth/host/libsubsys__bluetooth__host.a(conn.c.obj)
                0x0000000000008640                bt_conn_add_le
 .text.bt_conn_lookup_addr_le
                0x0000000000008678       0x34 zephyr/subsys/bluetooth/host/libsubsys__bluetooth__host.a(conn.c.obj)
                0x0000000000008678                bt_conn_lookup_addr_le
 .text.bt_conn_exists_le
                0x00000000000086ac       0x60 zephyr/subsys/bluetooth/host/libsubsys__bluetooth__host.a(conn.c.obj)
                0x00000000000086ac                bt_conn_exists_le
 .text.bt_conn_lookup_state_le
                0x000000000000870c       0x44 zephyr/subsys/bluetooth/host/libsubsys__bluetooth__host.a(conn.c.obj)
                0x000000000000870c                bt_conn_lookup_state_le
 .text.send_conn_le_param_update
                0x0000000000008750       0x68 zephyr/subsys/bluetooth/host/libsubsys__bluetooth__host.a(conn.c.obj)
 .text.deferred_work
                0x00000000000087b8      0x148 zephyr/subsys/bluetooth/host/libsubsys__bluetooth__host.a(conn.c.obj)
 .text.bt_conn_create_frag_timeout
                0x0000000000008900        0xc zephyr/subsys/bluetooth/host/libsubsys__bluetooth__host.a(conn.c.obj)
                0x0000000000008900                bt_conn_create_frag_timeout
 .text.bt_conn_process_tx
                0x000000000000890c      0x118 zephyr/subsys/bluetooth/host/libsubsys__bluetooth__host.a(conn.c.obj)
                0x000000000000890c                bt_conn_process_tx
 .text.bt_conn_init
                0x0000000000008a24       0x44 zephyr/subsys/bluetooth/host/libsubsys__bluetooth__host.a(conn.c.obj)
                0x0000000000008a24                bt_conn_init
 .text.l2cap_create_le_sig_pdu.part.0
                0x0000000000008a68       0x2c zephyr/subsys/bluetooth/host/libsubsys__bluetooth__host.a(l2cap.c.obj)
 .text.l2cap_accept.part.0
                0x0000000000008a94       0x30 zephyr/subsys/bluetooth/host/libsubsys__bluetooth__host.a(l2cap.c.obj)
 .text.l2cap_accept
                0x0000000000008ac4       0x1c zephyr/subsys/bluetooth/host/libsubsys__bluetooth__host.a(l2cap.c.obj)
 .text.bt_l2cap_connected
                0x0000000000008ae0       0xbc zephyr/subsys/bluetooth/host/libsubsys__bluetooth__host.a(l2cap.c.obj)
                0x0000000000008ae0                bt_l2cap_connected
 .text.l2cap_recv
                0x0000000000008b9c       0xec zephyr/subsys/bluetooth/host/libsubsys__bluetooth__host.a(l2cap.c.obj)
 .text.bt_l2cap_recv
                0x0000000000008c88       0x7c zephyr/subsys/bluetooth/host/libsubsys__bluetooth__host.a(l2cap.c.obj)
                0x0000000000008c88                bt_l2cap_recv
 .text.bt_l2cap_update_conn_param
                0x0000000000008d04       0x64 zephyr/subsys/bluetooth/host/libsubsys__bluetooth__host.a(l2cap.c.obj)
                0x0000000000008d04                bt_l2cap_update_conn_param
 .text.att_op_get_type
                0x0000000000008d68       0x74 zephyr/subsys/bluetooth/host/libsubsys__bluetooth__host.a(att.c.obj)
 .text.bt_att_released
                0x0000000000008ddc        0xc zephyr/subsys/bluetooth/host/libsubsys__bluetooth__host.a(att.c.obj)
 .text.tx_meta_data_free
                0x0000000000008de8       0x94 zephyr/subsys/bluetooth/host/libsubsys__bluetooth__host.a(att.c.obj)
 .text.find_type_cb
                0x0000000000008e7c      0x198 zephyr/subsys/bluetooth/host/libsubsys__bluetooth__host.a(att.c.obj)
 .text.send_err_rsp.part.0
                0x0000000000009014       0x24 zephyr/subsys/bluetooth/host/libsubsys__bluetooth__host.a(att.c.obj)
 .text.att_get  0x0000000000009038       0x64 zephyr/subsys/bluetooth/host/libsubsys__bluetooth__host.a(att.c.obj)
 .text.bt_att_connected
                0x000000000000909c       0x38 zephyr/subsys/bluetooth/host/libsubsys__bluetooth__host.a(att.c.obj)
 .text.read_group_cb
                0x00000000000090d4       0xb8 zephyr/subsys/bluetooth/host/libsubsys__bluetooth__host.a(att.c.obj)
 .text.bt_att_chan_create_pdu
                0x000000000000918c      0x164 zephyr/subsys/bluetooth/host/libsubsys__bluetooth__host.a(att.c.obj)
 .text.read_type_cb
                0x00000000000092f0       0xac zephyr/subsys/bluetooth/host/libsubsys__bluetooth__host.a(att.c.obj)
 .text.bt_att_accept
                0x000000000000939c      0x120 zephyr/subsys/bluetooth/host/libsubsys__bluetooth__host.a(att.c.obj)
 .text.chan_send
                0x00000000000094bc      0x124 zephyr/subsys/bluetooth/host/libsubsys__bluetooth__host.a(att.c.obj)
 .text.bt_att_chan_req_send
                0x00000000000095e0       0x84 zephyr/subsys/bluetooth/host/libsubsys__bluetooth__host.a(att.c.obj)
 .text.bt_att_recv
                0x0000000000009664      0x1a8 zephyr/subsys/bluetooth/host/libsubsys__bluetooth__host.a(att.c.obj)
 .text.att_write_rsp.constprop.0
                0x000000000000980c       0xc4 zephyr/subsys/bluetooth/host/libsubsys__bluetooth__host.a(att.c.obj)
 .text.bt_att_create_pdu
                0x00000000000098d0       0x7c zephyr/subsys/bluetooth/host/libsubsys__bluetooth__host.a(att.c.obj)
                0x00000000000098d0                bt_att_create_pdu
 .text.bt_att_create_rsp_pdu
                0x000000000000994c       0x4c zephyr/subsys/bluetooth/host/libsubsys__bluetooth__host.a(att.c.obj)
                0x000000000000994c                bt_att_create_rsp_pdu
 .text.att_read_group_req
                0x0000000000009998       0xfc zephyr/subsys/bluetooth/host/libsubsys__bluetooth__host.a(att.c.obj)
 .text.att_read_mult_vl_req
                0x0000000000009a94       0xa8 zephyr/subsys/bluetooth/host/libsubsys__bluetooth__host.a(att.c.obj)
 .text.att_read_mult_req
                0x0000000000009b3c       0xa8 zephyr/subsys/bluetooth/host/libsubsys__bluetooth__host.a(att.c.obj)
 .text.att_read_rsp
                0x0000000000009be4       0x9c zephyr/subsys/bluetooth/host/libsubsys__bluetooth__host.a(att.c.obj)
 .text.att_read_type_req
                0x0000000000009c80       0xc8 zephyr/subsys/bluetooth/host/libsubsys__bluetooth__host.a(att.c.obj)
 .text.att_find_type_req
                0x0000000000009d48       0xcc zephyr/subsys/bluetooth/host/libsubsys__bluetooth__host.a(att.c.obj)
 .text.att_find_info_req
                0x0000000000009e14       0x74 zephyr/subsys/bluetooth/host/libsubsys__bluetooth__host.a(att.c.obj)
 .text.bt_att_init
                0x0000000000009e88       0x38 zephyr/subsys/bluetooth/host/libsubsys__bluetooth__host.a(att.c.obj)
                0x0000000000009e88                bt_att_init
 .text.bt_att_req_alloc
                0x0000000000009ec0       0x50 zephyr/subsys/bluetooth/host/libsubsys__bluetooth__host.a(att.c.obj)
                0x0000000000009ec0                bt_att_req_alloc
 .text.bt_att_req_free
                0x0000000000009f10       0x28 zephyr/subsys/bluetooth/host/libsubsys__bluetooth__host.a(att.c.obj)
                0x0000000000009f10                bt_att_req_free
 .text.att_handle_rsp
                0x0000000000009f38       0x8c zephyr/subsys/bluetooth/host/libsubsys__bluetooth__host.a(att.c.obj)
 .text.bt_att_disconnected
                0x0000000000009fc4       0xcc zephyr/subsys/bluetooth/host/libsubsys__bluetooth__host.a(att.c.obj)
 .text.att_timeout
                0x000000000000a090       0xc4 zephyr/subsys/bluetooth/host/libsubsys__bluetooth__host.a(att.c.obj)
 .text.bt_att_send
                0x000000000000a154       0xa0 zephyr/subsys/bluetooth/host/libsubsys__bluetooth__host.a(att.c.obj)
                0x000000000000a154                bt_att_send
 .text.bt_att_req_send
                0x000000000000a1f4       0x6c zephyr/subsys/bluetooth/host/libsubsys__bluetooth__host.a(att.c.obj)
                0x000000000000a1f4                bt_att_req_send
 .text.find_cf_cfg
                0x000000000000a260       0x5c zephyr/subsys/bluetooth/host/libsubsys__bluetooth__host.a(gatt.c.obj)
 .text.find_sc_cfg
                0x000000000000a2bc       0x40 zephyr/subsys/bluetooth/host/libsubsys__bluetooth__host.a(gatt.c.obj)
 .text.find_ccc_cfg
                0x000000000000a2fc       0x48 zephyr/subsys/bluetooth/host/libsubsys__bluetooth__host.a(gatt.c.obj)
 .text.read_ppcp
                0x000000000000a344       0x28 zephyr/subsys/bluetooth/host/libsubsys__bluetooth__host.a(gatt.c.obj)
 .text.bt_gatt_attr_write_ccc
                0x000000000000a36c       0xc8 zephyr/subsys/bluetooth/host/libsubsys__bluetooth__host.a(gatt.c.obj)
                0x000000000000a36c                bt_gatt_attr_write_ccc
 .text.clear_cf_cfg
                0x000000000000a434       0x28 zephyr/subsys/bluetooth/host/libsubsys__bluetooth__host.a(gatt.c.obj)
 .text.sc_save  0x000000000000a45c       0x6c zephyr/subsys/bluetooth/host/libsubsys__bluetooth__host.a(gatt.c.obj)
 .text.disconnected_cb
                0x000000000000a4c8       0xb4 zephyr/subsys/bluetooth/host/libsubsys__bluetooth__host.a(gatt.c.obj)
 .text.cf_write
                0x000000000000a57c       0xa4 zephyr/subsys/bluetooth/host/libsubsys__bluetooth__host.a(gatt.c.obj)
 .text.sc_indicate_rsp
                0x000000000000a620       0x50 zephyr/subsys/bluetooth/host/libsubsys__bluetooth__host.a(gatt.c.obj)
 .text.bt_gatt_init
                0x000000000000a670       0xb8 zephyr/subsys/bluetooth/host/libsubsys__bluetooth__host.a(gatt.c.obj)
                0x000000000000a670                bt_gatt_init
 .text.bt_gatt_attr_get_handle
                0x000000000000a728       0x90 zephyr/subsys/bluetooth/host/libsubsys__bluetooth__host.a(gatt.c.obj)
                0x000000000000a728                bt_gatt_attr_get_handle
 .text.bt_gatt_foreach_attr_type
                0x000000000000a7b8       0xe0 zephyr/subsys/bluetooth/host/libsubsys__bluetooth__host.a(gatt.c.obj)
                0x000000000000a7b8                bt_gatt_foreach_attr_type
 .text.db_hash_gen
                0x000000000000a898       0x88 zephyr/subsys/bluetooth/host/libsubsys__bluetooth__host.a(gatt.c.obj)
 .text.db_hash_read
                0x000000000000a920       0x6c zephyr/subsys/bluetooth/host/libsubsys__bluetooth__host.a(gatt.c.obj)
 .text.db_hash_process
                0x000000000000a98c       0x1c zephyr/subsys/bluetooth/host/libsubsys__bluetooth__host.a(gatt.c.obj)
 .text.bt_gatt_attr_next
                0x000000000000a9a8       0x24 zephyr/subsys/bluetooth/host/libsubsys__bluetooth__host.a(gatt.c.obj)
                0x000000000000a9a8                bt_gatt_attr_next
 .text.bt_gatt_is_subscribed
                0x000000000000a9cc      0x1a8 zephyr/subsys/bluetooth/host/libsubsys__bluetooth__host.a(gatt.c.obj)
                0x000000000000a9cc                bt_gatt_is_subscribed
 .text.gatt_indicate
                0x000000000000ab74       0xf8 zephyr/subsys/bluetooth/host/libsubsys__bluetooth__host.a(gatt.c.obj)
 .text.bt_gatt_indicate
                0x000000000000ac6c      0x144 zephyr/subsys/bluetooth/host/libsubsys__bluetooth__host.a(gatt.c.obj)
                0x000000000000ac6c                bt_gatt_indicate
 .text.sc_process
                0x000000000000adb0       0x9c zephyr/subsys/bluetooth/host/libsubsys__bluetooth__host.a(gatt.c.obj)
 .text.update_ccc
                0x000000000000ae4c      0x114 zephyr/subsys/bluetooth/host/libsubsys__bluetooth__host.a(gatt.c.obj)
 .text.gatt_notify
                0x000000000000af60       0xd0 zephyr/subsys/bluetooth/host/libsubsys__bluetooth__host.a(gatt.c.obj)
 .text.bt_gatt_notify_cb
                0x000000000000b030      0x13c zephyr/subsys/bluetooth/host/libsubsys__bluetooth__host.a(gatt.c.obj)
                0x000000000000b030                bt_gatt_notify_cb
 .text.notify_cb
                0x000000000000b16c      0x138 zephyr/subsys/bluetooth/host/libsubsys__bluetooth__host.a(gatt.c.obj)
 .text.bt_gatt_connected
                0x000000000000b2a4       0x20 zephyr/subsys/bluetooth/host/libsubsys__bluetooth__host.a(gatt.c.obj)
                0x000000000000b2a4                bt_gatt_connected
 .text.bt_gatt_att_max_mtu_changed
                0x000000000000b2c4       0x28 zephyr/subsys/bluetooth/host/libsubsys__bluetooth__host.a(gatt.c.obj)
                0x000000000000b2c4                bt_gatt_att_max_mtu_changed
 .text.bt_gatt_disconnected
                0x000000000000b2ec       0x48 zephyr/subsys/bluetooth/host/libsubsys__bluetooth__host.a(gatt.c.obj)
                0x000000000000b2ec                bt_gatt_disconnected
 .text.bt_smp_accept.part.0
                0x000000000000b334       0x30 zephyr/subsys/bluetooth/host/libsubsys__bluetooth__host.a(smp_null.c.obj)
 .text.bt_smp_accept
                0x000000000000b364       0x1c zephyr/subsys/bluetooth/host/libsubsys__bluetooth__host.a(smp_null.c.obj)
 .text.net_buf_pool_get
                0x000000000000b380       0x10 zephyr/subsys/net/libsubsys__net.a(buf.c.obj)
                0x000000000000b380                net_buf_pool_get
 .text.net_buf_id
                0x000000000000b390       0x24 zephyr/subsys/net/libsubsys__net.a(buf.c.obj)
                0x000000000000b390                net_buf_id
 .text.fixed_data_alloc
                0x000000000000b3b4       0x30 zephyr/subsys/net/libsubsys__net.a(buf.c.obj)
 .text.net_buf_reset
                0x000000000000b3e4       0x48 zephyr/subsys/net/libsubsys__net.a(buf.c.obj)
                0x000000000000b3e4                net_buf_reset
 .text.net_buf_alloc_len
                0x000000000000b42c      0x1c0 zephyr/subsys/net/libsubsys__net.a(buf.c.obj)
                0x000000000000b42c                net_buf_alloc_len
 .text.net_buf_slist_put
                0x000000000000b5ec       0xd4 zephyr/subsys/net/libsubsys__net.a(buf.c.obj)
                0x000000000000b5ec                net_buf_slist_put
 .text.net_buf_slist_get
                0x000000000000b6c0       0xb8 zephyr/subsys/net/libsubsys__net.a(buf.c.obj)
                0x000000000000b6c0                net_buf_slist_get
 .text.net_buf_put
                0x000000000000b778       0x4c zephyr/subsys/net/libsubsys__net.a(buf.c.obj)
                0x000000000000b778                net_buf_put
 .text.net_buf_unref
                0x000000000000b7c4       0x88 zephyr/subsys/net/libsubsys__net.a(buf.c.obj)
                0x000000000000b7c4                net_buf_unref
 .text.net_buf_ref
                0x000000000000b84c       0x30 zephyr/subsys/net/libsubsys__net.a(buf.c.obj)
                0x000000000000b84c                net_buf_ref
 .text.net_buf_frag_last
                0x000000000000b87c       0x34 zephyr/subsys/net/libsubsys__net.a(buf.c.obj)
                0x000000000000b87c                net_buf_frag_last
 .text.net_buf_frag_insert
                0x000000000000b8b0       0x58 zephyr/subsys/net/libsubsys__net.a(buf.c.obj)
                0x000000000000b8b0                net_buf_frag_insert
 .text.net_buf_frag_add
                0x000000000000b908       0x48 zephyr/subsys/net/libsubsys__net.a(buf.c.obj)
                0x000000000000b908                net_buf_frag_add
 .text.net_buf_simple_reserve
                0x000000000000b950       0x44 zephyr/subsys/net/libsubsys__net.a(buf_simple.c.obj)
                0x000000000000b950                net_buf_simple_reserve
 .text.net_buf_simple_push
                0x000000000000b994       0x40 zephyr/subsys/net/libsubsys__net.a(buf_simple.c.obj)
                0x000000000000b994                net_buf_simple_push
 .text.net_buf_simple_pull
                0x000000000000b9d4       0x3c zephyr/subsys/net/libsubsys__net.a(buf_simple.c.obj)
                0x000000000000b9d4                net_buf_simple_pull
 .text.net_buf_simple_pull_mem
                0x000000000000ba10       0x3c zephyr/subsys/net/libsubsys__net.a(buf_simple.c.obj)
                0x000000000000ba10                net_buf_simple_pull_mem
 .text.net_buf_simple_add
                0x000000000000ba4c       0x3c zephyr/subsys/net/libsubsys__net.a(buf_simple.c.obj)
                0x000000000000ba4c                net_buf_simple_add
 .text.bt_rpmsg_send
                0x000000000000ba88       0x78 zephyr/drivers/bluetooth/libdrivers__bluetooth.a(rpmsg.c.obj)
 .text.bt_rpmsg_init
                0x000000000000bb00       0x40 zephyr/drivers/bluetooth/libdrivers__bluetooth.a(rpmsg.c.obj)
 .text.hci_ept_bound
                0x000000000000bb40        0xc zephyr/drivers/bluetooth/libdrivers__bluetooth.a(rpmsg.c.obj)
 .text.bt_rpmsg_open
                0x000000000000bb4c       0x8c zephyr/drivers/bluetooth/libdrivers__bluetooth.a(rpmsg.c.obj)
 .text.hci_ept_recv
                0x000000000000bbd8      0x218 zephyr/drivers/bluetooth/libdrivers__bluetooth.a(rpmsg.c.obj)
 .text.onoff_start
                0x000000000000bdf0       0x3c zephyr/drivers/clock_control/libdrivers__clock_control.a(clock_control_nrf.c.obj)
 .text.get_status
                0x000000000000be2c       0x3c zephyr/drivers/clock_control/libdrivers__clock_control.a(clock_control_nrf.c.obj)
 .text.stop     0x000000000000be68       0x80 zephyr/drivers/clock_control/libdrivers__clock_control.a(clock_control_nrf.c.obj)
 .text.onoff_stop
                0x000000000000bee8       0x28 zephyr/drivers/clock_control/libdrivers__clock_control.a(clock_control_nrf.c.obj)
 .text.clk_init
                0x000000000000bf10       0x64 zephyr/drivers/clock_control/libdrivers__clock_control.a(clock_control_nrf.c.obj)
 .text.clkstarted_handle.constprop.0
                0x000000000000bf74       0x38 zephyr/drivers/clock_control/libdrivers__clock_control.a(clock_control_nrf.c.obj)
 .text.clock_event_handler
                0x000000000000bfac       0x70 zephyr/drivers/clock_control/libdrivers__clock_control.a(clock_control_nrf.c.obj)
 .text.generic_hfclk_start
                0x000000000000c01c       0x64 zephyr/drivers/clock_control/libdrivers__clock_control.a(clock_control_nrf.c.obj)
 .text.api_blocking_start
                0x000000000000c080       0x3c zephyr/drivers/clock_control/libdrivers__clock_control.a(clock_control_nrf.c.obj)
 .text.generic_hfclk_stop
                0x000000000000c0bc       0x34 zephyr/drivers/clock_control/libdrivers__clock_control.a(clock_control_nrf.c.obj)
 .text.z_nrf_clock_control_lf_on
                0x000000000000c0f0      0x13c zephyr/drivers/clock_control/libdrivers__clock_control.a(clock_control_nrf.c.obj)
                0x000000000000c0f0                z_nrf_clock_control_lf_on
 .text.uart_console_init
                0x000000000000c22c       0x28 zephyr/drivers/console/libdrivers__console.a(uart_console.c.obj)
 .text.console_out
                0x000000000000c254       0x28 zephyr/drivers/console/libdrivers__console.a(uart_console.c.obj)
 .text.gpio_nrfx_manage_callback
                0x000000000000c27c       0xa0 zephyr/drivers/gpio/libdrivers__gpio.a(gpio_nrfx.c.obj)
 .text.gpio_nrfx_pin_interrupt_configure
                0x000000000000c31c      0x110 zephyr/drivers/gpio/libdrivers__gpio.a(gpio_nrfx.c.obj)
 .text.gpio_nrfx_init
                0x000000000000c42c       0x38 zephyr/drivers/gpio/libdrivers__gpio.a(gpio_nrfx.c.obj)
 .text.nrfx_gpio_handler
                0x000000000000c464       0x78 zephyr/drivers/gpio/libdrivers__gpio.a(gpio_nrfx.c.obj)
 .text.gpio_nrfx_pin_configure
                0x000000000000c4dc      0x164 zephyr/drivers/gpio/libdrivers__gpio.a(gpio_nrfx.c.obj)
 .text.gpio_hogs_init
                0x000000000000c640       0xe0 zephyr/drivers/gpio/libdrivers__gpio.a(gpio_hogs.c.obj)
 .text.mbox_nrf_init
                0x000000000000c720       0xb4 zephyr/drivers/mbox/libdrivers__mbox.a(mbox_nrfx_ipc.c.obj)
 .text.mbox_nrf_set_enabled
                0x000000000000c7d4       0xa0 zephyr/drivers/mbox/libdrivers__mbox.a(mbox_nrfx_ipc.c.obj)
 .text.mbox_nrf_send
                0x000000000000c874       0x54 zephyr/drivers/mbox/libdrivers__mbox.a(mbox_nrfx_ipc.c.obj)
 .text.mbox_dispatcher
                0x000000000000c8c8       0x7c zephyr/drivers/mbox/libdrivers__mbox.a(mbox_nrfx_ipc.c.obj)
 .text.nrf_gpio_pin_port_decode
                0x000000000000c944       0x5c zephyr/drivers/pinctrl/libdrivers__pinctrl.a(pinctrl_nrf.c.obj)
 .text.regulator_npm1100_common_init
                0x000000000000c9a0       0xd0 zephyr/drivers/regulator/libdrivers__regulator.a(regulator_npm1100.c.obj)
 .text.uarte_nrfx_tx
                0x000000000000ca70       0xb4 zephyr/drivers/serial/libdrivers__serial.a(uart_nrfx_uarte.c.obj)
 .text.uarte_nrfx_configure
                0x000000000000cb24      0x17c zephyr/drivers/serial/libdrivers__serial.a(uart_nrfx_uarte.c.obj)
 .text.uarte_0_init
                0x000000000000cca0      0x1a0 zephyr/drivers/serial/libdrivers__serial.a(uart_nrfx_uarte.c.obj)
 .text.uarte_nrfx_poll_out
                0x000000000000ce40       0xc0 zephyr/drivers/serial/libdrivers__serial.a(uart_nrfx_uarte.c.obj)
 .text.uarte_nrfx_rx_enable
                0x000000000000cf00      0x144 zephyr/drivers/serial/libdrivers__serial.a(uart_nrfx_uarte.c.obj)
 .text.uarte_nrfx_isr_async
                0x000000000000d044      0x370 zephyr/drivers/serial/libdrivers__serial.a(uart_nrfx_uarte.c.obj)
 .text.compare_int_lock
                0x000000000000d3b4       0x40 zephyr/drivers/timer/libdrivers__timer.a(nrf_rtc_timer.c.obj)
 .text.sys_clock_timeout_handler
                0x000000000000d3f4       0x48 zephyr/drivers/timer/libdrivers__timer.a(nrf_rtc_timer.c.obj)
 .text.compare_int_unlock
                0x000000000000d43c       0x4c zephyr/drivers/timer/libdrivers__timer.a(nrf_rtc_timer.c.obj)
 .text.z_nrf_rtc_timer_compare_evt_address_get
                0x000000000000d488       0x34 zephyr/drivers/timer/libdrivers__timer.a(nrf_rtc_timer.c.obj)
                0x000000000000d488                z_nrf_rtc_timer_compare_evt_address_get
 .text.z_nrf_rtc_timer_capture_task_address_get
                0x000000000000d4bc       0x34 zephyr/drivers/timer/libdrivers__timer.a(nrf_rtc_timer.c.obj)
                0x000000000000d4bc                z_nrf_rtc_timer_capture_task_address_get
 .text.z_nrf_rtc_timer_compare_read
                0x000000000000d4f0       0x38 zephyr/drivers/timer/libdrivers__timer.a(nrf_rtc_timer.c.obj)
                0x000000000000d4f0                z_nrf_rtc_timer_compare_read
 .text.z_nrf_rtc_timer_read
                0x000000000000d528       0x44 zephyr/drivers/timer/libdrivers__timer.a(nrf_rtc_timer.c.obj)
                0x000000000000d528                z_nrf_rtc_timer_read
 .text.compare_set
                0x000000000000d56c      0x124 zephyr/drivers/timer/libdrivers__timer.a(nrf_rtc_timer.c.obj)
 .text.z_nrf_rtc_timer_set
                0x000000000000d690       0x40 zephyr/drivers/timer/libdrivers__timer.a(nrf_rtc_timer.c.obj)
                0x000000000000d690                z_nrf_rtc_timer_set
 .text.sys_clock_driver_init
                0x000000000000d6d0       0xa4 zephyr/drivers/timer/libdrivers__timer.a(nrf_rtc_timer.c.obj)
 .text.rtc_nrf_isr
                0x000000000000d774      0x100 zephyr/drivers/timer/libdrivers__timer.a(nrf_rtc_timer.c.obj)
                0x000000000000d774                rtc_nrf_isr
 .text.z_nrf_rtc_timer_chan_alloc
                0x000000000000d874       0x3c zephyr/drivers/timer/libdrivers__timer.a(nrf_rtc_timer.c.obj)
                0x000000000000d874                z_nrf_rtc_timer_chan_alloc
 .text.z_nrf_rtc_timer_chan_free
                0x000000000000d8b0       0x44 zephyr/drivers/timer/libdrivers__timer.a(nrf_rtc_timer.c.obj)
                0x000000000000d8b0                z_nrf_rtc_timer_chan_free
 .text.sys_clock_set_timeout
                0x000000000000d8f4       0x64 zephyr/drivers/timer/libdrivers__timer.a(nrf_rtc_timer.c.obj)
                0x000000000000d8f4                sys_clock_set_timeout
 .text.sys_clock_elapsed
                0x000000000000d958       0x14 zephyr/drivers/timer/libdrivers__timer.a(nrf_rtc_timer.c.obj)
                0x000000000000d958                sys_clock_elapsed
 .text.sys_clock_disable
                0x000000000000d96c       0x30 zephyr/drivers/timer/libdrivers__timer.a(nrf_rtc_timer.c.obj)
                0x000000000000d96c                sys_clock_disable
 .text.z_impl_gpio_pin_configure
                0x000000000000d99c      0x164 modules/nrf/lib/dk_buttons_and_leds/lib..__nrf__lib__dk_buttons_and_leds.a(dk_buttons_and_leds.c.obj)
 .text.gpio_pin_set
                0x000000000000db00       0x5c modules/nrf/lib/dk_buttons_and_leds/lib..__nrf__lib__dk_buttons_and_leds.a(dk_buttons_and_leds.c.obj)
 .text.dk_set_leds_state.part.0
                0x000000000000db5c       0x68 modules/nrf/lib/dk_buttons_and_leds/lib..__nrf__lib__dk_buttons_and_leds.a(dk_buttons_and_leds.c.obj)
 .text.dk_leds_init
                0x000000000000dbc4       0x58 modules/nrf/lib/dk_buttons_and_leds/lib..__nrf__lib__dk_buttons_and_leds.a(dk_buttons_and_leds.c.obj)
                0x000000000000dbc4                dk_leds_init
 .text.dk_set_led
                0x000000000000dc1c       0x64 modules/nrf/lib/dk_buttons_and_leds/lib..__nrf__lib__dk_buttons_and_leds.a(dk_buttons_and_leds.c.obj)
                0x000000000000dc1c                dk_set_led
 .text.k_sys_fatal_error_handler
                0x000000000000dc80       0x2c modules/nrf/lib/fatal_error/lib..__nrf__lib__fatal_error.a(fatal_error.c.obj)
                0x000000000000dc80                k_sys_fatal_error_handler
 .text.nrf53_errata_42
                0x000000000000dcac       0x24 modules/hal_nordic/nrfx/libmodules__hal_nordic__nrfx.a(system_nrf5340_application.c.obj)
 .text.SystemInit
                0x000000000000dcd0      0x218 modules/hal_nordic/nrfx/libmodules__hal_nordic__nrfx.a(system_nrf5340_application.c.obj)
                0x000000000000dcd0                SystemInit
 .text.nrfx_flag32_alloc
                0x000000000000dee8       0x40 modules/hal_nordic/nrfx/libmodules__hal_nordic__nrfx.a(nrfx_flag32_allocator.c.obj)
                0x000000000000dee8                nrfx_flag32_alloc
 .text.nrfx_flag32_free
                0x000000000000df28       0x38 modules/hal_nordic/nrfx/libmodules__hal_nordic__nrfx.a(nrfx_flag32_allocator.c.obj)
                0x000000000000df28                nrfx_flag32_free
 .text.nrfx_gppi_channels_enable
                0x000000000000df60        0xc modules/hal_nordic/nrfx/libmodules__hal_nordic__nrfx.a(nrfx_gppi_dppi.c.obj)
                0x000000000000df60                nrfx_gppi_channels_enable
 .text.nrfx_gppi_channels_disable
                0x000000000000df6c        0xc modules/hal_nordic/nrfx/libmodules__hal_nordic__nrfx.a(nrfx_gppi_dppi.c.obj)
                0x000000000000df6c                nrfx_gppi_channels_disable
 .text.nrfx_gppi_event_endpoint_setup
                0x000000000000df78       0x30 modules/hal_nordic/nrfx/libmodules__hal_nordic__nrfx.a(nrfx_gppi_dppi.c.obj)
                0x000000000000df78                nrfx_gppi_event_endpoint_setup
 .text.nrfx_gppi_task_endpoint_setup
                0x000000000000dfa8       0x30 modules/hal_nordic/nrfx/libmodules__hal_nordic__nrfx.a(nrfx_gppi_dppi.c.obj)
                0x000000000000dfa8                nrfx_gppi_task_endpoint_setup
 .text.nrfx_gppi_event_endpoint_clear
                0x000000000000dfd8       0x2c modules/hal_nordic/nrfx/libmodules__hal_nordic__nrfx.a(nrfx_gppi_dppi.c.obj)
                0x000000000000dfd8                nrfx_gppi_event_endpoint_clear
 .text.nrfx_gppi_task_endpoint_clear
                0x000000000000e004       0x2c modules/hal_nordic/nrfx/libmodules__hal_nordic__nrfx.a(nrfx_gppi_dppi.c.obj)
                0x000000000000e004                nrfx_gppi_task_endpoint_clear
 .text.clock_stop
                0x000000000000e030      0x190 modules/hal_nordic/nrfx/libmodules__hal_nordic__nrfx.a(nrfx_clock.c.obj)
 .text.nrfx_clock_init
                0x000000000000e1c0       0x48 modules/hal_nordic/nrfx/libmodules__hal_nordic__nrfx.a(nrfx_clock.c.obj)
                0x000000000000e1c0                nrfx_clock_init
 .text.nrfx_clock_enable
                0x000000000000e208       0x54 modules/hal_nordic/nrfx/libmodules__hal_nordic__nrfx.a(nrfx_clock.c.obj)
                0x000000000000e208                nrfx_clock_enable
 .text.nrfx_clock_start
                0x000000000000e25c       0xf8 modules/hal_nordic/nrfx/libmodules__hal_nordic__nrfx.a(nrfx_clock.c.obj)
                0x000000000000e25c                nrfx_clock_start
 .text.nrfx_clock_stop
                0x000000000000e354       0x38 modules/hal_nordic/nrfx/libmodules__hal_nordic__nrfx.a(nrfx_clock.c.obj)
                0x000000000000e354                nrfx_clock_stop
 .text.nrfx_power_clock_irq_handler
                0x000000000000e38c       0xb0 modules/hal_nordic/nrfx/libmodules__hal_nordic__nrfx.a(nrfx_clock.c.obj)
                0x000000000000e38c                nrfx_power_clock_irq_handler
 .text.nrfx_dppi_channel_alloc
                0x000000000000e43c        0xc modules/hal_nordic/nrfx/libmodules__hal_nordic__nrfx.a(nrfx_dppi.c.obj)
                0x000000000000e43c                nrfx_dppi_channel_alloc
 .text.nrfx_dppi_channel_free
                0x000000000000e448       0x1c modules/hal_nordic/nrfx/libmodules__hal_nordic__nrfx.a(nrfx_dppi.c.obj)
                0x000000000000e448                nrfx_dppi_channel_free
 .text.get_pin_idx
                0x000000000000e464       0x14 modules/hal_nordic/nrfx/libmodules__hal_nordic__nrfx.a(nrfx_gpiote.c.obj)
 .text.pin_in_use
                0x000000000000e478       0x18 modules/hal_nordic/nrfx/libmodules__hal_nordic__nrfx.a(nrfx_gpiote.c.obj)
 .text.pin_in_use_by_te
                0x000000000000e490       0x18 modules/hal_nordic/nrfx/libmodules__hal_nordic__nrfx.a(nrfx_gpiote.c.obj)
 .text.pin_has_trigger
                0x000000000000e4a8       0x1c modules/hal_nordic/nrfx/libmodules__hal_nordic__nrfx.a(nrfx_gpiote.c.obj)
 .text.pin_is_output
                0x000000000000e4c4       0x18 modules/hal_nordic/nrfx/libmodules__hal_nordic__nrfx.a(nrfx_gpiote.c.obj)
 .text.pin_te_get
                0x000000000000e4dc       0x18 modules/hal_nordic/nrfx/libmodules__hal_nordic__nrfx.a(nrfx_gpiote.c.obj)
 .text.call_handler
                0x000000000000e4f4       0x40 modules/hal_nordic/nrfx/libmodules__hal_nordic__nrfx.a(nrfx_gpiote.c.obj)
 .text.release_handler
                0x000000000000e534       0x80 modules/hal_nordic/nrfx/libmodules__hal_nordic__nrfx.a(nrfx_gpiote.c.obj)
 .text.nrf_gpio_pin_port_decode
                0x000000000000e5b4       0x68 modules/hal_nordic/nrfx/libmodules__hal_nordic__nrfx.a(nrfx_gpiote.c.obj)
 .text.nrf_gpiote_in_event_get
                0x000000000000e61c       0x34 modules/hal_nordic/nrfx/libmodules__hal_nordic__nrfx.a(nrfx_gpiote.c.obj)
 .text.__nrfy_internal_gpiote_events_process.constprop.0
                0x000000000000e650       0x5c modules/hal_nordic/nrfx/libmodules__hal_nordic__nrfx.a(nrfx_gpiote.c.obj)
 .text.nrfx_gpiote_input_configure
                0x000000000000e6ac      0x168 modules/hal_nordic/nrfx/libmodules__hal_nordic__nrfx.a(nrfx_gpiote.c.obj)
                0x000000000000e6ac                nrfx_gpiote_input_configure
 .text.nrfx_gpiote_output_configure
                0x000000000000e814       0xf8 modules/hal_nordic/nrfx/libmodules__hal_nordic__nrfx.a(nrfx_gpiote.c.obj)
                0x000000000000e814                nrfx_gpiote_output_configure
 .text.nrfx_gpiote_global_callback_set
                0x000000000000e90c        0xc modules/hal_nordic/nrfx/libmodules__hal_nordic__nrfx.a(nrfx_gpiote.c.obj)
                0x000000000000e90c                nrfx_gpiote_global_callback_set
 .text.nrfx_gpiote_channel_get
                0x000000000000e918       0x58 modules/hal_nordic/nrfx/libmodules__hal_nordic__nrfx.a(nrfx_gpiote.c.obj)
                0x000000000000e918                nrfx_gpiote_channel_get
 .text.nrfx_gpiote_init
                0x000000000000e970       0x78 modules/hal_nordic/nrfx/libmodules__hal_nordic__nrfx.a(nrfx_gpiote.c.obj)
                0x000000000000e970                nrfx_gpiote_init
 .text.nrfx_gpiote_is_init
                0x000000000000e9e8       0x14 modules/hal_nordic/nrfx/libmodules__hal_nordic__nrfx.a(nrfx_gpiote.c.obj)
                0x000000000000e9e8                nrfx_gpiote_is_init
 .text.nrfx_gpiote_channel_free
                0x000000000000e9fc        0xc modules/hal_nordic/nrfx/libmodules__hal_nordic__nrfx.a(nrfx_gpiote.c.obj)
                0x000000000000e9fc                nrfx_gpiote_channel_free
 .text.nrfx_gpiote_channel_alloc
                0x000000000000ea08        0xc modules/hal_nordic/nrfx/libmodules__hal_nordic__nrfx.a(nrfx_gpiote.c.obj)
                0x000000000000ea08                nrfx_gpiote_channel_alloc
 .text.nrfx_gpiote_trigger_enable
                0x000000000000ea14       0xe8 modules/hal_nordic/nrfx/libmodules__hal_nordic__nrfx.a(nrfx_gpiote.c.obj)
                0x000000000000ea14                nrfx_gpiote_trigger_enable
 .text.nrfx_gpiote_trigger_disable
                0x000000000000eafc       0x4c modules/hal_nordic/nrfx/libmodules__hal_nordic__nrfx.a(nrfx_gpiote.c.obj)
                0x000000000000eafc                nrfx_gpiote_trigger_disable
 .text.nrfx_gpiote_pin_uninit
                0x000000000000eb48       0x84 modules/hal_nordic/nrfx/libmodules__hal_nordic__nrfx.a(nrfx_gpiote.c.obj)
                0x000000000000eb48                nrfx_gpiote_pin_uninit
 .text.nrfx_gpiote_irq_handler
                0x000000000000ebcc      0x1a0 modules/hal_nordic/nrfx/libmodules__hal_nordic__nrfx.a(nrfx_gpiote.c.obj)
                0x000000000000ebcc                nrfx_gpiote_irq_handler
 .text.nrfx_ipc_init
                0x000000000000ed6c       0x50 modules/hal_nordic/nrfx/libmodules__hal_nordic__nrfx.a(nrfx_ipc.c.obj)
                0x000000000000ed6c                nrfx_ipc_init
 .text.nrfx_ipc_config_load
                0x000000000000edbc       0x84 modules/hal_nordic/nrfx/libmodules__hal_nordic__nrfx.a(nrfx_ipc.c.obj)
                0x000000000000edbc                nrfx_ipc_config_load
 .text.nrfx_ipc_receive_event_enable
                0x000000000000ee40       0x3c modules/hal_nordic/nrfx/libmodules__hal_nordic__nrfx.a(nrfx_ipc.c.obj)
                0x000000000000ee40                nrfx_ipc_receive_event_enable
 .text.nrfx_ipc_receive_event_disable
                0x000000000000ee7c       0x3c modules/hal_nordic/nrfx/libmodules__hal_nordic__nrfx.a(nrfx_ipc.c.obj)
                0x000000000000ee7c                nrfx_ipc_receive_event_disable
 .text.nrfx_ipc_irq_handler
                0x000000000000eeb8       0x68 modules/hal_nordic/nrfx/libmodules__hal_nordic__nrfx.a(nrfx_ipc.c.obj)
                0x000000000000eeb8                nrfx_ipc_irq_handler
 .text.metal_generic_dev_open
                0x000000000000ef20       0x40 modules/libmetal/libmetal/lib/libmetal.a(device.c.obj)
                0x000000000000ef20                metal_generic_dev_open
 .text.metal_bus_unregister
                0x000000000000ef60       0x3c modules/libmetal/libmetal/lib/libmetal.a(device.c.obj)
                0x000000000000ef60                metal_bus_unregister
 .text.metal_bus_find
                0x000000000000ef9c       0x3c modules/libmetal/libmetal/lib/libmetal.a(device.c.obj)
                0x000000000000ef9c                metal_bus_find
 .text.metal_bus_register
                0x000000000000efd8       0x5c modules/libmetal/libmetal/lib/libmetal.a(device.c.obj)
                0x000000000000efd8                metal_bus_register
 .text.metal_device_close
                0x000000000000f034       0x38 modules/libmetal/libmetal/lib/libmetal.a(device.c.obj)
                0x000000000000f034                metal_device_close
 .text.metal_register_generic_device
                0x000000000000f06c       0x3c modules/libmetal/libmetal/lib/libmetal.a(device.c.obj)
                0x000000000000f06c                metal_register_generic_device
 .text.metal_init
                0x000000000000f0a8       0x40 modules/libmetal/libmetal/lib/libmetal.a(init.c.obj)
                0x000000000000f0a8                metal_init
 .text.metal_finish
                0x000000000000f0e8       0x18 modules/libmetal/libmetal/lib/libmetal.a(init.c.obj)
                0x000000000000f0e8                metal_finish
 .text.metal_sys_init
                0x000000000000f100       0x10 modules/libmetal/libmetal/lib/libmetal.a(init.c.obj)
                0x000000000000f100                metal_sys_init
 .text.metal_sys_finish
                0x000000000000f110        0xc modules/libmetal/libmetal/lib/libmetal.a(init.c.obj)
                0x000000000000f110                metal_sys_finish
 .text.metal_zephyr_log_handler
                0x000000000000f11c       0x3c modules/libmetal/libmetal/lib/libmetal.a(log.c.obj)
                0x000000000000f11c                metal_zephyr_log_handler
 .text.virtio_create_virtqueues
                0x000000000000f158       0xbc modules/open-amp/open-amp/lib/libopen_amp.a(virtio.c.obj)
                0x000000000000f158                virtio_create_virtqueues
 .text.virtqueue_free
                0x000000000000f214       0x38 modules/open-amp/open-amp/lib/libopen_amp.a(virtqueue.c.obj)
                0x000000000000f214                virtqueue_free
 .text.virtqueue_add_consumed_buffer
                0x000000000000f24c       0x38 modules/open-amp/open-amp/lib/libopen_amp.a(virtqueue.c.obj)
                0x000000000000f24c                virtqueue_add_consumed_buffer
 .text.rpmsg_send_offchannel_raw
                0x000000000000f284       0x2c modules/open-amp/open-amp/lib/libopen_amp.a(rpmsg.c.obj)
                0x000000000000f284                rpmsg_send_offchannel_raw
 .text.rpmsg_send_offchannel_nocopy
                0x000000000000f2b0       0x2c modules/open-amp/open-amp/lib/libopen_amp.a(rpmsg.c.obj)
                0x000000000000f2b0                rpmsg_send_offchannel_nocopy
 .text.rpmsg_register_endpoint
                0x000000000000f2dc       0x40 modules/open-amp/open-amp/lib/libopen_amp.a(rpmsg.c.obj)
                0x000000000000f2dc                rpmsg_register_endpoint
 .text.rpmsg_create_ept
                0x000000000000f31c      0x100 modules/open-amp/open-amp/lib/libopen_amp.a(rpmsg.c.obj)
                0x000000000000f31c                rpmsg_create_ept
 .text.rpmsg_virtio_send_offchannel_nocopy
                0x000000000000f41c       0xe8 modules/open-amp/open-amp/lib/libopen_amp.a(rpmsg_virtio.c.obj)
 .text.rpmsg_virtio_rx_callback
                0x000000000000f504       0xdc modules/open-amp/open-amp/lib/libopen_amp.a(rpmsg_virtio.c.obj)
 .text.rpmsg_virtio_send_offchannel_raw
                0x000000000000f5e0       0x84 modules/open-amp/open-amp/lib/libopen_amp.a(rpmsg_virtio.c.obj)
 .text.rpmsg_virtio_get_buffer_size
                0x000000000000f664       0x4c modules/open-amp/open-amp/lib/libopen_amp.a(rpmsg_virtio.c.obj)
                0x000000000000f664                rpmsg_virtio_get_buffer_size
 .text.rpmsg_init_vdev_with_config
                0x000000000000f6b0      0x254 modules/open-amp/open-amp/lib/libopen_amp.a(rpmsg_virtio.c.obj)
                0x000000000000f6b0                rpmsg_init_vdev_with_config
 .text.rpmsg_init_vdev
                0x000000000000f904       0x2c modules/open-amp/open-amp/lib/libopen_amp.a(rpmsg_virtio.c.obj)
                0x000000000000f904                rpmsg_init_vdev
 .text._DoInit  0x000000000000f930       0x60 modules/segger/libmodules__segger.a(SEGGER_RTT.c.obj)
 .text.SEGGER_RTT_WriteSkipNoLock
                0x000000000000f990       0x88 modules/segger/libmodules__segger.a(SEGGER_RTT.c.obj)
                0x000000000000f990                SEGGER_RTT_WriteSkipNoLock
 .text.SEGGER_RTT_HasDataUp
                0x000000000000fa18       0x14 modules/segger/libmodules__segger.a(SEGGER_RTT.c.obj)
                0x000000000000fa18                SEGGER_RTT_HasDataUp
 .text.zephyr_rtt_mutex_lock
                0x000000000000fa2c       0x14 modules/segger/libmodules__segger.a(SEGGER_RTT_zephyr.c.obj)
                0x000000000000fa2c                zephyr_rtt_mutex_lock
 .text.zephyr_rtt_mutex_unlock
                0x000000000000fa40        0xc modules/segger/libmodules__segger.a(SEGGER_RTT_zephyr.c.obj)
                0x000000000000fa40                zephyr_rtt_mutex_unlock
 .text.z_device_state_init
                0x000000000000fa4c       0x44 zephyr/kernel/libkernel.a(device.c.obj)
                0x000000000000fa4c                z_device_state_init
 .text.z_fatal_error
                0x000000000000fa90      0x130 zephyr/kernel/libkernel.a(fatal.c.obj)
                0x000000000000fa90                z_fatal_error
 .text.z_sys_init_run_level
                0x000000000000fbc0       0x48 zephyr/kernel/libkernel.a(init.c.obj)
 .text.bg_thread_main
                0x000000000000fc08       0x34 zephyr/kernel/libkernel.a(init.c.obj)
 .text.z_bss_zero
                0x000000000000fc3c       0x18 zephyr/kernel/libkernel.a(init.c.obj)
                0x000000000000fc3c                z_bss_zero
 .text.z_init_cpu
                0x000000000000fc54       0x7c zephyr/kernel/libkernel.a(init.c.obj)
                0x000000000000fc54                z_init_cpu
 .text.z_cstart
                0x000000000000fcd0       0xe4 zephyr/kernel/libkernel.a(init.c.obj)
                0x000000000000fcd0                z_cstart
 .text.statics_init
                0x000000000000fdb4       0x50 zephyr/kernel/libkernel.a(kheap.c.obj)
 .text.k_heap_aligned_alloc
                0x000000000000fe04      0x138 zephyr/kernel/libkernel.a(kheap.c.obj)
                0x000000000000fe04                k_heap_aligned_alloc
 .text.k_heap_free
                0x000000000000ff3c       0xa4 zephyr/kernel/libkernel.a(kheap.c.obj)
                0x000000000000ff3c                k_heap_free
 .text.init_mem_slab_module
                0x000000000000ffe0       0x50 zephyr/kernel/libkernel.a(mem_slab.c.obj)
 .text.k_mem_slab_alloc
                0x0000000000010030       0xd4 zephyr/kernel/libkernel.a(mem_slab.c.obj)
                0x0000000000010030                k_mem_slab_alloc
 .text.k_mem_slab_free
                0x0000000000010104      0x104 zephyr/kernel/libkernel.a(mem_slab.c.obj)
                0x0000000000010104                k_mem_slab_free
 .text.z_setup_new_thread
                0x0000000000010208       0xc8 zephyr/kernel/libkernel.a(thread.c.obj)
                0x0000000000010208                z_setup_new_thread
 .text.z_impl_k_thread_create
                0x00000000000102d0       0x8c zephyr/kernel/libkernel.a(thread.c.obj)
                0x00000000000102d0                z_impl_k_thread_create
 .text.z_init_static_threads
                0x000000000001035c      0x108 zephyr/kernel/libkernel.a(thread.c.obj)
                0x000000000001035c                z_init_static_threads
 .text.z_spin_lock_valid
                0x0000000000010464       0x1c zephyr/kernel/libkernel.a(thread.c.obj)
                0x0000000000010464                z_spin_lock_valid
 .text.z_spin_unlock_valid
                0x0000000000010480       0x1c zephyr/kernel/libkernel.a(thread.c.obj)
                0x0000000000010480                z_spin_unlock_valid
 .text.z_spin_lock_set_owner
                0x000000000001049c       0x10 zephyr/kernel/libkernel.a(thread.c.obj)
                0x000000000001049c                z_spin_lock_set_owner
 .text.idle     0x00000000000104ac       0x48 zephyr/kernel/libkernel.a(idle.c.obj)
                0x00000000000104ac                idle
 .text.z_impl_k_mutex_lock
                0x00000000000104f4      0x1a0 zephyr/kernel/libkernel.a(mutex.c.obj)
                0x00000000000104f4                z_impl_k_mutex_lock
 .text.z_impl_k_mutex_unlock
                0x0000000000010694      0x11c zephyr/kernel/libkernel.a(mutex.c.obj)
                0x0000000000010694                z_impl_k_mutex_unlock
 .text.queue_insert
                0x00000000000107b0      0x134 zephyr/kernel/libkernel.a(queue.c.obj)
 .text.z_impl_k_queue_get
                0x00000000000108e4       0xd4 zephyr/kernel/libkernel.a(queue.c.obj)
                0x00000000000108e4                z_impl_k_queue_get
 .text.z_impl_k_sem_give
                0x00000000000109b8       0x88 zephyr/kernel/libkernel.a(sem.c.obj)
                0x00000000000109b8                z_impl_k_sem_give
 .text.z_impl_k_sem_take
                0x0000000000010a40       0xf4 zephyr/kernel/libkernel.a(sem.c.obj)
                0x0000000000010a40                z_impl_k_sem_take
 .text.k_sys_work_q_init
                0x0000000000010b34       0x34 zephyr/kernel/libkernel.a(system_work_q.c.obj)
 .text.work_queue_main
                0x0000000000010b68      0x1e8 zephyr/kernel/libkernel.a(work.c.obj)
 .text.cancel_sync_locked
                0x0000000000010d50       0x3c zephyr/kernel/libkernel.a(work.c.obj)
 .text.submit_to_queue_locked
                0x0000000000010d8c       0xd8 zephyr/kernel/libkernel.a(work.c.obj)
 .text.work_timeout
                0x0000000000010e64       0xa4 zephyr/kernel/libkernel.a(work.c.obj)
 .text.k_work_init
                0x0000000000010f08       0x4c zephyr/kernel/libkernel.a(work.c.obj)
                0x0000000000010f08                k_work_init
 .text.k_work_busy_get
                0x0000000000010f54       0x8c zephyr/kernel/libkernel.a(work.c.obj)
                0x0000000000010f54                k_work_busy_get
 .text.z_work_submit_to_queue
                0x0000000000010fe0       0xb4 zephyr/kernel/libkernel.a(work.c.obj)
                0x0000000000010fe0                z_work_submit_to_queue
 .text.k_work_submit
                0x0000000000011094        0xc zephyr/kernel/libkernel.a(work.c.obj)
                0x0000000000011094                k_work_submit
 .text.k_work_queue_init
                0x00000000000110a0       0x34 zephyr/kernel/libkernel.a(work.c.obj)
                0x00000000000110a0                k_work_queue_init
 .text.k_work_queue_start
                0x00000000000110d4       0xd0 zephyr/kernel/libkernel.a(work.c.obj)
                0x00000000000110d4                k_work_queue_start
 .text.k_work_queue_drain
                0x00000000000111a4      0x11c zephyr/kernel/libkernel.a(work.c.obj)
                0x00000000000111a4                k_work_queue_drain
 .text.k_work_init_delayable
                0x00000000000112c0       0x58 zephyr/kernel/libkernel.a(work.c.obj)
                0x00000000000112c0                k_work_init_delayable
 .text.k_work_schedule_for_queue
                0x0000000000011318       0xec zephyr/kernel/libkernel.a(work.c.obj)
                0x0000000000011318                k_work_schedule_for_queue
 .text.k_work_schedule
                0x0000000000011404        0xc zephyr/kernel/libkernel.a(work.c.obj)
                0x0000000000011404                k_work_schedule
 .text.k_work_reschedule_for_queue
                0x0000000000011410       0xe8 zephyr/kernel/libkernel.a(work.c.obj)
                0x0000000000011410                k_work_reschedule_for_queue
 .text.k_work_reschedule
                0x00000000000114f8        0xc zephyr/kernel/libkernel.a(work.c.obj)