/opt/nordic/ncs/v2.6.0/zephyr/include/zephyr/bluetooth/addr.h:242:19:bt_addr_le_to_str	64	static
/Users/joaovitor/Documents/programming/Tiresias/nrf5340_audio/src/bluetooth/bt_management/advertising/bt_mgmt_adv.c:91:12:addr_print	152	dynamic,bounded
/Users/joaovitor/Documents/programming/Tiresias/nrf5340_audio/src/bluetooth/bt_management/advertising/bt_mgmt_adv.c:112:13:adv_rpa_expired_cb	72	dynamic,bounded
/Users/joaovitor/Documents/programming/Tiresias/nrf5340_audio/src/bluetooth/bt_management/advertising/bt_mgmt_adv.c:75:13:filter_accept_list_add	8	static
/Users/joaovitor/Documents/programming/Tiresias/nrf5340_audio/src/bluetooth/bt_management/advertising/bt_mgmt_adv.c:39:13:bond_find	48	static
/Users/joaovitor/Documents/programming/Tiresias/nrf5340_audio/src/bluetooth/bt_management/advertising/bt_mgmt_adv.c:137:12:direct_adv_create	72	static
/Users/joaovitor/Documents/programming/Tiresias/nrf5340_audio/src/bluetooth/bt_management/advertising/bt_mgmt_adv.c:173:12:extended_adv_create	24	static
/Users/joaovitor/Documents/programming/Tiresias/nrf5340_audio/src/bluetooth/bt_management/advertising/bt_mgmt_adv.c:222:13:advertising_process	24	static
/Users/joaovitor/Documents/programming/Tiresias/nrf5340_audio/src/bluetooth/bt_management/advertising/bt_mgmt_adv.c:319:5:bt_mgmt_adv_start	56	static
/Users/joaovitor/Documents/programming/Tiresias/nrf5340_audio/src/bluetooth/bt_management/advertising/bt_mgmt_adv.c:290:6:bt_mgmt_dir_adv_timed_out	40	static
/Users/joaovitor/Documents/programming/Tiresias/nrf5340_audio/src/bluetooth/bt_management/advertising/bt_mgmt_adv.c:370:6:bt_mgmt_adv_init	8	static
