/opt/nordic/ncs/v2.6.0-rc2/modules/hal/cirrus-logic/cs47l63/cs47l63.c:252:13:cs47l63_irq_callback	0	static
/opt/nordic/ncs/v2.6.0-rc2/modules/hal/cirrus-logic/cs47l63/cs47l63.c:680:17:cs47l63_fll_validate	0	static
/opt/nordic/ncs/v2.6.0-rc2/modules/hal/cirrus-logic/cs47l63/cs47l63.c:708:13:cs47l63_fll_int_osc_is_used	0	static
/opt/nordic/ncs/v2.6.0-rc2/modules/hal/cirrus-logic/cs47l63/cs47l63.c:723:17:gcd	0	static
/opt/nordic/ncs/v2.6.0-rc2/modules/hal/cirrus-logic/cs47l63/cs47l63.c:919:17:cs47l63_fll_init	4	static
/opt/nordic/ncs/v2.6.0-rc2/modules/hal/cirrus-logic/cs47l63/cs47l63.c:208:10:cs47l63_find_symbol	24	static
/opt/nordic/ncs/v2.6.0-rc2/modules/hal/cirrus-logic/cs47l63/cs47l63.c:281:10:cs47l63_read_reg	8	static
/opt/nordic/ncs/v2.6.0-rc2/modules/hal/cirrus-logic/cs47l63/cs47l63.c:309:10:cs47l63_write_reg	8	static
/opt/nordic/ncs/v2.6.0-rc2/modules/hal/cirrus-logic/cs47l63/cs47l63.c:646:17:cs47l63_event_handler	24	static
/opt/nordic/ncs/v2.6.0-rc2/modules/hal/cirrus-logic/cs47l63/cs47l63.c:1025:17:cs47l63_otpid_8_patch	8	static
/opt/nordic/ncs/v2.6.0-rc2/modules/hal/cirrus-logic/cs47l63/cs47l63.c:571:17:cs47l63_power_mem_ena	32	static
/opt/nordic/ncs/v2.6.0-rc2/modules/hal/cirrus-logic/cs47l63/cs47l63.c:608:17:cs47l63_power_mem_dis	32	static
/opt/nordic/ncs/v2.6.0-rc2/modules/hal/cirrus-logic/cs47l63/cs47l63.c:323:10:cs47l63_update_reg	8	static
/opt/nordic/ncs/v2.6.0-rc2/modules/hal/cirrus-logic/cs47l63/cs47l63.c:519:17:cs47l63_power_down	16	static
/opt/nordic/ncs/v2.6.0-rc2/modules/hal/cirrus-logic/cs47l63/cs47l63.c:739:17:cs47l63_fll_do_config	56	static
/opt/nordic/ncs/v2.6.0-rc2/modules/hal/cirrus-logic/cs47l63/cs47l63.c:880:17:cs47l63_fll_apply_config	16	static
/opt/nordic/ncs/v2.6.0-rc2/modules/hal/cirrus-logic/cs47l63/cs47l63.c:355:23:cs47l63_write_acked_reg	24	static
/opt/nordic/ncs/v2.6.0-rc2/modules/hal/cirrus-logic/cs47l63/cs47l63.c:387:10:cs47l63_write_reg_sequence	24	static
/opt/nordic/ncs/v2.6.0-rc2/modules/hal/cirrus-logic/cs47l63/cs47l63.c:428:17:cs47l63_power_up	304	static
/opt/nordic/ncs/v2.6.0-rc2/modules/hal/cirrus-logic/cs47l63/cs47l63.c:1121:10:cs47l63_initialize	8	static
/opt/nordic/ncs/v2.6.0-rc2/modules/hal/cirrus-logic/cs47l63/cs47l63.c:1143:10:cs47l63_configure	8	static
/opt/nordic/ncs/v2.6.0-rc2/modules/hal/cirrus-logic/cs47l63/cs47l63.c:1191:10:cs47l63_process	16	static
/opt/nordic/ncs/v2.6.0-rc2/modules/hal/cirrus-logic/cs47l63/cs47l63.c:1333:10:cs47l63_write_block	8	static
/opt/nordic/ncs/v2.6.0-rc2/modules/hal/cirrus-logic/cs47l63/cs47l63.c:953:17:cs47l63_common_patch	360	static
/opt/nordic/ncs/v2.6.0-rc2/modules/hal/cirrus-logic/cs47l63/cs47l63.c:1080:17:cs47l63_patch	16	static
/opt/nordic/ncs/v2.6.0-rc2/modules/hal/cirrus-logic/cs47l63/cs47l63.c:1237:10:cs47l63_reset	24	static
/opt/nordic/ncs/v2.6.0-rc2/modules/hal/cirrus-logic/cs47l63/cs47l63.c:1360:10:cs47l63_read_block	8	static
/opt/nordic/ncs/v2.6.0-rc2/modules/hal/cirrus-logic/cs47l63/cs47l63.c:1387:10:cs47l63_wait	8	static
/opt/nordic/ncs/v2.6.0-rc2/modules/hal/cirrus-logic/cs47l63/cs47l63.c:1404:10:cs47l63_boot	0	static
/opt/nordic/ncs/v2.6.0-rc2/modules/hal/cirrus-logic/cs47l63/cs47l63.c:1423:10:cs47l63_power	8	static
/opt/nordic/ncs/v2.6.0-rc2/modules/hal/cirrus-logic/cs47l63/cs47l63.c:1465:10:cs47l63_fll_config	32	static
/opt/nordic/ncs/v2.6.0-rc2/modules/hal/cirrus-logic/cs47l63/cs47l63.c:1520:10:cs47l63_fll_enable	16	static
/opt/nordic/ncs/v2.6.0-rc2/modules/hal/cirrus-logic/cs47l63/cs47l63.c:1602:10:cs47l63_fll_disable	16	static
/opt/nordic/ncs/v2.6.0-rc2/modules/hal/cirrus-logic/cs47l63/cs47l63.c:1672:10:cs47l63_fll_wait_for_lock	24	static
