/opt/nordic/ncs/v2.6.0/nrf/lib/data_fifo/data_fifo.c:19:12:msgq_slab_legal_used_elements	40	static
/opt/nordic/ncs/v2.6.0/nrf/lib/data_fifo/data_fifo.c:44:5:data_fifo_pointer_first_vacant_get	8	static
/opt/nordic/ncs/v2.6.0/nrf/lib/data_fifo/data_fifo.c:55:5:data_fifo_block_lock	16	static
/opt/nordic/ncs/v2.6.0/nrf/lib/data_fifo/data_fifo.c:87:5:data_fifo_pointer_last_filled_get	24	static
/opt/nordic/ncs/v2.6.0/nrf/lib/data_fifo/data_fifo.c:106:6:data_fifo_block_free	8	static
/opt/nordic/ncs/v2.6.0/nrf/lib/data_fifo/data_fifo.c:114:5:data_fifo_num_used_get	24	static
/opt/nordic/ncs/v2.6.0/nrf/lib/data_fifo/data_fifo.c:134:5:data_fifo_empty	40	static
/opt/nordic/ncs/v2.6.0/nrf/lib/data_fifo/data_fifo.c:170:5:data_fifo_init	16	static
