/opt/nordic/ncs/v2.6.0/zephyr/subsys/bluetooth/audio/bap_endpoint.h:148:27:bt_bap_ep_state_str	0	static
/opt/nordic/ncs/v2.6.0/zephyr/subsys/bluetooth/audio/ascs.c:104:13:is_valid_ase_id	0	static
/opt/nordic/ncs/v2.6.0/zephyr/subsys/bluetooth/audio/ascs.c:109:29:ascs_ep_get_state	0	static
/opt/nordic/ncs/v2.6.0/zephyr/subsys/bluetooth/audio/ascs.c:837:13:ascs_update_sdu_size	0	static
/opt/nordic/ncs/v2.6.0/zephyr/subsys/bluetooth/audio/ascs.c:971:13:ascs_ase_cfg_changed	0	static
/opt/nordic/ncs/v2.6.0/zephyr/subsys/bluetooth/audio/ascs.c:1178:13:bap_iso_find_func	0	static
/opt/nordic/ncs/v2.6.0/zephyr/subsys/bluetooth/audio/ascs.c:1222:16:ase_attr_cb	0	static
/opt/nordic/ncs/v2.6.0/zephyr/subsys/bluetooth/audio/ascs.c:1287:28:ase_find	4	static
/opt/nordic/ncs/v2.6.0/zephyr/subsys/bluetooth/audio/ascs.c:1337:13:ascs_cp_cfg_changed	0	static
/opt/nordic/ncs/v2.6.0/zephyr/subsys/bluetooth/audio/ascs.c:1349:13:codec_lookup_id	0	static
/opt/nordic/ncs/v2.6.0/zephyr/subsys/bluetooth/audio/ascs.c:1540:26:ep_lookup_stream	4	static
/opt/nordic/ncs/v2.6.0/zephyr/subsys/bluetooth/audio/ascs.c:325:13:ase_metadata_updated	8	static
/opt/nordic/ncs/v2.6.0/zephyr/subsys/bluetooth/audio/ascs.c:263:13:ase_enter_state_codec_configured	8	static
/opt/nordic/ncs/v2.6.0/zephyr/subsys/bluetooth/audio/ascs.c:278:13:ase_enter_state_qos_configured	8	static
/opt/nordic/ncs/v2.6.0/zephyr/subsys/bluetooth/audio/ascs.c:312:13:ase_enter_state_streaming	8	static
/opt/nordic/ncs/v2.6.0/zephyr/subsys/bluetooth/audio/ascs.c:359:13:ase_enter_state_disabling	8	static
/opt/nordic/ncs/v2.6.0/zephyr/subsys/bluetooth/audio/ascs.c:806:13:ascs_iso_sent	88	dynamic,bounded
/opt/nordic/ncs/v2.6.0/zephyr/subsys/bluetooth/audio/ascs.c:709:12:ascs_iso_accept	96	dynamic,bounded
/opt/nordic/ncs/v2.6.0/zephyr/subsys/bluetooth/audio/ascs.c:114:13:ase_free	8	static
/opt/nordic/ncs/v2.6.0/zephyr/subsys/bluetooth/audio/ascs.c:241:13:ase_enter_state_idle	16	static
/opt/nordic/ncs/v2.6.0/zephyr/subsys/bluetooth/audio/ascs.c:230:12:ascs_disconnect_stream	8	static
/opt/nordic/ncs/v2.6.0/zephyr/subsys/bluetooth/audio/ascs.c:590:13:ascs_ep_get_status_config	16	static
/opt/nordic/ncs/v2.6.0/zephyr/subsys/bluetooth/audio/ascs.c:619:13:ascs_ep_get_status_qos	8	static
/opt/nordic/ncs/v2.6.0/zephyr/subsys/bluetooth/audio/ascs.c:641:13:ascs_ep_get_status_enable	16	static
/opt/nordic/ncs/v2.6.0/zephyr/subsys/bluetooth/audio/ascs.c:979:13:ascs_cp_rsp_init	16	static
/opt/nordic/ncs/v2.6.0/zephyr/subsys/bluetooth/audio/ascs.c:991:13:ascs_cp_rsp_add	16	static
/opt/nordic/ncs/v2.6.0/zephyr/subsys/bluetooth/audio/ascs.c:1022:13:ascs_cp_rsp_success	8	static
/opt/nordic/ncs/v2.6.0/zephyr/subsys/bluetooth/audio/ascs.c:669:12:ascs_ep_get_status	16	static
/opt/nordic/ncs/v2.6.0/zephyr/subsys/bluetooth/audio/ascs.c:338:13:ase_exit_state_streaming	8	static
/opt/nordic/ncs/v2.6.0/zephyr/subsys/bluetooth/audio/ascs.c:749:13:ascs_iso_recv	56	dynamic,bounded
/opt/nordic/ncs/v2.6.0/zephyr/include/zephyr/bluetooth/gatt.h:1188:19:bt_gatt_notify	32	static
/opt/nordic/ncs/v2.6.0/zephyr/include/zephyr/bluetooth/gatt.h:1225:19:bt_gatt_notify_uuid	32	static
/opt/nordic/ncs/v2.6.0/zephyr/subsys/bluetooth/audio/ascs.c:2931:12:control_point_notify	24	static
/opt/nordic/ncs/v2.6.0/zephyr/subsys/bluetooth/audio/ascs.c:131:12:ase_state_notify	48	static
/opt/nordic/ncs/v2.6.0/zephyr/subsys/bluetooth/audio/ascs.c:1363:12:ascs_ep_set_codec	48	static
/opt/nordic/ncs/v2.6.0/zephyr/subsys/bluetooth/audio/ascs.c:174:13:ascs_disconnect_stream_work_handler	64	dynamic,bounded
/opt/nordic/ncs/v2.6.0/zephyr/subsys/bluetooth/audio/ascs.c:656:16:ascs_ase_read_status_idle	32	static
/opt/nordic/ncs/v2.6.0/zephyr/subsys/bluetooth/audio/ascs.c:1300:16:ascs_ase_read	48	static
/opt/nordic/ncs/v2.6.0/zephyr/subsys/bluetooth/audio/ascs.c:1620:13:is_valid_config_len	40	static
/opt/nordic/ncs/v2.6.0/zephyr/subsys/bluetooth/audio/ascs.c:1859:13:is_valid_qos_len	32	static
/opt/nordic/ncs/v2.6.0/zephyr/subsys/bluetooth/audio/ascs.c:2229:13:is_valid_enable_len	40	static
/opt/nordic/ncs/v2.6.0/zephyr/subsys/bluetooth/audio/ascs.c:2372:13:is_valid_start_len	32	static
/opt/nordic/ncs/v2.6.0/zephyr/subsys/bluetooth/audio/ascs.c:2455:13:is_valid_disable_len	32	static
/opt/nordic/ncs/v2.6.0/zephyr/subsys/bluetooth/audio/ascs.c:2583:13:is_valid_stop_len	32	static
/opt/nordic/ncs/v2.6.0/zephyr/subsys/bluetooth/audio/ascs.c:2666:13:is_valid_metadata_len	40	static
/opt/nordic/ncs/v2.6.0/zephyr/subsys/bluetooth/audio/ascs.c:2760:13:is_valid_release_len	32	static
/opt/nordic/ncs/v2.6.0/zephyr/subsys/bluetooth/audio/ascs.c:1196:27:bap_iso_get_or_new	24	static
/opt/nordic/ncs/v2.6.0/zephyr/subsys/bluetooth/audio/ascs.c:2076:12:ascs_verify_metadata	32	static
/opt/nordic/ncs/v2.6.0/zephyr/subsys/bluetooth/audio/ascs.c:1955:13:ascs_parse_metadata	24	static
/opt/nordic/ncs/v2.6.0/zephyr/subsys/bluetooth/audio/ascs.c:487:5:ascs_ep_set_state	16	static
/opt/nordic/ncs/v2.6.0/zephyr/subsys/bluetooth/audio/ascs.c:1027:12:ase_release	112	dynamic,bounded
/opt/nordic/ncs/v2.6.0/zephyr/subsys/bluetooth/audio/ascs.c:2788:16:ascs_release	32	static
/opt/nordic/ncs/v2.6.0/zephyr/subsys/bluetooth/audio/ascs.c:1078:12:ase_disable	112	dynamic,bounded
/opt/nordic/ncs/v2.6.0/zephyr/subsys/bluetooth/audio/ascs.c:2483:16:ascs_disable	32	static
/opt/nordic/ncs/v2.6.0/zephyr/subsys/bluetooth/audio/ascs.c:293:13:ase_enter_state_enabling	8	static
/opt/nordic/ncs/v2.6.0/zephyr/subsys/bluetooth/audio/ascs.c:374:13:ase_enter_state_releasing	64	dynamic,bounded
/opt/nordic/ncs/v2.6.0/zephyr/subsys/bluetooth/audio/ascs.c:397:13:state_transition_work_handler	56	static
/opt/nordic/ncs/v2.6.0/zephyr/subsys/bluetooth/audio/ascs.c:1142:13:disconnected	16	static
/opt/nordic/ncs/v2.6.0/zephyr/subsys/bluetooth/audio/ascs.c:1407:12:ase_config	240	dynamic,bounded
/opt/nordic/ncs/v2.6.0/zephyr/subsys/bluetooth/audio/ascs.c:1728:12:ase_stream_qos	120	dynamic,bounded
/opt/nordic/ncs/v2.6.0/zephyr/subsys/bluetooth/audio/ascs.c:1834:13:ase_qos	80	dynamic,bounded
/opt/nordic/ncs/v2.6.0/zephyr/subsys/bluetooth/audio/ascs.c:1896:16:ascs_qos	64	static
/opt/nordic/ncs/v2.6.0/zephyr/subsys/bluetooth/audio/ascs.c:910:13:ascs_ep_iso_disconnected	64	dynamic,bounded
/opt/nordic/ncs/v2.6.0/zephyr/subsys/bluetooth/audio/ascs.c:943:13:ascs_iso_disconnected	16	static
/opt/nordic/ncs/v2.6.0/zephyr/subsys/bluetooth/audio/ascs.c:854:13:ascs_ep_iso_connected	64	dynamic,bounded
/opt/nordic/ncs/v2.6.0/zephyr/subsys/bluetooth/audio/ascs.c:892:13:ascs_iso_connected	64	dynamic,bounded
/opt/nordic/ncs/v2.6.0/zephyr/subsys/bluetooth/audio/ascs.c:2171:12:ase_enable	120	dynamic,bounded
/opt/nordic/ncs/v2.6.0/zephyr/subsys/bluetooth/audio/ascs.c:2274:16:ascs_enable	32	static
/opt/nordic/ncs/v2.6.0/zephyr/subsys/bluetooth/audio/ascs.c:2315:13:ase_start	112	dynamic,bounded
/opt/nordic/ncs/v2.6.0/zephyr/subsys/bluetooth/audio/ascs.c:2400:16:ascs_start	24	static
/opt/nordic/ncs/v2.6.0/zephyr/subsys/bluetooth/audio/ascs.c:2527:13:ase_stop	144	dynamic,bounded
/opt/nordic/ncs/v2.6.0/zephyr/subsys/bluetooth/audio/ascs.c:2611:16:ascs_stop	24	static
/opt/nordic/ncs/v2.6.0/zephyr/subsys/bluetooth/audio/ascs.c:2110:13:ase_metadata	120	dynamic,bounded
/opt/nordic/ncs/v2.6.0/zephyr/subsys/bluetooth/audio/ascs.c:2711:16:ascs_metadata	32	static
/opt/nordic/ncs/v2.6.0/zephyr/subsys/bluetooth/audio/ascs.c:1065:5:bt_ascs_release_ase	16	static
/opt/nordic/ncs/v2.6.0/zephyr/subsys/bluetooth/audio/ascs.c:1135:5:bt_ascs_disable_ase	16	static
/opt/nordic/ncs/v2.6.0/zephyr/subsys/bluetooth/audio/ascs.c:1236:6:ascs_ep_init	16	static
/opt/nordic/ncs/v2.6.0/zephyr/subsys/bluetooth/audio/ascs.c:1246:13:ase_init	40	static
/opt/nordic/ncs/v2.6.0/zephyr/subsys/bluetooth/audio/ascs.c:1263:28:ase_new	16	static
/opt/nordic/ncs/v2.6.0/zephyr/subsys/bluetooth/audio/ascs.c:1665:16:ascs_config	32	static
/opt/nordic/ncs/v2.6.0/zephyr/subsys/bluetooth/audio/ascs.c:2833:16:ascs_cp_write	32	static
/opt/nordic/ncs/v2.6.0/zephyr/subsys/bluetooth/audio/ascs.c:1553:5:bt_ascs_config_ase	48	static
/opt/nordic/ncs/v2.6.0/zephyr/subsys/bluetooth/audio/ascs.c:1717:6:bt_ascs_foreach_ep	24	static
/opt/nordic/ncs/v2.6.0/zephyr/subsys/bluetooth/audio/ascs.c:2941:5:bt_ascs_init	16	static
/opt/nordic/ncs/v2.6.0/zephyr/subsys/bluetooth/audio/ascs.c:2960:6:bt_ascs_cleanup	8	static
