/opt/nordic/ncs/v2.6.0-rc2/modules/hal/nordic/nrfx/hal/nrf_gpiote.h:651:24:nrf_gpiote_event_configure	4	static
/opt/nordic/ncs/v2.6.0-rc2/modules/hal/nordic/nrfx/hal/nrf_gpiote.h:696:24:nrf_gpiote_task_configure	4	static
/opt/nordic/ncs/v2.6.0-rc2/modules/hal/nordic/nrfx/haly/nrfy_gpiote.h:383:25:__nrfy_internal_gpiote_event_handle	4	static
/opt/nordic/ncs/v2.6.0-rc2/modules/hal/nordic/nrfx/hal/nrf_gpio.h:1247:24:nrf_gpio_latches_read_and_clear	16	static
/opt/nordic/ncs/v2.6.0-rc2/modules/hal/nordic/nrfx/hal/nrf_gpio.h:1314:24:nrf_gpio_pin_present_check	0	static
/opt/nordic/ncs/v2.6.0-rc2/modules/hal/nordic/nrfx/drivers/src/nrfx_gpiote.c:254:16:get_pin_idx	0	static
/opt/nordic/ncs/v2.6.0-rc2/modules/hal/nordic/nrfx/drivers/src/nrfx_gpiote.c:292:33:get_cb	0	static
/opt/nordic/ncs/v2.6.0-rc2/modules/hal/nordic/nrfx/drivers/src/nrfx_gpiote.c:311:13:pin_in_use	16	static
/opt/nordic/ncs/v2.6.0-rc2/modules/hal/nordic/nrfx/drivers/src/nrfx_gpiote.c:325:13:pin_in_use_by_te	16	static
/opt/nordic/ncs/v2.6.0-rc2/modules/hal/nordic/nrfx/drivers/src/nrfx_gpiote.c:337:13:pin_has_trigger	16	static
/opt/nordic/ncs/v2.6.0-rc2/modules/hal/nordic/nrfx/drivers/src/nrfx_gpiote.c:353:13:pin_is_output	16	static
/opt/nordic/ncs/v2.6.0-rc2/modules/hal/nordic/nrfx/drivers/src/nrfx_gpiote.c:365:13:pin_is_task_output	16	static
/opt/nordic/ncs/v2.6.0-rc2/modules/hal/nordic/nrfx/drivers/src/nrfx_gpiote.c:377:13:pin_is_input	8	static
/opt/nordic/ncs/v2.6.0-rc2/modules/hal/nordic/nrfx/drivers/src/nrfx_gpiote.c:383:30:gpiote_polarity_to_trigger	0	static
/opt/nordic/ncs/v2.6.0-rc2/modules/hal/nordic/nrfx/drivers/src/nrfx_gpiote.c:389:30:gpiote_trigger_to_polarity	0	static
/opt/nordic/ncs/v2.6.0-rc2/modules/hal/nordic/nrfx/drivers/src/nrfx_gpiote.c:395:16:pin_te_get	16	static
/opt/nordic/ncs/v2.6.0-rc2/modules/hal/nordic/nrfx/drivers/src/nrfx_gpiote.c:400:13:is_level	0	static
/opt/nordic/ncs/v2.6.0-rc2/modules/hal/nordic/nrfx/drivers/src/nrfx_gpiote.c:405:13:handler_in_use	16	static
/opt/nordic/ncs/v2.6.0-rc2/modules/hal/nordic/nrfx/drivers/src/nrfx_gpiote.c:497:16:find_handler	24	static
/opt/nordic/ncs/v2.6.0-rc2/modules/hal/nordic/nrfx/drivers/src/nrfx_gpiote.c:575:45:channel_handler_get	8	static
/opt/nordic/ncs/v2.6.0-rc2/modules/hal/nordic/nrfx/drivers/src/nrfx_gpiote.c:769:13:gpiote_global_callback_set	16	static
/opt/nordic/ncs/v2.6.0-rc2/modules/hal/nordic/nrfx/drivers/src/nrfx_gpiote.c:838:13:gpiote_init_check	8	static
/opt/nordic/ncs/v2.6.0-rc2/modules/hal/nordic/nrfx/drivers/src/nrfx_gpiote.c:1402:13:call_handler	24	static
/opt/nordic/ncs/v2.6.0-rc2/modules/hal/nordic/nrfx/drivers/src/nrfx_gpiote.c:1457:13:latch_pending_read_and_check	24	static
/opt/nordic/ncs/v2.6.0-rc2/modules/hal/nordic/nrfx/hal/nrf_gpio.h:835:35:nrf_gpio_pin_port_decode	16	static
/opt/nordic/ncs/v2.6.0-rc2/modules/hal/nordic/nrfx/hal/nrf_gpio.h:1074:28:nrf_gpio_pin_read	16	static
/opt/nordic/ncs/v2.6.0-rc2/modules/hal/nordic/nrfx/drivers/src/nrfx_gpiote.c:550:36:get_initial_sense	16	static
/opt/nordic/ncs/v2.6.0-rc2/modules/hal/nordic/nrfx/hal/nrf_gpio.h:909:24:nrf_gpio_reconfigure	32	static
/opt/nordic/ncs/v2.6.0-rc2/modules/hal/nordic/nrfx/drivers/src/nrfx_gpiote.c:714:19:gpiote_output_configure	40	static
/opt/nordic/ncs/v2.6.0-rc2/modules/hal/nordic/nrfx/hal/nrf_gpio.h:1009:24:nrf_gpio_cfg_sense_set	24	static
/opt/nordic/ncs/v2.6.0-rc2/modules/hal/nordic/nrfx/drivers/src/nrfx_gpiote.c:468:13:pin_trigger_disable	16	static
/opt/nordic/ncs/v2.6.0-rc2/modules/hal/nordic/nrfx/hal/nrf_gpio.h:967:24:nrf_gpio_cfg_default	16	static
/opt/nordic/ncs/v2.6.0-rc2/modules/hal/nordic/nrfx/hal/nrf_gpio.h:1035:24:nrf_gpio_pin_set	16	static
/opt/nordic/ncs/v2.6.0-rc2/modules/hal/nordic/nrfx/hal/nrf_gpio.h:1043:24:nrf_gpio_pin_clear	16	static
/opt/nordic/ncs/v2.6.0-rc2/modules/hal/nordic/nrfx/hal/nrf_gpio.h:1051:24:nrf_gpio_pin_toggle	16	static
/opt/nordic/ncs/v2.6.0-rc2/modules/hal/nordic/nrfx/hal/nrf_gpio.h:1090:40:nrf_gpio_pin_sense_get	16	static
/opt/nordic/ncs/v2.6.0-rc2/modules/hal/nordic/nrfx/drivers/src/nrfx_gpiote.c:1418:13:next_sense_cond_call_handler	24	static
/opt/nordic/ncs/v2.6.0-rc2/modules/hal/nordic/nrfx/hal/nrf_gpio.h:1273:24:nrf_gpio_pin_latch_clear	16	static
/opt/nordic/ncs/v2.6.0-rc2/modules/hal/nordic/nrfx/drivers/src/nrfx_gpiote.c:777:19:gpiote_channel_get	16	static
/opt/nordic/ncs/v2.6.0-rc2/modules/hal/nordic/nrfx/hal/nrf_gpiote.h:754:38:nrf_gpiote_in_event_get	8	static
/opt/nordic/ncs/v2.6.0-rc2/modules/hal/nordic/nrfx/haly/nrfy_gpiote.h:400:29:__nrfy_internal_gpiote_events_process	32	static
/opt/nordic/ncs/v2.6.0-rc2/modules/hal/nordic/nrfx/drivers/src/nrfx_gpiote.c:888:13:pin_out_set	16	static
/opt/nordic/ncs/v2.6.0-rc2/modules/hal/nordic/nrfx/drivers/src/nrfx_gpiote.c:896:13:pin_out_clear	16	static
/opt/nordic/ncs/v2.6.0-rc2/modules/hal/nordic/nrfx/drivers/src/nrfx_gpiote.c:904:13:pin_out_toggle	16	static
/opt/nordic/ncs/v2.6.0-rc2/modules/hal/nordic/nrfx/drivers/src/nrfx_gpiote.c:912:13:pin_out_task_enable	16	static
/opt/nordic/ncs/v2.6.0-rc2/modules/hal/nordic/nrfx/drivers/src/nrfx_gpiote.c:921:13:pin_out_task_disable	16	static
/opt/nordic/ncs/v2.6.0-rc2/modules/hal/nordic/nrfx/hal/nrf_gpiote.h:732:37:nrf_gpiote_out_task_get	8	static
/opt/nordic/ncs/v2.6.0-rc2/modules/hal/nordic/nrfx/drivers/src/nrfx_gpiote.c:929:26:pin_out_task_get	16	static
/opt/nordic/ncs/v2.6.0-rc2/modules/hal/nordic/nrfx/drivers/src/nrfx_gpiote.c:937:17:pin_out_task_address_get	8	static
/opt/nordic/ncs/v2.6.0-rc2/modules/hal/nordic/nrfx/hal/nrf_gpiote.h:739:37:nrf_gpiote_set_task_get	8	static
/opt/nordic/ncs/v2.6.0-rc2/modules/hal/nordic/nrfx/drivers/src/nrfx_gpiote.c:944:26:pin_set_task_get	16	static
/opt/nordic/ncs/v2.6.0-rc2/modules/hal/nordic/nrfx/drivers/src/nrfx_gpiote.c:952:17:pin_set_task_address_get	8	static
/opt/nordic/ncs/v2.6.0-rc2/modules/hal/nordic/nrfx/hal/nrf_gpiote.h:747:37:nrf_gpiote_clr_task_get	8	static
/opt/nordic/ncs/v2.6.0-rc2/modules/hal/nordic/nrfx/drivers/src/nrfx_gpiote.c:960:26:pin_clr_task_get	16	static
/opt/nordic/ncs/v2.6.0-rc2/modules/hal/nordic/nrfx/drivers/src/nrfx_gpiote.c:969:13:pin_out_task_force	24	static
/opt/nordic/ncs/v2.6.0-rc2/modules/hal/nordic/nrfx/drivers/src/nrfx_gpiote.c:981:13:pin_out_task_trigger	16	static
/opt/nordic/ncs/v2.6.0-rc2/modules/hal/nordic/nrfx/drivers/src/nrfx_gpiote.c:991:13:pin_set_task_trigger	16	static
/opt/nordic/ncs/v2.6.0-rc2/modules/hal/nordic/nrfx/drivers/src/nrfx_gpiote.c:1003:13:pin_clr_task_trigger	16	static
/opt/nordic/ncs/v2.6.0-rc2/modules/hal/nordic/nrfx/drivers/src/nrfx_gpiote.c:1014:13:pin_trigger_enable	24	static
/opt/nordic/ncs/v2.6.0-rc2/modules/hal/nordic/nrfx/drivers/src/nrfx_gpiote.c:483:27:pin_in_event_get	16	static
/opt/nordic/ncs/v2.6.0-rc2/modules/hal/nordic/nrfx/drivers/src/nrfx_gpiote.c:881:19:pin_channel_alloc	8	static
/opt/nordic/ncs/v2.6.0-rc2/modules/hal/nordic/nrfx/drivers/src/nrfx_gpiote.c:419:13:release_handler	16	static
/opt/nordic/ncs/v2.6.0-rc2/modules/hal/nordic/nrfx/drivers/src/nrfx_gpiote.c:514:19:pin_handler_set	32	static
/opt/nordic/ncs/v2.6.0-rc2/modules/hal/nordic/nrfx/drivers/src/nrfx_gpiote.c:619:19:gpiote_input_configure	48	static
/opt/nordic/ncs/v2.6.0-rc2/modules/hal/nordic/nrfx/drivers/src/nrfx_gpiote.c:447:13:pin_handler_trigger_uninit	16	static
/opt/nordic/ncs/v2.6.0-rc2/modules/hal/nordic/nrfx/drivers/src/nrfx_gpiote.c:589:19:pin_uninit	16	static
/opt/nordic/ncs/v2.6.0-rc2/modules/hal/nordic/nrfx/drivers/src/nrfx_gpiote.c:604:13:pin_cond_uninit	16	static
/opt/nordic/ncs/v2.6.0-rc2/modules/hal/nordic/nrfx/drivers/src/nrfx_gpiote.c:843:13:gpiote_uninit	16	static
/opt/nordic/ncs/v2.6.0-rc2/modules/hal/nordic/nrfx/drivers/src/nrfx_gpiote.c:876:19:pin_channel_free	8	static
/opt/nordic/ncs/v2.6.0-rc2/modules/hal/nordic/nrfx/haly/nrfy_gpiote.h:80:25:nrfy_gpiote_int_init	24	static
/opt/nordic/ncs/v2.6.0-rc2/modules/hal/nordic/nrfx/drivers/src/nrfx_gpiote.c:794:19:gpiote_init	24	static
/opt/nordic/ncs/v2.6.0-rc2/modules/hal/nordic/nrfx/drivers/src/nrfx_gpiote.c:1477:13:port_event_handle	40	static
/opt/nordic/ncs/v2.6.0-rc2/modules/hal/nordic/nrfx/drivers/src/nrfx_gpiote.c:1639:13:gpiote_evt_handle	24	static
/opt/nordic/ncs/v2.6.0-rc2/modules/hal/nordic/nrfx/drivers/src/nrfx_gpiote.c:1654:13:irq_handler	16	static
/opt/nordic/ncs/v2.6.0-rc2/modules/hal/nordic/nrfx/drivers/src/nrfx_gpiote.c:1038:6:nrfx_gpiote_in_is_set	8	static
/opt/nordic/ncs/v2.6.0-rc2/modules/hal/nordic/nrfx/drivers/src/nrfx_gpiote.c:1046:12:nrfx_gpiote_input_configure	8	static
/opt/nordic/ncs/v2.6.0-rc2/modules/hal/nordic/nrfx/drivers/src/nrfx_gpiote.c:1053:12:nrfx_gpiote_output_configure	8	static
/opt/nordic/ncs/v2.6.0-rc2/modules/hal/nordic/nrfx/drivers/src/nrfx_gpiote.c:1061:6:nrfx_gpiote_global_callback_set	8	static
/opt/nordic/ncs/v2.6.0-rc2/modules/hal/nordic/nrfx/drivers/src/nrfx_gpiote.c:1068:12:nrfx_gpiote_channel_get	8	static
/opt/nordic/ncs/v2.6.0-rc2/modules/hal/nordic/nrfx/drivers/src/nrfx_gpiote.c:1075:10:nrfx_gpiote_channels_number_get	8	static
/opt/nordic/ncs/v2.6.0-rc2/modules/hal/nordic/nrfx/drivers/src/nrfx_gpiote.c:1082:12:nrfx_gpiote_init	8	static
/opt/nordic/ncs/v2.6.0-rc2/modules/hal/nordic/nrfx/drivers/src/nrfx_gpiote.c:1087:6:nrfx_gpiote_init_check	8	static
/opt/nordic/ncs/v2.6.0-rc2/modules/hal/nordic/nrfx/drivers/src/nrfx_gpiote.c:1092:6:nrfx_gpiote_uninit	8	static
/opt/nordic/ncs/v2.6.0-rc2/modules/hal/nordic/nrfx/drivers/src/nrfx_gpiote.c:1097:12:nrfx_gpiote_pin_uninit	8	static
/opt/nordic/ncs/v2.6.0-rc2/modules/hal/nordic/nrfx/drivers/src/nrfx_gpiote.c:1102:12:nrfx_gpiote_channel_free	8	static
/opt/nordic/ncs/v2.6.0-rc2/modules/hal/nordic/nrfx/drivers/src/nrfx_gpiote.c:1107:12:nrfx_gpiote_channel_alloc	8	static
/opt/nordic/ncs/v2.6.0-rc2/modules/hal/nordic/nrfx/drivers/src/nrfx_gpiote.c:1112:6:nrfx_gpiote_out_set	8	static
/opt/nordic/ncs/v2.6.0-rc2/modules/hal/nordic/nrfx/drivers/src/nrfx_gpiote.c:1117:6:nrfx_gpiote_out_clear	8	static
/opt/nordic/ncs/v2.6.0-rc2/modules/hal/nordic/nrfx/drivers/src/nrfx_gpiote.c:1122:6:nrfx_gpiote_out_toggle	8	static
/opt/nordic/ncs/v2.6.0-rc2/modules/hal/nordic/nrfx/drivers/src/nrfx_gpiote.c:1127:6:nrfx_gpiote_out_task_enable	8	static
/opt/nordic/ncs/v2.6.0-rc2/modules/hal/nordic/nrfx/drivers/src/nrfx_gpiote.c:1132:6:nrfx_gpiote_out_task_disable	8	static
/opt/nordic/ncs/v2.6.0-rc2/modules/hal/nordic/nrfx/drivers/src/nrfx_gpiote.c:1137:19:nrfx_gpiote_out_task_get	8	static
/opt/nordic/ncs/v2.6.0-rc2/modules/hal/nordic/nrfx/drivers/src/nrfx_gpiote.c:1142:10:nrfx_gpiote_out_task_address_get	8	static
/opt/nordic/ncs/v2.6.0-rc2/modules/hal/nordic/nrfx/drivers/src/nrfx_gpiote.c:1148:19:nrfx_gpiote_set_task_get	8	static
/opt/nordic/ncs/v2.6.0-rc2/modules/hal/nordic/nrfx/drivers/src/nrfx_gpiote.c:1153:10:nrfx_gpiote_set_task_address_get	8	static
/opt/nordic/ncs/v2.6.0-rc2/modules/hal/nordic/nrfx/drivers/src/nrfx_gpiote.c:1160:19:nrfx_gpiote_clr_task_get	8	static
/opt/nordic/ncs/v2.6.0-rc2/modules/hal/nordic/nrfx/drivers/src/nrfx_gpiote.c:1165:10:nrfx_gpiote_clr_task_address_get	8	static
/opt/nordic/ncs/v2.6.0-rc2/modules/hal/nordic/nrfx/drivers/src/nrfx_gpiote.c:1172:6:nrfx_gpiote_out_task_force	8	static
/opt/nordic/ncs/v2.6.0-rc2/modules/hal/nordic/nrfx/drivers/src/nrfx_gpiote.c:1179:6:nrfx_gpiote_out_task_trigger	8	static
/opt/nordic/ncs/v2.6.0-rc2/modules/hal/nordic/nrfx/drivers/src/nrfx_gpiote.c:1185:6:nrfx_gpiote_set_task_trigger	8	static
/opt/nordic/ncs/v2.6.0-rc2/modules/hal/nordic/nrfx/drivers/src/nrfx_gpiote.c:1192:6:nrfx_gpiote_clr_task_trigger	8	static
/opt/nordic/ncs/v2.6.0-rc2/modules/hal/nordic/nrfx/drivers/src/nrfx_gpiote.c:1198:6:nrfx_gpiote_trigger_enable	8	static
/opt/nordic/ncs/v2.6.0-rc2/modules/hal/nordic/nrfx/drivers/src/nrfx_gpiote.c:1205:6:nrfx_gpiote_trigger_disable	8	static
/opt/nordic/ncs/v2.6.0-rc2/modules/hal/nordic/nrfx/drivers/src/nrfx_gpiote.c:1210:20:nrfx_gpiote_in_event_get	8	static
/opt/nordic/ncs/v2.6.0-rc2/modules/hal/nordic/nrfx/drivers/src/nrfx_gpiote.c:1216:10:nrfx_gpiote_in_event_address_get	8	static
/opt/nordic/ncs/v2.6.0-rc2/modules/hal/nordic/nrfx/drivers/src/nrfx_gpiote.c:1674:1:nrfx_gpiote_0_irq_handler	8	static
