/opt/nordic/ncs/v2.6.0-rc2/modules/hal/nordic/nrfx/hal/nrf_ipc.h:497:35:nrf_ipc_receive_event_get	8	static
/opt/nordic/ncs/v2.6.0-rc2/modules/hal/nordic/nrfx/drivers/src/nrfx_ipc.c:53:12:nrfx_ipc_init	16	static
/opt/nordic/ncs/v2.6.0-rc2/modules/hal/nordic/nrfx/drivers/src/nrfx_ipc.c:72:6:nrfx_ipc_config_load	8	static
/opt/nordic/ncs/v2.6.0-rc2/modules/hal/nordic/nrfx/drivers/src/nrfx_ipc.c:93:6:nrfx_ipc_uninit	8	static
/opt/nordic/ncs/v2.6.0-rc2/modules/hal/nordic/nrfx/drivers/src/nrfx_ipc.c:115:6:nrfx_ipc_init_check	0	static
/opt/nordic/ncs/v2.6.0-rc2/modules/hal/nordic/nrfx/drivers/src/nrfx_ipc.c:120:6:nrfx_ipc_receive_event_enable	8	static
/opt/nordic/ncs/v2.6.0-rc2/modules/hal/nordic/nrfx/drivers/src/nrfx_ipc.c:128:6:nrfx_ipc_receive_event_disable	8	static
/opt/nordic/ncs/v2.6.0-rc2/modules/hal/nordic/nrfx/drivers/src/nrfx_ipc.c:136:6:nrfx_ipc_receive_event_group_enable	8	static
/opt/nordic/ncs/v2.6.0-rc2/modules/hal/nordic/nrfx/drivers/src/nrfx_ipc.c:144:6:nrfx_ipc_receive_event_group_disable	8	static
/opt/nordic/ncs/v2.6.0-rc2/modules/hal/nordic/nrfx/drivers/src/nrfx_ipc.c:152:6:nrfx_ipc_receive_event_channel_assign	8	static
/opt/nordic/ncs/v2.6.0-rc2/modules/hal/nordic/nrfx/drivers/src/nrfx_ipc.c:164:6:nrfx_ipc_send_task_channel_assign	8	static
/opt/nordic/ncs/v2.6.0-rc2/modules/hal/nordic/nrfx/drivers/src/nrfx_ipc.c:176:6:nrfx_ipc_irq_handler	16	static
