/opt/nordic/ncs/v2.6.0-rc2/nrfxlib/lc3/platform/os/baremetal/src/osal.c:38:7:OSAL_Malloc	8	static
/opt/nordic/ncs/v2.6.0-rc2/nrfxlib/lc3/platform/os/baremetal/src/osal.c:89:6:OSAL_Free	8	static
/opt/nordic/ncs/v2.6.0-rc2/nrfxlib/lc3/platform/os/baremetal/src/osal.c:126:8:OSAL_Current_Heap_Usage	0	static
/opt/nordic/ncs/v2.6.0-rc2/nrfxlib/lc3/platform/os/baremetal/src/osal.c:161:7:OSAL_Memset	8	static
/opt/nordic/ncs/v2.6.0-rc2/nrfxlib/lc3/platform/os/baremetal/src/osal.c:178:7:OSAL_Memcpy	8	static
/opt/nordic/ncs/v2.6.0-rc2/nrfxlib/lc3/platform/os/baremetal/src/osal.c:197:5:OSAL_Memcmp	8	static
/opt/nordic/ncs/v2.6.0-rc2/nrfxlib/lc3/platform/os/baremetal/src/osal.c:212:14:OSAL_Create_Mutex	0	static
/opt/nordic/ncs/v2.6.0-rc2/nrfxlib/lc3/platform/os/baremetal/src/osal.c:221:6:OSAL_Close_Mutex	0	static
/opt/nordic/ncs/v2.6.0-rc2/nrfxlib/lc3/platform/os/baremetal/src/osal.c:233:8:OSAL_Wait_Mutex	0	static
/opt/nordic/ncs/v2.6.0-rc2/nrfxlib/lc3/platform/os/baremetal/src/osal.c:242:6:OSAL_Release_Mutex	0	static
/opt/nordic/ncs/v2.6.0-rc2/nrfxlib/lc3/platform/os/baremetal/src/osal.c:256:14:OSAL_Create_Timer	0	static
/opt/nordic/ncs/v2.6.0-rc2/nrfxlib/lc3/platform/os/baremetal/src/osal.c:267:5:OSAL_Start_Timer	0	static
/opt/nordic/ncs/v2.6.0-rc2/nrfxlib/lc3/platform/os/baremetal/src/osal.c:276:6:OSAL_Close_Timer	0	static
/opt/nordic/ncs/v2.6.0-rc2/nrfxlib/lc3/platform/os/baremetal/src/osal.c:288:15:OSAL_Create_Thread	0	static
/opt/nordic/ncs/v2.6.0-rc2/nrfxlib/lc3/platform/os/baremetal/src/osal.c:297:14:OSAL_Create_Event	0	static
/opt/nordic/ncs/v2.6.0-rc2/nrfxlib/lc3/platform/os/baremetal/src/osal.c:312:5:OSAL_Wait_Event	0	static
/opt/nordic/ncs/v2.6.0-rc2/nrfxlib/lc3/platform/os/baremetal/src/osal.c:324:5:OSAL_Set_Event	0	static
/opt/nordic/ncs/v2.6.0-rc2/nrfxlib/lc3/platform/os/baremetal/src/osal.c:336:5:OSAL_Reset_Event	0	static
/opt/nordic/ncs/v2.6.0-rc2/nrfxlib/lc3/platform/os/baremetal/src/osal.c:345:6:OSAL_Close_Event	0	static
/opt/nordic/ncs/v2.6.0-rc2/nrfxlib/lc3/platform/os/baremetal/src/osal.c:353:6:OSAL_OutputMessage	0	static
