/opt/nordic/ncs/v2.6.0/zephyr/drivers/sensor/ina23x/ina230.c:27:12:ina230_channel_get	0	static
/opt/nordic/ncs/v2.6.0/zephyr/drivers/sensor/ina23x/ina230.c:69:12:ina230_sample_fetch	24	static
/opt/nordic/ncs/v2.6.0/zephyr/drivers/sensor/ina23x/ina230.c:128:12:ina230_attr_get	16	static
/opt/nordic/ncs/v2.6.0/zephyr/drivers/sensor/ina23x/ina230.c:107:12:ina230_attr_set	8	static
/opt/nordic/ncs/v2.6.0/zephyr/drivers/sensor/ina23x/ina230.c:171:12:ina230_calibrate	8	static
/opt/nordic/ncs/v2.6.0/zephyr/drivers/sensor/ina23x/ina230.c:185:12:ina230_init	56	dynamic,bounded
