/opt/nordic/ncs/v2.6.0/zephyr/subsys/bluetooth/host/iso.c:255:13:bt_iso_chan_add	0	static
/opt/nordic/ncs/v2.6.0/zephyr/subsys/bluetooth/host/iso.c:733:17:iso_chan_max_data_len	0	static
/opt/nordic/ncs/v2.6.0/zephyr/subsys/bluetooth/host/iso.c:1261:16:iso_server_check_security	0	static
/opt/nordic/ncs/v2.6.0/zephyr/subsys/bluetooth/host/iso.c:83:13:bt_iso_send_cb	16	static
/opt/nordic/ncs/v2.6.0/zephyr/subsys/bluetooth/host/iso.c:203:12:hci_le_setup_iso_data_path	32	static
/opt/nordic/ncs/v2.6.0/zephyr/subsys/bluetooth/host/iso.c:264:12:bt_iso_setup_data_path	40	static
/opt/nordic/ncs/v2.6.0/zephyr/subsys/bluetooth/host/iso.c:1239:12:hci_le_accept_cis	16	static
/opt/nordic/ncs/v2.6.0/zephyr/subsys/bluetooth/host/iso.c:1216:12:hci_le_reject_cis	16	static
/opt/nordic/ncs/v2.6.0/zephyr/subsys/bluetooth/host/iso.c:1004:13:store_cis_info	16	static
/opt/nordic/ncs/v2.6.0/zephyr/subsys/bluetooth/host/iso.c:144:24:iso_new	8	static
/opt/nordic/ncs/v2.6.0/zephyr/subsys/bluetooth/host/iso.c:1366:24:bt_conn_add_iso	16	static
/opt/nordic/ncs/v2.6.0/zephyr/subsys/bluetooth/host/iso.c:99:6:hci_iso	24	static
/opt/nordic/ncs/v2.6.0/zephyr/subsys/bluetooth/host/iso.c:163:17:bt_iso_create_pdu_timeout	8	static
/opt/nordic/ncs/v2.6.0/zephyr/subsys/bluetooth/host/iso.c:186:17:bt_iso_create_frag_timeout	8	static
/opt/nordic/ncs/v2.6.0/zephyr/subsys/bluetooth/host/iso.c:544:6:bt_iso_chan_set_state	0	static
/opt/nordic/ncs/v2.6.0/zephyr/subsys/bluetooth/host/iso.c:360:6:bt_iso_connected	16	static
/opt/nordic/ncs/v2.6.0/zephyr/subsys/bluetooth/host/iso.c:1183:12:iso_accept	32	static
/opt/nordic/ncs/v2.6.0/zephyr/subsys/bluetooth/host/iso.c:550:5:bt_iso_chan_get_info	8	static
/opt/nordic/ncs/v2.6.0/zephyr/subsys/bluetooth/host/iso.c:574:17:bt_iso_get_rx	8	static
/opt/nordic/ncs/v2.6.0/zephyr/subsys/bluetooth/host/iso.c:586:6:bt_iso_recv	72	dynamic,bounded
/opt/nordic/ncs/v2.6.0/zephyr/subsys/bluetooth/host/iso.c:754:5:bt_iso_chan_send	24	static
/opt/nordic/ncs/v2.6.0/zephyr/subsys/bluetooth/host/iso.c:883:5:bt_iso_chan_get_tx_sync	24	static
/opt/nordic/ncs/v2.6.0/zephyr/subsys/bluetooth/host/iso.c:940:5:bt_iso_chan_disconnect	16	static
/opt/nordic/ncs/v2.6.0/zephyr/subsys/bluetooth/host/iso.c:994:6:bt_iso_cleanup_acl	8	static
/opt/nordic/ncs/v2.6.0/zephyr/subsys/bluetooth/host/iso.c:413:13:bt_iso_chan_disconnected	16	static
/opt/nordic/ncs/v2.6.0/zephyr/subsys/bluetooth/host/iso.c:467:6:bt_iso_disconnected	8	static
/opt/nordic/ncs/v2.6.0/zephyr/subsys/bluetooth/host/iso.c:1032:6:hci_le_cis_established	24	static
/opt/nordic/ncs/v2.6.0/zephyr/subsys/bluetooth/host/iso.c:1131:5:bt_iso_server_register	0	static
/opt/nordic/ncs/v2.6.0/zephyr/subsys/bluetooth/host/iso.c:1167:5:bt_iso_server_unregister	0	static
/opt/nordic/ncs/v2.6.0/zephyr/subsys/bluetooth/host/iso.c:1278:6:hci_le_cis_req	32	static
