/opt/nordic/ncs/v2.6.0/zephyr/include/zephyr/sys/slist.h:408:1:sys_slist_remove	0	static
/opt/nordic/ncs/v2.6.0/zephyr/include/zephyr/sys/slist.h:435:1:sys_slist_find_and_remove	8	static
/opt/nordic/ncs/v2.6.0/modules/hal/nordic/nrfx/hal/nrf_gpio.h:1314:24:nrf_gpio_pin_present_check	0	static
/opt/nordic/ncs/v2.6.0/zephyr/drivers/gpio/gpio_nrfx.c:42:13:has_gpiote	0	static
/opt/nordic/ncs/v2.6.0/zephyr/drivers/gpio/gpio_nrfx.c:47:28:get_pull	0	static
/opt/nordic/ncs/v2.6.0/zephyr/drivers/gpio/gpio_nrfx.c:177:12:gpio_nrfx_port_get_raw	0	static
/opt/nordic/ncs/v2.6.0/zephyr/drivers/gpio/gpio_nrfx.c:187:12:gpio_nrfx_port_set_masked_raw	0	static
/opt/nordic/ncs/v2.6.0/zephyr/drivers/gpio/gpio_nrfx.c:202:12:gpio_nrfx_port_set_bits_raw	0	static
/opt/nordic/ncs/v2.6.0/zephyr/drivers/gpio/gpio_nrfx.c:212:12:gpio_nrfx_port_clear_bits_raw	0	static
/opt/nordic/ncs/v2.6.0/zephyr/drivers/gpio/gpio_nrfx.c:222:12:gpio_nrfx_port_toggle_bits	0	static
/opt/nordic/ncs/v2.6.0/zephyr/drivers/gpio/gpio_nrfx.c:237:30:get_trigger	0	static
/opt/nordic/ncs/v2.6.0/zephyr/drivers/gpio/gpio_nrfx.c:351:29:get_dev	0	static
/opt/nordic/ncs/v2.6.0/zephyr/include/zephyr/drivers/gpio/gpio_utils.h:54:19:gpio_manage_callback	16	static
/opt/nordic/ncs/v2.6.0/zephyr/drivers/gpio/gpio_nrfx.c:304:12:gpio_nrfx_manage_callback	8	static
/opt/nordic/ncs/v2.6.0/modules/hal/nordic/nrfx/hal/nrf_gpio.h:835:35:nrf_gpio_pin_port_decode	16	static
/opt/nordic/ncs/v2.6.0/modules/hal/nordic/nrfx/hal/nrf_gpio.h:1099:38:nrf_gpio_pin_dir_get	16	static
/opt/nordic/ncs/v2.6.0/modules/hal/nordic/nrfx/hal/nrf_gpio.h:909:24:nrf_gpio_reconfigure	32	static
/opt/nordic/ncs/v2.6.0/zephyr/include/zephyr/drivers/gpio/gpio_utils.h:85:20:gpio_fire_callbacks	16	static
/opt/nordic/ncs/v2.6.0/zephyr/drivers/gpio/gpio_nrfx.c:368:13:nrfx_gpio_handler	8	static
/opt/nordic/ncs/v2.6.0/zephyr/drivers/gpio/gpio_nrfx.c:250:12:gpio_nrfx_pin_interrupt_configure	56	static
/opt/nordic/ncs/v2.6.0/zephyr/drivers/gpio/gpio_nrfx.c:58:12:gpio_nrfx_pin_configure	56	static
/opt/nordic/ncs/v2.6.0/zephyr/drivers/gpio/gpio_nrfx.c:392:12:gpio_nrfx_init	8	static
