/Users/joaovitor/Documents/VSCode/Tiresias/nrf5340_audio/build/modules/libmetal/libmetal/lib/include/metal/io.h:161:1:metal_io_phys	8	static
/Users/joaovitor/Documents/VSCode/Tiresias/nrf5340_audio/build/modules/libmetal/libmetal/lib/include/metal/io.h:182:1:metal_io_phys_to_offset	16	static
/Users/joaovitor/Documents/VSCode/Tiresias/nrf5340_audio/build/modules/libmetal/libmetal/lib/include/metal/io.h:206:1:metal_io_phys_to_virt	8	static
/Users/joaovitor/Documents/VSCode/Tiresias/nrf5340_audio/build/modules/libmetal/libmetal/lib/include/metal/io.h:219:1:metal_io_virt_to_phys	8	static
/opt/nordic/ncs/v2.6.0-rc2/modules/lib/open-amp/open-amp/lib/virtio/virtqueue.c:398:17:vq_ring_add_buffer	40	static
/opt/nordic/ncs/v2.6.0-rc2/modules/lib/open-amp/open-amp/lib/virtio/virtqueue.c:447:13:vq_ring_free_chain	8	static
/opt/nordic/ncs/v2.6.0-rc2/modules/lib/open-amp/open-amp/lib/virtio/virtqueue.c:491:13:vq_ring_init	4	static
/opt/nordic/ncs/v2.6.0-rc2/modules/lib/open-amp/open-amp/lib/virtio/virtqueue.c:635:12:vq_ring_must_notify	0	static
/opt/nordic/ncs/v2.6.0-rc2/modules/lib/open-amp/open-amp/lib/virtio/virtqueue.c:691:13:vq_ring_notify	8	static
/opt/nordic/ncs/v2.6.0-rc2/modules/lib/open-amp/open-amp/lib/virtio/virtqueue.c:703:12:virtqueue_nused	0	static
/opt/nordic/ncs/v2.6.0-rc2/modules/lib/open-amp/open-amp/lib/virtio/virtqueue.c:724:12:virtqueue_navail	0	static
/opt/nordic/ncs/v2.6.0-rc2/modules/lib/open-amp/open-amp/lib/virtio/virtqueue.c:517:13:vq_ring_update_avail	0	static
/opt/nordic/ncs/v2.6.0-rc2/modules/lib/open-amp/open-amp/lib/virtio/virtqueue.c:553:12:vq_ring_enable_interrupt	16	static
/opt/nordic/ncs/v2.6.0-rc2/modules/lib/open-amp/open-amp/lib/virtio/virtqueue.c:49:5:virtqueue_create	8	static
/opt/nordic/ncs/v2.6.0-rc2/modules/lib/open-amp/open-amp/lib/virtio/virtqueue.c:84:5:virtqueue_add_buffer	32	static
/opt/nordic/ncs/v2.6.0-rc2/modules/lib/open-amp/open-amp/lib/virtio/virtqueue.c:139:7:virtqueue_get_buffer	24	static
/opt/nordic/ncs/v2.6.0-rc2/modules/lib/open-amp/open-amp/lib/virtio/virtqueue.c:178:10:virtqueue_get_buffer_length	0	static
/opt/nordic/ncs/v2.6.0-rc2/modules/lib/open-amp/open-amp/lib/virtio/virtqueue.c:185:7:virtqueue_get_buffer_addr	8	static
/opt/nordic/ncs/v2.6.0-rc2/modules/lib/open-amp/open-amp/lib/virtio/virtqueue.c:192:6:virtqueue_free	8	static
/opt/nordic/ncs/v2.6.0-rc2/modules/lib/open-amp/open-amp/lib/virtio/virtqueue.c:205:7:virtqueue_get_available_buffer	16	static
/opt/nordic/ncs/v2.6.0-rc2/modules/lib/open-amp/open-amp/lib/virtio/virtqueue.c:239:5:virtqueue_add_consumed_buffer	4	static
/opt/nordic/ncs/v2.6.0-rc2/modules/lib/open-amp/open-amp/lib/virtio/virtqueue.c:276:5:virtqueue_enable_cb	8	static
/opt/nordic/ncs/v2.6.0-rc2/modules/lib/open-amp/open-amp/lib/virtio/virtqueue.c:281:6:virtqueue_disable_cb	0	static
/opt/nordic/ncs/v2.6.0-rc2/modules/lib/open-amp/open-amp/lib/virtio/virtqueue.c:322:6:virtqueue_kick	8	static
/opt/nordic/ncs/v2.6.0-rc2/modules/lib/open-amp/open-amp/lib/virtio/virtqueue.c:337:6:virtqueue_dump	64	static
/opt/nordic/ncs/v2.6.0-rc2/modules/lib/open-amp/open-amp/lib/virtio/virtqueue.c:356:10:virtqueue_get_desc_size	0	static
/opt/nordic/ncs/v2.6.0-rc2/modules/lib/open-amp/open-amp/lib/virtio/virtqueue.c:623:6:virtqueue_notification	8	static
