/opt/nordic/ncs/v2.6.0-rc2/zephyr/arch/arm/core/mpu/arm_mpu_v8_internal.h:138:13:mpu_init	0	static
/opt/nordic/ncs/v2.6.0-rc2/zephyr/arch/arm/core/mpu/arm_mpu_v8_internal.h:146:13:mpu_set_region	0	static
/opt/nordic/ncs/v2.6.0-rc2/zephyr/arch/arm/core/mpu/arm_mpu_v8_internal.h:158:13:region_init	8	static
/opt/nordic/ncs/v2.6.0-rc2/zephyr/arch/arm/core/mpu/arm_mpu_v8_internal.h:188:12:mpu_partition_is_valid	0	static
/opt/nordic/ncs/v2.6.0-rc2/zephyr/arch/arm/core/mpu/arm_mpu_v8_internal.h:284:20:mpu_region_get_conf	0	static
/opt/nordic/ncs/v2.6.0-rc2/zephyr/arch/arm/core/mpu/arm_mpu_v8_internal.h:232:19:get_region_index	16	static
/opt/nordic/ncs/v2.6.0-rc2/zephyr/arch/arm/core/mpu/arm_mpu_v8_internal.h:681:12:mpu_mark_areas_for_dynamic_regions	16	static
/opt/nordic/ncs/v2.6.0-rc2/zephyr/arch/arm/core/mpu/arm_mpu.c:67:12:region_allocate_and_init	8	static
/opt/nordic/ncs/v2.6.0-rc2/zephyr/arch/arm/core/mpu/arm_mpu.c:162:12:mpu_configure_region	24	static
/opt/nordic/ncs/v2.6.0-rc2/zephyr/arch/arm/core/mpu/arm_mpu_v8_internal.h:519:12:mpu_configure_regions_and_partition	64	static
/opt/nordic/ncs/v2.6.0-rc2/zephyr/arch/arm/core/mpu/arm_mpu_v8_internal.h:655:12:mpu_configure_static_mpu_regions	8	static
/opt/nordic/ncs/v2.6.0-rc2/zephyr/arch/arm/core/mpu/arm_mpu_v8_internal.h:739:12:mpu_configure_dynamic_mpu_regions	24	static
/opt/nordic/ncs/v2.6.0-rc2/zephyr/arch/arm/core/mpu/arm_mpu.c:95:12:mpu_configure_regions_from_dt	48	static
/opt/nordic/ncs/v2.6.0-rc2/zephyr/arch/arm/core/mpu/arm_mpu.c:263:6:arm_core_mpu_enable	0	static
/opt/nordic/ncs/v2.6.0-rc2/zephyr/arch/arm/core/mpu/arm_mpu.c:282:6:arm_core_mpu_disable	0	static
/opt/nordic/ncs/v2.6.0-rc2/zephyr/arch/arm/core/mpu/arm_mpu.c:358:6:arm_core_mpu_configure_static_mpu_regions	16	static
/opt/nordic/ncs/v2.6.0-rc2/zephyr/arch/arm/core/mpu/arm_mpu.c:374:6:arm_core_mpu_mark_areas_for_dynamic_regions	16	static
/opt/nordic/ncs/v2.6.0-rc2/zephyr/arch/arm/core/mpu/arm_mpu.c:390:6:arm_core_mpu_configure_dynamic_mpu_regions	16	static
/opt/nordic/ncs/v2.6.0-rc2/zephyr/arch/arm/core/mpu/arm_mpu.c:409:5:z_arm_mpu_init	16	static
