/Users/joaovitor/Documents/VSCode/Tiresias/nrf5340_audio/build/dev_headset/build_debug/modules/libmetal/libmetal/lib/include/metal/irq_controller.h:119:5:metal_irq_handle	8	static
/opt/nordic/ncs/v2.6.0/modules/hal/libmetal/libmetal/lib/softirq.c:28:13:metal_softirq_set_enable	0	static
/opt/nordic/ncs/v2.6.0/modules/hal/libmetal/libmetal/lib/softirq.c:50:6:metal_softirq_set	0	static
/opt/nordic/ncs/v2.6.0/modules/hal/libmetal/libmetal/lib/softirq.c:65:5:metal_softirq_init	8	static
/opt/nordic/ncs/v2.6.0/modules/hal/libmetal/libmetal/lib/softirq.c:70:5:metal_softirq_allocate	8	static
/opt/nordic/ncs/v2.6.0/modules/hal/libmetal/libmetal/lib/softirq.c:85:6:metal_softirq_dispatch	8	static
