/opt/nordic/ncs/v2.6.0/zephyr/subsys/bluetooth/audio/bap_endpoint.h:148:27:bt_bap_ep_state_str	0	static
/opt/nordic/ncs/v2.6.0/zephyr/subsys/bluetooth/audio/bap_stream.c:362:13:bt_bap_stream_is_broadcast	0	static
/opt/nordic/ncs/v2.6.0/zephyr/subsys/bluetooth/audio/bap_stream.c:439:16:conn_get_role	40	static
/opt/nordic/ncs/v2.6.0/zephyr/subsys/bluetooth/audio/bap_stream.c:36:6:bt_audio_codec_qos_to_iso_qos	0	static
/opt/nordic/ncs/v2.6.0/zephyr/subsys/bluetooth/audio/bap_stream.c:52:6:bt_bap_stream_init	16	static
/opt/nordic/ncs/v2.6.0/zephyr/subsys/bluetooth/audio/bap_stream.c:68:6:bt_bap_stream_attach	16	static
/opt/nordic/ncs/v2.6.0/zephyr/subsys/bluetooth/audio/bap_stream.c:85:21:bt_bap_stream_iso_chan_get	0	static
/opt/nordic/ncs/v2.6.0/zephyr/subsys/bluetooth/audio/bap_stream.c:94:6:bt_bap_stream_cb_register	0	static
/opt/nordic/ncs/v2.6.0/zephyr/subsys/bluetooth/audio/bap_stream.c:100:5:bt_bap_ep_get_info	48	static
/opt/nordic/ncs/v2.6.0/zephyr/subsys/bluetooth/audio/bap_stream.c:228:13:bt_bap_stream_can_send	16	static
/opt/nordic/ncs/v2.6.0/zephyr/subsys/bluetooth/audio/bap_stream.c:141:25:bt_audio_verify_qos	0	static
/opt/nordic/ncs/v2.6.0/zephyr/subsys/bluetooth/audio/bap_stream.c:183:6:bt_audio_valid_codec_cfg	0	static
/opt/nordic/ncs/v2.6.0/zephyr/subsys/bluetooth/audio/bap_stream.c:245:5:bt_bap_stream_send	72	dynamic,bounded
/opt/nordic/ncs/v2.6.0/zephyr/subsys/bluetooth/audio/bap_stream.c:290:5:bt_bap_stream_get_tx_sync	16	static
/opt/nordic/ncs/v2.6.0/zephyr/subsys/bluetooth/audio/bap_stream.c:329:6:bt_bap_stream_can_disconnect	8	static
/opt/nordic/ncs/v2.6.0/zephyr/subsys/bluetooth/audio/bap_stream.c:369:25:bt_bap_stream_verify_qos	0	static
/opt/nordic/ncs/v2.6.0/zephyr/subsys/bluetooth/audio/bap_stream.c:407:5:bt_bap_stream_disconnect	8	static
/opt/nordic/ncs/v2.6.0/zephyr/subsys/bluetooth/audio/bap_stream.c:388:6:bt_bap_stream_detach	16	static
/opt/nordic/ncs/v2.6.0/zephyr/subsys/bluetooth/audio/bap_stream.c:424:6:bt_bap_stream_reset	8	static
/opt/nordic/ncs/v2.6.0/zephyr/subsys/bluetooth/audio/bap_stream.c:452:5:bt_bap_stream_config	64	dynamic,bounded
/opt/nordic/ncs/v2.6.0/zephyr/subsys/bluetooth/audio/bap_stream.c:503:5:bt_bap_stream_qos	16	static
/opt/nordic/ncs/v2.6.0/zephyr/subsys/bluetooth/audio/bap_stream.c:540:5:bt_bap_stream_enable	64	dynamic,bounded
/opt/nordic/ncs/v2.6.0/zephyr/subsys/bluetooth/audio/bap_stream.c:573:5:bt_bap_stream_stop	56	dynamic,bounded
/opt/nordic/ncs/v2.6.0/zephyr/subsys/bluetooth/audio/bap_stream.c:611:5:bt_bap_stream_reconfig	56	dynamic,bounded
/opt/nordic/ncs/v2.6.0/zephyr/subsys/bluetooth/audio/bap_stream.c:662:5:bt_bap_stream_start	56	dynamic,bounded
/opt/nordic/ncs/v2.6.0/zephyr/subsys/bluetooth/audio/bap_stream.c:702:5:bt_bap_stream_metadata	64	dynamic,bounded
/opt/nordic/ncs/v2.6.0/zephyr/subsys/bluetooth/audio/bap_stream.c:749:5:bt_bap_stream_disable	56	dynamic,bounded
/opt/nordic/ncs/v2.6.0/zephyr/subsys/bluetooth/audio/bap_stream.c:791:5:bt_bap_stream_release	56	dynamic,bounded
