/opt/nordic/ncs/v2.6.0/zephyr/include/zephyr/sys/slist.h:408:1:sys_slist_remove	0	static
/opt/nordic/ncs/v2.6.0/zephyr/include/zephyr/sys/slist.h:435:1:sys_slist_find_and_remove	8	static
/opt/nordic/ncs/v2.6.0/zephyr/subsys/bluetooth/audio/bap_endpoint.h:148:27:bt_bap_ep_state_str	0	static
/opt/nordic/ncs/v2.6.0/zephyr/subsys/bluetooth/audio/bap_unicast_client.c:1143:13:valid_ltv_cb	0	static
/opt/nordic/ncs/v2.6.0/zephyr/subsys/bluetooth/audio/bap_unicast_client.c:2087:13:bt_audio_codec_qos_to_cig_param	4	static
/opt/nordic/ncs/v2.6.0/zephyr/subsys/bluetooth/audio/bap_unicast_client.c:2538:12:group_qos_common_set	0	static
/opt/nordic/ncs/v2.6.0/zephyr/subsys/bluetooth/audio/bap_unicast_client.c:612:13:unicast_client_ep_qos_update	16	static
/opt/nordic/ncs/v2.6.0/zephyr/subsys/bluetooth/audio/bap_unicast_client.c:2237:12:unicast_group_add_iso	8	static
/opt/nordic/ncs/v2.6.0/zephyr/subsys/bluetooth/audio/bap_unicast_client.c:2265:13:unicast_group_del_iso	8	static
/opt/nordic/ncs/v2.6.0/zephyr/subsys/bluetooth/audio/bap_unicast_client.c:271:13:unicast_client_ep_iso_sent	88	dynamic,bounded
/opt/nordic/ncs/v2.6.0/zephyr/subsys/bluetooth/audio/bap_unicast_client.c:216:13:unicast_client_ep_iso_recv	56	dynamic,bounded
/opt/nordic/ncs/v2.6.0/zephyr/subsys/bluetooth/audio/bap_unicast_client.c:909:13:unicast_client_ep_releasing_state	8	static
/opt/nordic/ncs/v2.6.0/zephyr/subsys/bluetooth/audio/bap_unicast_client.c:556:13:unicast_client_ep_idle_state	16	static
/opt/nordic/ncs/v2.6.0/zephyr/subsys/bluetooth/audio/bap_unicast_client.c:2430:37:unicast_group_alloc	24	static
/opt/nordic/ncs/v2.6.0/zephyr/subsys/bluetooth/audio/bap_unicast_client.c:209:13:reset_att_buf	8	static
/opt/nordic/ncs/v2.6.0/zephyr/subsys/bluetooth/audio/bap_unicast_client.c:841:13:unicast_client_ep_streaming_state	16	static
/opt/nordic/ncs/v2.6.0/zephyr/subsys/bluetooth/audio/bap_unicast_client.c:881:13:unicast_client_ep_disabling_state	8	static
/opt/nordic/ncs/v2.6.0/zephyr/subsys/bluetooth/audio/bap_unicast_client.c:1149:12:unicast_client_ep_set_codec_cfg	8	static
/opt/nordic/ncs/v2.6.0/zephyr/subsys/bluetooth/audio/bap_unicast_client.c:1244:12:unicast_client_ep_set_metadata	8	static
/opt/nordic/ncs/v2.6.0/zephyr/subsys/bluetooth/audio/bap_unicast_client.c:715:13:unicast_client_ep_qos_state	16	static
/opt/nordic/ncs/v2.6.0/zephyr/subsys/bluetooth/audio/bap_unicast_client.c:790:13:unicast_client_ep_enabling_state	32	static
/opt/nordic/ncs/v2.6.0/zephyr/subsys/bluetooth/audio/bap_unicast_client.c:639:13:unicast_client_ep_config_state	80	dynamic,bounded
/opt/nordic/ncs/v2.6.0/zephyr/subsys/bluetooth/audio/bap_unicast_client.c:936:13:unicast_client_ep_set_status	360	dynamic,bounded
/opt/nordic/ncs/v2.6.0/zephyr/subsys/bluetooth/audio/bap_unicast_client.c:543:13:unicast_client_ep_set_local_idle_state	24	static
/opt/nordic/ncs/v2.6.0/zephyr/subsys/bluetooth/audio/bap_unicast_client.c:2029:13:unicast_client_reset	8	static
/opt/nordic/ncs/v2.6.0/zephyr/subsys/bluetooth/audio/bap_unicast_client.c:347:13:unicast_client_ep_iso_disconnected	48	static
/opt/nordic/ncs/v2.6.0/zephyr/subsys/bluetooth/audio/bap_unicast_client.c:383:13:unicast_client_iso_disconnected	64	dynamic,bounded
/opt/nordic/ncs/v2.6.0/zephyr/subsys/bluetooth/audio/bap_unicast_client.c:1865:12:unicast_client_ep_start	56	dynamic,bounded
/opt/nordic/ncs/v2.6.0/zephyr/subsys/bluetooth/audio/bap_unicast_client.c:1886:12:unicast_client_ep_disable	56	dynamic,bounded
/opt/nordic/ncs/v2.6.0/zephyr/subsys/bluetooth/audio/bap_unicast_client.c:1912:12:unicast_client_ep_stop	56	dynamic,bounded
/opt/nordic/ncs/v2.6.0/zephyr/subsys/bluetooth/audio/bap_unicast_client.c:1933:12:unicast_client_ep_release	56	dynamic,bounded
/opt/nordic/ncs/v2.6.0/zephyr/subsys/bluetooth/audio/bap_unicast_client.c:1965:13:gatt_write_cb	16	static
/opt/nordic/ncs/v2.6.0/zephyr/subsys/bluetooth/audio/bap_unicast_client.c:2056:13:unicast_client_ep_reset	16	static
/opt/nordic/ncs/v2.6.0/zephyr/subsys/bluetooth/audio/bap_unicast_client.c:3982:13:unicast_client_disconnected	8	static
/opt/nordic/ncs/v2.6.0/zephyr/subsys/bluetooth/audio/bap_unicast_client.c:1602:13:pac_record_cb	16	static
/opt/nordic/ncs/v2.6.0/zephyr/subsys/bluetooth/audio/bap_unicast_client.c:447:26:unicast_client_ep_find	8	static
/opt/nordic/ncs/v2.6.0/zephyr/subsys/bluetooth/audio/bap_unicast_client.c:1616:13:endpoint_cb	16	static
/opt/nordic/ncs/v2.6.0/zephyr/subsys/bluetooth/audio/bap_unicast_client.c:175:30:audio_stream_by_ep_id	8	static
/opt/nordic/ncs/v2.6.0/zephyr/subsys/bluetooth/audio/bap_unicast_client.c:1270:16:unicast_client_cp_notify	40	static
/opt/nordic/ncs/v2.6.0/zephyr/subsys/bluetooth/audio/bap_unicast_client.c:1626:13:discover_cb	24	static
/opt/nordic/ncs/v2.6.0/zephyr/subsys/bluetooth/audio/bap_unicast_client.c:1641:13:unicast_client_cp_sub_cb	8	static
/opt/nordic/ncs/v2.6.0/zephyr/subsys/bluetooth/audio/bap_unicast_client.c:2483:12:stream_param_check	56	dynamic,bounded
/opt/nordic/ncs/v2.6.0/zephyr/subsys/bluetooth/audio/bap_unicast_client.c:2511:12:stream_pair_param_check	8	static
/opt/nordic/ncs/v2.6.0/zephyr/subsys/bluetooth/audio/bap_unicast_client.c:2287:13:unicast_client_codec_qos_to_iso_qos	16	static
/opt/nordic/ncs/v2.6.0/zephyr/subsys/bluetooth/audio/bap_unicast_client.c:2329:13:unicast_group_add_stream	24	static
/opt/nordic/ncs/v2.6.0/zephyr/subsys/bluetooth/audio/bap_unicast_client.c:2113:12:bt_audio_cig_create	40	static
/opt/nordic/ncs/v2.6.0/zephyr/subsys/bluetooth/audio/bap_unicast_client.c:2450:13:unicast_group_free	24	static
/opt/nordic/ncs/v2.6.0/zephyr/subsys/bluetooth/audio/bap_unicast_client.c:2389:13:unicast_group_del_stream	24	static
/opt/nordic/ncs/v2.6.0/zephyr/subsys/bluetooth/audio/bap_unicast_client.c:2412:13:unicast_group_del_stream_pair	16	static
/opt/nordic/ncs/v2.6.0/zephyr/subsys/bluetooth/audio/bap_unicast_client.c:2182:13:audio_stream_qos_cleanup	16	static
/opt/nordic/ncs/v2.6.0/zephyr/subsys/bluetooth/audio/bap_unicast_client.c:2148:12:bt_audio_cig_reconfigure	40	static
/opt/nordic/ncs/v2.6.0/zephyr/subsys/bluetooth/audio/bap_unicast_client.c:2202:12:unicast_client_cig_terminate	8	static
/opt/nordic/ncs/v2.6.0/zephyr/subsys/bluetooth/audio/bap_unicast_client.c:1716:12:unicast_client_ep_config	64	dynamic,bounded
/opt/nordic/ncs/v2.6.0/zephyr/subsys/bluetooth/audio/bap_unicast_client.c:1805:12:unicast_client_ep_enable	64	dynamic,bounded
/opt/nordic/ncs/v2.6.0/zephyr/subsys/bluetooth/audio/bap_unicast_client.c:1832:12:unicast_client_ep_metadata	64	dynamic,bounded
/opt/nordic/ncs/v2.6.0/zephyr/subsys/bluetooth/audio/bap_unicast_client.c:2209:12:unicast_client_stream_connect	16	static
/opt/nordic/ncs/v2.6.0/zephyr/subsys/bluetooth/audio/bap_unicast_client.c:3787:12:unicast_client_pacs_context_discover	8	static
/opt/nordic/ncs/v2.6.0/zephyr/subsys/bluetooth/audio/bap_unicast_client.c:3690:12:unicast_client_pacs_location_discover	8	static
/opt/nordic/ncs/v2.6.0/zephyr/subsys/bluetooth/audio/bap_unicast_client.c:3712:16:unicast_client_pacs_context_read_func	32	static
/opt/nordic/ncs/v2.6.0/zephyr/subsys/bluetooth/audio/bap_unicast_client.c:3501:12:unicast_client_pacs_avail_ctx_discover	8	static
/opt/nordic/ncs/v2.6.0/zephyr/subsys/bluetooth/audio/bap_unicast_client.c:3314:12:unicast_client_ase_discover	16	static
/opt/nordic/ncs/v2.6.0/zephyr/subsys/bluetooth/audio/bap_unicast_client.c:3177:12:unicast_client_ase_cp_discover	8	static
/opt/nordic/ncs/v2.6.0/zephyr/subsys/bluetooth/audio/bap_unicast_client.c:3938:16:unicast_client_pac_discover_cb	72	dynamic,bounded
/opt/nordic/ncs/v2.6.0/zephyr/subsys/bluetooth/audio/bap_unicast_client.c:3746:16:unicast_client_pacs_context_discover_cb	64	dynamic,bounded
/opt/nordic/ncs/v2.6.0/zephyr/subsys/bluetooth/audio/bap_unicast_client.c:3421:12:unicast_client_pacs_avail_ctx_read	16	static
/opt/nordic/ncs/v2.6.0/zephyr/subsys/bluetooth/audio/bap_unicast_client.c:3270:16:unicast_client_ase_discover_cb	16	static
/opt/nordic/ncs/v2.6.0/zephyr/subsys/bluetooth/audio/bap_unicast_client.c:3614:12:unicast_client_pacs_location_read	16	static
/opt/nordic/ncs/v2.6.0/zephyr/subsys/bluetooth/audio/bap_unicast_client.c:1179:12:unicast_client_set_codec_cap	48	static
/opt/nordic/ncs/v2.6.0/zephyr/subsys/bluetooth/audio/bap_unicast_client.c:3802:16:unicast_client_read_func	104	static
/opt/nordic/ncs/v2.6.0/zephyr/subsys/bluetooth/audio/bap_unicast_client.c:3628:16:unicast_client_pacs_location_discover_cb	16	static
/opt/nordic/ncs/v2.6.0/zephyr/subsys/bluetooth/audio/bap_unicast_client.c:3435:16:unicast_client_pacs_avail_ctx_discover_cb	16	static
/opt/nordic/ncs/v2.6.0/zephyr/subsys/bluetooth/audio/bap_unicast_client.c:3564:16:unicast_client_pacs_location_notify_cb	40	static
/opt/nordic/ncs/v2.6.0/zephyr/subsys/bluetooth/audio/bap_unicast_client.c:3516:16:unicast_client_pacs_location_read_func	40	static
/opt/nordic/ncs/v2.6.0/zephyr/subsys/bluetooth/audio/bap_unicast_client.c:3381:16:unicast_client_pacs_avail_ctx_notify_cb	32	static
/opt/nordic/ncs/v2.6.0/zephyr/subsys/bluetooth/audio/bap_unicast_client.c:3336:16:unicast_client_pacs_avail_ctx_read_func	32	static
/opt/nordic/ncs/v2.6.0/zephyr/subsys/bluetooth/audio/bap_unicast_client.c:431:13:unicast_client_ep_init	16	static
/opt/nordic/ncs/v2.6.0/zephyr/subsys/bluetooth/audio/bap_unicast_client.c:492:26:unicast_client_ep_new	16	static
/opt/nordic/ncs/v2.6.0/zephyr/subsys/bluetooth/audio/bap_unicast_client.c:530:26:unicast_client_ep_get	16	static
/opt/nordic/ncs/v2.6.0/zephyr/subsys/bluetooth/audio/bap_unicast_client.c:1464:13:long_ase_read	48	static
/opt/nordic/ncs/v2.6.0/zephyr/subsys/bluetooth/audio/bap_unicast_client.c:1511:13:delayed_ase_read_handler	8	static
/opt/nordic/ncs/v2.6.0/zephyr/subsys/bluetooth/audio/bap_unicast_client.c:1523:16:unicast_client_ep_notify	48	static
/opt/nordic/ncs/v2.6.0/zephyr/subsys/bluetooth/audio/bap_unicast_client.c:1393:16:unicast_client_ase_ntf_read_func	64	static
/opt/nordic/ncs/v2.6.0/zephyr/subsys/bluetooth/audio/bap_unicast_client.c:1579:12:unicast_client_ep_subscribe	8	static
/opt/nordic/ncs/v2.6.0/zephyr/subsys/bluetooth/audio/bap_unicast_client.c:3192:16:unicast_client_ase_read_func	40	static
/opt/nordic/ncs/v2.6.0/zephyr/subsys/bluetooth/audio/bap_unicast_client.c:1650:13:unicast_client_ep_set_cp	16	static
/opt/nordic/ncs/v2.6.0/zephyr/subsys/bluetooth/audio/bap_unicast_client.c:3152:16:unicast_client_cp_discover_func	8	static
/opt/nordic/ncs/v2.6.0/zephyr/subsys/bluetooth/audio/bap_unicast_client.c:412:6:bt_bap_ep_is_unicast_client	0	static
/opt/nordic/ncs/v2.6.0/zephyr/subsys/bluetooth/audio/bap_unicast_client.c:476:20:bt_bap_unicast_client_new_audio_iso	8	static
/opt/nordic/ncs/v2.6.0/zephyr/subsys/bluetooth/audio/bap_unicast_client.c:2355:12:unicast_group_add_stream_pair	24	static
/opt/nordic/ncs/v2.6.0/zephyr/subsys/bluetooth/audio/bap_unicast_client.c:1701:24:bt_bap_unicast_client_ep_create_pdu	16	static
/opt/nordic/ncs/v2.6.0/zephyr/subsys/bluetooth/audio/bap_unicast_client.c:1759:5:bt_bap_unicast_client_ep_qos	64	dynamic,bounded
/opt/nordic/ncs/v2.6.0/zephyr/subsys/bluetooth/audio/bap_unicast_client.c:1978:5:bt_bap_unicast_client_ep_send	40	static
/opt/nordic/ncs/v2.6.0/zephyr/subsys/bluetooth/audio/bap_unicast_client.c:133:12:unicast_client_send_start	16	static
/opt/nordic/ncs/v2.6.0/zephyr/subsys/bluetooth/audio/bap_unicast_client.c:298:13:unicast_client_ep_iso_connected	64	dynamic,bounded
/opt/nordic/ncs/v2.6.0/zephyr/subsys/bluetooth/audio/bap_unicast_client.c:329:13:unicast_client_iso_connected	64	dynamic,bounded
/opt/nordic/ncs/v2.6.0/zephyr/subsys/bluetooth/audio/bap_unicast_client.c:2552:5:bt_bap_unicast_group_create	40	static
/opt/nordic/ncs/v2.6.0/zephyr/subsys/bluetooth/audio/bap_unicast_client.c:2623:5:bt_bap_unicast_group_add_streams	40	static
/opt/nordic/ncs/v2.6.0/zephyr/subsys/bluetooth/audio/bap_unicast_client.c:2711:5:bt_bap_unicast_group_delete	8	static
/opt/nordic/ncs/v2.6.0/zephyr/subsys/bluetooth/audio/bap_unicast_client.c:2746:5:bt_bap_unicast_client_config	24	static
/opt/nordic/ncs/v2.6.0/zephyr/subsys/bluetooth/audio/bap_unicast_client.c:2784:5:bt_bap_unicast_client_qos	80	dynamic,bounded
/opt/nordic/ncs/v2.6.0/zephyr/subsys/bluetooth/audio/bap_unicast_client.c:2911:5:bt_bap_unicast_client_enable	24	static
/opt/nordic/ncs/v2.6.0/zephyr/subsys/bluetooth/audio/bap_unicast_client.c:2944:5:bt_bap_unicast_client_metadata	24	static
/opt/nordic/ncs/v2.6.0/zephyr/subsys/bluetooth/audio/bap_unicast_client.c:2977:5:bt_bap_unicast_client_start	8	static
/opt/nordic/ncs/v2.6.0/zephyr/subsys/bluetooth/audio/bap_unicast_client.c:3028:5:bt_bap_unicast_client_disable	16	static
/opt/nordic/ncs/v2.6.0/zephyr/subsys/bluetooth/audio/bap_unicast_client.c:3060:5:bt_bap_unicast_client_stop	24	static
/opt/nordic/ncs/v2.6.0/zephyr/subsys/bluetooth/audio/bap_unicast_client.c:3100:5:bt_bap_unicast_client_release	24	static
/opt/nordic/ncs/v2.6.0/zephyr/subsys/bluetooth/audio/bap_unicast_client.c:3993:5:bt_bap_unicast_client_discover	16	static
/opt/nordic/ncs/v2.6.0/zephyr/subsys/bluetooth/audio/bap_unicast_client.c:4045:5:bt_bap_unicast_client_register_cb	0	static
