/opt/nordic/ncs/v2.6.0/zephyr/subsys/bluetooth/audio/codec.c:127:13:parse_cb	0	static
/opt/nordic/ncs/v2.6.0/zephyr/subsys/bluetooth/audio/codec.c:235:13:init_net_buf_simple_from_codec_cfg	0	static
/opt/nordic/ncs/v2.6.0/zephyr/subsys/bluetooth/audio/codec.c:526:13:init_net_buf_simple_from_meta	0	static
/opt/nordic/ncs/v2.6.0/zephyr/subsys/bluetooth/audio/codec.c:1675:13:init_net_buf_simple_from_codec_cap	0	static
/opt/nordic/ncs/v2.6.0/zephyr/subsys/bluetooth/audio/codec.c:535:12:codec_meta_get_val	16	static
/opt/nordic/ncs/v2.6.0/zephyr/subsys/bluetooth/audio/codec.c:598:12:codec_meta_get_pref_context	16	static
/opt/nordic/ncs/v2.6.0/zephyr/subsys/bluetooth/audio/codec.c:641:12:codec_meta_get_stream_context	16	static
/opt/nordic/ncs/v2.6.0/zephyr/subsys/bluetooth/audio/codec.c:684:12:codec_meta_get_program_info	16	static
/opt/nordic/ncs/v2.6.0/zephyr/subsys/bluetooth/audio/codec.c:727:12:codec_meta_get_stream_lang	16	static
/opt/nordic/ncs/v2.6.0/zephyr/subsys/bluetooth/audio/codec.c:770:12:codec_meta_get_ccid_list	16	static
/opt/nordic/ncs/v2.6.0/zephyr/subsys/bluetooth/audio/codec.c:813:12:codec_meta_get_parental_rating	16	static
/opt/nordic/ncs/v2.6.0/zephyr/subsys/bluetooth/audio/codec.c:856:12:codec_meta_get_program_info_uri	16	static
/opt/nordic/ncs/v2.6.0/zephyr/subsys/bluetooth/audio/codec.c:901:12:codec_meta_get_audio_active_state	16	static
/opt/nordic/ncs/v2.6.0/zephyr/subsys/bluetooth/audio/codec.c:944:12:codec_meta_get_bcast_audio_immediate_rend_flag	16	static
/opt/nordic/ncs/v2.6.0/zephyr/subsys/bluetooth/audio/codec.c:969:12:codec_meta_get_extended	16	static
/opt/nordic/ncs/v2.6.0/zephyr/subsys/bluetooth/audio/codec.c:1012:12:codec_meta_get_vendor	16	static
/opt/nordic/ncs/v2.6.0/zephyr/subsys/bluetooth/audio/codec.c:142:12:ltv_set_val	48	static
/opt/nordic/ncs/v2.6.0/zephyr/subsys/bluetooth/audio/codec.c:572:12:codec_meta_set_val	32	static
/opt/nordic/ncs/v2.6.0/zephyr/subsys/bluetooth/audio/codec.c:620:12:codec_meta_set_pref_context	24	static
/opt/nordic/ncs/v2.6.0/zephyr/subsys/bluetooth/audio/codec.c:663:12:codec_meta_set_stream_context	24	static
/opt/nordic/ncs/v2.6.0/zephyr/subsys/bluetooth/audio/codec.c:710:12:codec_meta_set_program_info	16	static
/opt/nordic/ncs/v2.6.0/zephyr/subsys/bluetooth/audio/codec.c:749:12:codec_meta_set_stream_lang	24	static
/opt/nordic/ncs/v2.6.0/zephyr/subsys/bluetooth/audio/codec.c:796:12:codec_meta_set_ccid_list	16	static
/opt/nordic/ncs/v2.6.0/zephyr/subsys/bluetooth/audio/codec.c:835:12:codec_meta_set_parental_rating	24	static
/opt/nordic/ncs/v2.6.0/zephyr/subsys/bluetooth/audio/codec.c:882:12:codec_meta_set_program_info_uri	16	static
/opt/nordic/ncs/v2.6.0/zephyr/subsys/bluetooth/audio/codec.c:923:12:codec_meta_set_audio_active_state	24	static
/opt/nordic/ncs/v2.6.0/zephyr/subsys/bluetooth/audio/codec.c:957:12:codec_meta_set_bcast_audio_immediate_rend_flag	16	static
/opt/nordic/ncs/v2.6.0/zephyr/subsys/bluetooth/audio/codec.c:995:12:codec_meta_set_extended	16	static
/opt/nordic/ncs/v2.6.0/zephyr/subsys/bluetooth/audio/codec.c:1037:12:codec_meta_set_vendor	16	static
/opt/nordic/ncs/v2.6.0/zephyr/subsys/bluetooth/audio/codec.c:23:5:bt_audio_codec_cfg_freq_to_freq_hz	0	static
/opt/nordic/ncs/v2.6.0/zephyr/subsys/bluetooth/audio/codec.c:57:5:bt_audio_codec_cfg_freq_hz_to_freq	0	static
/opt/nordic/ncs/v2.6.0/zephyr/subsys/bluetooth/audio/codec.c:91:5:bt_audio_codec_cfg_frame_dur_to_frame_dur_us	0	static
/opt/nordic/ncs/v2.6.0/zephyr/subsys/bluetooth/audio/codec.c:103:5:bt_audio_codec_cfg_frame_dur_us_to_frame_dur	0	static
/opt/nordic/ncs/v2.6.0/zephyr/subsys/bluetooth/audio/codec.c:244:9:bt_audio_codec_cfg_get_val	16	static
/opt/nordic/ncs/v2.6.0/zephyr/subsys/bluetooth/audio/codec.c:281:5:bt_audio_codec_cfg_set_val	40	static
/opt/nordic/ncs/v2.6.0/zephyr/subsys/bluetooth/audio/codec.c:313:5:bt_audio_codec_cfg_get_freq	16	static
/opt/nordic/ncs/v2.6.0/zephyr/subsys/bluetooth/audio/codec.c:342:5:bt_audio_codec_cfg_set_freq	24	static
/opt/nordic/ncs/v2.6.0/zephyr/subsys/bluetooth/audio/codec.c:358:5:bt_audio_codec_cfg_get_frame_dur	16	static
/opt/nordic/ncs/v2.6.0/zephyr/subsys/bluetooth/audio/codec.c:387:5:bt_audio_codec_cfg_set_frame_dur	24	static
/opt/nordic/ncs/v2.6.0/zephyr/subsys/bluetooth/audio/codec.c:403:5:bt_audio_codec_cfg_get_chan_allocation	16	static
/opt/nordic/ncs/v2.6.0/zephyr/subsys/bluetooth/audio/codec.c:435:5:bt_audio_codec_cfg_set_chan_allocation	16	static
/opt/nordic/ncs/v2.6.0/zephyr/subsys/bluetooth/audio/codec.c:452:5:bt_audio_codec_cfg_get_octets_per_frame	16	static
/opt/nordic/ncs/v2.6.0/zephyr/subsys/bluetooth/audio/codec.c:475:5:bt_audio_codec_cfg_set_octets_per_frame	16	static
/opt/nordic/ncs/v2.6.0/zephyr/subsys/bluetooth/audio/codec.c:487:5:bt_audio_codec_cfg_get_frame_blocks_per_sdu	16	static
/opt/nordic/ncs/v2.6.0/zephyr/subsys/bluetooth/audio/codec.c:515:5:bt_audio_codec_cfg_set_frame_blocks_per_sdu	16	static
/opt/nordic/ncs/v2.6.0/zephyr/subsys/bluetooth/audio/codec.c:1055:5:bt_audio_codec_cfg_meta_get_val	8	static
/opt/nordic/ncs/v2.6.0/zephyr/subsys/bluetooth/audio/codec.c:1066:5:bt_audio_codec_cfg_meta_set_val	16	static
/opt/nordic/ncs/v2.6.0/zephyr/subsys/bluetooth/audio/codec.c:1086:5:bt_audio_codec_cfg_meta_get_pref_context	8	static
/opt/nordic/ncs/v2.6.0/zephyr/subsys/bluetooth/audio/codec.c:1096:5:bt_audio_codec_cfg_meta_set_pref_context	8	static
/opt/nordic/ncs/v2.6.0/zephyr/subsys/bluetooth/audio/codec.c:1110:5:bt_audio_codec_cfg_meta_get_stream_context	8	static
/opt/nordic/ncs/v2.6.0/zephyr/subsys/bluetooth/audio/codec.c:1120:5:bt_audio_codec_cfg_meta_set_stream_context	8	static
/opt/nordic/ncs/v2.6.0/zephyr/subsys/bluetooth/audio/codec.c:1134:5:bt_audio_codec_cfg_meta_get_program_info	8	static
/opt/nordic/ncs/v2.6.0/zephyr/subsys/bluetooth/audio/codec.c:1145:5:bt_audio_codec_cfg_meta_set_program_info	16	static
/opt/nordic/ncs/v2.6.0/zephyr/subsys/bluetooth/audio/codec.c:1160:5:bt_audio_codec_cfg_meta_get_stream_lang	8	static
/opt/nordic/ncs/v2.6.0/zephyr/subsys/bluetooth/audio/codec.c:1170:5:bt_audio_codec_cfg_meta_set_stream_lang	8	static
/opt/nordic/ncs/v2.6.0/zephyr/subsys/bluetooth/audio/codec.c:1184:5:bt_audio_codec_cfg_meta_get_ccid_list	8	static
/opt/nordic/ncs/v2.6.0/zephyr/subsys/bluetooth/audio/codec.c:1195:5:bt_audio_codec_cfg_meta_set_ccid_list	16	static
/opt/nordic/ncs/v2.6.0/zephyr/subsys/bluetooth/audio/codec.c:1209:5:bt_audio_codec_cfg_meta_get_parental_rating	8	static
/opt/nordic/ncs/v2.6.0/zephyr/subsys/bluetooth/audio/codec.c:1219:5:bt_audio_codec_cfg_meta_set_parental_rating	8	static
/opt/nordic/ncs/v2.6.0/zephyr/subsys/bluetooth/audio/codec.c:1233:5:bt_audio_codec_cfg_meta_get_program_info_uri	8	static
/opt/nordic/ncs/v2.6.0/zephyr/subsys/bluetooth/audio/codec.c:1245:5:bt_audio_codec_cfg_meta_set_program_info_uri	16	static
/opt/nordic/ncs/v2.6.0/zephyr/subsys/bluetooth/audio/codec.c:1261:5:bt_audio_codec_cfg_meta_get_audio_active_state	8	static
/opt/nordic/ncs/v2.6.0/zephyr/subsys/bluetooth/audio/codec.c:1271:5:bt_audio_codec_cfg_meta_set_audio_active_state	8	static
/opt/nordic/ncs/v2.6.0/zephyr/subsys/bluetooth/audio/codec.c:1285:5:bt_audio_codec_cfg_meta_get_bcast_audio_immediate_rend_flag	8	static
/opt/nordic/ncs/v2.6.0/zephyr/subsys/bluetooth/audio/codec.c:1296:5:bt_audio_codec_cfg_meta_set_bcast_audio_immediate_rend_flag	8	static
/opt/nordic/ncs/v2.6.0/zephyr/subsys/bluetooth/audio/codec.c:1310:5:bt_audio_codec_cfg_meta_get_extended	8	static
/opt/nordic/ncs/v2.6.0/zephyr/subsys/bluetooth/audio/codec.c:1321:5:bt_audio_codec_cfg_meta_set_extended	16	static
/opt/nordic/ncs/v2.6.0/zephyr/subsys/bluetooth/audio/codec.c:1336:5:bt_audio_codec_cfg_meta_get_vendor	8	static
/opt/nordic/ncs/v2.6.0/zephyr/subsys/bluetooth/audio/codec.c:1347:5:bt_audio_codec_cfg_meta_set_vendor	16	static
/opt/nordic/ncs/v2.6.0/zephyr/subsys/bluetooth/audio/codec.c:1363:5:bt_audio_codec_cap_meta_get_val	8	static
/opt/nordic/ncs/v2.6.0/zephyr/subsys/bluetooth/audio/codec.c:1374:5:bt_audio_codec_cap_meta_set_val	16	static
/opt/nordic/ncs/v2.6.0/zephyr/subsys/bluetooth/audio/codec.c:1394:5:bt_audio_codec_cap_meta_get_pref_context	8	static
/opt/nordic/ncs/v2.6.0/zephyr/subsys/bluetooth/audio/codec.c:1404:5:bt_audio_codec_cap_meta_set_pref_context	8	static
/opt/nordic/ncs/v2.6.0/zephyr/subsys/bluetooth/audio/codec.c:1418:5:bt_audio_codec_cap_meta_get_stream_context	8	static
/opt/nordic/ncs/v2.6.0/zephyr/subsys/bluetooth/audio/codec.c:1428:5:bt_audio_codec_cap_meta_set_stream_context	8	static
/opt/nordic/ncs/v2.6.0/zephyr/subsys/bluetooth/audio/codec.c:1442:5:bt_audio_codec_cap_meta_get_program_info	8	static
/opt/nordic/ncs/v2.6.0/zephyr/subsys/bluetooth/audio/codec.c:1453:5:bt_audio_codec_cap_meta_set_program_info	16	static
/opt/nordic/ncs/v2.6.0/zephyr/subsys/bluetooth/audio/codec.c:1468:5:bt_audio_codec_cap_meta_get_stream_lang	8	static
/opt/nordic/ncs/v2.6.0/zephyr/subsys/bluetooth/audio/codec.c:1478:5:bt_audio_codec_cap_meta_set_stream_lang	8	static
/opt/nordic/ncs/v2.6.0/zephyr/subsys/bluetooth/audio/codec.c:1492:5:bt_audio_codec_cap_meta_get_ccid_list	8	static
/opt/nordic/ncs/v2.6.0/zephyr/subsys/bluetooth/audio/codec.c:1503:5:bt_audio_codec_cap_meta_set_ccid_list	16	static
/opt/nordic/ncs/v2.6.0/zephyr/subsys/bluetooth/audio/codec.c:1517:5:bt_audio_codec_cap_meta_get_parental_rating	8	static
/opt/nordic/ncs/v2.6.0/zephyr/subsys/bluetooth/audio/codec.c:1527:5:bt_audio_codec_cap_meta_set_parental_rating	8	static
/opt/nordic/ncs/v2.6.0/zephyr/subsys/bluetooth/audio/codec.c:1541:5:bt_audio_codec_cap_meta_get_program_info_uri	8	static
/opt/nordic/ncs/v2.6.0/zephyr/subsys/bluetooth/audio/codec.c:1553:5:bt_audio_codec_cap_meta_set_program_info_uri	16	static
/opt/nordic/ncs/v2.6.0/zephyr/subsys/bluetooth/audio/codec.c:1569:5:bt_audio_codec_cap_meta_get_audio_active_state	8	static
/opt/nordic/ncs/v2.6.0/zephyr/subsys/bluetooth/audio/codec.c:1579:5:bt_audio_codec_cap_meta_set_audio_active_state	8	static
/opt/nordic/ncs/v2.6.0/zephyr/subsys/bluetooth/audio/codec.c:1593:5:bt_audio_codec_cap_meta_get_bcast_audio_immediate_rend_flag	8	static
/opt/nordic/ncs/v2.6.0/zephyr/subsys/bluetooth/audio/codec.c:1604:5:bt_audio_codec_cap_meta_set_bcast_audio_immediate_rend_flag	8	static
/opt/nordic/ncs/v2.6.0/zephyr/subsys/bluetooth/audio/codec.c:1618:5:bt_audio_codec_cap_meta_get_extended	8	static
/opt/nordic/ncs/v2.6.0/zephyr/subsys/bluetooth/audio/codec.c:1629:5:bt_audio_codec_cap_meta_set_extended	16	static
/opt/nordic/ncs/v2.6.0/zephyr/subsys/bluetooth/audio/codec.c:1644:5:bt_audio_codec_cap_meta_get_vendor	8	static
/opt/nordic/ncs/v2.6.0/zephyr/subsys/bluetooth/audio/codec.c:1655:5:bt_audio_codec_cap_meta_set_vendor	16	static
/opt/nordic/ncs/v2.6.0/zephyr/subsys/bluetooth/audio/codec.c:1684:9:bt_audio_codec_cap_get_val	16	static
/opt/nordic/ncs/v2.6.0/zephyr/subsys/bluetooth/audio/codec.c:1721:5:bt_audio_codec_cap_set_val	40	static
/opt/nordic/ncs/v2.6.0/zephyr/subsys/bluetooth/audio/codec.c:1753:5:bt_audio_codec_cap_get_freq	16	static
/opt/nordic/ncs/v2.6.0/zephyr/subsys/bluetooth/audio/codec.c:1775:5:bt_audio_codec_cap_set_freq	16	static
/opt/nordic/ncs/v2.6.0/zephyr/subsys/bluetooth/audio/codec.c:1796:5:bt_audio_codec_cap_get_frame_dur	16	static
/opt/nordic/ncs/v2.6.0/zephyr/subsys/bluetooth/audio/codec.c:1818:5:bt_audio_codec_cap_set_frame_dur	16	static
/opt/nordic/ncs/v2.6.0/zephyr/subsys/bluetooth/audio/codec.c:1857:5:bt_audio_codec_cap_get_supported_audio_chan_counts	16	static
/opt/nordic/ncs/v2.6.0/zephyr/subsys/bluetooth/audio/codec.c:1879:5:bt_audio_codec_cap_set_supported_audio_chan_counts	16	static
/opt/nordic/ncs/v2.6.0/zephyr/subsys/bluetooth/audio/codec.c:1900:5:bt_audio_codec_cap_get_octets_per_frame	16	static
/opt/nordic/ncs/v2.6.0/zephyr/subsys/bluetooth/audio/codec.c:1932:5:bt_audio_codec_cap_set_octets_per_frame	16	static
/opt/nordic/ncs/v2.6.0/zephyr/subsys/bluetooth/audio/codec.c:1960:5:bt_audio_codec_cap_get_max_codec_frames_per_sdu	16	static
/opt/nordic/ncs/v2.6.0/zephyr/subsys/bluetooth/audio/codec.c:1982:5:bt_audio_codec_cap_set_max_codec_frames_per_sdu	16	static
