/opt/nordic/ncs/v2.6.0/zephyr/subsys/bluetooth/audio/mcs.c:107:13:player_name_cfg_changed	0	static
/opt/nordic/ncs/v2.6.0/zephyr/subsys/bluetooth/audio/mcs.c:149:13:track_cfg_changed	0	static
/opt/nordic/ncs/v2.6.0/zephyr/subsys/bluetooth/audio/mcs.c:173:13:track_title_cfg_changed	0	static
/opt/nordic/ncs/v2.6.0/zephyr/subsys/bluetooth/audio/mcs.c:195:13:track_duration_cfg_changed	0	static
/opt/nordic/ncs/v2.6.0/zephyr/subsys/bluetooth/audio/mcs.c:241:13:track_position_cfg_changed	0	static
/opt/nordic/ncs/v2.6.0/zephyr/subsys/bluetooth/audio/mcs.c:285:13:playback_speed_cfg_changed	0	static
/opt/nordic/ncs/v2.6.0/zephyr/subsys/bluetooth/audio/mcs.c:306:13:seeking_speed_cfg_changed	0	static
/opt/nordic/ncs/v2.6.0/zephyr/subsys/bluetooth/audio/mcs.c:561:13:playing_order_cfg_changed	0	static
/opt/nordic/ncs/v2.6.0/zephyr/subsys/bluetooth/audio/mcs.c:595:13:media_state_cfg_changed	0	static
/opt/nordic/ncs/v2.6.0/zephyr/subsys/bluetooth/audio/mcs.c:659:13:control_point_cfg_changed	0	static
/opt/nordic/ncs/v2.6.0/zephyr/subsys/bluetooth/audio/mcs.c:681:13:opcodes_supported_cfg_changed	0	static
/opt/nordic/ncs/v2.6.0/zephyr/subsys/bluetooth/audio/mcs.c:74:13:disconnected	8	static
/opt/nordic/ncs/v2.6.0/zephyr/subsys/bluetooth/audio/mcs.c:1181:6:media_proxy_sctrl_icon_url_cb	8	static
/opt/nordic/ncs/v2.6.0/zephyr/subsys/bluetooth/audio/mcs.c:1186:6:media_proxy_sctrl_track_changed_cb	8	static
/opt/nordic/ncs/v2.6.0/zephyr/subsys/bluetooth/audio/mcs.c:1147:13:deferred_nfy_work_handler	8	static
/opt/nordic/ncs/v2.6.0/zephyr/subsys/bluetooth/audio/mcs.c:1192:6:media_proxy_sctrl_track_title_cb	8	static
/opt/nordic/ncs/v2.6.0/zephyr/subsys/bluetooth/audio/mcs.c:1198:6:media_proxy_sctrl_track_position_cb	8	static
/opt/nordic/ncs/v2.6.0/zephyr/subsys/bluetooth/audio/mcs.c:1204:6:media_proxy_sctrl_track_duration_cb	8	static
/opt/nordic/ncs/v2.6.0/zephyr/subsys/bluetooth/audio/mcs.c:1210:6:media_proxy_sctrl_playback_speed_cb	8	static
/opt/nordic/ncs/v2.6.0/zephyr/subsys/bluetooth/audio/mcs.c:1216:6:media_proxy_sctrl_seeking_speed_cb	8	static
/opt/nordic/ncs/v2.6.0/zephyr/subsys/bluetooth/audio/mcs.c:1248:6:media_proxy_sctrl_playing_order_cb	8	static
/opt/nordic/ncs/v2.6.0/zephyr/subsys/bluetooth/audio/mcs.c:1254:6:media_proxy_sctrl_media_state_cb	8	static
/opt/nordic/ncs/v2.6.0/zephyr/subsys/bluetooth/audio/mcs.c:1285:6:media_proxy_sctrl_command_cb	8	static
/opt/nordic/ncs/v2.6.0/zephyr/subsys/bluetooth/audio/mcs.c:1291:6:media_proxy_sctrl_commands_supported_cb	8	static
/opt/nordic/ncs/v2.6.0/zephyr/subsys/bluetooth/audio/mcs.c:1175:13:media_proxy_sctrl_player_name_cb	8	static
/opt/nordic/ncs/v2.6.0/zephyr/include/zephyr/sys/atomic.h:217:20:atomic_set_bit	0	static
/opt/nordic/ncs/v2.6.0/zephyr/subsys/bluetooth/audio/mcs.c:962:13:mark_icon_url_changed_cb	48	static
/opt/nordic/ncs/v2.6.0/zephyr/include/zephyr/sys/atomic.h:176:20:atomic_test_and_set_bit	0	static
/opt/nordic/ncs/v2.6.0/zephyr/subsys/bluetooth/audio/mcs.c:1154:13:defer_value_ntf	48	static
/opt/nordic/ncs/v2.6.0/zephyr/include/zephyr/bluetooth/gatt.h:1225:19:bt_gatt_notify_uuid	32	static
/opt/nordic/ncs/v2.6.0/zephyr/subsys/bluetooth/audio/mcs.c:943:13:notify_string	32	static
/opt/nordic/ncs/v2.6.0/zephyr/subsys/bluetooth/audio/mcs.c:930:13:notify	16	static
/opt/nordic/ncs/v2.6.0/zephyr/include/zephyr/sys/atomic.h:152:20:atomic_test_and_clear_bit	4	static
/opt/nordic/ncs/v2.6.0/zephyr/subsys/bluetooth/audio/mcs.c:982:13:notify_cb	96	static
/opt/nordic/ncs/v2.6.0/zephyr/subsys/bluetooth/audio/mcs.c:1260:13:defer_media_control_point_ntf	48	static
/opt/nordic/ncs/v2.6.0/zephyr/subsys/bluetooth/audio/mcs.c:770:16:read_content_ctrl_id	48	static
/opt/nordic/ncs/v2.6.0/zephyr/subsys/bluetooth/audio/mcs.c:665:16:read_opcodes_supported	56	static
/opt/nordic/ncs/v2.6.0/zephyr/subsys/bluetooth/audio/mcs.c:580:16:read_media_state	56	static
/opt/nordic/ncs/v2.6.0/zephyr/subsys/bluetooth/audio/mcs.c:521:16:read_playing_order	56	static
/opt/nordic/ncs/v2.6.0/zephyr/subsys/bluetooth/audio/mcs.c:291:16:read_seeking_speed	56	static
/opt/nordic/ncs/v2.6.0/zephyr/subsys/bluetooth/audio/mcs.c:247:16:read_playback_speed	56	static
/opt/nordic/ncs/v2.6.0/zephyr/subsys/bluetooth/audio/mcs.c:201:16:read_track_position	56	static
/opt/nordic/ncs/v2.6.0/zephyr/subsys/bluetooth/audio/mcs.c:179:16:read_track_duration	56	static
/opt/nordic/ncs/v2.6.0/zephyr/subsys/bluetooth/audio/mcs.c:601:16:write_control_point	40	static
/opt/nordic/ncs/v2.6.0/zephyr/subsys/bluetooth/audio/mcs.c:567:16:read_playing_orders_supported	48	static
/opt/nordic/ncs/v2.6.0/zephyr/subsys/bluetooth/audio/mcs.c:536:16:write_playing_order	16	static
/opt/nordic/ncs/v2.6.0/zephyr/subsys/bluetooth/audio/mcs.c:262:16:write_playback_speed	16	static
/opt/nordic/ncs/v2.6.0/zephyr/subsys/bluetooth/audio/mcs.c:217:16:write_track_position	8	static
/opt/nordic/ncs/v2.6.0/zephyr/include/zephyr/sys/atomic.h:131:20:atomic_test_bit	0	static
/opt/nordic/ncs/v2.6.0/zephyr/subsys/bluetooth/audio/mcs.c:154:16:read_track_title	48	static
/opt/nordic/ncs/v2.6.0/zephyr/subsys/bluetooth/audio/mcs.c:88:16:read_player_name	48	static
/opt/nordic/ncs/v2.6.0/zephyr/subsys/bluetooth/audio/mcs.c:130:16:read_icon_url	48	static
/opt/nordic/ncs/v2.6.0/zephyr/subsys/bluetooth/audio/mcs.c:1337:5:bt_mcs_init	8	static
