/opt/nordic/ncs/v2.6.0/zephyr/subsys/bluetooth/audio/vcp_vol_ctlr.c:143:13:vcs_cp_notify_app	8	static
/opt/nordic/ncs/v2.6.0/zephyr/subsys/bluetooth/audio/vcp_vol_ctlr.c:631:13:vcp_vol_ctlr_reset	16	static
/opt/nordic/ncs/v2.6.0/zephyr/subsys/bluetooth/audio/vcp_vol_ctlr.c:662:13:disconnected	8	static
/opt/nordic/ncs/v2.6.0/zephyr/subsys/bluetooth/audio/vcp_vol_ctlr.c:37:16:vcp_vol_ctlr_notify_handler	24	static
/opt/nordic/ncs/v2.6.0/zephyr/subsys/bluetooth/audio/vcp_vol_ctlr.c:72:16:vcp_vol_ctlr_read_vol_state_cb	32	static
/opt/nordic/ncs/v2.6.0/zephyr/subsys/bluetooth/audio/vcp_vol_ctlr.c:110:16:vcp_vol_ctlr_read_flag_cb	32	static
/opt/nordic/ncs/v2.6.0/zephyr/subsys/bluetooth/audio/vcp_vol_ctlr.c:465:16:primary_discover_func	24	static
/opt/nordic/ncs/v2.6.0/zephyr/subsys/bluetooth/audio/vcp_vol_ctlr.c:385:16:vcs_discover_func	40	static
/opt/nordic/ncs/v2.6.0/zephyr/subsys/bluetooth/audio/vcp_vol_ctlr.c:512:12:vcp_vol_ctlr_common_vcs_cp	8	static
/opt/nordic/ncs/v2.6.0/zephyr/subsys/bluetooth/audio/vcp_vol_ctlr.c:242:13:vcp_vol_ctlr_write_vcs_cp_cb	32	static
/opt/nordic/ncs/v2.6.0/zephyr/subsys/bluetooth/audio/vcp_vol_ctlr.c:710:5:bt_vcp_vol_ctlr_discover	40	static
/opt/nordic/ncs/v2.6.0/zephyr/subsys/bluetooth/audio/vcp_vol_ctlr.c:765:5:bt_vcp_vol_ctlr_cb_register	0	static
/opt/nordic/ncs/v2.6.0/zephyr/subsys/bluetooth/audio/vcp_vol_ctlr.c:824:5:bt_vcp_vol_ctlr_included_get	0	static
/opt/nordic/ncs/v2.6.0/zephyr/subsys/bluetooth/audio/vcp_vol_ctlr.c:840:5:bt_vcp_vol_ctlr_conn_get	0	static
/opt/nordic/ncs/v2.6.0/zephyr/subsys/bluetooth/audio/vcp_vol_ctlr.c:862:5:bt_vcp_vol_ctlr_read_state	8	static
/opt/nordic/ncs/v2.6.0/zephyr/subsys/bluetooth/audio/vcp_vol_ctlr.c:896:5:bt_vcp_vol_ctlr_read_flags	8	static
/opt/nordic/ncs/v2.6.0/zephyr/subsys/bluetooth/audio/vcp_vol_ctlr.c:930:5:bt_vcp_vol_ctlr_vol_down	8	static
/opt/nordic/ncs/v2.6.0/zephyr/subsys/bluetooth/audio/vcp_vol_ctlr.c:935:5:bt_vcp_vol_ctlr_vol_up	8	static
/opt/nordic/ncs/v2.6.0/zephyr/subsys/bluetooth/audio/vcp_vol_ctlr.c:940:5:bt_vcp_vol_ctlr_unmute_vol_down	8	static
/opt/nordic/ncs/v2.6.0/zephyr/subsys/bluetooth/audio/vcp_vol_ctlr.c:945:5:bt_vcp_vol_ctlr_unmute_vol_up	8	static
/opt/nordic/ncs/v2.6.0/zephyr/subsys/bluetooth/audio/vcp_vol_ctlr.c:950:5:bt_vcp_vol_ctlr_set_vol	8	static
/opt/nordic/ncs/v2.6.0/zephyr/subsys/bluetooth/audio/vcp_vol_ctlr.c:191:16:internal_read_vol_state_cb	32	static
/opt/nordic/ncs/v2.6.0/zephyr/subsys/bluetooth/audio/vcp_vol_ctlr.c:990:5:bt_vcp_vol_ctlr_unmute	8	static
/opt/nordic/ncs/v2.6.0/zephyr/subsys/bluetooth/audio/vcp_vol_ctlr.c:995:5:bt_vcp_vol_ctlr_mute	8	static
