/opt/nordic/ncs/v2.6.0/zephyr/subsys/shell/modules/kernel_service.c:327:12:cmd_kernel_log_level_set	32	static
/opt/nordic/ncs/v2.6.0/zephyr/include/zephyr/kernel.h:501:23:k_msleep	8	static
/opt/nordic/ncs/v2.6.0/zephyr/subsys/shell/modules/kernel_service.c:305:12:cmd_kernel_sleep	24	static
/opt/nordic/ncs/v2.6.0/zephyr/subsys/shell/modules/kernel_service.c:32:12:cmd_kernel_version	16	static
/opt/nordic/ncs/v2.6.0/zephyr/subsys/shell/modules/kernel_service.c:51:12:cmd_kernel_uptime	96	static
/opt/nordic/ncs/v2.6.0/zephyr/subsys/shell/modules/kernel_service.c:191:12:cmd_kernel_threads	8	static
/opt/nordic/ncs/v2.6.0/zephyr/subsys/shell/modules/kernel_service.c:101:13:shell_tdata_dump	128	static
/opt/nordic/ncs/v2.6.0/zephyr/subsys/shell/modules/kernel_service.c:208:13:shell_stack_dump	56	static
/opt/nordic/ncs/v2.6.0/zephyr/subsys/shell/modules/kernel_service.c:239:12:cmd_kernel_stacks	88	static
/opt/nordic/ncs/v2.6.0/zephyr/subsys/shell/modules/kernel_service.c:362:12:cmd_kernel_reboot_warm	8	static
/opt/nordic/ncs/v2.6.0/zephyr/subsys/shell/modules/kernel_service.c:374:12:cmd_kernel_reboot_cold	8	static
/opt/nordic/ncs/v2.6.0/zephyr/subsys/shell/modules/kernel_service.c:89:12:cmd_kernel_cycles	8	static
