/opt/nordic/ncs/v2.6.0/zephyr/drivers/timer/nrf_rtc_timer.c:68:17:counter_sub	0	static
/opt/nordic/ncs/v2.6.0/zephyr/drivers/timer/nrf_rtc_timer.c:73:13:set_comparator	0	static
/opt/nordic/ncs/v2.6.0/zephyr/drivers/timer/nrf_rtc_timer.c:78:13:event_check	0	static
/opt/nordic/ncs/v2.6.0/zephyr/drivers/timer/nrf_rtc_timer.c:83:13:event_clear	0	static
/opt/nordic/ncs/v2.6.0/zephyr/drivers/timer/nrf_rtc_timer.c:88:13:event_enable	0	static
/opt/nordic/ncs/v2.6.0/zephyr/drivers/timer/nrf_rtc_timer.c:93:13:event_disable	0	static
/opt/nordic/ncs/v2.6.0/zephyr/drivers/timer/nrf_rtc_timer.c:98:17:counter	0	static
/opt/nordic/ncs/v2.6.0/zephyr/drivers/timer/nrf_rtc_timer.c:103:17:absolute_time_to_cc	0	static
/opt/nordic/ncs/v2.6.0/zephyr/drivers/timer/nrf_rtc_timer.c:109:17:full_int_lock	0	static
/opt/nordic/ncs/v2.6.0/zephyr/drivers/timer/nrf_rtc_timer.c:123:13:full_int_unlock	0	static
/opt/nordic/ncs/v2.6.0/zephyr/drivers/timer/nrf_rtc_timer.c:250:12:set_alarm	32	static
/opt/nordic/ncs/v2.6.0/zephyr/drivers/timer/nrf_rtc_timer.c:706:13:int_event_disable_rtc	0	static
/opt/nordic/ncs/v2.6.0/zephyr/drivers/timer/nrf_rtc_timer.c:155:13:compare_int_lock	8	static
/opt/nordic/ncs/v2.6.0/zephyr/drivers/timer/nrf_rtc_timer.c:495:13:channel_processing_check_and_clear	8	static
/opt/nordic/ncs/v2.6.0/zephyr/drivers/timer/nrf_rtc_timer.c:175:13:compare_int_unlock	0	static
/opt/nordic/ncs/v2.6.0/zephyr/drivers/timer/nrf_rtc_timer.c:473:13:sys_clock_timeout_handler	16	static
/opt/nordic/ncs/v2.6.0/zephyr/drivers/timer/nrf_rtc_timer.c:132:10:z_nrf_rtc_timer_compare_evt_address_get	8	static
/opt/nordic/ncs/v2.6.0/zephyr/drivers/timer/nrf_rtc_timer.c:138:10:z_nrf_rtc_timer_capture_task_address_get	8	static
/opt/nordic/ncs/v2.6.0/zephyr/drivers/timer/nrf_rtc_timer.c:168:6:z_nrf_rtc_timer_compare_int_lock	8	static
/opt/nordic/ncs/v2.6.0/zephyr/drivers/timer/nrf_rtc_timer.c:186:6:z_nrf_rtc_timer_compare_int_unlock	8	static
/opt/nordic/ncs/v2.6.0/zephyr/drivers/timer/nrf_rtc_timer.c:193:10:z_nrf_rtc_timer_compare_read	8	static
/opt/nordic/ncs/v2.6.0/zephyr/drivers/timer/nrf_rtc_timer.c:411:6:z_nrf_rtc_timer_abort	16	static
/opt/nordic/ncs/v2.6.0/zephyr/drivers/timer/nrf_rtc_timer.c:425:10:z_nrf_rtc_timer_read	16	static
/opt/nordic/ncs/v2.6.0/zephyr/drivers/timer/nrf_rtc_timer.c:200:10:z_nrf_rtc_timer_get_ticks	32	static
/opt/nordic/ncs/v2.6.0/zephyr/drivers/timer/nrf_rtc_timer.c:342:12:compare_set_nolocks	24	static
/opt/nordic/ncs/v2.6.0/zephyr/drivers/timer/nrf_rtc_timer.c:378:12:compare_set	40	static
/opt/nordic/ncs/v2.6.0/zephyr/drivers/timer/nrf_rtc_timer.c:393:5:z_nrf_rtc_timer_set	24	static
/opt/nordic/ncs/v2.6.0/zephyr/drivers/timer/nrf_rtc_timer.c:402:5:z_nrf_rtc_timer_exact_set	24	static
/opt/nordic/ncs/v2.6.0/zephyr/drivers/timer/nrf_rtc_timer.c:730:12:sys_clock_driver_init	32	static
/opt/nordic/ncs/v2.6.0/zephyr/drivers/timer/nrf_rtc_timer.c:511:13:process_channel	40	static
/opt/nordic/ncs/v2.6.0/zephyr/drivers/timer/nrf_rtc_timer.c:563:6:rtc_nrf_isr	8	static
/opt/nordic/ncs/v2.6.0/zephyr/drivers/timer/nrf_rtc_timer.c:582:9:z_nrf_rtc_timer_chan_alloc	4	static
/opt/nordic/ncs/v2.6.0/zephyr/drivers/timer/nrf_rtc_timer.c:597:6:z_nrf_rtc_timer_chan_free	8	static
/opt/nordic/ncs/v2.6.0/zephyr/drivers/timer/nrf_rtc_timer.c:605:5:z_nrf_rtc_timer_trigger_overflow	0	static
/opt/nordic/ncs/v2.6.0/zephyr/drivers/timer/nrf_rtc_timer.c:640:6:sys_clock_set_timeout	24	static
/opt/nordic/ncs/v2.6.0/zephyr/drivers/timer/nrf_rtc_timer.c:692:10:sys_clock_elapsed	8	static
/opt/nordic/ncs/v2.6.0/zephyr/drivers/timer/nrf_rtc_timer.c:701:10:sys_clock_cycle_get_32	8	static
/opt/nordic/ncs/v2.6.0/zephyr/drivers/timer/nrf_rtc_timer.c:722:6:sys_clock_disable	8	static
