/opt/nordic/ncs/v2.6.0/modules/lib/open-amp/open-amp/lib/remoteproc/remoteproc_virtio.c:19:13:rproc_virtio_virtqueue_notify	8	static
/opt/nordic/ncs/v2.6.0/modules/lib/open-amp/open-amp/lib/remoteproc/remoteproc_virtio.c:155:13:rproc_virtio_write_config	24	static
/opt/nordic/ncs/v2.6.0/modules/lib/open-amp/open-amp/lib/remoteproc/remoteproc_virtio.c:133:13:rproc_virtio_read_config	8	static
/Users/joaovitor/Documents/VSCode/Tiresias/nrf5340_audio/build/dev_gateway/build_debug/modules/libmetal/libmetal/lib/include/metal/io.h:269:1:metal_io_write	32	static
/opt/nordic/ncs/v2.6.0/modules/lib/open-amp/open-amp/lib/remoteproc/remoteproc_virtio.c:105:13:rproc_virtio_set_features	24	static
/opt/nordic/ncs/v2.6.0/modules/lib/open-amp/open-amp/lib/remoteproc/remoteproc_virtio.c:50:13:rproc_virtio_set_status	24	static
/opt/nordic/ncs/v2.6.0/modules/lib/open-amp/open-amp/lib/remoteproc/remoteproc_virtio.c:177:13:rproc_virtio_reset_device	8	static
/Users/joaovitor/Documents/VSCode/Tiresias/nrf5340_audio/build/dev_gateway/build_debug/modules/libmetal/libmetal/lib/include/metal/io.h:235:1:metal_io_read	16	static
/opt/nordic/ncs/v2.6.0/modules/lib/open-amp/open-amp/lib/remoteproc/remoteproc_virtio.c:33:22:rproc_virtio_get_status	8	static
/opt/nordic/ncs/v2.6.0/modules/lib/open-amp/open-amp/lib/remoteproc/remoteproc_virtio.c:68:17:rproc_virtio_get_dfeatures	8	static
/opt/nordic/ncs/v2.6.0/modules/lib/open-amp/open-amp/lib/remoteproc/remoteproc_virtio.c:122:17:rproc_virtio_negotiate_features	16	static
/opt/nordic/ncs/v2.6.0/modules/lib/open-amp/open-amp/lib/remoteproc/remoteproc_virtio.c:85:17:rproc_virtio_get_features	16	static
/opt/nordic/ncs/v2.6.0/modules/lib/open-amp/open-amp/lib/include/openamp/virtqueue.h:338:33:virtqueue_allocate	16	static
/opt/nordic/ncs/v2.6.0/modules/lib/open-amp/open-amp/lib/remoteproc/remoteproc_virtio.c:205:1:rproc_virtio_create_vdev	48	static
/opt/nordic/ncs/v2.6.0/modules/lib/open-amp/open-amp/lib/remoteproc/remoteproc_virtio.c:283:6:rproc_virtio_remove_vdev	16	static
/opt/nordic/ncs/v2.6.0/modules/lib/open-amp/open-amp/lib/remoteproc/remoteproc_virtio.c:303:5:rproc_virtio_init_vring	8	static
/opt/nordic/ncs/v2.6.0/modules/lib/open-amp/open-amp/lib/remoteproc/remoteproc_virtio.c:324:5:rproc_virtio_notified	24	static
/opt/nordic/ncs/v2.6.0/modules/lib/open-amp/open-amp/lib/remoteproc/remoteproc_virtio.c:347:6:rproc_virtio_wait_remote_ready	8	static
