/opt/nordic/ncs/v2.6.0/zephyr/include/zephyr/sys/byteorder.h:369:20:sys_put_be64	0	static
/opt/nordic/ncs/v2.6.0/zephyr/include/zephyr/sys/byteorder.h:444:20:sys_put_le64	0	static
/opt/nordic/ncs/v2.6.0/zephyr/subsys/net/buf_simple.c:32:6:net_buf_simple_init_with_data	0	static
/opt/nordic/ncs/v2.6.0/zephyr/subsys/net/buf_simple.c:41:6:net_buf_simple_reserve	8	static
/opt/nordic/ncs/v2.6.0/zephyr/subsys/net/buf_simple.c:50:6:net_buf_simple_clone	0	static
/opt/nordic/ncs/v2.6.0/zephyr/subsys/net/buf_simple.c:158:7:net_buf_simple_remove_mem	8	static
/opt/nordic/ncs/v2.6.0/zephyr/subsys/net/buf_simple.c:168:9:net_buf_simple_remove_u8	8	static
/opt/nordic/ncs/v2.6.0/zephyr/subsys/net/buf_simple.c:179:10:net_buf_simple_remove_le16	8	static
/opt/nordic/ncs/v2.6.0/zephyr/subsys/net/buf_simple.c:190:10:net_buf_simple_remove_be16	8	static
/opt/nordic/ncs/v2.6.0/zephyr/subsys/net/buf_simple.c:201:10:net_buf_simple_remove_le24	16	static
/opt/nordic/ncs/v2.6.0/zephyr/subsys/net/buf_simple.c:214:10:net_buf_simple_remove_be24	16	static
/opt/nordic/ncs/v2.6.0/zephyr/subsys/net/buf_simple.c:227:10:net_buf_simple_remove_le32	8	static
/opt/nordic/ncs/v2.6.0/zephyr/subsys/net/buf_simple.c:238:10:net_buf_simple_remove_be32	8	static
/opt/nordic/ncs/v2.6.0/zephyr/subsys/net/buf_simple.c:249:10:net_buf_simple_remove_le48	24	static
/opt/nordic/ncs/v2.6.0/zephyr/subsys/net/buf_simple.c:262:10:net_buf_simple_remove_be48	24	static
/opt/nordic/ncs/v2.6.0/zephyr/subsys/net/buf_simple.c:275:10:net_buf_simple_remove_le64	8	static
/opt/nordic/ncs/v2.6.0/zephyr/subsys/net/buf_simple.c:286:10:net_buf_simple_remove_be64	8	static
/opt/nordic/ncs/v2.6.0/zephyr/subsys/net/buf_simple.c:393:7:net_buf_simple_pull	8	static
/opt/nordic/ncs/v2.6.0/zephyr/subsys/net/buf_simple.c:403:7:net_buf_simple_pull_mem	8	static
/opt/nordic/ncs/v2.6.0/zephyr/subsys/net/buf_simple.c:417:9:net_buf_simple_pull_u8	8	static
/opt/nordic/ncs/v2.6.0/zephyr/subsys/net/buf_simple.c:427:10:net_buf_simple_pull_le16	8	static
/opt/nordic/ncs/v2.6.0/zephyr/subsys/net/buf_simple.c:437:10:net_buf_simple_pull_be16	8	static
/opt/nordic/ncs/v2.6.0/zephyr/subsys/net/buf_simple.c:447:10:net_buf_simple_pull_le24	16	static
/opt/nordic/ncs/v2.6.0/zephyr/subsys/net/buf_simple.c:459:10:net_buf_simple_pull_be24	16	static
/opt/nordic/ncs/v2.6.0/zephyr/subsys/net/buf_simple.c:471:10:net_buf_simple_pull_le32	8	static
/opt/nordic/ncs/v2.6.0/zephyr/subsys/net/buf_simple.c:481:10:net_buf_simple_pull_be32	8	static
/opt/nordic/ncs/v2.6.0/zephyr/subsys/net/buf_simple.c:491:10:net_buf_simple_pull_le48	24	static
/opt/nordic/ncs/v2.6.0/zephyr/subsys/net/buf_simple.c:503:10:net_buf_simple_pull_be48	24	static
/opt/nordic/ncs/v2.6.0/zephyr/subsys/net/buf_simple.c:515:10:net_buf_simple_pull_le64	16	static
/opt/nordic/ncs/v2.6.0/zephyr/subsys/net/buf_simple.c:525:10:net_buf_simple_pull_be64	16	static
/opt/nordic/ncs/v2.6.0/zephyr/subsys/net/buf_simple.c:535:8:net_buf_simple_headroom	0	static
/opt/nordic/ncs/v2.6.0/zephyr/subsys/net/buf_simple.c:297:7:net_buf_simple_push	16	static
/opt/nordic/ncs/v2.6.0/zephyr/subsys/net/buf_simple.c:308:7:net_buf_simple_push_mem	16	static
/opt/nordic/ncs/v2.6.0/zephyr/subsys/net/buf_simple.c:316:6:net_buf_simple_push_le16	8	static
/opt/nordic/ncs/v2.6.0/zephyr/subsys/net/buf_simple.c:323:6:net_buf_simple_push_be16	8	static
/opt/nordic/ncs/v2.6.0/zephyr/subsys/net/buf_simple.c:330:6:net_buf_simple_push_u8	8	static
/opt/nordic/ncs/v2.6.0/zephyr/subsys/net/buf_simple.c:337:6:net_buf_simple_push_le24	8	static
/opt/nordic/ncs/v2.6.0/zephyr/subsys/net/buf_simple.c:344:6:net_buf_simple_push_be24	8	static
/opt/nordic/ncs/v2.6.0/zephyr/subsys/net/buf_simple.c:351:6:net_buf_simple_push_le32	8	static
/opt/nordic/ncs/v2.6.0/zephyr/subsys/net/buf_simple.c:358:6:net_buf_simple_push_be32	8	static
/opt/nordic/ncs/v2.6.0/zephyr/subsys/net/buf_simple.c:365:6:net_buf_simple_push_le48	16	static
/opt/nordic/ncs/v2.6.0/zephyr/subsys/net/buf_simple.c:372:6:net_buf_simple_push_be48	16	static
/opt/nordic/ncs/v2.6.0/zephyr/subsys/net/buf_simple.c:379:6:net_buf_simple_push_le64	16	static
/opt/nordic/ncs/v2.6.0/zephyr/subsys/net/buf_simple.c:386:6:net_buf_simple_push_be64	16	static
/opt/nordic/ncs/v2.6.0/zephyr/subsys/net/buf_simple.c:540:8:net_buf_simple_tailroom	16	static
/opt/nordic/ncs/v2.6.0/zephyr/subsys/net/buf_simple.c:56:7:net_buf_simple_add	24	static
/opt/nordic/ncs/v2.6.0/zephyr/subsys/net/buf_simple.c:68:7:net_buf_simple_add_mem	16	static
/opt/nordic/ncs/v2.6.0/zephyr/subsys/net/buf_simple.c:76:10:net_buf_simple_add_u8	8	static
/opt/nordic/ncs/v2.6.0/zephyr/subsys/net/buf_simple.c:88:6:net_buf_simple_add_le16	8	static
/opt/nordic/ncs/v2.6.0/zephyr/subsys/net/buf_simple.c:95:6:net_buf_simple_add_be16	8	static
/opt/nordic/ncs/v2.6.0/zephyr/subsys/net/buf_simple.c:102:6:net_buf_simple_add_le24	8	static
/opt/nordic/ncs/v2.6.0/zephyr/subsys/net/buf_simple.c:109:6:net_buf_simple_add_be24	8	static
/opt/nordic/ncs/v2.6.0/zephyr/subsys/net/buf_simple.c:116:6:net_buf_simple_add_le32	8	static
/opt/nordic/ncs/v2.6.0/zephyr/subsys/net/buf_simple.c:123:6:net_buf_simple_add_be32	8	static
/opt/nordic/ncs/v2.6.0/zephyr/subsys/net/buf_simple.c:130:6:net_buf_simple_add_le48	16	static
/opt/nordic/ncs/v2.6.0/zephyr/subsys/net/buf_simple.c:137:6:net_buf_simple_add_be48	16	static
/opt/nordic/ncs/v2.6.0/zephyr/subsys/net/buf_simple.c:144:6:net_buf_simple_add_le64	16	static
/opt/nordic/ncs/v2.6.0/zephyr/subsys/net/buf_simple.c:151:6:net_buf_simple_add_be64	16	static
/opt/nordic/ncs/v2.6.0/zephyr/subsys/net/buf_simple.c:545:10:net_buf_simple_max_len	8	static
