/opt/nordic/ncs/v2.6.0-rc2/zephyr/subsys/fs/nvs/nvs.c:191:12:nvs_flash_rd	16	static
/opt/nordic/ncs/v2.6.0-rc2/zephyr/subsys/fs/nvs/nvs.c:235:12:nvs_flash_ate_rd	8	static
/opt/nordic/ncs/v2.6.0-rc2/zephyr/subsys/fs/nvs/nvs.c:392:12:nvs_ate_cmp_const	0	static
/opt/nordic/ncs/v2.6.0-rc2/zephyr/subsys/fs/nvs/nvs.c:571:13:nvs_sector_advance	0	static
/opt/nordic/ncs/v2.6.0-rc2/zephyr/subsys/fs/nvs/nvs.c:249:12:nvs_flash_block_cmp	64	static
/opt/nordic/ncs/v2.6.0-rc2/zephyr/subsys/fs/nvs/nvs.c:281:12:nvs_flash_cmp_const	56	static
/opt/nordic/ncs/v2.6.0-rc2/zephyr/subsys/fs/nvs/nvs.c:335:12:nvs_flash_erase_sector	16	static
/opt/nordic/ncs/v2.6.0-rc2/zephyr/subsys/fs/nvs/nvs.c:377:12:nvs_ate_crc8_check	8	static
/opt/nordic/ncs/v2.6.0-rc2/zephyr/subsys/fs/nvs/nvs.c:410:12:nvs_ate_valid	16	static
/opt/nordic/ncs/v2.6.0-rc2/zephyr/subsys/fs/nvs/nvs.c:481:12:nvs_recover_last_ate	32	static
/opt/nordic/ncs/v2.6.0-rc2/zephyr/subsys/fs/nvs/nvs.c:430:12:nvs_close_ate_valid	16	static
/opt/nordic/ncs/v2.6.0-rc2/zephyr/subsys/fs/nvs/nvs.c:516:12:nvs_prev_ate	32	static
/opt/nordic/ncs/v2.6.0-rc2/zephyr/subsys/fs/nvs/nvs.c:366:13:nvs_ate_crc8_update	8	static
/opt/nordic/ncs/v2.6.0-rc2/zephyr/subsys/fs/nvs/nvs.c:148:12:nvs_flash_al_wrt	64	static
/opt/nordic/ncs/v2.6.0-rc2/zephyr/subsys/fs/nvs/nvs.c:224:12:nvs_flash_data_wrt	16	static
/opt/nordic/ncs/v2.6.0-rc2/zephyr/subsys/fs/nvs/nvs.c:307:12:nvs_flash_block_move	56	static
/opt/nordic/ncs/v2.6.0-rc2/zephyr/subsys/fs/nvs/nvs.c:206:12:nvs_flash_ate_wrt	8	static
/opt/nordic/ncs/v2.6.0-rc2/zephyr/subsys/fs/nvs/nvs.c:608:12:nvs_add_gc_done_ate	16	static
/opt/nordic/ncs/v2.6.0-rc2/zephyr/subsys/fs/nvs/nvs.c:626:12:nvs_gc	64	static
/opt/nordic/ncs/v2.6.0-rc2/zephyr/subsys/fs/nvs/nvs.c:448:12:nvs_flash_wrt_entry	24	static
/opt/nordic/ncs/v2.6.0-rc2/zephyr/subsys/fs/nvs/nvs.c:582:12:nvs_sector_close	24	static
/opt/nordic/ncs/v2.6.0-rc2/zephyr/subsys/fs/nvs/nvs.c:749:12:nvs_startup	56	static
/opt/nordic/ncs/v2.6.0-rc2/zephyr/subsys/fs/nvs/nvs.c:970:5:nvs_clear	16	static
/opt/nordic/ncs/v2.6.0-rc2/zephyr/subsys/fs/nvs/nvs.c:994:5:nvs_mount	24	static
/opt/nordic/ncs/v2.6.0-rc2/zephyr/subsys/fs/nvs/nvs.c:1053:9:nvs_write	64	static
/opt/nordic/ncs/v2.6.0-rc2/zephyr/subsys/fs/nvs/nvs.c:1183:5:nvs_delete	8	static
/opt/nordic/ncs/v2.6.0-rc2/zephyr/subsys/fs/nvs/nvs.c:1188:9:nvs_read_hist	48	static
/opt/nordic/ncs/v2.6.0-rc2/zephyr/subsys/fs/nvs/nvs.c:1254:9:nvs_read	16	static
/opt/nordic/ncs/v2.6.0-rc2/zephyr/subsys/fs/nvs/nvs.c:1262:9:nvs_calc_free_space	40	static
