/opt/nordic/ncs/v2.6.0/zephyr/include/zephyr/drivers/regulator.h:429:19:regulator_list_voltage	8	static
/opt/nordic/ncs/v2.6.0/zephyr/drivers/regulator/regulator_common.c:9:13:regulator_delay	8	static
/opt/nordic/ncs/v2.6.0/zephyr/drivers/regulator/regulator_common.c:20:6:regulator_common_data_init	8	static
/opt/nordic/ncs/v2.6.0/zephyr/drivers/regulator/regulator_common.c:89:5:regulator_enable	24	static
/opt/nordic/ncs/v2.6.0/zephyr/drivers/regulator/regulator_common.c:128:6:regulator_is_enabled	16	static
/opt/nordic/ncs/v2.6.0/zephyr/drivers/regulator/regulator_common.c:149:5:regulator_disable	16	static
/opt/nordic/ncs/v2.6.0/zephyr/drivers/regulator/regulator_common.c:186:6:regulator_is_supported_voltage	32	static
/opt/nordic/ncs/v2.6.0/zephyr/drivers/regulator/regulator_common.c:212:5:regulator_set_voltage	16	static
/opt/nordic/ncs/v2.6.0/zephyr/drivers/regulator/regulator_common.c:230:5:regulator_set_current_limit	16	static
/opt/nordic/ncs/v2.6.0/zephyr/drivers/regulator/regulator_common.c:248:5:regulator_set_mode	16	static
/opt/nordic/ncs/v2.6.0/zephyr/drivers/regulator/regulator_common.c:30:5:regulator_common_init	32	static
