/Users/joaovitor/Documents/VSCode/Tiresias/nrf5340_audio/unicast_client/main.c:57:13:stream_state_set	0	static
/opt/nordic/ncs/v2.6.0/zephyr/include/zephyr/zbus/zbus.h:584:27:zbus_chan_const_msg	8	static
/Users/joaovitor/Documents/VSCode/Tiresias/nrf5340_audio/unicast_client/main.c:313:13:bt_mgmt_evt_handler	8	static
/Users/joaovitor/Documents/VSCode/Tiresias/nrf5340_audio/unicast_client/main.c:412:12:zbus_link_producers_observers	8	static
/Users/joaovitor/Documents/VSCode/Tiresias/nrf5340_audio/unicast_client/main.c:364:12:zbus_subscribers_create	40	static
/Users/joaovitor/Documents/VSCode/Tiresias/nrf5340_audio/unicast_client/main.c:62:13:content_control_msg_sub_thread	24	static
/Users/joaovitor/Documents/VSCode/Tiresias/nrf5340_audio/unicast_client/main.c:206:13:le_audio_msg_sub_thread	48	static
/Users/joaovitor/Documents/VSCode/Tiresias/nrf5340_audio/unicast_client/main.c:97:13:button_msg_sub_thread	32	static
/Users/joaovitor/Documents/VSCode/Tiresias/nrf5340_audio/unicast_client/main.c:444:9:stream_state_get	0	static
/Users/joaovitor/Documents/VSCode/Tiresias/nrf5340_audio/unicast_client/main.c:449:6:streamctrl_send	24	static
/Users/joaovitor/Documents/VSCode/Tiresias/nrf5340_audio/unicast_client/main.c:471:5:main	104	dynamic,bounded
