/opt/nordic/ncs/v2.6.0/zephyr/subsys/shell/shell_utils.c:56:17:line_num_with_buffer_offset_get	0	static
/opt/nordic/ncs/v2.6.0/zephyr/subsys/shell/shell_utils.c:63:17:col_num_with_buffer_offset_get	0	static
/opt/nordic/ncs/v2.6.0/zephyr/subsys/shell/shell_utils.c:461:13:buffer_trim	16	static
/opt/nordic/ncs/v2.6.0/zephyr/subsys/shell/shell_utils.c:100:13:make_argv	32	static
/opt/nordic/ncs/v2.6.0/zephyr/subsys/shell/shell_utils.c:70:9:z_column_span_with_buffer_offsets_get	16	static
/opt/nordic/ncs/v2.6.0/zephyr/subsys/shell/shell_utils.c:78:9:z_row_span_with_buffer_offsets_get	16	static
/opt/nordic/ncs/v2.6.0/zephyr/subsys/shell/shell_utils.c:86:6:z_shell_multiline_data_calc	4	static
/opt/nordic/ncs/v2.6.0/zephyr/subsys/shell/shell_utils.c:209:6:z_shell_make_argv	24	static
/opt/nordic/ncs/v2.6.0/zephyr/subsys/shell/shell_utils.c:237:6:z_shell_pattern_remove	24	static
/opt/nordic/ncs/v2.6.0/zephyr/subsys/shell/shell_utils.c:270:34:root_cmd_find	24	static
/opt/nordic/ncs/v2.6.0/zephyr/subsys/shell/shell_utils.c:285:34:z_shell_cmd_get	8	static
/opt/nordic/ncs/v2.6.0/zephyr/subsys/shell/shell_utils.c:337:34:z_shell_find_cmd	48	static
/opt/nordic/ncs/v2.6.0/zephyr/subsys/shell/shell_utils.c:366:34:z_shell_get_last_command	32	static
/opt/nordic/ncs/v2.6.0/zephyr/subsys/shell/shell_utils.c:406:5:shell_set_root_cmd	8	static
/opt/nordic/ncs/v2.6.0/zephyr/subsys/shell/shell_utils.c:426:6:z_shell_spaces_trim	24	static
/opt/nordic/ncs/v2.6.0/zephyr/subsys/shell/shell_utils.c:493:6:z_shell_cmd_trim	8	static
/opt/nordic/ncs/v2.6.0/zephyr/subsys/shell/shell_utils.c:499:22:shell_device_lookup	40	static
/opt/nordic/ncs/v2.6.0/zephyr/subsys/shell/shell_utils.c:525:6:shell_strtol	32	static
/opt/nordic/ncs/v2.6.0/zephyr/subsys/shell/shell_utils.c:543:15:shell_strtoul	32	static
/opt/nordic/ncs/v2.6.0/zephyr/subsys/shell/shell_utils.c:566:20:shell_strtoull	32	static
/opt/nordic/ncs/v2.6.0/zephyr/subsys/shell/shell_utils.c:589:6:shell_strtobool	16	static
