/opt/nordic/ncs/v2.6.0/modules/hal/nordic/nrfx/hal/nrf_gpio.h:1314:24:nrf_gpio_pin_present_check	0	static
/opt/nordic/ncs/v2.6.0/zephyr/drivers/spi/spi_context.h:271:21:spi_context_get_next_buf	8	static
/opt/nordic/ncs/v2.6.0/zephyr/drivers/spi/spi_context.h:291:6:spi_context_buffers_setup	16	static
/opt/nordic/ncs/v2.6.0/zephyr/drivers/spi/spi_nrfx_spim.c:71:24:get_nrf_spim_frequency	0	static
/opt/nordic/ncs/v2.6.0/zephyr/include/zephyr/drivers/gpio.h:1572:19:gpio_pin_set_raw	8	static
/opt/nordic/ncs/v2.6.0/zephyr/include/zephyr/drivers/gpio.h:1612:19:gpio_pin_set	16	static
/opt/nordic/ncs/v2.6.0/zephyr/drivers/spi/spi_context.h:236:20:_spi_context_cs_control	8	static
/opt/nordic/ncs/v2.6.0/modules/hal/nordic/nrfx/hal/nrf_gpio.h:835:35:nrf_gpio_pin_port_decode	16	static
/opt/nordic/ncs/v2.6.0/modules/hal/nordic/nrfx/hal/nrf_gpio.h:1043:24:nrf_gpio_pin_clear	16	static
/opt/nordic/ncs/v2.6.0/modules/hal/nordic/nrfx/hal/nrf_gpio.h:1035:24:nrf_gpio_pin_set	16	static
/opt/nordic/ncs/v2.6.0/modules/hal/nordic/nrfx/hal/nrf_gpio.h:1061:24:nrf_gpio_pin_write	8	static
/opt/nordic/ncs/v2.6.0/zephyr/include/zephyr/drivers/gpio.h:961:19:z_impl_gpio_pin_configure	24	static
/opt/nordic/ncs/v2.6.0/zephyr/include/zephyr/drivers/gpio.h:1024:19:gpio_pin_configure_dt	8	static
/opt/nordic/ncs/v2.6.0/zephyr/drivers/spi/spi_context.h:260:20:spi_context_unlock_unconditionally	8	static
/opt/nordic/ncs/v2.6.0/zephyr/drivers/spi/spi_nrfx_spim.c:500:12:spi_nrfx_release	8	static
/opt/nordic/ncs/v2.6.0/zephyr/drivers/spi/spi_nrfx_spim.c:292:13:finish_transaction	8	static
/opt/nordic/ncs/v2.6.0/zephyr/drivers/spi/spi_context.h:111:20:spi_context_release	8	static
/opt/nordic/ncs/v2.6.0/zephyr/drivers/spi/spi_context.h:89:20:spi_context_lock	16	static
/opt/nordic/ncs/v2.6.0/zephyr/drivers/spi/spi_context.h:135:19:spi_context_wait_for_completion	16	static
/opt/nordic/ncs/v2.6.0/zephyr/drivers/spi/spi_nrfx_spim.c:122:12:configure	104	dynamic,bounded
/opt/nordic/ncs/v2.6.0/zephyr/drivers/spi/spi_nrfx_spim.c:303:13:transfer_next_chunk	40	static
/opt/nordic/ncs/v2.6.0/zephyr/drivers/spi/spi_nrfx_spim.c:378:13:event_handler	8	static
/opt/nordic/ncs/v2.6.0/zephyr/drivers/spi/spi_nrfx_spim.c:410:12:transceive	40	static
/opt/nordic/ncs/v2.6.0/zephyr/drivers/spi/spi_nrfx_spim.c:480:12:spi_nrfx_transceive	24	static
/opt/nordic/ncs/v2.6.0/zephyr/drivers/spi/spi_nrfx_spim.c:708:1:irq_connect4	8	static
/opt/nordic/ncs/v2.6.0/zephyr/include/zephyr/drivers/pinctrl.h:342:19:pinctrl_apply_state	16	static
/opt/nordic/ncs/v2.6.0/zephyr/drivers/spi/spi_context.h:215:19:spi_context_cs_configure_all	72	dynamic,bounded
/opt/nordic/ncs/v2.6.0/zephyr/drivers/spi/spi_nrfx_spim.c:568:12:spi_nrfx_init	16	static
