/opt/nordic/ncs/v2.6.0/zephyr/subsys/bluetooth/host/iso.c:255:13:bt_iso_chan_add	0	static
/opt/nordic/ncs/v2.6.0/zephyr/subsys/bluetooth/host/iso.c:733:17:iso_chan_max_data_len	0	static
/opt/nordic/ncs/v2.6.0/zephyr/subsys/bluetooth/host/iso.c:821:13:valid_chan_io_qos	0	static
/opt/nordic/ncs/v2.6.0/zephyr/subsys/bluetooth/host/iso.c:1459:13:valid_chan_qos	16	static
/opt/nordic/ncs/v2.6.0/zephyr/subsys/bluetooth/host/iso.c:1743:27:get_free_cig	4	static
/opt/nordic/ncs/v2.6.0/zephyr/subsys/bluetooth/host/iso.c:1761:13:cis_is_in_cig	0	static
/opt/nordic/ncs/v2.6.0/zephyr/subsys/bluetooth/host/iso.c:1816:13:valid_cig_param	32	static
/opt/nordic/ncs/v2.6.0/zephyr/subsys/bluetooth/host/iso.c:2331:13:iso_chans_connecting	0	static
/opt/nordic/ncs/v2.6.0/zephyr/subsys/bluetooth/host/iso.c:1731:27:get_cig	16	static
/opt/nordic/ncs/v2.6.0/zephyr/subsys/bluetooth/host/iso.c:83:13:bt_iso_send_cb	16	static
/opt/nordic/ncs/v2.6.0/zephyr/subsys/bluetooth/host/iso.c:2015:13:restore_cig	24	static
/opt/nordic/ncs/v2.6.0/zephyr/subsys/bluetooth/host/iso.c:203:12:hci_le_setup_iso_data_path	32	static
/opt/nordic/ncs/v2.6.0/zephyr/subsys/bluetooth/host/iso.c:264:12:bt_iso_setup_data_path	40	static
/opt/nordic/ncs/v2.6.0/zephyr/subsys/bluetooth/host/iso.c:1382:12:hci_le_remove_iso_data_path	24	static
/opt/nordic/ncs/v2.6.0/zephyr/subsys/bluetooth/host/iso.c:1413:13:bt_iso_remove_data_path	16	static
/opt/nordic/ncs/v2.6.0/zephyr/subsys/bluetooth/host/iso.c:1004:13:store_cis_info	16	static
/opt/nordic/ncs/v2.6.0/zephyr/subsys/bluetooth/host/iso.c:144:24:iso_new	8	static
/opt/nordic/ncs/v2.6.0/zephyr/subsys/bluetooth/host/iso.c:1771:12:cig_init_cis	24	static
/opt/nordic/ncs/v2.6.0/zephyr/subsys/bluetooth/host/iso.c:1509:24:hci_le_set_cig_params	40	static
/opt/nordic/ncs/v2.6.0/zephyr/subsys/bluetooth/host/iso.c:1800:13:cleanup_cig	16	static
/opt/nordic/ncs/v2.6.0/zephyr/subsys/bluetooth/host/iso.c:1490:12:hci_le_remove_cig	16	static
/opt/nordic/ncs/v2.6.0/zephyr/subsys/bluetooth/host/iso.c:2235:12:hci_le_create_cis	32	static
/opt/nordic/ncs/v2.6.0/zephyr/subsys/bluetooth/host/iso.c:99:6:hci_iso	24	static
/opt/nordic/ncs/v2.6.0/zephyr/subsys/bluetooth/host/iso.c:163:17:bt_iso_create_pdu_timeout	8	static
/opt/nordic/ncs/v2.6.0/zephyr/subsys/bluetooth/host/iso.c:186:17:bt_iso_create_frag_timeout	8	static
/opt/nordic/ncs/v2.6.0/zephyr/subsys/bluetooth/host/iso.c:544:6:bt_iso_chan_set_state	0	static
/opt/nordic/ncs/v2.6.0/zephyr/subsys/bluetooth/host/iso.c:360:6:bt_iso_connected	16	static
/opt/nordic/ncs/v2.6.0/zephyr/subsys/bluetooth/host/iso.c:550:5:bt_iso_chan_get_info	8	static
/opt/nordic/ncs/v2.6.0/zephyr/subsys/bluetooth/host/iso.c:574:17:bt_iso_get_rx	8	static
/opt/nordic/ncs/v2.6.0/zephyr/subsys/bluetooth/host/iso.c:586:6:bt_iso_recv	72	dynamic,bounded
/opt/nordic/ncs/v2.6.0/zephyr/subsys/bluetooth/host/iso.c:754:5:bt_iso_chan_send	24	static
/opt/nordic/ncs/v2.6.0/zephyr/subsys/bluetooth/host/iso.c:883:5:bt_iso_chan_get_tx_sync	24	static
/opt/nordic/ncs/v2.6.0/zephyr/subsys/bluetooth/host/iso.c:940:5:bt_iso_chan_disconnect	16	static
/opt/nordic/ncs/v2.6.0/zephyr/subsys/bluetooth/host/iso.c:994:6:bt_iso_cleanup_acl	8	static
/opt/nordic/ncs/v2.6.0/zephyr/subsys/bluetooth/host/iso.c:413:13:bt_iso_chan_disconnected	16	static
/opt/nordic/ncs/v2.6.0/zephyr/subsys/bluetooth/host/iso.c:467:6:bt_iso_disconnected	8	static
/opt/nordic/ncs/v2.6.0/zephyr/subsys/bluetooth/host/iso.c:2282:12:iso_chan_connect_security	40	static
/opt/nordic/ncs/v2.6.0/zephyr/subsys/bluetooth/host/iso.c:1032:6:hci_le_cis_established	24	static
/opt/nordic/ncs/v2.6.0/zephyr/subsys/bluetooth/host/iso.c:1918:5:bt_iso_cig_create	24	static
/opt/nordic/ncs/v2.6.0/zephyr/subsys/bluetooth/host/iso.c:2036:5:bt_iso_cig_reconfigure	32	static
/opt/nordic/ncs/v2.6.0/zephyr/subsys/bluetooth/host/iso.c:2122:5:bt_iso_cig_terminate	16	static
/opt/nordic/ncs/v2.6.0/zephyr/subsys/bluetooth/host/iso.c:2148:6:bt_iso_security_changed	56	static
/opt/nordic/ncs/v2.6.0/zephyr/subsys/bluetooth/host/iso.c:2352:5:bt_iso_chan_connect	32	static
