/opt/nordic/ncs/v2.6.0/zephyr/include/zephyr/sys/slist.h:408:1:sys_slist_remove	0	static
/opt/nordic/ncs/v2.6.0/zephyr/include/zephyr/sys/slist.h:435:1:sys_slist_find_and_remove	8	static
/opt/nordic/ncs/v2.6.0/zephyr/subsys/bluetooth/host/scan.c:66:13:reset_reassembling_advertiser	0	static
/opt/nordic/ncs/v2.6.0/zephyr/subsys/bluetooth/host/scan.c:409:16:get_adv_props_legacy	0	static
/opt/nordic/ncs/v2.6.0/zephyr/subsys/bluetooth/host/scan.c:519:16:get_adv_type	0	static
/opt/nordic/ncs/v2.6.0/zephyr/subsys/bluetooth/host/scan.c:556:17:get_adv_props_extended	0	static
/opt/nordic/ncs/v2.6.0/zephyr/subsys/bluetooth/host/scan.c:1425:13:valid_le_scan_param	0	static
/opt/nordic/ncs/v2.6.0/zephyr/subsys/bluetooth/host/scan.c:87:12:set_le_ext_scan_enable	40	static
/opt/nordic/ncs/v2.6.0/zephyr/subsys/bluetooth/host/id.h:10:20:bt_id_rpa_is_new	8	static
/opt/nordic/ncs/v2.6.0/zephyr/include/zephyr/sys/atomic.h:237:20:atomic_set_bit_to	0	static
/opt/nordic/ncs/v2.6.0/zephyr/subsys/bluetooth/host/scan.c:167:12:start_le_scan_ext	40	static
/opt/nordic/ncs/v2.6.0/zephyr/subsys/bluetooth/host/scan.c:292:12:start_passive_scan	16	static
/opt/nordic/ncs/v2.6.0/zephyr/subsys/bluetooth/host/scan.c:51:13:fragmented_advertisers_equal	8	static
/opt/nordic/ncs/v2.6.0/zephyr/include/zephyr/bluetooth/addr.h:137:20:bt_addr_le_copy	0	static
/opt/nordic/ncs/v2.6.0/zephyr/subsys/bluetooth/host/scan.c:59:13:init_reassembling_advertiser	16	static
/opt/nordic/ncs/v2.6.0/zephyr/subsys/bluetooth/host/scan.c:566:13:create_ext_adv_info	16	static
/opt/nordic/ncs/v2.6.0/zephyr/subsys/bluetooth/host/scan.c:79:6:bt_scan_reset	8	static
/opt/nordic/ncs/v2.6.0/zephyr/subsys/bluetooth/host/scan.c:157:5:bt_le_scan_set_enable	8	static
/opt/nordic/ncs/v2.6.0/zephyr/subsys/bluetooth/host/scan.c:318:5:bt_le_scan_update	16	static
/opt/nordic/ncs/v2.6.0/zephyr/subsys/bluetooth/host/scan.c:365:13:check_pending_conn	16	static
/opt/nordic/ncs/v2.6.0/zephyr/subsys/bluetooth/host/scan.c:439:13:le_adv_recv	56	static
/opt/nordic/ncs/v2.6.0/zephyr/subsys/bluetooth/host/scan.c:497:6:bt_hci_le_scan_timeout	8	static
/opt/nordic/ncs/v2.6.0/zephyr/subsys/bluetooth/host/scan.c:579:6:bt_hci_le_adv_ext_report	48	static
/opt/nordic/ncs/v2.6.0/zephyr/subsys/bluetooth/host/scan.c:1387:6:bt_hci_le_adv_report	40	static
/opt/nordic/ncs/v2.6.0/zephyr/subsys/bluetooth/host/scan.c:1454:5:bt_le_scan_start	32	static
/opt/nordic/ncs/v2.6.0/zephyr/subsys/bluetooth/host/scan.c:1543:5:bt_le_scan_stop	8	static
/opt/nordic/ncs/v2.6.0/zephyr/subsys/bluetooth/host/scan.c:1564:6:bt_le_scan_cb_register	0	static
/opt/nordic/ncs/v2.6.0/zephyr/subsys/bluetooth/host/scan.c:1569:6:bt_le_scan_cb_unregister	8	static
