/opt/nordic/ncs/v2.6.0/zephyr/include/zephyr/sys/slist.h:408:1:sys_slist_remove	0	static
/opt/nordic/ncs/v2.6.0/zephyr/include/zephyr/sys/slist.h:435:1:sys_slist_find_and_remove	8	static
/opt/nordic/ncs/v2.6.0/zephyr/subsys/bluetooth/audio/pacs.c:161:13:foreach_cap	16	static
/opt/nordic/ncs/v2.6.0/zephyr/subsys/bluetooth/audio/pacs.c:187:13:available_context_cfg_changed	0	static
/opt/nordic/ncs/v2.6.0/zephyr/subsys/bluetooth/audio/pacs.c:313:13:snk_cfg_changed	0	static
/opt/nordic/ncs/v2.6.0/zephyr/subsys/bluetooth/audio/pacs.c:364:13:set_snk_location	0	static
/opt/nordic/ncs/v2.6.0/zephyr/subsys/bluetooth/audio/pacs.c:491:13:set_src_location	0	static
/opt/nordic/ncs/v2.6.0/zephyr/subsys/bluetooth/audio/pacs.c:539:21:pacs_get	0	static
/opt/nordic/ncs/v2.6.0/zephyr/subsys/bluetooth/audio/pacs.c:215:16:supported_context_read	32	static
/opt/nordic/ncs/v2.6.0/zephyr/subsys/bluetooth/audio/pacs.c:192:16:available_contexts_read	32	static
/opt/nordic/ncs/v2.6.0/zephyr/subsys/bluetooth/audio/pacs.c:470:16:src_loc_read	32	static
/opt/nordic/ncs/v2.6.0/zephyr/subsys/bluetooth/audio/pacs.c:343:16:snk_loc_read	32	static
/opt/nordic/ncs/v2.6.0/zephyr/subsys/bluetooth/audio/pacs.c:173:13:get_pac_records	24	static
/opt/nordic/ncs/v2.6.0/zephyr/subsys/bluetooth/audio/pacs.c:116:13:build_pac_records	32	static
/opt/nordic/ncs/v2.6.0/zephyr/subsys/bluetooth/audio/pacs.c:412:16:src_read	40	static
/opt/nordic/ncs/v2.6.0/zephyr/subsys/bluetooth/audio/pacs.c:285:16:snk_read	40	static
/opt/nordic/ncs/v2.6.0/zephyr/subsys/bluetooth/audio/pacs.c:881:13:deferred_nfy_work_handler	8	static
/opt/nordic/ncs/v2.6.0/zephyr/include/zephyr/sys/atomic.h:131:20:atomic_test_bit	0	static
/opt/nordic/ncs/v2.6.0/zephyr/subsys/bluetooth/audio/pacs.c:767:6:pacs_gatt_notify_complete_cb	8	static
/opt/nordic/ncs/v2.6.0/zephyr/subsys/bluetooth/audio/pacs.c:774:12:pacs_gatt_notify	32	static
/opt/nordic/ncs/v2.6.0/zephyr/subsys/bluetooth/audio/pacs.c:684:12:pac_notify	24	static
/opt/nordic/ncs/v2.6.0/zephyr/subsys/bluetooth/audio/pacs.c:731:12:available_contexts_notify	24	static
/opt/nordic/ncs/v2.6.0/zephyr/include/zephyr/sys/atomic.h:198:20:atomic_clear_bit	0	static
/opt/nordic/ncs/v2.6.0/zephyr/subsys/bluetooth/audio/pacs.c:805:13:notify_cb	48	static
/opt/nordic/ncs/v2.6.0/zephyr/subsys/bluetooth/audio/pacs.c:916:13:pacs_bond_deleted	32	static
/opt/nordic/ncs/v2.6.0/zephyr/include/zephyr/sys/atomic.h:217:20:atomic_set_bit	0	static
/opt/nordic/ncs/v2.6.0/zephyr/subsys/bluetooth/audio/pacs.c:107:13:pacs_set_notify_bit	16	static
/opt/nordic/ncs/v2.6.0/zephyr/subsys/bluetooth/audio/pacs.c:230:12:set_available_contexts	8	static
/opt/nordic/ncs/v2.6.0/zephyr/subsys/bluetooth/audio/pacs.c:249:12:set_supported_contexts	24	static
/opt/nordic/ncs/v2.6.0/zephyr/subsys/bluetooth/audio/pacs.c:886:13:pacs_auth_pairing_complete	24	static
/opt/nordic/ncs/v2.6.0/zephyr/subsys/bluetooth/audio/pacs.c:932:13:pacs_security_changed	16	static
/opt/nordic/ncs/v2.6.0/zephyr/include/zephyr/bluetooth/addr.h:242:19:bt_addr_le_to_str	64	static
/opt/nordic/ncs/v2.6.0/zephyr/subsys/bluetooth/audio/pacs.c:999:13:add_bonded_addr_to_client_list	48	static
/opt/nordic/ncs/v2.6.0/zephyr/subsys/bluetooth/audio/pacs.c:969:6:bt_pacs_context_available	0	static
/opt/nordic/ncs/v2.6.0/zephyr/subsys/bluetooth/audio/pacs.c:982:6:bt_pacs_cap_foreach	16	static
/opt/nordic/ncs/v2.6.0/zephyr/subsys/bluetooth/audio/pacs.c:1016:5:bt_pacs_cap_register	16	static
/opt/nordic/ncs/v2.6.0/zephyr/subsys/bluetooth/audio/pacs.c:1062:5:bt_pacs_cap_unregister	16	static
/opt/nordic/ncs/v2.6.0/zephyr/subsys/bluetooth/audio/pacs.c:1101:5:bt_pacs_set_location	8	static
/opt/nordic/ncs/v2.6.0/zephyr/subsys/bluetooth/audio/pacs.c:1117:5:bt_pacs_set_available_contexts	8	static
/opt/nordic/ncs/v2.6.0/zephyr/subsys/bluetooth/audio/pacs.c:1129:5:bt_pacs_set_supported_contexts	8	static
/opt/nordic/ncs/v2.6.0/zephyr/subsys/bluetooth/audio/pacs.c:1141:23:bt_pacs_get_available_contexts	0	static
