/opt/nordic/ncs/v2.6.0-rc2/zephyr/subsys/bluetooth/host/smp.c:299:13:le_sc_supported	0	static
/opt/nordic/ncs/v2.6.0-rc2/zephyr/subsys/bluetooth/host/smp.c:447:29:security_err_get	0	static
/opt/nordic/ncs/v2.6.0-rc2/zephyr/subsys/bluetooth/host/smp.c:477:16:smp_err_get	0	static
/opt/nordic/ncs/v2.6.0-rc2/zephyr/subsys/bluetooth/host/smp.c:533:16:get_encryption_key_size	0	static
/opt/nordic/ncs/v2.6.0-rc2/zephyr/subsys/bluetooth/host/smp.c:1624:16:hci_err_get	0	static
/opt/nordic/ncs/v2.6.0-rc2/zephyr/subsys/bluetooth/host/smp.c:1832:13:xor_128	4	static
/opt/nordic/ncs/v2.6.0-rc2/zephyr/subsys/bluetooth/host/smp.c:3221:16:smp_pairing_rsp	0	static
/opt/nordic/ncs/v2.6.0-rc2/zephyr/subsys/bluetooth/host/smp.c:3545:13:le_sc_oob_data_req_check	0	static
/opt/nordic/ncs/v2.6.0-rc2/zephyr/subsys/bluetooth/host/smp.c:3552:13:le_sc_oob_data_rsp_check	0	static
/opt/nordic/ncs/v2.6.0-rc2/zephyr/subsys/bluetooth/host/smp.c:3559:13:le_sc_oob_config_set	16	static
/opt/nordic/ncs/v2.6.0-rc2/zephyr/subsys/bluetooth/host/smp.c:3974:16:smp_signing_info	0	static
/opt/nordic/ncs/v2.6.0-rc2/zephyr/subsys/bluetooth/host/smp.c:4082:16:smp_security_request	0	static
/opt/nordic/ncs/v2.6.0-rc2/zephyr/subsys/bluetooth/host/smp.c:5581:13:le_sc_oob_data_check	24	static
/opt/nordic/ncs/v2.6.0-rc2/zephyr/include/zephyr/bluetooth/addr.h:127:20:bt_addr_copy	0	static
/opt/nordic/ncs/v2.6.0-rc2/zephyr/include/zephyr/bluetooth/addr.h:137:20:bt_addr_le_copy	0	static
/opt/nordic/ncs/v2.6.0-rc2/zephyr/subsys/bluetooth/host/smp.c:3823:13:convert_to_id_on_match	16	static
/opt/nordic/ncs/v2.6.0-rc2/zephyr/subsys/bluetooth/host/smp.c:2682:23:smp_chan_get	8	static
/opt/nordic/ncs/v2.6.0-rc2/zephyr/subsys/bluetooth/host/smp.c:5926:12:bt_smp_accept	64	dynamic,bounded
/opt/nordic/ncs/v2.6.0-rc2/zephyr/subsys/bluetooth/host/smp.c:4425:16:smp_keypress_notif	0	static
/opt/nordic/ncs/v2.6.0-rc2/zephyr/include/zephyr/sys/atomic.h:131:20:atomic_test_bit	0	static
/opt/nordic/ncs/v2.6.0-rc2/zephyr/subsys/bluetooth/host/smp.c:375:13:smp_keys_check	16	static
/opt/nordic/ncs/v2.6.0-rc2/zephyr/subsys/bluetooth/host/smp.c:3464:23:smp_find	16	static
/opt/nordic/ncs/v2.6.0-rc2/zephyr/subsys/bluetooth/host/smp.c:551:13:update_keys_check	24	static
/opt/nordic/ncs/v2.6.0-rc2/zephyr/subsys/bluetooth/host/smp.c:2627:16:remote_sec_level_reachable	8	static
/opt/nordic/ncs/v2.6.0-rc2/zephyr/subsys/bluetooth/host/smp.c:4459:13:is_in_pairing_procedure	8	static
/opt/nordic/ncs/v2.6.0-rc2/zephyr/subsys/bluetooth/host/smp.c:314:38:latch_auth_cb	0	static
/opt/nordic/ncs/v2.6.0-rc2/zephyr/subsys/bluetooth/host/smp.c:329:16:get_io_capa	8	static
/opt/nordic/ncs/v2.6.0-rc2/zephyr/subsys/bluetooth/host/smp.c:2149:16:legacy_get_pair_method	16	static
/opt/nordic/ncs/v2.6.0-rc2/zephyr/subsys/bluetooth/host/smp.c:411:16:get_pair_method	16	static
/opt/nordic/ncs/v2.6.0-rc2/zephyr/subsys/bluetooth/host/smp.c:2663:13:sec_level_reachable	16	static
/opt/nordic/ncs/v2.6.0-rc2/zephyr/subsys/bluetooth/host/smp.c:322:13:latch_bondable	0	static
/opt/nordic/ncs/v2.6.0-rc2/zephyr/subsys/bluetooth/host/smp.c:2594:16:get_auth	16	static
/opt/nordic/ncs/v2.6.0-rc2/zephyr/subsys/bluetooth/host/smp.c:1595:13:smp_reset	16	static
/opt/nordic/ncs/v2.6.0-rc2/zephyr/subsys/bluetooth/host/smp.c:4869:12:smp_d1	8	static
/opt/nordic/ncs/v2.6.0-rc2/zephyr/subsys/bluetooth/host/smp.c:2131:12:smp_s1	8	static
/opt/nordic/ncs/v2.6.0-rc2/zephyr/include/zephyr/sys/atomic.h:152:20:atomic_test_and_clear_bit	4	static
/opt/nordic/ncs/v2.6.0-rc2/zephyr/subsys/bluetooth/host/smp.c:502:24:smp_create_pdu	16	static
/opt/nordic/ncs/v2.6.0-rc2/zephyr/subsys/bluetooth/host/smp.c:1748:13:smp_send	24	static
/opt/nordic/ncs/v2.6.0-rc2/zephyr/subsys/bluetooth/host/smp.c:3273:16:sc_smp_send_dhkey_check	16	static
/opt/nordic/ncs/v2.6.0-rc2/zephyr/subsys/bluetooth/host/smp.c:1813:16:smp_send_pairing_random	16	static
/opt/nordic/ncs/v2.6.0-rc2/zephyr/subsys/bluetooth/host/smp.c:2089:16:send_pairing_rsp	16	static
/opt/nordic/ncs/v2.6.0-rc2/zephyr/subsys/bluetooth/host/smp.c:2994:16:sc_send_public_key	16	static
/opt/nordic/ncs/v2.6.0-rc2/zephyr/subsys/bluetooth/host/smp.c:1887:16:smp_send_pairing_confirm	24	static
/opt/nordic/ncs/v2.6.0-rc2/zephyr/subsys/bluetooth/host/smp.c:3501:16:sc_smp_check_confirm	32	static
/opt/nordic/ncs/v2.6.0-rc2/zephyr/subsys/bluetooth/host/smp.c:1841:12:smp_c1	56	static
/opt/nordic/ncs/v2.6.0-rc2/zephyr/subsys/bluetooth/host/smp.c:2258:16:legacy_send_pairing_confirm	32	static
/opt/nordic/ncs/v2.6.0-rc2/zephyr/subsys/bluetooth/host/smp.c:2389:16:legacy_pairing_confirm	16	static
/opt/nordic/ncs/v2.6.0-rc2/zephyr/subsys/bluetooth/host/smp.c:3227:16:smp_pairing_confirm	16	static
/opt/nordic/ncs/v2.6.0-rc2/zephyr/subsys/bluetooth/host/smp.c:2312:16:legacy_pairing_random	48	static
/opt/nordic/ncs/v2.6.0-rc2/zephyr/subsys/bluetooth/host/smp.c:3338:16:compute_and_check_and_send_periph_dhcheck	88	static
/opt/nordic/ncs/v2.6.0-rc2/zephyr/subsys/bluetooth/host/smp.c:4300:16:smp_dhkey_check	16	static
/opt/nordic/ncs/v2.6.0-rc2/zephyr/subsys/bluetooth/host/smp.c:3427:16:smp_dhkey_ready	16	static
/opt/nordic/ncs/v2.6.0-rc2/zephyr/subsys/bluetooth/host/smp.c:4102:16:display_passkey	16	static
/opt/nordic/ncs/v2.6.0-rc2/zephyr/subsys/bluetooth/host/smp.c:595:13:update_debug_keys_check	8	static
/opt/nordic/ncs/v2.6.0-rc2/zephyr/subsys/bluetooth/host/smp.c:2556:12:smp_init	16	static
/opt/nordic/ncs/v2.6.0-rc2/zephyr/subsys/bluetooth/host/smp.c:2781:12:smp_send_security_req	32	static
/opt/nordic/ncs/v2.6.0-rc2/zephyr/subsys/bluetooth/host/smp.c:1942:13:legacy_distribute_keys	56	static
/opt/nordic/ncs/v2.6.0-rc2/zephyr/subsys/bluetooth/host/smp.c:2008:16:bt_smp_distribute_keys	64	dynamic,bounded
/opt/nordic/ncs/v2.6.0-rc2/zephyr/subsys/bluetooth/host/smp.c:3411:16:smp_dhkey_generate	8	static
/opt/nordic/ncs/v2.6.0-rc2/zephyr/subsys/bluetooth/host/smp.c:4088:16:generate_dhkey	8	static
/opt/nordic/ncs/v2.6.0-rc2/zephyr/subsys/bluetooth/host/smp.c:4131:16:smp_public_key_periph	16	static
/opt/nordic/ncs/v2.6.0-rc2/zephyr/subsys/bluetooth/host/smp.c:4187:16:smp_public_key	16	static
/opt/nordic/ncs/v2.6.0-rc2/zephyr/subsys/bluetooth/host/smp.c:2187:16:legacy_request_tk	24	static
/opt/nordic/ncs/v2.6.0-rc2/zephyr/subsys/bluetooth/host/smp.c:2285:16:legacy_pairing_req	24	static
/opt/nordic/ncs/v2.6.0-rc2/zephyr/subsys/bluetooth/host/smp.c:2846:16:smp_pairing_req	24	static
/opt/nordic/ncs/v2.6.0-rc2/zephyr/subsys/bluetooth/host/smp.c:3755:16:smp_ident_info	64	dynamic,bounded
/opt/nordic/ncs/v2.6.0-rc2/zephyr/subsys/bluetooth/host/smp.c:2443:16:smp_encrypt_info	64	dynamic,bounded
/opt/nordic/ncs/v2.6.0-rc2/zephyr/subsys/bluetooth/host/smp.c:3778:16:smp_id_add_replace	16	static
/opt/nordic/ncs/v2.6.0-rc2/zephyr/subsys/bluetooth/host/smp.c:3590:16:smp_pairing_random	40	static
/opt/nordic/ncs/v2.6.0-rc2/zephyr/subsys/bluetooth/host/smp.c:4571:13:bt_smp_connected	16	static
/opt/nordic/ncs/v2.6.0-rc2/zephyr/subsys/bluetooth/host/smp.c:2579:6:bt_set_bondable	0	static
/opt/nordic/ncs/v2.6.0-rc2/zephyr/subsys/bluetooth/host/smp.c:2584:6:bt_le_oob_set_sc_flag	0	static
/opt/nordic/ncs/v2.6.0-rc2/zephyr/subsys/bluetooth/host/smp.c:2589:6:bt_le_oob_set_legacy_flag	0	static
/opt/nordic/ncs/v2.6.0-rc2/zephyr/subsys/bluetooth/host/smp.c:2695:6:bt_smp_request_ltk	32	static
/opt/nordic/ncs/v2.6.0-rc2/zephyr/subsys/bluetooth/host/smp.c:4858:5:bt_smp_sign_verify	0	static
/opt/nordic/ncs/v2.6.0-rc2/zephyr/subsys/bluetooth/host/smp.c:4863:5:bt_smp_sign	0	static
/opt/nordic/ncs/v2.6.0-rc2/zephyr/subsys/bluetooth/host/smp.c:4888:5:bt_smp_irk_get	32	static
/opt/nordic/ncs/v2.6.0-rc2/zephyr/subsys/bluetooth/host/smp.c:5352:5:bt_smp_auth_cb_overlay	8	static
/opt/nordic/ncs/v2.6.0-rc2/zephyr/subsys/bluetooth/host/smp.c:5542:5:bt_smp_le_oob_generate_sc_data	16	static
/opt/nordic/ncs/v2.6.0-rc2/zephyr/subsys/bluetooth/host/smp.c:5659:5:bt_smp_le_oob_get_sc_data	16	static
/opt/nordic/ncs/v2.6.0-rc2/zephyr/subsys/bluetooth/host/smp.c:5719:5:bt_smp_auth_pairing_confirm	16	static
/opt/nordic/ncs/v2.6.0-rc2/zephyr/subsys/bluetooth/host/smp.c:5789:5:bt_smp_start_security	8	static
/opt/nordic/ncs/v2.6.0-rc2/zephyr/subsys/bluetooth/host/smp.c:1647:13:smp_pairing_complete	24	static
/opt/nordic/ncs/v2.6.0-rc2/zephyr/subsys/bluetooth/host/smp.c:1765:12:smp_error	32	static
/opt/nordic/ncs/v2.6.0-rc2/zephyr/subsys/bluetooth/host/smp.c:2412:13:legacy_user_tk_entry	8	static
/opt/nordic/ncs/v2.6.0-rc2/zephyr/subsys/bluetooth/host/smp.c:2435:13:legacy_passkey_entry	16	static
/opt/nordic/ncs/v2.6.0-rc2/zephyr/subsys/bluetooth/host/smp.c:5512:5:bt_smp_le_oob_set_tk	16	static
/opt/nordic/ncs/v2.6.0-rc2/zephyr/subsys/bluetooth/host/smp.c:5415:5:bt_smp_auth_passkey_entry	16	static
/opt/nordic/ncs/v2.6.0-rc2/zephyr/subsys/bluetooth/host/smp.c:5462:5:bt_smp_auth_passkey_confirm	16	static
/opt/nordic/ncs/v2.6.0-rc2/zephyr/subsys/bluetooth/host/smp.c:5603:12:le_sc_oob_pairing_continue	40	static
/opt/nordic/ncs/v2.6.0-rc2/zephyr/subsys/bluetooth/host/smp.c:5633:5:bt_smp_le_oob_set_sc_data	16	static
/opt/nordic/ncs/v2.6.0-rc2/zephyr/subsys/bluetooth/host/smp.c:5686:5:bt_smp_auth_cancel	8	static
/opt/nordic/ncs/v2.6.0-rc2/zephyr/subsys/bluetooth/host/smp.c:4464:12:bt_smp_recv	32	static
/opt/nordic/ncs/v2.6.0-rc2/zephyr/subsys/bluetooth/host/smp.c:3475:13:bt_smp_dhkey_ready	16	static
/opt/nordic/ncs/v2.6.0-rc2/zephyr/subsys/bluetooth/host/smp.c:4527:13:bt_smp_pkey_ready	16	static
/opt/nordic/ncs/v2.6.0-rc2/zephyr/subsys/bluetooth/host/smp.c:3832:16:smp_ident_addr_info	144	dynamic,bounded
/opt/nordic/ncs/v2.6.0-rc2/zephyr/subsys/bluetooth/host/smp.c:2466:16:smp_central_ident	64	dynamic,bounded
/opt/nordic/ncs/v2.6.0-rc2/zephyr/subsys/bluetooth/host/smp.c:3734:16:smp_pairing_failed	24	static
/opt/nordic/ncs/v2.6.0-rc2/zephyr/subsys/bluetooth/host/smp.c:4619:13:bt_smp_encrypt_change	24	static
/opt/nordic/ncs/v2.6.0-rc2/zephyr/subsys/bluetooth/host/smp.c:623:13:smp_check_complete	8	static
/opt/nordic/ncs/v2.6.0-rc2/zephyr/subsys/bluetooth/host/smp.c:664:13:smp_id_sent	8	static
/opt/nordic/ncs/v2.6.0-rc2/zephyr/subsys/bluetooth/host/smp.c:1935:13:smp_ident_sent	8	static
/opt/nordic/ncs/v2.6.0-rc2/zephyr/subsys/bluetooth/host/smp.c:4585:13:bt_smp_disconnected	16	static
/opt/nordic/ncs/v2.6.0-rc2/zephyr/subsys/bluetooth/host/smp.c:1733:13:smp_timeout	16	static
/opt/nordic/ncs/v2.6.0-rc2/zephyr/subsys/bluetooth/host/smp.c:5841:6:bt_smp_update_keys	64	dynamic,bounded
/opt/nordic/ncs/v2.6.0-rc2/zephyr/subsys/bluetooth/host/smp.c:5963:5:bt_smp_init	8	static
