/Users/joaovitor/Documents/VSCode/Tiresias/nrf5340_audio/build/modules/libmetal/libmetal/lib/include/metal/utilities.h:122:1:metal_bitmap_next_clear_bit	0	static
/opt/nordic/ncs/v2.6.0-rc2/modules/lib/open-amp/open-amp/lib/rpmsg/rpmsg.c:27:17:rpmsg_get_address	16	static
/opt/nordic/ncs/v2.6.0-rc2/modules/lib/open-amp/open-amp/lib/rpmsg/rpmsg.c:50:13:rpmsg_release_address	0	static
/opt/nordic/ncs/v2.6.0-rc2/modules/lib/open-amp/open-amp/lib/rpmsg/rpmsg.c:69:12:rpmsg_is_address_set	0	static
/opt/nordic/ncs/v2.6.0-rc2/modules/lib/open-amp/open-amp/lib/rpmsg/rpmsg.c:89:12:rpmsg_set_address	0	static
/Users/joaovitor/Documents/VSCode/Tiresias/nrf5340_audio/build/modules/libmetal/libmetal/lib/include/metal/system/zephyr/mutex.h:74:20:__metal_mutex_acquire	8	static
/opt/nordic/ncs/v2.6.0-rc2/modules/lib/open-amp/open-amp/lib/rpmsg/rpmsg.c:239:13:rpmsg_unregister_endpoint	16	static
/opt/nordic/ncs/v2.6.0-rc2/modules/lib/open-amp/open-amp/lib/rpmsg/rpmsg.c:100:5:rpmsg_send_offchannel_raw	24	static
/opt/nordic/ncs/v2.6.0-rc2/modules/lib/open-amp/open-amp/lib/rpmsg/rpmsg.c:118:5:rpmsg_send_ns_message	64	static
/opt/nordic/ncs/v2.6.0-rc2/modules/lib/open-amp/open-amp/lib/rpmsg/rpmsg.c:135:6:rpmsg_hold_rx_buffer	8	static
/opt/nordic/ncs/v2.6.0-rc2/modules/lib/open-amp/open-amp/lib/rpmsg/rpmsg.c:148:6:rpmsg_release_rx_buffer	8	static
/opt/nordic/ncs/v2.6.0-rc2/modules/lib/open-amp/open-amp/lib/rpmsg/rpmsg.c:161:5:rpmsg_release_tx_buffer	8	static
/opt/nordic/ncs/v2.6.0-rc2/modules/lib/open-amp/open-amp/lib/rpmsg/rpmsg.c:176:7:rpmsg_get_tx_payload_buffer	8	static
/opt/nordic/ncs/v2.6.0-rc2/modules/lib/open-amp/open-amp/lib/rpmsg/rpmsg.c:192:5:rpmsg_send_offchannel_nocopy	24	static
/opt/nordic/ncs/v2.6.0-rc2/modules/lib/open-amp/open-amp/lib/rpmsg/rpmsg.c:209:24:rpmsg_get_endpoint	32	static
/opt/nordic/ncs/v2.6.0-rc2/modules/lib/open-amp/open-amp/lib/rpmsg/rpmsg.c:252:6:rpmsg_register_endpoint	16	static
/opt/nordic/ncs/v2.6.0-rc2/modules/lib/open-amp/open-amp/lib/rpmsg/rpmsg.c:268:5:rpmsg_create_ept	56	static
/opt/nordic/ncs/v2.6.0-rc2/modules/lib/open-amp/open-amp/lib/rpmsg/rpmsg.c:322:6:rpmsg_destroy_ept	8	static
