/opt/nordic/ncs/v2.6.0/modules/hal/nordic/nrfx/hal/nrf_saadc.h:1109:24:nrf_saadc_channel_init	0	static
/opt/nordic/ncs/v2.6.0/zephyr/drivers/adc/adc_nrfx_saadc.c:152:13:adc_context_start_sampling	0	static
/opt/nordic/ncs/v2.6.0/zephyr/drivers/adc/adc_nrfx_saadc.c:165:13:adc_context_update_buffer_pointer	0	static
/opt/nordic/ncs/v2.6.0/zephyr/drivers/adc/adc_context.h:101:20:adc_context_request_next_sampling	8	static
/opt/nordic/ncs/v2.6.0/zephyr/drivers/adc/adc_context.h:128:13:adc_context_on_timer_expired	8	static
/opt/nordic/ncs/v2.6.0/zephyr/drivers/adc/adc_context.h:137:20:adc_context_lock	8	static
/opt/nordic/ncs/v2.6.0/zephyr/drivers/adc/adc_context.h:167:19:adc_context_wait_for_completion	8	static
/opt/nordic/ncs/v2.6.0/zephyr/drivers/adc/adc_nrfx_saadc.c:48:12:adc_nrfx_channel_setup	24	static
/opt/nordic/ncs/v2.6.0/zephyr/drivers/adc/adc_nrfx_saadc.c:178:12:set_resolution	8	static
/opt/nordic/ncs/v2.6.0/zephyr/drivers/adc/adc_nrfx_saadc.c:205:12:set_oversampling	8	static
/opt/nordic/ncs/v2.6.0/zephyr/drivers/adc/adc_nrfx_saadc.c:254:12:check_buffer_size	16	static
/opt/nordic/ncs/v2.6.0/zephyr/drivers/adc/adc_context.h:118:20:adc_context_enable_timer	16	static
/opt/nordic/ncs/v2.6.0/zephyr/drivers/adc/adc_context.h:212:20:adc_context_start_read	16	static
/opt/nordic/ncs/v2.6.0/zephyr/drivers/adc/adc_nrfx_saadc.c:273:12:start_read	24	static
/opt/nordic/ncs/v2.6.0/zephyr/drivers/adc/adc_nrfx_saadc.c:358:12:adc_nrfx_read	16	static
/opt/nordic/ncs/v2.6.0/zephyr/drivers/adc/adc_context.h:160:20:adc_context_unlock_unconditionally	8	static
/opt/nordic/ncs/v2.6.0/zephyr/drivers/adc/adc_nrfx_saadc.c:410:12:init_saadc	8	static
/opt/nordic/ncs/v2.6.0/zephyr/drivers/adc/adc_context.h:238:20:adc_context_on_sampling_done	8	static
/opt/nordic/ncs/v2.6.0/zephyr/drivers/adc/adc_nrfx_saadc.c:386:13:saadc_irq_handler	8	static
