/opt/nordic/ncs/v2.6.0/zephyr/subsys/ipc/ipc_service/ipc_service.c:17:5:ipc_service_open_instance	8	static
/opt/nordic/ncs/v2.6.0/zephyr/subsys/ipc/ipc_service/ipc_service.c:41:5:ipc_service_close_instance	8	static
/opt/nordic/ncs/v2.6.0/zephyr/subsys/ipc/ipc_service/ipc_service.c:65:5:ipc_service_register_endpoint	8	static
/opt/nordic/ncs/v2.6.0/zephyr/subsys/ipc/ipc_service/ipc_service.c:90:5:ipc_service_deregister_endpoint	8	static
/opt/nordic/ncs/v2.6.0/zephyr/subsys/ipc/ipc_service/ipc_service.c:123:5:ipc_service_send	8	static
/opt/nordic/ncs/v2.6.0/zephyr/subsys/ipc/ipc_service/ipc_service.c:147:5:ipc_service_get_tx_buffer_size	8	static
/opt/nordic/ncs/v2.6.0/zephyr/subsys/ipc/ipc_service/ipc_service.c:176:5:ipc_service_get_tx_buffer	16	static
/opt/nordic/ncs/v2.6.0/zephyr/subsys/ipc/ipc_service/ipc_service.c:205:5:ipc_service_drop_tx_buffer	8	static
/opt/nordic/ncs/v2.6.0/zephyr/subsys/ipc/ipc_service/ipc_service.c:234:5:ipc_service_send_nocopy	8	static
/opt/nordic/ncs/v2.6.0/zephyr/subsys/ipc/ipc_service/ipc_service.c:263:5:ipc_service_hold_rx_buffer	8	static
/opt/nordic/ncs/v2.6.0/zephyr/subsys/ipc/ipc_service/ipc_service.c:292:5:ipc_service_release_rx_buffer	8	static
