/Users/joaovitor/Documents/VSCode/Tiresias/nrf5340_audio/src/modules/audio_i2s.c:67:13:i2s_comp_handler	16	static
/opt/nordic/ncs/v2.6.0-rc2/zephyr/include/zephyr/drivers/pinctrl.h:342:19:pinctrl_apply_state	16	static
/Users/joaovitor/Documents/VSCode/Tiresias/nrf5340_audio/src/modules/audio_i2s.c:78:6:audio_i2s_set_next_buf	16	static
/Users/joaovitor/Documents/VSCode/Tiresias/nrf5340_audio/src/modules/audio_i2s.c:98:6:audio_i2s_start	16	static
/Users/joaovitor/Documents/VSCode/Tiresias/nrf5340_audio/src/modules/audio_i2s.c:121:6:audio_i2s_stop	8	static
/Users/joaovitor/Documents/VSCode/Tiresias/nrf5340_audio/src/modules/audio_i2s.c:130:6:audio_i2s_blk_comp_cb_register	0	static
/Users/joaovitor/Documents/VSCode/Tiresias/nrf5340_audio/src/modules/audio_i2s.c:135:6:audio_i2s_init	8	static
