/opt/nordic/ncs/v2.6.0-rc2/zephyr/include/zephyr/drivers/gpio.h:1256:19:gpio_port_get	16	static
/opt/nordic/ncs/v2.6.0-rc2/zephyr/include/zephyr/drivers/gpio.h:1713:19:gpio_add_callback	8	static
/Users/joaovitor/Documents/VSCode/Tiresias/nrf5340_audio/src/modules/button_handler.c:75:13:on_button_debounce_timeout	0	static
/opt/nordic/ncs/v2.6.0-rc2/zephyr/include/zephyr/drivers/gpio.h:1524:19:gpio_pin_get	16	static
/opt/nordic/ncs/v2.6.0-rc2/zephyr/include/zephyr/drivers/gpio.h:961:19:z_impl_gpio_pin_configure	24	static
/opt/nordic/ncs/v2.6.0-rc2/zephyr/include/zephyr/drivers/gpio.h:1688:20:gpio_init_callback	8	static
/opt/nordic/ncs/v2.6.0-rc2/zephyr/include/zephyr/drivers/gpio.h:862:19:z_impl_gpio_pin_interrupt_configure	16	static
/Users/joaovitor/Documents/VSCode/Tiresias/nrf5340_audio/src/modules/button_handler.c:126:13:button_publish_thread	16	static
/Users/joaovitor/Documents/VSCode/Tiresias/nrf5340_audio/src/modules/button_handler.c:101:12:pin_msk_to_pin	8	static
/Users/joaovitor/Documents/VSCode/Tiresias/nrf5340_audio/src/modules/button_handler.c:84:12:pin_to_btn_idx	8	static
/Users/joaovitor/Documents/VSCode/Tiresias/nrf5340_audio/src/modules/button_handler.c:145:13:button_isr	32	static
/Users/joaovitor/Documents/VSCode/Tiresias/nrf5340_audio/src/modules/button_handler.c:247:12:cmd_print_all_btns	24	static
/Users/joaovitor/Documents/VSCode/Tiresias/nrf5340_audio/src/modules/button_handler.c:259:12:cmd_push_btn	32	static
/Users/joaovitor/Documents/VSCode/Tiresias/nrf5340_audio/src/modules/button_handler.c:179:5:button_pressed	16	static
/Users/joaovitor/Documents/VSCode/Tiresias/nrf5340_audio/src/modules/button_handler.c:206:5:button_handler_init	16	static
