/opt/nordic/ncs/v2.6.0/zephyr/include/zephyr/kernel.h:501:23:k_msleep	8	static
/Users/joaovitor/Documents/VSCode/Tiresias/nrf5340_audio/src/modules/power_meas.c:45:12:read_and_log	72	dynamic
/Users/joaovitor/Documents/VSCode/Tiresias/nrf5340_audio/src/modules/power_meas.c:78:13:meas_thread_fn	64	dynamic,bounded
/Users/joaovitor/Documents/VSCode/Tiresias/nrf5340_audio/src/modules/power_meas.c:106:12:power_meas_init	88	dynamic,bounded
/Users/joaovitor/Documents/VSCode/Tiresias/nrf5340_audio/src/modules/power_meas.c:212:12:cmd_meas_stop	8	static
/Users/joaovitor/Documents/VSCode/Tiresias/nrf5340_audio/src/modules/power_meas.c:141:12:cmd_info	24	static
/Users/joaovitor/Documents/VSCode/Tiresias/nrf5340_audio/src/modules/power_meas.c:194:12:cmd_meas_start	8	static
/Users/joaovitor/Documents/VSCode/Tiresias/nrf5340_audio/src/modules/power_meas.c:154:12:cmd_config	32	static
