/opt/nordic/ncs/v2.6.0/zephyr/drivers/clock_control/clock_control_nrf.c:83:43:get_sub_data	0	static
/opt/nordic/ncs/v2.6.0/zephyr/drivers/clock_control/clock_control_nrf.c:91:51:get_sub_config	0	static
/opt/nordic/ncs/v2.6.0/zephyr/drivers/clock_control/clock_control_nrf.c:100:30:get_onoff_manager	0	static
/opt/nordic/ncs/v2.6.0/zephyr/drivers/clock_control/clock_control_nrf.c:127:12:set_off_state	0	static
/opt/nordic/ncs/v2.6.0/zephyr/drivers/clock_control/clock_control_nrf.c:144:12:set_starting_state	0	static
/opt/nordic/ncs/v2.6.0/zephyr/drivers/clock_control/clock_control_nrf.c:163:13:set_on_state	0	static
/opt/nordic/ncs/v2.6.0/zephyr/drivers/clock_control/clock_control_nrf.c:171:13:clkstarted_handle	24	static
/opt/nordic/ncs/v2.6.0/zephyr/drivers/clock_control/clock_control_nrf.c:259:18:get_hf_flags	0	static
/opt/nordic/ncs/v2.6.0/zephyr/drivers/clock_control/clock_control_nrf.c:366:12:async_start	24	static
/opt/nordic/ncs/v2.6.0/zephyr/drivers/clock_control/clock_control_nrf.c:386:12:api_start	16	static
/opt/nordic/ncs/v2.6.0/zephyr/drivers/clock_control/clock_control_nrf.c:419:31:get_subsys	0	static
/opt/nordic/ncs/v2.6.0/zephyr/drivers/clock_control/clock_control_nrf.c:436:13:onoff_started_callback	8	static
/opt/nordic/ncs/v2.6.0/zephyr/drivers/clock_control/clock_control_nrf.c:447:13:onoff_start	24	static
/opt/nordic/ncs/v2.6.0/zephyr/drivers/clock_control/clock_control_nrf.c:217:13:hfclk_start	8	static
/opt/nordic/ncs/v2.6.0/zephyr/drivers/clock_control/clock_control_nrf.c:248:13:hfclkaudio_start	8	static
/opt/nordic/ncs/v2.6.0/zephyr/drivers/clock_control/clock_control_nrf.c:236:13:hfclk192m_start	8	static
/opt/nordic/ncs/v2.6.0/zephyr/drivers/clock_control/clock_control_nrf.c:199:13:lfclk_start	8	static
/opt/nordic/ncs/v2.6.0/zephyr/drivers/clock_control/clock_control_nrf.c:226:13:hfclk_stop	8	static
/opt/nordic/ncs/v2.6.0/zephyr/drivers/clock_control/clock_control_nrf.c:296:13:generic_hfclk_stop	8	static
/opt/nordic/ncs/v2.6.0/zephyr/drivers/clock_control/clock_control_nrf.c:253:13:hfclkaudio_stop	8	static
/opt/nordic/ncs/v2.6.0/zephyr/drivers/clock_control/clock_control_nrf.c:241:13:hfclk192m_stop	8	static
/opt/nordic/ncs/v2.6.0/zephyr/drivers/clock_control/clock_control_nrf.c:208:13:lfclk_stop	8	static
/opt/nordic/ncs/v2.6.0/zephyr/include/zephyr/sys/notify.h:264:20:sys_notify_init_spinwait	8	static
/opt/nordic/ncs/v2.6.0/modules/hal/nordic/nrfx/hal/nrf_clock.h:927:24:nrf_clock_is_running	8	static
/opt/nordic/ncs/v2.6.0/zephyr/drivers/clock_control/clock_control_nrf.c:266:13:generic_hfclk_start	16	static
/opt/nordic/ncs/v2.6.0/zephyr/drivers/clock_control/clock_control_nrf.c:117:34:get_status	8	static
/opt/nordic/ncs/v2.6.0/zephyr/drivers/clock_control/clock_control_nrf.c:342:12:stop	16	static
/opt/nordic/ncs/v2.6.0/zephyr/drivers/clock_control/clock_control_nrf.c:361:12:api_stop	8	static
/opt/nordic/ncs/v2.6.0/zephyr/drivers/clock_control/clock_control_nrf.c:427:13:onoff_stop	16	static
/opt/nordic/ncs/v2.6.0/zephyr/drivers/clock_control/clock_control_nrf.c:582:13:clock_event_handler	8	static
/opt/nordic/ncs/v2.6.0/zephyr/include/zephyr/kernel.h:501:23:k_msleep	8	static
/opt/nordic/ncs/v2.6.0/zephyr/drivers/clock_control/clock_control_nrf.c:474:13:lfclk_spinwait	24	static
/opt/nordic/ncs/v2.6.0/zephyr/drivers/clock_control/clock_control_nrf.c:392:13:blocking_start_callback	8	static
/opt/nordic/ncs/v2.6.0/zephyr/drivers/clock_control/clock_control_nrf.c:401:12:api_blocking_start	32	static
/opt/nordic/ncs/v2.6.0/zephyr/drivers/clock_control/clock_control_nrf.c:651:12:clk_init	16	static
/opt/nordic/ncs/v2.6.0/zephyr/drivers/clock_control/clock_control_nrf.c:111:23:z_nrf_clock_control_get_onoff	8	static
/opt/nordic/ncs/v2.6.0/zephyr/drivers/clock_control/clock_control_nrf.c:316:6:z_nrf_clock_bt_ctlr_hf_request	8	static
/opt/nordic/ncs/v2.6.0/zephyr/drivers/clock_control/clock_control_nrf.c:326:6:z_nrf_clock_bt_ctlr_hf_release	8	static
/opt/nordic/ncs/v2.6.0/zephyr/drivers/clock_control/clock_control_nrf.c:547:6:z_nrf_clock_control_lf_on	16	static
