/opt/nordic/ncs/v2.6.0-rc2/zephyr/subsys/logging/log_output.c:150:13:buffer_write	24	static
/opt/nordic/ncs/v2.6.0-rc2/zephyr/include/zephyr/sys/cbprintf.h:744:5:cbvprintf	16	static
/opt/nordic/ncs/v2.6.0-rc2/zephyr/subsys/logging/log_output.c:137:12:print_formatted	20	static
/opt/nordic/ncs/v2.6.0-rc2/zephyr/subsys/logging/log_output.c:212:12:timestamp_print	32	static
/opt/nordic/ncs/v2.6.0-rc2/zephyr/subsys/logging/log_output.c:302:13:color_print	8	static
/opt/nordic/ncs/v2.6.0-rc2/zephyr/subsys/logging/log_output.c:312:13:color_prefix	8	static
/opt/nordic/ncs/v2.6.0-rc2/zephyr/subsys/logging/log_output.c:318:13:color_postfix	8	static
/opt/nordic/ncs/v2.6.0-rc2/zephyr/subsys/logging/log_output.c:325:12:ids_print	24	static
/opt/nordic/ncs/v2.6.0-rc2/zephyr/subsys/logging/log_output.c:438:17:prefix_print	64	static
/opt/nordic/ncs/v2.6.0-rc2/zephyr/subsys/logging/log_output.c:364:13:newline_print	8	static
/opt/nordic/ncs/v2.6.0-rc2/zephyr/subsys/logging/log_output.c:497:13:postfix_print	16	static
/opt/nordic/ncs/v2.6.0-rc2/zephyr/subsys/logging/log_output.c:382:13:hexdump_line_print	24	static
/opt/nordic/ncs/v2.6.0-rc2/zephyr/subsys/logging/log_output.c:422:13:log_msg_hexdump	40	static
/opt/nordic/ncs/v2.6.0-rc2/zephyr/subsys/logging/log_output.c:163:6:log_output_flush	8	static
/opt/nordic/ncs/v2.6.0-rc2/zephyr/subsys/logging/log_output.c:101:12:out_func	16	static
/opt/nordic/ncs/v2.6.0-rc2/zephyr/subsys/logging/log_output.c:127:12:cr_out_func	16	static
/opt/nordic/ncs/v2.6.0-rc2/zephyr/subsys/logging/log_output.c:505:6:log_output_process	40	static
/opt/nordic/ncs/v2.6.0-rc2/zephyr/subsys/logging/log_output.c:551:6:log_output_msg_process	56	static
/opt/nordic/ncs/v2.6.0-rc2/zephyr/subsys/logging/log_output.c:583:6:log_output_dropped_process	24	static
/opt/nordic/ncs/v2.6.0-rc2/zephyr/subsys/logging/log_output.c:602:6:log_output_timestamp_freq_set	0	static
/opt/nordic/ncs/v2.6.0-rc2/zephyr/subsys/logging/log_output.c:616:10:log_output_timestamp_to_us	8	static
