Archive member included to satisfy reference by file (symbol)

app/libapp.a(main.c.obj)      (--whole-archive)
zephyr/libzephyr.a(cbprintf_packaged.c.obj)
                              (--whole-archive)
zephyr/libzephyr.a(dec.c.obj)
                              (--whole-archive)
zephyr/libzephyr.a(hex.c.obj)
                              (--whole-archive)
zephyr/libzephyr.a(printk.c.obj)
                              (--whole-archive)
zephyr/libzephyr.a(rb.c.obj)  (--whole-archive)
zephyr/libzephyr.a(sem.c.obj)
                              (--whole-archive)
zephyr/libzephyr.a(thread_entry.c.obj)
                              (--whole-archive)
zephyr/libzephyr.a(timeutil.c.obj)
                              (--whole-archive)
zephyr/libzephyr.a(heap.c.obj)
                              (--whole-archive)
zephyr/libzephyr.a(heap-validate.c.obj)
                              (--whole-archive)
zephyr/libzephyr.a(bitarray.c.obj)
                              (--whole-archive)
zephyr/libzephyr.a(multi_heap.c.obj)
                              (--whole-archive)
zephyr/libzephyr.a(onoff.c.obj)
                              (--whole-archive)
zephyr/libzephyr.a(notify.c.obj)
                              (--whole-archive)
zephyr/libzephyr.a(cbprintf_complete.c.obj)
                              (--whole-archive)
zephyr/libzephyr.a(assert.c.obj)
                              (--whole-archive)
zephyr/libzephyr.a(mpsc_pbuf.c.obj)
                              (--whole-archive)
zephyr/libzephyr.a(configs.c.obj)
                              (--whole-archive)
zephyr/libzephyr.a(log_core.c.obj)
                              (--whole-archive)
zephyr/libzephyr.a(log_mgmt.c.obj)
                              (--whole-archive)
zephyr/libzephyr.a(log_cache.c.obj)
                              (--whole-archive)
zephyr/libzephyr.a(log_msg.c.obj)
                              (--whole-archive)
zephyr/libzephyr.a(log_output.c.obj)
                              (--whole-archive)
zephyr/libzephyr.a(log_backend_uart.c.obj)
                              (--whole-archive)
zephyr/libzephyr.a(mem_attr.c.obj)
                              (--whole-archive)
zephyr/libzephyr.a(tracing_none.c.obj)
                              (--whole-archive)
zephyr/libzephyr.a(nrf_cc3xx_platform_abort_zephyr.c.obj)
                              (--whole-archive)
zephyr/libzephyr.a(nrf_cc3xx_platform_mutex_zephyr.c.obj)
                              (--whole-archive)
zephyr/arch/common/libarch__common.a(sw_isr_common.c.obj)
                              (--whole-archive)
zephyr/arch/arch/arm/core/libarch__arm__core.a(fatal.c.obj)
                              (--whole-archive)
zephyr/arch/arch/arm/core/libarch__arm__core.a(nmi.c.obj)
                              (--whole-archive)
zephyr/arch/arch/arm/core/libarch__arm__core.a(nmi_on_reset.S.obj)
                              (--whole-archive)
zephyr/arch/arch/arm/core/libarch__arm__core.a(tls.c.obj)
                              (--whole-archive)
zephyr/arch/arch/arm/core/cortex_m/libarch__arm__core__cortex_m.a(exc_exit.S.obj)
                              (--whole-archive)
zephyr/arch/arch/arm/core/cortex_m/libarch__arm__core__cortex_m.a(fault.c.obj)
                              (--whole-archive)
zephyr/arch/arch/arm/core/cortex_m/libarch__arm__core__cortex_m.a(fault_s.S.obj)
                              (--whole-archive)
zephyr/arch/arch/arm/core/cortex_m/libarch__arm__core__cortex_m.a(fpu.c.obj)
                              (--whole-archive)
zephyr/arch/arch/arm/core/cortex_m/libarch__arm__core__cortex_m.a(reset.S.obj)
                              (--whole-archive)
zephyr/arch/arch/arm/core/cortex_m/libarch__arm__core__cortex_m.a(scb.c.obj)
                              (--whole-archive)
zephyr/arch/arch/arm/core/cortex_m/libarch__arm__core__cortex_m.a(thread_abort.c.obj)
                              (--whole-archive)
zephyr/arch/arch/arm/core/cortex_m/libarch__arm__core__cortex_m.a(vector_table.S.obj)
                              (--whole-archive)
zephyr/arch/arch/arm/core/cortex_m/libarch__arm__core__cortex_m.a(swap.c.obj)
                              (--whole-archive)
zephyr/arch/arch/arm/core/cortex_m/libarch__arm__core__cortex_m.a(swap_helper.S.obj)
                              (--whole-archive)
zephyr/arch/arch/arm/core/cortex_m/libarch__arm__core__cortex_m.a(irq_manage.c.obj)
                              (--whole-archive)
zephyr/arch/arch/arm/core/cortex_m/libarch__arm__core__cortex_m.a(prep_c.c.obj)
                              (--whole-archive)
zephyr/arch/arch/arm/core/cortex_m/libarch__arm__core__cortex_m.a(thread.c.obj)
                              (--whole-archive)
zephyr/arch/arch/arm/core/cortex_m/libarch__arm__core__cortex_m.a(cpu_idle.S.obj)
                              (--whole-archive)
zephyr/arch/arch/arm/core/cortex_m/libarch__arm__core__cortex_m.a(irq_init.c.obj)
                              (--whole-archive)
[...]
Memory Configuration

Name             Origin             Length             Attributes
FLASH            0x0000000000000000 0x0000000000100000 xr
RAM              0x0000000020000000 0x0000000000070000 xw
IDT_LIST         0x00000000ffff7fff 0x0000000000008000 xw
*default*        0x0000000000000000 0xffffffffffffffff

Linker script and memory map

                0x000000000000703c                vfprintf = __d_vfprintf
                0x0000000000000000                vfscanf = __d_vfscanf
LOAD zephyr/CMakeFiles/zephyr_pre0.dir/misc/empty_file.c.obj
LOAD zephyr/CMakeFiles/offsets.dir/./arch/arm/core/offsets/offsets.c.obj
LOAD app/libapp.a
LOAD zephyr/libzephyr.a
LOAD zephyr/arch/common/libarch__common.a
LOAD zephyr/arch/arch/arm/core/libarch__arm__core.a
LOAD zephyr/arch/arch/arm/core/cortex_m/libarch__arm__core__cortex_m.a
LOAD zephyr/arch/arch/arm/core/cortex_m/cmse/libarch__arm__core__cortex_m__cmse.a
LOAD zephyr/arch/arch/arm/core/mpu/libarch__arm__core__mpu.a
LOAD zephyr/lib/libc/picolibc/liblib__libc__picolibc.a
LOAD zephyr/lib/libc/common/liblib__libc__common.a
LOAD zephyr/soc/soc/arm/nordic_nrf/libsoc__arm__nordic_nrf.a
LOAD zephyr/drivers/clock_control/libdrivers__clock_control.a
LOAD zephyr/drivers/console/libdrivers__console.a
LOAD zephyr/drivers/gpio/libdrivers__gpio.a
LOAD zephyr/drivers/mbox/libdrivers__mbox.a
LOAD zephyr/drivers/pinctrl/libdrivers__pinctrl.a
LOAD zephyr/drivers/regulator/libdrivers__regulator.a
LOAD zephyr/drivers/serial/libdrivers__serial.a
LOAD zephyr/drivers/spi/libdrivers__spi.a
LOAD zephyr/drivers/timer/libdrivers__timer.a
LOAD modules/nrf/drivers/hw_cc3xx/lib..__nrf__drivers__hw_cc3xx.a
LOAD modules/hal_nordic/nrfx/libmodules__hal_nordic__nrfx.a
LOAD zephyr/kernel/libkernel.a
LOAD /opt/nordic/ncs/toolchains/580e4ef81c/opt/zephyr-sdk/arm-zephyr-eabi/bin/../lib/gcc/arm-zephyr-eabi/12.2.0/thumb/v8-m.main/nofp/libgcc.a
LOAD zephyr/arch/common/libisr_tables.a
LOAD /opt/nordic/ncs/v2.6.0/nrfxlib/crypto/nrf_cc312_platform/lib/cortex-m33/soft-float/no-interrupts/libnrf_cc312_platform_0.9.19.a
LOAD /opt/nordic/ncs/toolchains/580e4ef81c/opt/zephyr-sdk/arm-zephyr-eabi/bin/../lib/gcc/../../picolibc/arm-zephyr-eabi/lib/thumb/v8-m.main/nofp/libc.a
LOAD /opt/nordic/ncs/toolchains/580e4ef81c/opt/zephyr-sdk/arm-zephyr-eabi/bin/../lib/gcc/arm-zephyr-eabi/12.2.0/thumb/v8-m.main/nofp/libgcc.a
                0x0000000000000020                _region_min_align = 0x20

.rel.plt        0x0000000000000000        0x0
 *(SORT_BY_ALIGNMENT(.rel.plt))
                [!provide]                        PROVIDE (__rel_iplt_start = .)
 *(SORT_BY_ALIGNMENT(.rel.iplt))
 .rel.iplt      0x0000000000000000        0x0 app/libapp.a(main.c.obj)
                [!provide]                        PROVIDE (__rel_iplt_end = .)

.rela.plt       0x0000000000000000        0x0
 *(SORT_BY_ALIGNMENT(.rela.plt))
                [!provide]                        PROVIDE (__rela_iplt_start = .)
 *(SORT_BY_ALIGNMENT(.rela.iplt))
                [!provide]                        PROVIDE (__rela_iplt_end = .)

.rel.dyn
 *(SORT_BY_ALIGNMENT(.rel.*))

.rela.dyn
 *(SORT_BY_ALIGNMENT(.rela.*))

/DISCARD/
 *(SORT_BY_ALIGNMENT(.plt))

/DISCARD/
 *(SORT_BY_ALIGNMENT(.iplt))
                0x0000000000000000                __rom_region_start = 0x0

rom_start       0x0000000000000000      0x154
                0x0000000000000000                __rom_start_address = .
 FILL mask 0x00
                0x0000000000000000                . = (. + (0x0 - (. - __rom_start_address)))
                0x0000000000000000                . = ALIGN (0x4)
                0x0000000000000000                . = ALIGN (0x80)
                0x0000000000000000                . = ALIGN (0x200)
                0x0000000000000000                _vector_start = .
 *(SORT_BY_ALIGNMENT(.exc_vector_table))
 *(SORT_BY_ALIGNMENT(.exc_vector_table.*))
 .exc_vector_table._vector_table_section
                0x0000000000000000       0x40 zephyr/arch/arch/arm/core/cortex_m/libarch__arm__core__cortex_m.a(vector_table.S.obj)
                0x0000000000000000                _vector_table
 *(SORT_BY_ALIGNMENT(.vectors))
                0x0000000000000154                _vector_end = .
                0x0000000000000040                . = ALIGN (0x4)
 *(SORT_BY_ALIGNMENT(.gnu.linkonce.irq_vector_table*))
 .gnu.linkonce.irq_vector_table
                0x0000000000000040      0x114 zephyr/arch/common/libisr_tables.a(isr_tables.c.obj)
                0x0000000000000040                _irq_vector_table
                0x0000000000000154                _vector_end = .

text            0x0000000000000154     0x9be0
                0x0000000000000154                __text_region_start = .
 *(SORT_BY_ALIGNMENT(.text))
 .text          0x0000000000000154       0x30 /opt/nordic/ncs/toolchains/580e4ef81c/opt/zephyr-sdk/arm-zephyr-eabi/bin/../lib/gcc/arm-zephyr-eabi/12.2.0/thumb/v8-m.main/nofp/libgcc.a(_aeabi_uldivmod.o)
                0x0000000000000154                __aeabi_uldivmod
 .text          0x0000000000000184        0x4 /opt/nordic/ncs/toolchains/580e4ef81c/opt/zephyr-sdk/arm-zephyr-eabi/bin/../lib/gcc/arm-zephyr-eabi/12.2.0/thumb/v8-m.main/nofp/libgcc.a(_dvmd_tls.o)
                0x0000000000000184                __aeabi_ldiv0
                0x0000000000000184                __aeabi_idiv0
 .text          0x0000000000000188      0x29c /opt/nordic/ncs/toolchains/580e4ef81c/opt/zephyr-sdk/arm-zephyr-eabi/bin/../lib/gcc/arm-zephyr-eabi/12.2.0/thumb/v8-m.main/nofp/libgcc.a(_udivmoddi4.o)
                0x0000000000000188                __udivmoddi4
 .text          0x0000000000000424       0x10 /opt/nordic/ncs/toolchains/580e4ef81c/opt/zephyr-sdk/arm-zephyr-eabi/bin/../lib/gcc/../../picolibc/arm-zephyr-eabi/lib/thumb/v8-m.main/nofp/libc.a(strlen.S.o)
                0x0000000000000424                strlen
 *(SORT_BY_ALIGNMENT(.text.*))
 .text.ad_calibrationdata
                0x0000000000000434       0xc4 app/libapp.a(main.c.obj)
                0x0000000000000434                ad_calibrationdata
 .text.main     0x00000000000004f8       0x84 app/libapp.a(main.c.obj)
                0x00000000000004f8                main
 .text.cbvprintf_package
                0x000000000000057c      0x3a4 zephyr/libzephyr.a(cbprintf_packaged.c.obj)
                0x000000000000057c                cbvprintf_package
 .text.cbprintf_package_convert
                0x0000000000000920      0x3b4 zephyr/libzephyr.a(cbprintf_packaged.c.obj)
                0x0000000000000920                cbprintf_package_convert
 .text.__printk_hook_install
                0x0000000000000cd4        0xc zephyr/libzephyr.a(printk.c.obj)
                0x0000000000000cd4                __printk_hook_install
 .text.z_thread_entry
                0x0000000000000ce0       0x34 zephyr/libzephyr.a(thread_entry.c.obj)
                0x0000000000000ce0                z_thread_entry
 .text.process_event
                0x0000000000000d14      0x21c zephyr/libzephyr.a(onoff.c.obj)
 .text.activate_foreach_backend
                0x0000000000000f30       0x64 zephyr/libzephyr.a(log_core.c.obj)
 .text.enable_logger
                0x0000000000000f94       0x5c zephyr/libzephyr.a(log_core.c.obj)
 .text.log_process_thread_timer_expiry_fn
                0x0000000000000ff0        0xc zephyr/libzephyr.a(log_core.c.obj)
 .text.z_log_init
                0x0000000000000ffc       0x90 zephyr/libzephyr.a(log_core.c.obj)
 .text.log_format_func_t_get
                0x000000000000108c        0xc zephyr/libzephyr.a(log_core.c.obj)
                0x000000000000108c                log_format_func_t_get
 .text.log_set_timestamp_func
                0x0000000000001098       0x20 zephyr/libzephyr.a(log_core.c.obj)
                0x0000000000001098                log_set_timestamp_func
 .text.z_log_notify_backend_enabled
                0x00000000000010b8       0x1c zephyr/libzephyr.a(log_core.c.obj)
                0x00000000000010b8                z_log_notify_backend_enabled
 .text.z_log_dropped
                0x00000000000010d4       0x28 zephyr/libzephyr.a(log_core.c.obj)
                0x00000000000010d4                z_log_dropped
 .text.z_log_dropped_read_and_clear
                0x00000000000010fc       0x18 zephyr/libzephyr.a(log_core.c.obj)
                0x00000000000010fc                z_log_dropped_read_and_clear
 .text.dropped_notify
                0x0000000000001114       0x30 zephyr/libzephyr.a(log_core.c.obj)
                0x0000000000001114                dropped_notify
 .text.z_log_msg_init
                0x0000000000001144       0x20 zephyr/libzephyr.a(log_core.c.obj)
                0x0000000000001144                z_log_msg_init
 .text.log_core_init
                0x0000000000001164       0x34 zephyr/libzephyr.a(log_core.c.obj)
                0x0000000000001164                log_core_init
 .text.z_log_msg_alloc
                0x0000000000001198       0x10 zephyr/libzephyr.a(log_core.c.obj)
                0x0000000000001198                z_log_msg_alloc
 .text.z_log_msg_local_claim
                0x00000000000011a8        0xc zephyr/libzephyr.a(log_core.c.obj)
                0x00000000000011a8                z_log_msg_local_claim
 .text.z_log_msg_free
                0x00000000000011b4       0x10 zephyr/libzephyr.a(log_core.c.obj)
                0x00000000000011b4                z_log_msg_free
 .text.z_log_msg_pending
                0x00000000000011c4        0xc zephyr/libzephyr.a(log_core.c.obj)
                0x00000000000011c4                z_log_msg_pending
 .text.z_impl_log_process
                0x00000000000011d0       0xb4 zephyr/libzephyr.a(log_core.c.obj)
                0x00000000000011d0                z_impl_log_process
 .text.z_impl_log_panic
                0x0000000000001284       0x44 zephyr/libzephyr.a(log_core.c.obj)
                0x0000000000001284                z_impl_log_panic
 .text.log_process_thread_func
                0x00000000000012c8       0xa4 zephyr/libzephyr.a(log_core.c.obj)
 .text.z_log_msg_post_finalize
                0x000000000000136c       0x78 zephyr/libzephyr.a(log_core.c.obj)
 .text.z_log_msg_commit
                0x00000000000013e4       0x24 zephyr/libzephyr.a(log_core.c.obj)
                0x00000000000013e4                z_log_msg_commit
 .text.log_source_name_get
                0x0000000000001408       0x1c zephyr/libzephyr.a(log_mgmt.c.obj)
                0x0000000000001408                log_source_name_get
 .text.log_backend_enable
                0x0000000000001424       0x28 zephyr/libzephyr.a(log_mgmt.c.obj)
                0x0000000000001424                log_backend_enable
 .text.z_impl_z_log_msg_static_create
                0x000000000000144c      0x108 zephyr/libzephyr.a(log_msg.c.obj)
                0x000000000000144c                z_impl_z_log_msg_static_create
 .text.z_log_msg_runtime_vcreate
                0x0000000000001554       0x8c zephyr/libzephyr.a(log_msg.c.obj)
                0x0000000000001554                z_log_msg_runtime_vcreate
 .text.print_formatted
                0x00000000000015e0       0x24 zephyr/libzephyr.a(log_output.c.obj)
 .text.newline_print
                0x0000000000001604       0x1c zephyr/libzephyr.a(log_output.c.obj)
 .text.log_output_process
                0x0000000000001620      0x2a4 zephyr/libzephyr.a(log_output.c.obj)
                0x0000000000001620                log_output_process
 .text.log_output_msg_process
                0x00000000000018c4       0x70 zephyr/libzephyr.a(log_output.c.obj)
                0x00000000000018c4                log_output_msg_process
 .text.log_output_dropped_process
                0x0000000000001934       0x58 zephyr/libzephyr.a(log_output.c.obj)
                0x0000000000001934                log_output_dropped_process
 .text.log_output_timestamp_freq_set
                0x000000000000198c       0x2c zephyr/libzephyr.a(log_output.c.obj)
                0x000000000000198c                log_output_timestamp_freq_set
 .text.char_out
                0x00000000000019b8       0x24 zephyr/libzephyr.a(log_backend_uart.c.obj)
 .text.mem_attr_get_regions
                0x00000000000019dc        0xc zephyr/libzephyr.a(mem_attr.c.obj)
                0x00000000000019dc                mem_attr_get_regions
 .text.nrf_cc3xx_platform_abort_init
                0x00000000000019e8        0xc zephyr/libzephyr.a(nrf_cc3xx_platform_abort_zephyr.c.obj)
                0x00000000000019e8                nrf_cc3xx_platform_abort_init
 .text.mutex_free_platform
                0x00000000000019f4       0x54 zephyr/libzephyr.a(nrf_cc3xx_platform_mutex_zephyr.c.obj)
 .text.mutex_lock_platform
                0x0000000000001a48       0x74 zephyr/libzephyr.a(nrf_cc3xx_platform_mutex_zephyr.c.obj)
 .text.mutex_unlock_platform
                0x0000000000001abc       0x68 zephyr/libzephyr.a(nrf_cc3xx_platform_mutex_zephyr.c.obj)
 .text.mutex_init_platform
                0x0000000000001b24       0x94 zephyr/libzephyr.a(nrf_cc3xx_platform_mutex_zephyr.c.obj)
 .text.nrf_cc3xx_platform_mutex_init
                0x0000000000001bb8       0x2c zephyr/libzephyr.a(nrf_cc3xx_platform_mutex_zephyr.c.obj)
                0x0000000000001bb8                nrf_cc3xx_platform_mutex_init
 .text.z_arm_fatal_error
                0x0000000000001be4       0xa0 zephyr/arch/arch/arm/core/libarch__arm__core.a(fatal.c.obj)
                0x0000000000001be4                z_arm_fatal_error
 .text.z_SysNmiOnReset
                0x0000000000001c84        0x8 zephyr/arch/arch/arm/core/libarch__arm__core.a(nmi_on_reset.S.obj)
                0x0000000000001c84                z_SysNmiOnReset
 .text.arch_tls_stack_setup
                0x0000000000001c8c       0x5c zephyr/arch/arch/arm/core/libarch__arm__core.a(tls.c.obj)
                0x0000000000001c8c                arch_tls_stack_setup
 .text._HandlerModeExit
                0x0000000000001ce8       0x1c zephyr/arch/arch/arm/core/cortex_m/libarch__arm__core__cortex_m.a(exc_exit.S.obj)
                0x0000000000001ce8                z_arm_exc_exit
                0x0000000000001ce8                z_arm_int_exit
 .text.mem_manage_fault.constprop.0
                0x0000000000001d04       0xd0 zephyr/arch/arch/arm/core/cortex_m/libarch__arm__core__cortex_m.a(fault.c.obj)
 .text.usage_fault.constprop.0
                0x0000000000001dd4       0xbc zephyr/arch/arch/arm/core/cortex_m/libarch__arm__core__cortex_m.a(fault.c.obj)
 .text.bus_fault.constprop.0
                0x0000000000001e90       0xd0 zephyr/arch/arch/arm/core/cortex_m/libarch__arm__core__cortex_m.a(fault.c.obj)
 .text.z_arm_fault
                0x0000000000001f60      0x1d0 zephyr/arch/arch/arm/core/cortex_m/libarch__arm__core__cortex_m.a(fault.c.obj)
                0x0000000000001f60                z_arm_fault
 .text.z_arm_fault_init
                0x0000000000002130       0x18 zephyr/arch/arch/arm/core/cortex_m/libarch__arm__core__cortex_m.a(fault.c.obj)
                0x0000000000002130                z_arm_fault_init
 .text.__fault  0x0000000000002148       0x14 zephyr/arch/arch/arm/core/cortex_m/libarch__arm__core__cortex_m.a(fault_s.S.obj)
                0x0000000000002148                z_arm_bus_fault
                0x0000000000002148                z_arm_usage_fault
                0x0000000000002148                z_arm_mpu_fault
                0x0000000000002148                z_arm_exc_spurious
                0x0000000000002148                z_arm_debug_monitor
                0x0000000000002148                z_arm_hard_fault
 .text._reset_section
                0x000000000000215c       0x60 zephyr/arch/arch/arm/core/cortex_m/libarch__arm__core__cortex_m.a(reset.S.obj)
                0x000000000000215c                z_arm_reset
                0x000000000000215c                __start
 .text.z_arm_clear_arm_mpu_config
                0x00000000000021bc       0x24 zephyr/arch/arch/arm/core/cortex_m/libarch__arm__core__cortex_m.a(scb.c.obj)
                0x00000000000021bc                z_arm_clear_arm_mpu_config
 .text.z_arm_init_arch_hw_at_boot
                0x00000000000021e0       0x4c zephyr/arch/arch/arm/core/cortex_m/libarch__arm__core__cortex_m.a(scb.c.obj)
                0x00000000000021e0                z_arm_init_arch_hw_at_boot
 .text.z_impl_k_thread_abort
                0x000000000000222c       0x2c zephyr/arch/arch/arm/core/cortex_m/libarch__arm__core__cortex_m.a(thread_abort.c.obj)
                0x000000000000222c                z_impl_k_thread_abort
 .text.arch_swap
                0x0000000000002258       0x30 zephyr/arch/arch/arm/core/cortex_m/libarch__arm__core__cortex_m.a(swap.c.obj)
                0x0000000000002258                arch_swap
 .text.z_arm_pendsv
                0x0000000000002288       0x68 zephyr/arch/arch/arm/core/cortex_m/libarch__arm__core__cortex_m.a(swap_helper.S.obj)
                0x0000000000002288                z_arm_pendsv
 .text.z_arm_svc
                0x00000000000022f0       0x20 zephyr/arch/arch/arm/core/cortex_m/libarch__arm__core__cortex_m.a(swap_helper.S.obj)
                0x00000000000022f0                z_arm_svc
 .text.arch_irq_enable
                0x0000000000002310       0x1c zephyr/arch/arch/arm/core/cortex_m/libarch__arm__core__cortex_m.a(irq_manage.c.obj)
                0x0000000000002310                arch_irq_enable
 .text.arch_irq_disable
                0x000000000000232c       0x28 zephyr/arch/arch/arm/core/cortex_m/libarch__arm__core__cortex_m.a(irq_manage.c.obj)
                0x000000000000232c                arch_irq_disable
 .text.arch_irq_is_enabled
                0x0000000000002354       0x1c zephyr/arch/arch/arm/core/cortex_m/libarch__arm__core__cortex_m.a(irq_manage.c.obj)
                0x0000000000002354                arch_irq_is_enabled
 .text.z_arm_irq_priority_set
                0x0000000000002370       0x2c zephyr/arch/arch/arm/core/cortex_m/libarch__arm__core__cortex_m.a(irq_manage.c.obj)
                0x0000000000002370                z_arm_irq_priority_set
 .text.z_arm_prep_c
                0x000000000000239c       0x38 zephyr/arch/arch/arm/core/cortex_m/libarch__arm__core__cortex_m.a(prep_c.c.obj)
                0x000000000000239c                z_arm_prep_c
 .text.arch_new_thread
                0x00000000000023d4       0x38 zephyr/arch/arch/arm/core/cortex_m/libarch__arm__core__cortex_m.a(thread.c.obj)
                0x00000000000023d4                arch_new_thread
 .text.arch_switch_to_main_thread
                0x000000000000240c       0x34 zephyr/arch/arch/arm/core/cortex_m/libarch__arm__core__cortex_m.a(thread.c.obj)
                0x000000000000240c                arch_switch_to_main_thread
 .text.z_arm_cpu_idle_init
                0x0000000000002440        0xc zephyr/arch/arch/arm/core/cortex_m/libarch__arm__core__cortex_m.a(cpu_idle.S.obj)
                0x0000000000002440                z_arm_cpu_idle_init
 .text.arch_cpu_idle
                0x000000000000244c       0x38 zephyr/arch/arch/arm/core/cortex_m/libarch__arm__core__cortex_m.a(cpu_idle.S.obj)
                0x000000000000244c                arch_cpu_idle
 .text.arch_cpu_atomic_idle
                0x0000000000002484       0x34 zephyr/arch/arch/arm/core/cortex_m/libarch__arm__core__cortex_m.a(cpu_idle.S.obj)
                0x0000000000002484                arch_cpu_atomic_idle
 .text.z_arm_interrupt_init
                0x00000000000024b8       0x18 zephyr/arch/arch/arm/core/cortex_m/libarch__arm__core__cortex_m.a(irq_init.c.obj)
                0x00000000000024b8                z_arm_interrupt_init
 .text._isr_wrapper
                0x00000000000024d0       0x28 zephyr/arch/arch/arm/core/cortex_m/libarch__arm__core__cortex_m.a(isr_wrapper.S.obj)
                0x00000000000024d0                _isr_wrapper
 .text.z_arm_configure_static_mpu_regions
                0x00000000000024f8       0x38 zephyr/arch/arch/arm/core/mpu/libarch__arm__core__mpu.a(arm_core_mpu.c.obj)
                0x00000000000024f8                z_arm_configure_static_mpu_regions
 .text.region_init
                0x0000000000002530       0x34 zephyr/arch/arch/arm/core/mpu/libarch__arm__core__mpu.a(arm_mpu.c.obj)
 .text.region_allocate_and_init
                0x0000000000002564       0x28 zephyr/arch/arch/arm/core/mpu/libarch__arm__core__mpu.a(arm_mpu.c.obj)
 .text.mpu_configure_regions_and_partition.constprop.0
                0x000000000000258c      0x164 zephyr/arch/arch/arm/core/mpu/libarch__arm__core__mpu.a(arm_mpu.c.obj)
 .text.arm_core_mpu_enable
                0x00000000000026f0       0x18 zephyr/arch/arch/arm/core/mpu/libarch__arm__core__mpu.a(arm_mpu.c.obj)
                0x00000000000026f0                arm_core_mpu_enable
 .text.arm_core_mpu_disable
                0x0000000000002708       0x14 zephyr/arch/arch/arm/core/mpu/libarch__arm__core__mpu.a(arm_mpu.c.obj)
                0x0000000000002708                arm_core_mpu_disable
 .text.arm_core_mpu_configure_static_mpu_regions
                0x000000000000271c       0x14 zephyr/arch/arch/arm/core/mpu/libarch__arm__core__mpu.a(arm_mpu.c.obj)
                0x000000000000271c                arm_core_mpu_configure_static_mpu_regions
 .text.arm_core_mpu_mark_areas_for_dynamic_regions
                0x0000000000002730       0xb8 zephyr/arch/arch/arm/core/mpu/libarch__arm__core__mpu.a(arm_mpu.c.obj)
                0x0000000000002730                arm_core_mpu_mark_areas_for_dynamic_regions
 .text.z_arm_mpu_init
                0x00000000000027e8      0x108 zephyr/arch/arch/arm/core/mpu/libarch__arm__core__mpu.a(arm_mpu.c.obj)
                0x00000000000027e8                z_arm_mpu_init
 .text.z_impl_zephyr_fputc
                0x00000000000028f0       0x10 zephyr/lib/libc/picolibc/liblib__libc__picolibc.a(libc-hooks.c.obj)
                0x00000000000028f0                z_impl_zephyr_fputc
 .text.__stdout_hook_install
                0x0000000000002900       0x18 zephyr/lib/libc/picolibc/liblib__libc__picolibc.a(libc-hooks.c.obj)
                0x0000000000002900                __stdout_hook_install
 .text.cbvprintf
                0x0000000000002918       0x38 zephyr/lib/libc/picolibc/liblib__libc__picolibc.a(libc-hooks.c.obj)
                0x0000000000002918                cbvprintf
 .text.malloc_prepare
                0x0000000000002950       0x24 zephyr/lib/libc/common/liblib__libc__common.a(malloc.c.obj)
 .text.rtc_pretick_init
                0x0000000000002974       0x60 zephyr/soc/soc/arm/nordic_nrf/libsoc__arm__nordic_nrf.a(soc.c.obj)
 .text.nrf_gpio_pin_control_select.constprop.0
                0x00000000000029d4       0x1c zephyr/soc/soc/arm/nordic_nrf/libsoc__arm__nordic_nrf.a(soc.c.obj)
 .text.nordicsemi_nrf53_init
                0x00000000000029f0       0x38 zephyr/soc/soc/arm/nordic_nrf/libsoc__arm__nordic_nrf.a(soc.c.obj)
 .text.z_arm_on_enter_cpu_idle
                0x0000000000002a28       0x64 zephyr/soc/soc/arm/nordic_nrf/libsoc__arm__nordic_nrf.a(soc.c.obj)
                0x0000000000002a28                z_arm_on_enter_cpu_idle
 .text.arch_busy_wait
                0x0000000000002a8c       0x24 zephyr/soc/soc/arm/nordic_nrf/libsoc__arm__nordic_nrf.a(soc.c.obj)
                0x0000000000002a8c                arch_busy_wait
 .text.rtc_cb   0x0000000000002ab0       0x40 zephyr/soc/soc/arm/nordic_nrf/libsoc__arm__nordic_nrf.a(sync_rtc.c.obj)
 .text.sync_rtc_setup
                0x0000000000002af0       0xbc zephyr/soc/soc/arm/nordic_nrf/libsoc__arm__nordic_nrf.a(sync_rtc.c.obj)
 .text.mbox_callback
                0x0000000000002bac       0x80 zephyr/soc/soc/arm/nordic_nrf/libsoc__arm__nordic_nrf.a(sync_rtc.c.obj)
 .text.z_arm_platform_init
                0x0000000000002c2c        0x4 zephyr/soc/soc/arm/nordic_nrf/libsoc__arm__nordic_nrf.a(soc_nrf_common.S.obj)
                0x0000000000002c2c                z_arm_platform_init
 .text.onoff_stop
                0x0000000000002c30       0x30 zephyr/drivers/clock_control/libdrivers__clock_control.a(clock_control_nrf.c.obj)
 .text.onoff_start
                0x0000000000002c60       0x44 zephyr/drivers/clock_control/libdrivers__clock_control.a(clock_control_nrf.c.obj)
 .text.clk_init
                0x0000000000002ca4       0x64 zephyr/drivers/clock_control/libdrivers__clock_control.a(clock_control_nrf.c.obj)
 .text.clkstarted_handle.constprop.0
                0x0000000000002d08       0x34 zephyr/drivers/clock_control/libdrivers__clock_control.a(clock_control_nrf.c.obj)
 .text.clock_event_handler
                0x0000000000002d3c       0x30 zephyr/drivers/clock_control/libdrivers__clock_control.a(clock_control_nrf.c.obj)
 .text.generic_hfclk_start
                0x0000000000002d6c       0x64 zephyr/drivers/clock_control/libdrivers__clock_control.a(clock_control_nrf.c.obj)
 .text.api_blocking_start
                0x0000000000002dd0       0x34 zephyr/drivers/clock_control/libdrivers__clock_control.a(clock_control_nrf.c.obj)
 .text.generic_hfclk_stop
                0x0000000000002e04       0x34 zephyr/drivers/clock_control/libdrivers__clock_control.a(clock_control_nrf.c.obj)
 .text.z_nrf_clock_control_lf_on
                0x0000000000002e38       0xfc zephyr/drivers/clock_control/libdrivers__clock_control.a(clock_control_nrf.c.obj)
                0x0000000000002e38                z_nrf_clock_control_lf_on
 .text.uart_console_init
                0x0000000000002f34       0x28 zephyr/drivers/console/libdrivers__console.a(uart_console.c.obj)
 .text.console_out
                0x0000000000002f5c       0x28 zephyr/drivers/console/libdrivers__console.a(uart_console.c.obj)
 .text.gpio_nrfx_pin_interrupt_configure
                0x0000000000002f84      0x100 zephyr/drivers/gpio/libdrivers__gpio.a(gpio_nrfx.c.obj)
 .text.gpio_nrfx_init
                0x0000000000003084       0x48 zephyr/drivers/gpio/libdrivers__gpio.a(gpio_nrfx.c.obj)
 .text.nrfx_gpio_handler
                0x00000000000030cc       0x4c zephyr/drivers/gpio/libdrivers__gpio.a(gpio_nrfx.c.obj)
 .text.gpio_nrfx_pin_configure
                0x0000000000003118      0x18c zephyr/drivers/gpio/libdrivers__gpio.a(gpio_nrfx.c.obj)
 .text.gpio_hogs_init
                0x00000000000032a4       0xa8 zephyr/drivers/gpio/libdrivers__gpio.a(gpio_hogs.c.obj)
 .text.mbox_nrf_init
                0x000000000000334c       0x9c zephyr/drivers/mbox/libdrivers__mbox.a(mbox_nrfx_ipc.c.obj)
 .text.mbox_nrf_set_enabled
                0x00000000000033e8       0x94 zephyr/drivers/mbox/libdrivers__mbox.a(mbox_nrfx_ipc.c.obj)
 .text.mbox_nrf_send
                0x000000000000347c       0x44 zephyr/drivers/mbox/libdrivers__mbox.a(mbox_nrfx_ipc.c.obj)
 .text.mbox_dispatcher
                0x00000000000034c0       0x60 zephyr/drivers/mbox/libdrivers__mbox.a(mbox_nrfx_ipc.c.obj)
 .text.nrf_gpio_pin_port_decode
                0x0000000000003520       0x24 zephyr/drivers/pinctrl/libdrivers__pinctrl.a(pinctrl_nrf.c.obj)
 .text.pinctrl_configure_pins
                0x0000000000003544      0x17c zephyr/drivers/pinctrl/libdrivers__pinctrl.a(pinctrl_nrf.c.obj)
                0x0000000000003544                pinctrl_configure_pins
 .text.uarte_0_init
                0x00000000000036c0      0x27c zephyr/drivers/serial/libdrivers__serial.a(uart_nrfx_uarte.c.obj)
 .text.uarte_nrfx_poll_out
                0x000000000000393c       0xcc zephyr/drivers/serial/libdrivers__serial.a(uart_nrfx_uarte.c.obj)
 .text.spi_nrfx_init
                0x0000000000003a08      0x120 zephyr/drivers/spi/libdrivers__spi.a(spi_nrfx_spim.c.obj)
 .text.transfer_next_chunk
                0x0000000000003b28       0xd0 zephyr/drivers/spi/libdrivers__spi.a(spi_nrfx_spim.c.obj)
 .text.event_handler
                0x0000000000003bf8       0xdc zephyr/drivers/spi/libdrivers__spi.a(spi_nrfx_spim.c.obj)
 .text.spi_nrfx_transceive
                0x0000000000003cd4      0x430 zephyr/drivers/spi/libdrivers__spi.a(spi_nrfx_spim.c.obj)
 .text.nrf_gpio_cfg_input
                0x0000000000004104       0x40 zephyr/drivers/spi/libdrivers__spi.a(spi_nrfx_common.c.obj)
 .text.spi_nrfx_wake_init
                0x0000000000004144       0x60 zephyr/drivers/spi/libdrivers__spi.a(spi_nrfx_common.c.obj)
                0x0000000000004144                spi_nrfx_wake_init
 .text.compare_int_lock
                0x00000000000041a4       0x40 zephyr/drivers/timer/libdrivers__timer.a(nrf_rtc_timer.c.obj)
 .text.sys_clock_timeout_handler
                0x00000000000041e4       0x48 zephyr/drivers/timer/libdrivers__timer.a(nrf_rtc_timer.c.obj)
 .text.compare_int_unlock
                0x000000000000422c       0x4c zephyr/drivers/timer/libdrivers__timer.a(nrf_rtc_timer.c.obj)
 .text.z_nrf_rtc_timer_compare_evt_address_get
                0x0000000000004278       0x10 zephyr/drivers/timer/libdrivers__timer.a(nrf_rtc_timer.c.obj)
                0x0000000000004278                z_nrf_rtc_timer_compare_evt_address_get
 .text.z_nrf_rtc_timer_compare_read
                0x0000000000004288       0x10 zephyr/drivers/timer/libdrivers__timer.a(nrf_rtc_timer.c.obj)
                0x0000000000004288                z_nrf_rtc_timer_compare_read
 .text.z_nrf_rtc_timer_read
                0x0000000000004298       0x44 zephyr/drivers/timer/libdrivers__timer.a(nrf_rtc_timer.c.obj)
                0x0000000000004298                z_nrf_rtc_timer_read
 .text.compare_set
                0x00000000000042dc      0x124 zephyr/drivers/timer/libdrivers__timer.a(nrf_rtc_timer.c.obj)
 .text.sys_clock_driver_init
                0x0000000000004400       0xa4 zephyr/drivers/timer/libdrivers__timer.a(nrf_rtc_timer.c.obj)
 .text.rtc_nrf_isr
                0x00000000000044a4      0x100 zephyr/drivers/timer/libdrivers__timer.a(nrf_rtc_timer.c.obj)
                0x00000000000044a4                rtc_nrf_isr
 .text.z_nrf_rtc_timer_chan_alloc
                0x00000000000045a4       0x3c zephyr/drivers/timer/libdrivers__timer.a(nrf_rtc_timer.c.obj)
                0x00000000000045a4                z_nrf_rtc_timer_chan_alloc
 .text.z_nrf_rtc_timer_chan_free
                0x00000000000045e0       0x1c zephyr/drivers/timer/libdrivers__timer.a(nrf_rtc_timer.c.obj)
                0x00000000000045e0                z_nrf_rtc_timer_chan_free
 .text.sys_clock_set_timeout
                0x00000000000045fc       0x5c zephyr/drivers/timer/libdrivers__timer.a(nrf_rtc_timer.c.obj)
                0x00000000000045fc                sys_clock_set_timeout
 .text.sys_clock_elapsed
                0x0000000000004658       0x14 zephyr/drivers/timer/libdrivers__timer.a(nrf_rtc_timer.c.obj)
                0x0000000000004658                sys_clock_elapsed
 .text.nrf53_errata_42
                0x000000000000466c       0x24 modules/hal_nordic/nrfx/libmodules__hal_nordic__nrfx.a(system_nrf5340_application.c.obj)
 .text.SystemInit
                0x0000000000004690      0x218 modules/hal_nordic/nrfx/libmodules__hal_nordic__nrfx.a(system_nrf5340_application.c.obj)
                0x0000000000004690                SystemInit
 .text.nrfx_flag32_alloc
                0x00000000000048a8       0x40 modules/hal_nordic/nrfx/libmodules__hal_nordic__nrfx.a(nrfx_flag32_allocator.c.obj)
                0x00000000000048a8                nrfx_flag32_alloc
 .text.nrfx_flag32_free
                0x00000000000048e8       0x38 modules/hal_nordic/nrfx/libmodules__hal_nordic__nrfx.a(nrfx_flag32_allocator.c.obj)
                0x00000000000048e8                nrfx_flag32_free
 .text.nrfx_gppi_channels_enable
                0x0000000000004920        0xc modules/hal_nordic/nrfx/libmodules__hal_nordic__nrfx.a(nrfx_gppi_dppi.c.obj)
                0x0000000000004920                nrfx_gppi_channels_enable
 .text.nrfx_gppi_channels_disable
                0x000000000000492c        0xc modules/hal_nordic/nrfx/libmodules__hal_nordic__nrfx.a(nrfx_gppi_dppi.c.obj)
                0x000000000000492c                nrfx_gppi_channels_disable
 .text.nrfx_clock_init
                0x0000000000004938       0x20 modules/hal_nordic/nrfx/libmodules__hal_nordic__nrfx.a(nrfx_clock.c.obj)
                0x0000000000004938                nrfx_clock_init
 .text.nrfx_clock_enable
                0x0000000000004958       0x30 modules/hal_nordic/nrfx/libmodules__hal_nordic__nrfx.a(nrfx_clock.c.obj)
                0x0000000000004958                nrfx_clock_enable
 .text.nrfx_clock_start
                0x0000000000004988       0xd0 modules/hal_nordic/nrfx/libmodules__hal_nordic__nrfx.a(nrfx_clock.c.obj)
                0x0000000000004988                nrfx_clock_start
 .text.nrfx_power_clock_irq_handler
                0x0000000000004a58       0xb0 modules/hal_nordic/nrfx/libmodules__hal_nordic__nrfx.a(nrfx_clock.c.obj)
                0x0000000000004a58                nrfx_power_clock_irq_handler
 .text.nrfx_dppi_channel_alloc
                0x0000000000004b08        0xc modules/hal_nordic/nrfx/libmodules__hal_nordic__nrfx.a(nrfx_dppi.c.obj)
                0x0000000000004b08                nrfx_dppi_channel_alloc
 .text.nrfx_dppi_channel_free
                0x0000000000004b14       0x1c modules/hal_nordic/nrfx/libmodules__hal_nordic__nrfx.a(nrfx_dppi.c.obj)
                0x0000000000004b14                nrfx_dppi_channel_free
 .text.nrf_gpio_pin_port_decode
                0x0000000000004b30       0x24 modules/hal_nordic/nrfx/libmodules__hal_nordic__nrfx.a(nrfx_gpiote.c.obj)
 .text.get_pin_idx
                0x0000000000004b54       0x14 modules/hal_nordic/nrfx/libmodules__hal_nordic__nrfx.a(nrfx_gpiote.c.obj)
 .text.call_handler.constprop.0
                0x0000000000004b68       0x40 modules/hal_nordic/nrfx/libmodules__hal_nordic__nrfx.a(nrfx_gpiote.c.obj)
 .text.pin_te_get.constprop.0
                0x0000000000004ba8       0x18 modules/hal_nordic/nrfx/libmodules__hal_nordic__nrfx.a(nrfx_gpiote.c.obj)
 .text.pin_is_output.constprop.0
                0x0000000000004bc0       0x18 modules/hal_nordic/nrfx/libmodules__hal_nordic__nrfx.a(nrfx_gpiote.c.obj)
 .text.pin_in_use_by_te.constprop.0
                0x0000000000004bd8       0x18 modules/hal_nordic/nrfx/libmodules__hal_nordic__nrfx.a(nrfx_gpiote.c.obj)
 .text.latch_pending_read_and_check
                0x0000000000004bf0       0x3c modules/hal_nordic/nrfx/libmodules__hal_nordic__nrfx.a(nrfx_gpiote.c.obj)
 .text.release_handler.isra.0
                0x0000000000004c2c       0x58 modules/hal_nordic/nrfx/libmodules__hal_nordic__nrfx.a(nrfx_gpiote.c.obj)
 .text.__nrfy_internal_gpiote_events_process.constprop.0
                0x0000000000004c84       0x5c modules/hal_nordic/nrfx/libmodules__hal_nordic__nrfx.a(nrfx_gpiote.c.obj)
 .text.pin_uninit
                0x0000000000004ce0       0x84 modules/hal_nordic/nrfx/libmodules__hal_nordic__nrfx.a(nrfx_gpiote.c.obj)
 .text.nrfx_gpiote_input_configure
                0x0000000000004d64      0x178 modules/hal_nordic/nrfx/libmodules__hal_nordic__nrfx.a(nrfx_gpiote.c.obj)
                0x0000000000004d64                nrfx_gpiote_input_configure
 .text.nrfx_gpiote_output_configure
                0x0000000000004edc      0x104 modules/hal_nordic/nrfx/libmodules__hal_nordic__nrfx.a(nrfx_gpiote.c.obj)
                0x0000000000004edc                nrfx_gpiote_output_configure
 .text.nrfx_gpiote_global_callback_set
                0x0000000000004fe0        0xc modules/hal_nordic/nrfx/libmodules__hal_nordic__nrfx.a(nrfx_gpiote.c.obj)
                0x0000000000004fe0                nrfx_gpiote_global_callback_set
 .text.nrfx_gpiote_channel_get
                0x0000000000004fec       0x34 modules/hal_nordic/nrfx/libmodules__hal_nordic__nrfx.a(nrfx_gpiote.c.obj)
                0x0000000000004fec                nrfx_gpiote_channel_get
 .text.nrfx_gpiote_init
                0x0000000000005020       0x6c modules/hal_nordic/nrfx/libmodules__hal_nordic__nrfx.a(nrfx_gpiote.c.obj)
                0x0000000000005020                nrfx_gpiote_init
 .text.nrfx_gpiote_init_check
                0x000000000000508c       0x14 modules/hal_nordic/nrfx/libmodules__hal_nordic__nrfx.a(nrfx_gpiote.c.obj)
                0x000000000000508c                nrfx_gpiote_init_check
 .text.nrfx_gpiote_channel_free
                0x00000000000050a0        0xc modules/hal_nordic/nrfx/libmodules__hal_nordic__nrfx.a(nrfx_gpiote.c.obj)
                0x00000000000050a0                nrfx_gpiote_channel_free
 .text.nrfx_gpiote_channel_alloc
                0x00000000000050ac        0xc modules/hal_nordic/nrfx/libmodules__hal_nordic__nrfx.a(nrfx_gpiote.c.obj)
                0x00000000000050ac                nrfx_gpiote_channel_alloc
 .text.nrfx_gpiote_trigger_enable
                0x00000000000050b8       0x98 modules/hal_nordic/nrfx/libmodules__hal_nordic__nrfx.a(nrfx_gpiote.c.obj)
                0x00000000000050b8                nrfx_gpiote_trigger_enable
 .text.nrfx_gpiote_0_irq_handler
                0x0000000000005150      0x1b8 modules/hal_nordic/nrfx/libmodules__hal_nordic__nrfx.a(nrfx_gpiote.c.obj)
                0x0000000000005150                nrfx_gpiote_0_irq_handler
 .text.nrfx_ipc_init
                0x0000000000005308       0x30 modules/hal_nordic/nrfx/libmodules__hal_nordic__nrfx.a(nrfx_ipc.c.obj)
                0x0000000000005308                nrfx_ipc_init
 .text.nrfx_ipc_config_load
                0x0000000000005338       0x40 modules/hal_nordic/nrfx/libmodules__hal_nordic__nrfx.a(nrfx_ipc.c.obj)
                0x0000000000005338                nrfx_ipc_config_load
 .text.nrfx_ipc_receive_event_enable
                0x0000000000005378       0x10 modules/hal_nordic/nrfx/libmodules__hal_nordic__nrfx.a(nrfx_ipc.c.obj)
                0x0000000000005378                nrfx_ipc_receive_event_enable
 .text.nrfx_ipc_receive_event_disable
                0x0000000000005388       0x10 modules/hal_nordic/nrfx/libmodules__hal_nordic__nrfx.a(nrfx_ipc.c.obj)
                0x0000000000005388                nrfx_ipc_receive_event_disable
 .text.nrfx_ipc_irq_handler
                0x0000000000005398       0x40 modules/hal_nordic/nrfx/libmodules__hal_nordic__nrfx.a(nrfx_ipc.c.obj)
                0x0000000000005398                nrfx_ipc_irq_handler
 .text.nrf_gpio_pin_port_decode
                0x00000000000053d8       0x24 modules/hal_nordic/nrfx/libmodules__hal_nordic__nrfx.a(nrfx_spim.c.obj)
 .text.spim_configuration_verify
                0x00000000000053fc       0xf8 modules/hal_nordic/nrfx/libmodules__hal_nordic__nrfx.a(nrfx_spim.c.obj)
 .text.pin_init
                0x00000000000054f4       0x50 modules/hal_nordic/nrfx/libmodules__hal_nordic__nrfx.a(nrfx_spim.c.obj)
 .text.spim_configure
                0x0000000000005544      0x25c modules/hal_nordic/nrfx/libmodules__hal_nordic__nrfx.a(nrfx_spim.c.obj)
 .text.spim_pin_uninit
                0x00000000000057a0       0x30 modules/hal_nordic/nrfx/libmodules__hal_nordic__nrfx.a(nrfx_spim.c.obj)
 .text.nrfx_spim_init
                0x00000000000057d0       0x68 modules/hal_nordic/nrfx/libmodules__hal_nordic__nrfx.a(nrfx_spim.c.obj)
                0x00000000000057d0                nrfx_spim_init
 .text.nrfx_spim_uninit
                0x0000000000005838       0x90 modules/hal_nordic/nrfx/libmodules__hal_nordic__nrfx.a(nrfx_spim.c.obj)
                0x0000000000005838                nrfx_spim_uninit
 .text.nrfx_spim_xfer
                0x00000000000058c8      0x164 modules/hal_nordic/nrfx/libmodules__hal_nordic__nrfx.a(nrfx_spim.c.obj)
                0x00000000000058c8                nrfx_spim_xfer
 .text.nrfx_spim_1_irq_handler
                0x0000000000005a2c       0x10 modules/hal_nordic/nrfx/libmodules__hal_nordic__nrfx.a(nrfx_spim.c.obj)
                0x0000000000005a2c                nrfx_spim_1_irq_handler
 .text.nrfx_spim_4_irq_handler
                0x0000000000005a3c       0x10 modules/hal_nordic/nrfx/libmodules__hal_nordic__nrfx.a(nrfx_spim.c.obj)
                0x0000000000005a3c                nrfx_spim_4_irq_handler
 .text.k_sys_fatal_error_handler
                0x0000000000005a4c       0x20 zephyr/kernel/libkernel.a(fatal.c.obj)
                0x0000000000005a4c                k_sys_fatal_error_handler
 .text.z_fatal_error
                0x0000000000005a6c       0xec zephyr/kernel/libkernel.a(fatal.c.obj)
                0x0000000000005a6c                z_fatal_error
 .text.z_sys_init_run_level
                0x0000000000005b58       0x48 zephyr/kernel/libkernel.a(init.c.obj)
 .text.bg_thread_main
                0x0000000000005ba0       0x34 zephyr/kernel/libkernel.a(init.c.obj)
 .text.z_bss_zero
                0x0000000000005bd4       0x18 zephyr/kernel/libkernel.a(init.c.obj)
                0x0000000000005bd4                z_bss_zero
 .text.z_init_cpu
                0x0000000000005bec       0x7c zephyr/kernel/libkernel.a(init.c.obj)
                0x0000000000005bec                z_init_cpu
 .text.z_cstart
                0x0000000000005c68       0xe0 zephyr/kernel/libkernel.a(init.c.obj)
                0x0000000000005c68                z_cstart
 .text.init_mem_slab_obj_core_list
                0x0000000000005d48       0x24 zephyr/kernel/libkernel.a(mem_slab.c.obj)
 .text.k_mem_slab_alloc
                0x0000000000005d6c       0x5c zephyr/kernel/libkernel.a(mem_slab.c.obj)
                0x0000000000005d6c                k_mem_slab_alloc
 .text.z_setup_new_thread
                0x0000000000005dc8       0x7c zephyr/kernel/libkernel.a(thread.c.obj)
                0x0000000000005dc8                z_setup_new_thread
 .text.z_impl_k_thread_create
                0x0000000000005e44       0x58 zephyr/kernel/libkernel.a(thread.c.obj)
                0x0000000000005e44                z_impl_k_thread_create
 .text.z_init_static_threads
                0x0000000000005e9c       0x98 zephyr/kernel/libkernel.a(thread.c.obj)
                0x0000000000005e9c                z_init_static_threads
 .text.z_impl_k_mutex_unlock
                0x0000000000005f34       0x78 zephyr/kernel/libkernel.a(mutex.c.obj)
                0x0000000000005f34                z_impl_k_mutex_unlock
 .text.z_impl_k_mutex_lock
                0x0000000000005fac       0xf4 zephyr/kernel/libkernel.a(mutex.c.obj)
                0x0000000000005fac                z_impl_k_mutex_lock
 .text.z_impl_k_sem_give
                0x00000000000060a0       0x48 zephyr/kernel/libkernel.a(sem.c.obj)
                0x00000000000060a0                z_impl_k_sem_give
 .text.z_impl_k_sem_take
                0x00000000000060e8       0x50 zephyr/kernel/libkernel.a(sem.c.obj)
                0x00000000000060e8                z_impl_k_sem_take
 .text.z_impl_k_sem_reset
                0x0000000000006138       0x3c zephyr/kernel/libkernel.a(sem.c.obj)
                0x0000000000006138                z_impl_k_sem_reset
 .text.sliceable
                0x0000000000006174       0x3c zephyr/kernel/libkernel.a(sched.c.obj)
 .text.slice_timeout
                0x00000000000061b0       0x20 zephyr/kernel/libkernel.a(sched.c.obj)
 .text.z_reset_time_slice
                0x00000000000061d0       0x50 zephyr/kernel/libkernel.a(sched.c.obj)
                0x00000000000061d0                z_reset_time_slice
 .text.update_cache
                0x0000000000006220       0x3c zephyr/kernel/libkernel.a(sched.c.obj)
 .text.move_thread_to_end_of_prio_q
                0x000000000000625c       0x74 zephyr/kernel/libkernel.a(sched.c.obj)
 .text.ready_thread
                0x00000000000062d0       0x68 zephyr/kernel/libkernel.a(sched.c.obj)
 .text.unready_thread
                0x0000000000006338       0x30 zephyr/kernel/libkernel.a(sched.c.obj)
 .text.pend_locked
                0x0000000000006368       0x30 zephyr/kernel/libkernel.a(sched.c.obj)
 .text.z_thread_halt
                0x0000000000006398       0xa0 zephyr/kernel/libkernel.a(sched.c.obj)
 .text.z_time_slice
                0x0000000000006438       0x60 zephyr/kernel/libkernel.a(sched.c.obj)
                0x0000000000006438                z_time_slice
 .text.z_pend_curr
                0x0000000000006498       0x3c zephyr/kernel/libkernel.a(sched.c.obj)
                0x0000000000006498                z_pend_curr
 .text.z_set_prio
                0x00000000000064d4       0x8c zephyr/kernel/libkernel.a(sched.c.obj)
                0x00000000000064d4                z_set_prio
 .text.z_reschedule
                0x0000000000006560       0x24 zephyr/kernel/libkernel.a(sched.c.obj)
                0x0000000000006560                z_reschedule
 .text.z_sched_start
                0x0000000000006584       0x3c zephyr/kernel/libkernel.a(sched.c.obj)
                0x0000000000006584                z_sched_start
 .text.k_sched_lock
                0x00000000000065c0       0x28 zephyr/kernel/libkernel.a(sched.c.obj)
                0x00000000000065c0                k_sched_lock
 .text.k_sched_unlock
                0x00000000000065e8       0x38 zephyr/kernel/libkernel.a(sched.c.obj)
                0x00000000000065e8                k_sched_unlock
 .text.z_sched_init
                0x0000000000006620       0x10 zephyr/kernel/libkernel.a(sched.c.obj)
                0x0000000000006620                z_sched_init
 .text.z_impl_k_yield
                0x0000000000006630       0x7c zephyr/kernel/libkernel.a(sched.c.obj)
                0x0000000000006630                z_impl_k_yield
 .text.z_tick_sleep
                0x00000000000066ac       0x88 zephyr/kernel/libkernel.a(sched.c.obj)
 .text.z_impl_k_sleep
                0x0000000000006734       0x34 zephyr/kernel/libkernel.a(sched.c.obj)
                0x0000000000006734                z_impl_k_sleep
 .text.z_impl_k_sched_current_thread_query
                0x0000000000006768        0xc zephyr/kernel/libkernel.a(sched.c.obj)
                0x0000000000006768                z_impl_k_sched_current_thread_query
 .text.z_data_copy
                0x0000000000006774       0x34 zephyr/kernel/libkernel.a(xip.c.obj)
                0x0000000000006774                z_data_copy
 .text.elapsed  0x00000000000067a8       0x14 zephyr/kernel/libkernel.a(timeout.c.obj)
 .text.next_timeout
                0x00000000000067bc       0x40 zephyr/kernel/libkernel.a(timeout.c.obj)
 .text.remove_timeout
                0x00000000000067fc       0x38 zephyr/kernel/libkernel.a(timeout.c.obj)
 .text.z_add_timeout
                0x0000000000006834       0xec zephyr/kernel/libkernel.a(timeout.c.obj)
                0x0000000000006834                z_add_timeout
 .text.sys_clock_announce
                0x0000000000006920       0xd4 zephyr/kernel/libkernel.a(timeout.c.obj)
                0x0000000000006920                sys_clock_announce
 .text.sys_clock_tick_get
                0x00000000000069f4       0x34 zephyr/kernel/libkernel.a(timeout.c.obj)
                0x00000000000069f4                sys_clock_tick_get
 .text.z_timer_expiration_handler
                0x0000000000006a28       0xe4 zephyr/kernel/libkernel.a(timer.c.obj)
                0x0000000000006a28                z_timer_expiration_handler
 .text.z_impl_k_timer_start
                0x0000000000006b0c       0x74 zephyr/kernel/libkernel.a(timer.c.obj)
                0x0000000000006b0c                z_impl_k_timer_start
 .text.boot_banner
                0x0000000000006b80        0xc zephyr/kernel/libkernel.a(banner.c.obj)
                0x0000000000006b80                boot_banner
 .text.nrf_cc3xx_platform_init_no_rng
                0x0000000000006b8c       0x38 /opt/nordic/ncs/v2.6.0/nrfxlib/crypto/nrf_cc312_platform/lib/cortex-m33/soft-float/no-interrupts/libnrf_cc312_platform_0.9.19.a(nrf_cc3xx_platform.c.obj)
                0x0000000000006b8c                nrf_cc3xx_platform_init_no_rng
 .text.nrf_cc3xx_platform_abort
                0x0000000000006bc4       0x24 /opt/nordic/ncs/v2.6.0/nrfxlib/crypto/nrf_cc312_platform/lib/cortex-m33/soft-float/no-interrupts/libnrf_cc312_platform_0.9.19.a(nrf_cc3xx_platform_abort.c.obj)
 .text.CC_PalAbort
                0x0000000000006be8       0x44 /opt/nordic/ncs/v2.6.0/nrfxlib/crypto/nrf_cc312_platform/lib/cortex-m33/soft-float/no-interrupts/libnrf_cc312_platform_0.9.19.a(nrf_cc3xx_platform_abort.c.obj)
                0x0000000000006be8                CC_PalAbort
 .text.nrf_cc3xx_platform_set_abort
                0x0000000000006c2c       0x10 /opt/nordic/ncs/v2.6.0/nrfxlib/crypto/nrf_cc312_platform/lib/cortex-m33/soft-float/no-interrupts/libnrf_cc312_platform_0.9.19.a(nrf_cc3xx_platform_abort.c.obj)
                0x0000000000006c2c                nrf_cc3xx_platform_set_abort
 .text.mutex_free
                0x0000000000006c3c       0x34 /opt/nordic/ncs/v2.6.0/nrfxlib/crypto/nrf_cc312_platform/lib/cortex-m33/soft-float/no-interrupts/libnrf_cc312_platform_0.9.19.a(nrf_cc3xx_platform_mutex.c.obj)
 .text.mutex_lock
                0x0000000000006c70       0x48 /opt/nordic/ncs/v2.6.0/nrfxlib/crypto/nrf_cc312_platform/lib/cortex-m33/soft-float/no-interrupts/libnrf_cc312_platform_0.9.19.a(nrf_cc3xx_platform_mutex.c.obj)
 .text.mutex_unlock
                0x0000000000006cb8       0x38 /opt/nordic/ncs/v2.6.0/nrfxlib/crypto/nrf_cc312_platform/lib/cortex-m33/soft-float/no-interrupts/libnrf_cc312_platform_0.9.19.a(nrf_cc3xx_platform_mutex.c.obj)
 .text.mutex_init
                0x0000000000006cf0       0x20 /opt/nordic/ncs/v2.6.0/nrfxlib/crypto/nrf_cc312_platform/lib/cortex-m33/soft-float/no-interrupts/libnrf_cc312_platform_0.9.19.a(nrf_cc3xx_platform_mutex.c.obj)
 .text.nrf_cc3xx_platform_set_mutexes
                0x0000000000006d10       0x78 /opt/nordic/ncs/v2.6.0/nrfxlib/crypto/nrf_cc312_platform/lib/cortex-m33/soft-float/no-interrupts/libnrf_cc312_platform_0.9.19.a(nrf_cc3xx_platform_mutex.c.obj)
                0x0000000000006d10                nrf_cc3xx_platform_set_mutexes
 .text.CC_LibInitNoRng
                0x0000000000006d88       0x28 /opt/nordic/ncs/v2.6.0/nrfxlib/crypto/nrf_cc312_platform/lib/cortex-m33/soft-float/no-interrupts/libnrf_cc312_platform_0.9.19.a(cc_lib.c.obj)
                0x0000000000006d88                CC_LibInitNoRng
 .text.CC_HalInit
                0x0000000000006db0        0x4 /opt/nordic/ncs/v2.6.0/nrfxlib/crypto/nrf_cc312_platform/lib/cortex-m33/soft-float/no-interrupts/libnrf_cc312_platform_0.9.19.a(cc_hal.c.obj)
                0x0000000000006db0                CC_HalInit
 .text.CC_PalInit
                0x0000000000006db4       0x5c /opt/nordic/ncs/v2.6.0/nrfxlib/crypto/nrf_cc312_platform/lib/cortex-m33/soft-float/no-interrupts/libnrf_cc312_platform_0.9.19.a(cc_pal.c.obj)
                0x0000000000006db4                CC_PalInit
 .text.CC_PalTerminate
                0x0000000000006e10       0x34 /opt/nordic/ncs/v2.6.0/nrfxlib/crypto/nrf_cc312_platform/lib/cortex-m33/soft-float/no-interrupts/libnrf_cc312_platform_0.9.19.a(cc_pal.c.obj)
                0x0000000000006e10                CC_PalTerminate
 .text.CC_PalDmaInit
                0x0000000000006e44        0x4 /opt/nordic/ncs/v2.6.0/nrfxlib/crypto/nrf_cc312_platform/lib/cortex-m33/soft-float/no-interrupts/libnrf_cc312_platform_0.9.19.a(cc_pal_dma.c.obj)
                0x0000000000006e44                CC_PalDmaInit
 .text.CC_PalDmaTerminate
                0x0000000000006e48        0x4 /opt/nordic/ncs/v2.6.0/nrfxlib/crypto/nrf_cc312_platform/lib/cortex-m33/soft-float/no-interrupts/libnrf_cc312_platform_0.9.19.a(cc_pal_dma.c.obj)
                0x0000000000006e48                CC_PalDmaTerminate
 .text.CC_PalMutexCreate
                0x0000000000006e4c       0x14 /opt/nordic/ncs/v2.6.0/nrfxlib/crypto/nrf_cc312_platform/lib/cortex-m33/soft-float/no-interrupts/libnrf_cc312_platform_0.9.19.a(cc_pal_mutex.c.obj)
                0x0000000000006e4c                CC_PalMutexCreate
 .text.CC_PalMutexDestroy
                0x0000000000006e60       0x14 /opt/nordic/ncs/v2.6.0/nrfxlib/crypto/nrf_cc312_platform/lib/cortex-m33/soft-float/no-interrupts/libnrf_cc312_platform_0.9.19.a(cc_pal_mutex.c.obj)
                0x0000000000006e60                CC_PalMutexDestroy
 .text.CC_PalPowerSaveModeInit
                0x0000000000006e74       0x3c /opt/nordic/ncs/v2.6.0/nrfxlib/crypto/nrf_cc312_platform/lib/cortex-m33/soft-float/no-interrupts/libnrf_cc312_platform_0.9.19.a(cc_pal_pm.c.obj)
                0x0000000000006e74                CC_PalPowerSaveModeInit
 .text.snprintf
                0x0000000000006eb0       0x58 /opt/nordic/ncs/toolchains/580e4ef81c/opt/zephyr-sdk/arm-zephyr-eabi/bin/../lib/gcc/../../picolibc/arm-zephyr-eabi/lib/thumb/v8-m.main/nofp/libc.a(libc_tinystdio_snprintf.c.o)
                0x0000000000006eb0                snprintf
 .text.skip_to_arg
                0x0000000000006f08      0x134 /opt/nordic/ncs/toolchains/580e4ef81c/opt/zephyr-sdk/arm-zephyr-eabi/bin/../lib/gcc/../../picolibc/arm-zephyr-eabi/lib/thumb/v8-m.main/nofp/libc.a(libc_tinystdio_vfprintf.c.o)
 .text.vfprintf
                0x000000000000703c      0x9e4 /opt/nordic/ncs/toolchains/580e4ef81c/opt/zephyr-sdk/arm-zephyr-eabi/bin/../lib/gcc/../../picolibc/arm-zephyr-eabi/lib/thumb/v8-m.main/nofp/libc.a(libc_tinystdio_vfprintf.c.o)
                0x000000000000703c                __d_vfprintf
 .text.div10    0x0000000000007a20       0x28 /opt/nordic/ncs/toolchains/580e4ef81c/opt/zephyr-sdk/arm-zephyr-eabi/bin/../lib/gcc/../../picolibc/arm-zephyr-eabi/lib/thumb/v8-m.main/nofp/libc.a(libc_tinystdio_dtoa_ryu.c.o)
 .text.__dtoa_engine
                0x0000000000007a48      0x4a0 /opt/nordic/ncs/toolchains/580e4ef81c/opt/zephyr-sdk/arm-zephyr-eabi/bin/../lib/gcc/../../picolibc/arm-zephyr-eabi/lib/thumb/v8-m.main/nofp/libc.a(libc_tinystdio_dtoa_ryu.c.o)
                0x0000000000007a48                __dtoa_engine
 .text.__log10Pow2
                0x0000000000007ee8        0xc /opt/nordic/ncs/toolchains/580e4ef81c/opt/zephyr-sdk/arm-zephyr-eabi/bin/../lib/gcc/../../picolibc/arm-zephyr-eabi/lib/thumb/v8-m.main/nofp/libc.a(libc_tinystdio_ryu_log10.c.o)
                0x0000000000007ee8                __log10Pow2
 .text.__log10Pow5
                0x0000000000007ef4        0xc /opt/nordic/ncs/toolchains/580e4ef81c/opt/zephyr-sdk/arm-zephyr-eabi/bin/../lib/gcc/../../picolibc/arm-zephyr-eabi/lib/thumb/v8-m.main/nofp/libc.a(libc_tinystdio_ryu_log10.c.o)
                0x0000000000007ef4                __log10Pow5
 .text.__pow5bits
                0x0000000000007f00       0x10 /opt/nordic/ncs/toolchains/580e4ef81c/opt/zephyr-sdk/arm-zephyr-eabi/bin/../lib/gcc/../../picolibc/arm-zephyr-eabi/lib/thumb/v8-m.main/nofp/libc.a(libc_tinystdio_ryu_pow5bits.c.o)
                0x0000000000007f00                __pow5bits
 .text.__pow5Factor
                0x0000000000007f10       0x30 /opt/nordic/ncs/toolchains/580e4ef81c/opt/zephyr-sdk/arm-zephyr-eabi/bin/../lib/gcc/../../picolibc/arm-zephyr-eabi/lib/thumb/v8-m.main/nofp/libc.a(libc_tinystdio_ryu_table.c.o)
                0x0000000000007f10                __pow5Factor
 .text.__double_computePow5
                0x0000000000007f40       0xe4 /opt/nordic/ncs/toolchains/580e4ef81c/opt/zephyr-sdk/arm-zephyr-eabi/bin/../lib/gcc/../../picolibc/arm-zephyr-eabi/lib/thumb/v8-m.main/nofp/libc.a(libc_tinystdio_ryu_table.c.o)
                0x0000000000007f40                __double_computePow5
 .text.__double_computeInvPow5
                0x0000000000008024       0xf8 /opt/nordic/ncs/toolchains/580e4ef81c/opt/zephyr-sdk/arm-zephyr-eabi/bin/../lib/gcc/../../picolibc/arm-zephyr-eabi/lib/thumb/v8-m.main/nofp/libc.a(libc_tinystdio_ryu_table.c.o)
                0x0000000000008024                __double_computeInvPow5
 .text._OffsetAbsSyms
                0x000000000000811c        0x2 zephyr/CMakeFiles/offsets.dir/./arch/arm/core/offsets/offsets.c.obj
                0x000000000000811c                _OffsetAbsSyms
 .text.cbpprintf_external
                0x000000000000811e       0x62 zephyr/libzephyr.a(cbprintf_packaged.c.obj)
                0x000000000000811e                cbpprintf_external
 .text.is_ptr   0x0000000000008180       0x4a zephyr/libzephyr.a(cbprintf_packaged.c.obj)
                0x0000000000008180                is_ptr
 .text.arch_printk_char_out
                0x00000000000081ca        0x4 zephyr/libzephyr.a(printk.c.obj)
                0x00000000000081ca                arch_printk_char_out
 .text.printk   0x00000000000081ce       0x1a zephyr/libzephyr.a(printk.c.obj)
                0x00000000000081ce                printk
 .text.chunk_field
                0x00000000000081e8       0x16 zephyr/libzephyr.a(heap.c.obj)
 .text.chunk_set
                0x00000000000081fe       0x16 zephyr/libzephyr.a(heap.c.obj)
 .text.chunk_size
                0x0000000000008214        0xc zephyr/libzephyr.a(heap.c.obj)
 .text.set_chunk_used
                0x0000000000008220       0x30 zephyr/libzephyr.a(heap.c.obj)
 .text.set_chunk_size
                0x0000000000008250        0x8 zephyr/libzephyr.a(heap.c.obj)
 .text.bucket_idx.isra.0
                0x0000000000008258       0x1c zephyr/libzephyr.a(heap.c.obj)
 .text.free_list_add
                0x0000000000008274       0x84 zephyr/libzephyr.a(heap.c.obj)
 .text.sys_heap_init
                0x00000000000082f8       0xb0 zephyr/libzephyr.a(heap.c.obj)
                0x00000000000082f8                sys_heap_init
 .text.process_recheck
                0x00000000000083a8       0x38 zephyr/libzephyr.a(onoff.c.obj)
 .text.validate_args
                0x00000000000083e0       0x20 zephyr/libzephyr.a(onoff.c.obj)
 .text.notify_one
                0x0000000000008400       0x2c zephyr/libzephyr.a(onoff.c.obj)
 .text.transition_complete
                0x000000000000842c       0x1c zephyr/libzephyr.a(onoff.c.obj)
 .text.onoff_manager_init
                0x0000000000008448       0x26 zephyr/libzephyr.a(onoff.c.obj)
                0x0000000000008448                onoff_manager_init
 .text.onoff_request
                0x000000000000846e       0xb0 zephyr/libzephyr.a(onoff.c.obj)
                0x000000000000846e                onoff_request
 .text.sys_notify_validate
                0x000000000000851e       0x22 zephyr/libzephyr.a(notify.c.obj)
                0x000000000000851e                sys_notify_validate
 .text.sys_notify_finalize
                0x0000000000008540       0x1a zephyr/libzephyr.a(notify.c.obj)
                0x0000000000008540                sys_notify_finalize
 .text.free_space
                0x000000000000855a       0x26 zephyr/libzephyr.a(mpsc_pbuf.c.obj)
 .text.get_usage
                0x0000000000008580       0x22 zephyr/libzephyr.a(mpsc_pbuf.c.obj)
 .text.idx_inc  0x00000000000085a2       0x1c zephyr/libzephyr.a(mpsc_pbuf.c.obj)
 .text.rd_idx_inc
                0x00000000000085be       0x18 zephyr/libzephyr.a(mpsc_pbuf.c.obj)
 .text.add_skip_item
                0x00000000000085d6       0x3e zephyr/libzephyr.a(mpsc_pbuf.c.obj)
 .text.drop_item_locked
                0x0000000000008614       0xee zephyr/libzephyr.a(mpsc_pbuf.c.obj)
 .text.post_drop_action
                0x0000000000008702       0x36 zephyr/libzephyr.a(mpsc_pbuf.c.obj)
 .text.max_utilization_update
                0x0000000000008738       0x1a zephyr/libzephyr.a(mpsc_pbuf.c.obj)
 .text.mpsc_pbuf_init
                0x0000000000008752       0x42 zephyr/libzephyr.a(mpsc_pbuf.c.obj)
                0x0000000000008752                mpsc_pbuf_init
 .text.mpsc_pbuf_alloc
                0x0000000000008794       0xfc zephyr/libzephyr.a(mpsc_pbuf.c.obj)
                0x0000000000008794                mpsc_pbuf_alloc
 .text.mpsc_pbuf_commit
                0x0000000000008890       0x40 zephyr/libzephyr.a(mpsc_pbuf.c.obj)
                0x0000000000008890                mpsc_pbuf_commit
 .text.mpsc_pbuf_claim
                0x00000000000088d0       0xa4 zephyr/libzephyr.a(mpsc_pbuf.c.obj)
                0x00000000000088d0                mpsc_pbuf_claim
 .text.mpsc_pbuf_free
                0x0000000000008974       0x78 zephyr/libzephyr.a(mpsc_pbuf.c.obj)
                0x0000000000008974                mpsc_pbuf_free
 .text.mpsc_pbuf_is_pending
                0x00000000000089ec       0x1a zephyr/libzephyr.a(mpsc_pbuf.c.obj)
                0x00000000000089ec                mpsc_pbuf_is_pending
 .text._ConfigAbsSyms
                0x0000000000008a06        0x2 zephyr/libzephyr.a(configs.c.obj)
                0x0000000000008a06                _ConfigAbsSyms
 .text.log_msg_generic_get_wlen
                0x0000000000008a08       0x20 zephyr/libzephyr.a(log_core.c.obj)
 .text.dummy_timestamp
                0x0000000000008a28        0x4 zephyr/libzephyr.a(log_core.c.obj)
 .text.default_get_timestamp
                0x0000000000008a2c        0x4 zephyr/libzephyr.a(log_core.c.obj)
 .text.atomic_inc
                0x0000000000008a30       0x12 zephyr/libzephyr.a(log_core.c.obj)
 .text.z_log_vprintk
                0x0000000000008a42       0x1c zephyr/libzephyr.a(log_core.c.obj)
                0x0000000000008a42                z_log_vprintk
 .text.z_log_notify_drop
                0x0000000000008a5e        0x6 zephyr/libzephyr.a(log_core.c.obj)
 .text.z_log_get_tag
                0x0000000000008a64        0x4 zephyr/libzephyr.a(log_core.c.obj)
                0x0000000000008a64                z_log_get_tag
 .text.z_cbprintf_cpy
                0x0000000000008a68       0x2c zephyr/libzephyr.a(log_msg.c.obj)
 .text.z_log_msg_finalize
                0x0000000000008a94       0x32 zephyr/libzephyr.a(log_msg.c.obj)
                0x0000000000008a94                z_log_msg_finalize
 .text.z_log_msg_simple_create
                0x0000000000008ac6       0x6e zephyr/libzephyr.a(log_msg.c.obj)
 .text.z_impl_z_log_msg_simple_create_0
                0x0000000000008b34       0x12 zephyr/libzephyr.a(log_msg.c.obj)
                0x0000000000008b34                z_impl_z_log_msg_simple_create_0
 .text.z_impl_z_log_msg_simple_create_1
                0x0000000000008b46       0x14 zephyr/libzephyr.a(log_msg.c.obj)
                0x0000000000008b46                z_impl_z_log_msg_simple_create_1
 .text.buffer_write
                0x0000000000008b5a       0x1a zephyr/libzephyr.a(log_output.c.obj)
 .text.log_output_flush
                0x0000000000008b74       0x1a zephyr/libzephyr.a(log_output.c.obj)
                0x0000000000008b74                log_output_flush
 .text.out_func
                0x0000000000008b8e       0x2e zephyr/libzephyr.a(log_output.c.obj)
 .text.cr_out_func
                0x0000000000008bbc       0x1c zephyr/libzephyr.a(log_output.c.obj)
 .text.format_set
                0x0000000000008bd8        0xc zephyr/libzephyr.a(log_backend_uart.c.obj)
 .text.log_backend_uart_init
                0x0000000000008be4        0xc zephyr/libzephyr.a(log_backend_uart.c.obj)
 .text.panic    0x0000000000008bf0       0x10 zephyr/libzephyr.a(log_backend_uart.c.obj)
 .text.dropped  0x0000000000008c00        0xa zephyr/libzephyr.a(log_backend_uart.c.obj)
 .text.process  0x0000000000008c0a       0x1e zephyr/libzephyr.a(log_backend_uart.c.obj)
 .text.abort_function
                0x0000000000008c28        0x2 zephyr/libzephyr.a(nrf_cc3xx_platform_abort_zephyr.c.obj)
 .text.z_do_kernel_oops
                0x0000000000008c2a        0x8 zephyr/arch/arch/arm/core/libarch__arm__core.a(fatal.c.obj)
                0x0000000000008c2a                z_do_kernel_oops
 .text.z_arm_nmi
                0x0000000000008c32        0xe zephyr/arch/arch/arm/core/libarch__arm__core.a(nmi.c.obj)
                0x0000000000008c32                z_arm_nmi
 .text.z_log_msg_simple_create_0.constprop.0
                0x0000000000008c40        0x8 zephyr/arch/arch/arm/core/cortex_m/libarch__arm__core__cortex_m.a(fault.c.obj)
 .text.z_irq_spurious
                0x0000000000008c48        0x8 zephyr/arch/arch/arm/core/cortex_m/libarch__arm__core__cortex_m.a(irq_manage.c.obj)
                0x0000000000008c48                z_irq_spurious
 .text.configure_builtin_stack_guard
                0x0000000000008c50        0x8 zephyr/arch/arch/arm/core/cortex_m/libarch__arm__core__cortex_m.a(thread.c.obj)
                0x0000000000008c50                configure_builtin_stack_guard
 .text.arm_cmse_mpu_region_get
                0x0000000000008c58       0x12 zephyr/arch/arch/arm/core/cortex_m/cmse/libarch__arm__core__cortex_m__cmse.a(arm_core_cmse.c.obj)
                0x0000000000008c58                arm_cmse_mpu_region_get
 .text.mpu_configure_region
                0x0000000000008c6a       0x32 zephyr/arch/arch/arm/core/mpu/libarch__arm__core__mpu.a(arm_mpu.c.obj)
 .text.cbputc   0x0000000000008c9c        0xc zephyr/lib/libc/picolibc/liblib__libc__picolibc.a(libc-hooks.c.obj)
 .text.picolibc_put
                0x0000000000008ca8        0xa zephyr/lib/libc/picolibc/liblib__libc__picolibc.a(libc-hooks.c.obj)
 .text.get_status
                0x0000000000008cb2       0x12 zephyr/drivers/clock_control/libdrivers__clock_control.a(clock_control_nrf.c.obj)
 .text.set_on_state
                0x0000000000008cc4       0x26 zephyr/drivers/clock_control/libdrivers__clock_control.a(clock_control_nrf.c.obj)
 .text.stop     0x0000000000008cea       0x52 zephyr/drivers/clock_control/libdrivers__clock_control.a(clock_control_nrf.c.obj)
 .text.api_stop
                0x0000000000008d3c        0x6 zephyr/drivers/clock_control/libdrivers__clock_control.a(clock_control_nrf.c.obj)
 .text.async_start
                0x0000000000008d42       0x5c zephyr/drivers/clock_control/libdrivers__clock_control.a(clock_control_nrf.c.obj)
 .text.api_start
                0x0000000000008d9e        0xe zephyr/drivers/clock_control/libdrivers__clock_control.a(clock_control_nrf.c.obj)
 .text.onoff_started_callback
                0x0000000000008dac       0x12 zephyr/drivers/clock_control/libdrivers__clock_control.a(clock_control_nrf.c.obj)
 .text.hfclkaudio_start
                0x0000000000008dbe        0x6 zephyr/drivers/clock_control/libdrivers__clock_control.a(clock_control_nrf.c.obj)
 .text.hfclk192m_start
                0x0000000000008dc4        0x6 zephyr/drivers/clock_control/libdrivers__clock_control.a(clock_control_nrf.c.obj)
 .text.lfclk_start
                0x0000000000008dca        0x6 zephyr/drivers/clock_control/libdrivers__clock_control.a(clock_control_nrf.c.obj)
 .text.hfclkaudio_stop
                0x0000000000008dd0        0x6 zephyr/drivers/clock_control/libdrivers__clock_control.a(clock_control_nrf.c.obj)
 .text.hfclk192m_stop
                0x0000000000008dd6        0x6 zephyr/drivers/clock_control/libdrivers__clock_control.a(clock_control_nrf.c.obj)
 .text.lfclk_stop
                0x0000000000008ddc        0x6 zephyr/drivers/clock_control/libdrivers__clock_control.a(clock_control_nrf.c.obj)
 .text.blocking_start_callback
                0x0000000000008de2        0x6 zephyr/drivers/clock_control/libdrivers__clock_control.a(clock_control_nrf.c.obj)
 .text.gpio_nrfx_port_get_raw
                0x0000000000008de8        0xc zephyr/drivers/gpio/libdrivers__gpio.a(gpio_nrfx.c.obj)
 .text.gpio_nrfx_port_set_masked_raw
                0x0000000000008df4       0x14 zephyr/drivers/gpio/libdrivers__gpio.a(gpio_nrfx.c.obj)
 .text.gpio_nrfx_port_set_bits_raw
                0x0000000000008e08        0xa zephyr/drivers/gpio/libdrivers__gpio.a(gpio_nrfx.c.obj)
 .text.gpio_nrfx_port_clear_bits_raw
                0x0000000000008e12        0xa zephyr/drivers/gpio/libdrivers__gpio.a(gpio_nrfx.c.obj)
 .text.gpio_nrfx_port_toggle_bits
                0x0000000000008e1c       0x14 zephyr/drivers/gpio/libdrivers__gpio.a(gpio_nrfx.c.obj)
 .text.gpio_nrfx_manage_callback
                0x0000000000008e30       0x52 zephyr/drivers/gpio/libdrivers__gpio.a(gpio_nrfx.c.obj)
 .text.mbox_nrf_register_callback
                0x0000000000008e82       0x1c zephyr/drivers/mbox/libdrivers__mbox.a(mbox_nrfx_ipc.c.obj)
 .text.mbox_nrf_mtu_get
                0x0000000000008e9e        0x4 zephyr/drivers/mbox/libdrivers__mbox.a(mbox_nrfx_ipc.c.obj)
 .text.mbox_nrf_max_channels_get
                0x0000000000008ea2        0x4 zephyr/drivers/mbox/libdrivers__mbox.a(mbox_nrfx_ipc.c.obj)
 .text.pinctrl_lookup_state
                0x0000000000008ea6       0x26 zephyr/drivers/pinctrl/libdrivers__pinctrl.a(common.c.obj)
                0x0000000000008ea6                pinctrl_lookup_state
 .text.regulator_npm1100_common_init
                0x0000000000008ecc       0x48 zephyr/drivers/regulator/libdrivers__regulator.a(regulator_npm1100.c.obj)
 .text.uarte_nrfx_err_check
                0x0000000000008f14        0xe zephyr/drivers/serial/libdrivers__serial.a(uart_nrfx_uarte.c.obj)
 .text.uarte_nrfx_poll_in
                0x0000000000008f22       0x28 zephyr/drivers/serial/libdrivers__serial.a(uart_nrfx_uarte.c.obj)
 .text.is_tx_ready.isra.0
                0x0000000000008f4a       0x20 zephyr/drivers/serial/libdrivers__serial.a(uart_nrfx_uarte.c.obj)
 .text.uarte_nrfx_isr_int
                0x0000000000008f6a       0x72 zephyr/drivers/serial/libdrivers__serial.a(uart_nrfx_uarte.c.obj)
 .text.z_log_msg_simple_create_0
                0x0000000000008fdc        0x4 zephyr/drivers/spi/libdrivers__spi.a(spi_nrfx_spim.c.obj)
 .text.irq_connect1
                0x0000000000008fe0        0xa zephyr/drivers/spi/libdrivers__spi.a(spi_nrfx_spim.c.obj)
 .text.irq_connect4
                0x0000000000008fea        0xa zephyr/drivers/spi/libdrivers__spi.a(spi_nrfx_spim.c.obj)
 .text.spi_context_get_next_buf.constprop.0
                0x0000000000008ff4       0x26 zephyr/drivers/spi/libdrivers__spi.a(spi_nrfx_spim.c.obj)
 .text.gpio_pin_set_dt.isra.0
                0x000000000000901a       0x28 zephyr/drivers/spi/libdrivers__spi.a(spi_nrfx_spim.c.obj)
 .text.spi_context_unlock_unconditionally
                0x0000000000009042       0x30 zephyr/drivers/spi/libdrivers__spi.a(spi_nrfx_spim.c.obj)
 .text.spi_nrfx_release
                0x0000000000009072       0x24 zephyr/drivers/spi/libdrivers__spi.a(spi_nrfx_spim.c.obj)
 .text.spi_nrfx_wake_request
                0x0000000000009096       0x50 zephyr/drivers/spi/libdrivers__spi.a(spi_nrfx_common.c.obj)
                0x0000000000009096                spi_nrfx_wake_request
 .text.event_clear
                0x00000000000090e6       0x18 zephyr/drivers/timer/libdrivers__timer.a(nrf_rtc_timer.c.obj)
 .text.z_nrf_rtc_timer_capture_task_address_get
                0x00000000000090fe       0x12 zephyr/drivers/timer/libdrivers__timer.a(nrf_rtc_timer.c.obj)
                0x00000000000090fe                z_nrf_rtc_timer_capture_task_address_get
 .text.z_nrf_rtc_timer_set
                0x0000000000009110       0x18 zephyr/drivers/timer/libdrivers__timer.a(nrf_rtc_timer.c.obj)
                0x0000000000009110                z_nrf_rtc_timer_set
 .text.sys_clock_cycle_get_32
                0x0000000000009128        0x8 zephyr/drivers/timer/libdrivers__timer.a(nrf_rtc_timer.c.obj)
                0x0000000000009128                sys_clock_cycle_get_32
 .text.hw_cc3xx_init_internal
                0x0000000000009130        0x4 modules/nrf/drivers/hw_cc3xx/lib..__nrf__drivers__hw_cc3xx.a(hw_cc3xx.c.obj)
 .text.hw_cc3xx_init
                0x0000000000009134       0x12 modules/nrf/drivers/hw_cc3xx/lib..__nrf__drivers__hw_cc3xx.a(hw_cc3xx.c.obj)
 .text.nrfx_isr
                0x0000000000009146        0x2 modules/hal_nordic/nrfx/libmodules__hal_nordic__nrfx.a(nrfx_glue.c.obj)
                0x0000000000009146                nrfx_isr
 .text.nrfx_busy_wait
                0x0000000000009148        0x4 modules/hal_nordic/nrfx/libmodules__hal_nordic__nrfx.a(nrfx_glue.c.obj)
                0x0000000000009148                nrfx_busy_wait
 .text.nrfx_gppi_event_endpoint_setup
                0x000000000000914c        0xa modules/hal_nordic/nrfx/libmodules__hal_nordic__nrfx.a(nrfx_gppi_dppi.c.obj)
                0x000000000000914c                nrfx_gppi_event_endpoint_setup
 .text.nrfx_gppi_task_endpoint_setup
                0x0000000000009156        0xa modules/hal_nordic/nrfx/libmodules__hal_nordic__nrfx.a(nrfx_gppi_dppi.c.obj)
                0x0000000000009156                nrfx_gppi_task_endpoint_setup
 .text.nrfx_gppi_channel_endpoints_setup
                0x0000000000009160        0xe modules/hal_nordic/nrfx/libmodules__hal_nordic__nrfx.a(nrfx_gppi_dppi.c.obj)
                0x0000000000009160                nrfx_gppi_channel_endpoints_setup
 .text.nrfx_gppi_event_endpoint_clear
                0x000000000000916e        0x8 modules/hal_nordic/nrfx/libmodules__hal_nordic__nrfx.a(nrfx_gppi_dppi.c.obj)
                0x000000000000916e                nrfx_gppi_event_endpoint_clear
 .text.nrfx_gppi_task_endpoint_clear
                0x0000000000009176        0x8 modules/hal_nordic/nrfx/libmodules__hal_nordic__nrfx.a(nrfx_gppi_dppi.c.obj)
                0x0000000000009176                nrfx_gppi_task_endpoint_clear
 .text.nrfx_gppi_channel_alloc
                0x000000000000917e        0x4 modules/hal_nordic/nrfx/libmodules__hal_nordic__nrfx.a(nrfx_gppi_dppi.c.obj)
                0x000000000000917e                nrfx_gppi_channel_alloc
 .text.clock_stop
                0x0000000000009182      0x162 modules/hal_nordic/nrfx/libmodules__hal_nordic__nrfx.a(nrfx_clock.c.obj)
 .text.nrfx_clock_stop
                0x00000000000092e4        0x4 modules/hal_nordic/nrfx/libmodules__hal_nordic__nrfx.a(nrfx_clock.c.obj)
                0x00000000000092e4                nrfx_clock_stop
 .text.nrf_gpio_reconfigure
                0x00000000000092e8       0x92 modules/hal_nordic/nrfx/libmodules__hal_nordic__nrfx.a(nrfx_gpiote.c.obj)
 .text.nrf_gpio_cfg_sense_set
                0x000000000000937a       0x1e modules/hal_nordic/nrfx/libmodules__hal_nordic__nrfx.a(nrfx_gpiote.c.obj)
 .text.pin_in_event_get.isra.0
                0x0000000000009398       0x22 modules/hal_nordic/nrfx/libmodules__hal_nordic__nrfx.a(nrfx_gpiote.c.obj)
 .text.pin_trigger_disable
                0x00000000000093ba       0x48 modules/hal_nordic/nrfx/libmodules__hal_nordic__nrfx.a(nrfx_gpiote.c.obj)
 .text.nrfx_gpiote_pin_uninit
                0x0000000000009402        0x4 modules/hal_nordic/nrfx/libmodules__hal_nordic__nrfx.a(nrfx_gpiote.c.obj)
                0x0000000000009402                nrfx_gpiote_pin_uninit
 .text.nrfx_gpiote_trigger_disable
                0x0000000000009406        0x4 modules/hal_nordic/nrfx/libmodules__hal_nordic__nrfx.a(nrfx_gpiote.c.obj)
                0x0000000000009406                nrfx_gpiote_trigger_disable
 .text.nrfx_gpiote_in_event_get
                0x000000000000940a        0x6 modules/hal_nordic/nrfx/libmodules__hal_nordic__nrfx.a(nrfx_gpiote.c.obj)
                0x000000000000940a                nrfx_gpiote_in_event_get
 .text.__nrfy_internal_spim_event_handle
                0x0000000000009410       0x2a modules/hal_nordic/nrfx/libmodules__hal_nordic__nrfx.a(nrfx_spim.c.obj)
 .text.__nrfy_internal_spim_events_process
                0x000000000000943a       0x7c modules/hal_nordic/nrfx/libmodules__hal_nordic__nrfx.a(nrfx_spim.c.obj)
 .text.nrf_gpio_pin_set
                0x00000000000094b6       0x18 modules/hal_nordic/nrfx/libmodules__hal_nordic__nrfx.a(nrfx_spim.c.obj)
 .text.nrf_gpio_pin_clear
                0x00000000000094ce       0x18 modules/hal_nordic/nrfx/libmodules__hal_nordic__nrfx.a(nrfx_spim.c.obj)
 .text.spim_abort
                0x00000000000094e6       0x2c modules/hal_nordic/nrfx/libmodules__hal_nordic__nrfx.a(nrfx_spim.c.obj)
 .text.irq_handler
                0x0000000000009512       0x46 modules/hal_nordic/nrfx/libmodules__hal_nordic__nrfx.a(nrfx_spim.c.obj)
 .text.z_impl_k_busy_wait
                0x0000000000009558        0x8 zephyr/kernel/libkernel.a(busy_wait.c.obj)
                0x0000000000009558                z_impl_k_busy_wait
 .text.z_device_state_init
                0x0000000000009560        0x2 zephyr/kernel/libkernel.a(device.c.obj)
                0x0000000000009560                z_device_state_init
 .text.z_device_is_ready
                0x0000000000009562       0x16 zephyr/kernel/libkernel.a(device.c.obj)
                0x0000000000009562                z_device_is_ready
 .text.arch_system_halt
                0x0000000000009578       0x12 zephyr/kernel/libkernel.a(fatal.c.obj)
                0x0000000000009578                arch_system_halt
 .text.z_early_memset
                0x000000000000958a        0x4 zephyr/kernel/libkernel.a(init.c.obj)
                0x000000000000958a                z_early_memset
 .text.z_early_memcpy
                0x000000000000958e        0x4 zephyr/kernel/libkernel.a(init.c.obj)
                0x000000000000958e                z_early_memcpy
 .text.create_free_list
                0x0000000000009592       0x2c zephyr/kernel/libkernel.a(mem_slab.c.obj)
 .text.k_mem_slab_init
                0x00000000000095be       0x1c zephyr/kernel/libkernel.a(mem_slab.c.obj)
                0x00000000000095be                k_mem_slab_init
 .text.k_mem_slab_free
                0x00000000000095da       0x4c zephyr/kernel/libkernel.a(mem_slab.c.obj)
                0x00000000000095da                k_mem_slab_free
 .text.k_is_in_isr
                0x0000000000009626        0xc zephyr/kernel/libkernel.a(thread.c.obj)
                0x0000000000009626                k_is_in_isr
 .text.z_impl_k_thread_name_set
                0x0000000000009632        0x6 zephyr/kernel/libkernel.a(thread.c.obj)
                0x0000000000009632                z_impl_k_thread_name_set
 .text.k_thread_name_get
                0x0000000000009638        0x4 zephyr/kernel/libkernel.a(thread.c.obj)
                0x0000000000009638                k_thread_name_get
 .text.idle     0x000000000000963c       0x18 zephyr/kernel/libkernel.a(idle.c.obj)
                0x000000000000963c                idle
 .text.adjust_owner_prio.isra.0
                0x0000000000009654       0x10 zephyr/kernel/libkernel.a(mutex.c.obj)
 .text.z_impl_k_mutex_init
                0x0000000000009664        0xe zephyr/kernel/libkernel.a(mutex.c.obj)
                0x0000000000009664                z_impl_k_mutex_init
 .text.z_impl_k_sem_init
                0x0000000000009672       0x18 zephyr/kernel/libkernel.a(sem.c.obj)
                0x0000000000009672                z_impl_k_sem_init
 .text.sys_dlist_remove
                0x000000000000968a       0x10 zephyr/kernel/libkernel.a(sched.c.obj)
 .text.unpend_thread_no_timeout
                0x000000000000969a       0x14 zephyr/kernel/libkernel.a(sched.c.obj)
 .text.add_to_waitq_locked
                0x00000000000096ae       0x50 zephyr/kernel/libkernel.a(sched.c.obj)
 .text.z_ready_thread
                0x00000000000096fe       0x20 zephyr/kernel/libkernel.a(sched.c.obj)
                0x00000000000096fe                z_ready_thread
 .text.z_impl_k_thread_suspend
                0x000000000000971e       0x36 zephyr/kernel/libkernel.a(sched.c.obj)
                0x000000000000971e                z_impl_k_thread_suspend
 .text.z_unpend_thread_no_timeout
                0x0000000000009754       0x24 zephyr/kernel/libkernel.a(sched.c.obj)
                0x0000000000009754                z_unpend_thread_no_timeout
 .text.z_sched_wake_thread
                0x0000000000009778       0x44 zephyr/kernel/libkernel.a(sched.c.obj)
                0x0000000000009778                z_sched_wake_thread
 .text.z_thread_timeout
                0x00000000000097bc        0x8 zephyr/kernel/libkernel.a(sched.c.obj)
                0x00000000000097bc                z_thread_timeout
 .text.z_unpend1_no_timeout
                0x00000000000097c4       0x2e zephyr/kernel/libkernel.a(sched.c.obj)
                0x00000000000097c4                z_unpend1_no_timeout
 .text.z_unpend_first_thread
                0x00000000000097f2       0x38 zephyr/kernel/libkernel.a(sched.c.obj)
                0x00000000000097f2                z_unpend_first_thread
 .text.z_reschedule_irqlock
                0x000000000000982a       0x18 zephyr/kernel/libkernel.a(sched.c.obj)
                0x000000000000982a                z_reschedule_irqlock
 .text.z_reschedule_unlocked
                0x0000000000009842       0x14 zephyr/kernel/libkernel.a(sched.c.obj)
 .text.z_thread_abort
                0x0000000000009856       0x42 zephyr/kernel/libkernel.a(sched.c.obj)
                0x0000000000009856                z_thread_abort
 .text.z_abort_timeout
                0x0000000000009898       0x2c zephyr/kernel/libkernel.a(timeout.c.obj)
                0x0000000000009898                z_abort_timeout
 .text.sys_clock_tick_get_32
                0x00000000000098c4        0x8 zephyr/kernel/libkernel.a(timeout.c.obj)
                0x00000000000098c4                sys_clock_tick_get_32
 .text.z_impl_k_uptime_ticks
                0x00000000000098cc        0x4 zephyr/kernel/libkernel.a(timeout.c.obj)
                0x00000000000098cc                z_impl_k_uptime_ticks
 .text.k_timer_init
                0x00000000000098d0       0x18 zephyr/kernel/libkernel.a(timer.c.obj)
                0x00000000000098d0                k_timer_init
 .text.z_impl_k_timer_stop
                0x00000000000098e8       0x3a zephyr/kernel/libkernel.a(timer.c.obj)
                0x00000000000098e8                z_impl_k_timer_stop
 .text.memcpy   0x0000000000009922       0x1a /opt/nordic/ncs/toolchains/580e4ef81c/opt/zephyr-sdk/arm-zephyr-eabi/bin/../lib/gcc/../../picolibc/arm-zephyr-eabi/lib/thumb/v8-m.main/nofp/libc.a(memcpy.c.o)
                0x0000000000009922                memcpy
                0x0000000000009922                __aeabi_memcpy
                0x0000000000009922                __aeabi_memcpy4
                0x0000000000009922                __aeabi_memcpy8
 .text.memset   0x000000000000993c       0x10 /opt/nordic/ncs/toolchains/580e4ef81c/opt/zephyr-sdk/arm-zephyr-eabi/bin/../lib/gcc/../../picolibc/arm-zephyr-eabi/lib/thumb/v8-m.main/nofp/libc.a(memset.c.o)
                0x000000000000993c                memset
 .text.strnlen  0x000000000000994c       0x18 /opt/nordic/ncs/toolchains/580e4ef81c/opt/zephyr-sdk/arm-zephyr-eabi/bin/../lib/gcc/../../picolibc/arm-zephyr-eabi/lib/thumb/v8-m.main/nofp/libc.a(libc_string_strnlen.c.o)
                0x000000000000994c                strnlen
 .text.__ultoa_invert
                0x0000000000009964       0x4e /opt/nordic/ncs/toolchains/580e4ef81c/opt/zephyr-sdk/arm-zephyr-eabi/bin/../lib/gcc/../../picolibc/arm-zephyr-eabi/lib/thumb/v8-m.main/nofp/libc.a(libc_tinystdio_vfprintf.c.o)
 .text.mulShiftAll64
                0x00000000000099b2      0x174 /opt/nordic/ncs/toolchains/580e4ef81c/opt/zephyr-sdk/arm-zephyr-eabi/bin/../lib/gcc/../../picolibc/arm-zephyr-eabi/lib/thumb/v8-m.main/nofp/libc.a(libc_tinystdio_dtoa_ryu.c.o)
 .text.__umul128
                0x0000000000009b26       0x36 /opt/nordic/ncs/toolchains/580e4ef81c/opt/zephyr-sdk/arm-zephyr-eabi/bin/../lib/gcc/../../picolibc/arm-zephyr-eabi/lib/thumb/v8-m.main/nofp/libc.a(libc_tinystdio_ryu_umul128.c.o)
                0x0000000000009b26                __umul128
 .text.__shiftright128
                0x0000000000009b5c       0x3e /opt/nordic/ncs/toolchains/580e4ef81c/opt/zephyr-sdk/arm-zephyr-eabi/bin/../lib/gcc/../../picolibc/arm-zephyr-eabi/lib/thumb/v8-m.main/nofp/libc.a(libc_tinystdio_ryu_umul128.c.o)
                0x0000000000009b5c                __shiftright128
 .text.__dtox_engine
                0x0000000000009b9a      0x17e /opt/nordic/ncs/toolchains/580e4ef81c/opt/zephyr-sdk/arm-zephyr-eabi/bin/../lib/gcc/../../picolibc/arm-zephyr-eabi/lib/thumb/v8-m.main/nofp/libc.a(libc_tinystdio_dtox_engine.c.o)
                0x0000000000009b9a                __dtox_engine
 .text.__file_str_put
                0x0000000000009d18       0x10 /opt/nordic/ncs/toolchains/580e4ef81c/opt/zephyr-sdk/arm-zephyr-eabi/bin/../lib/gcc/../../picolibc/arm-zephyr-eabi/lib/thumb/v8-m.main/nofp/libc.a(libc_tinystdio_filestrput.c.o)
                0x0000000000009d18                __file_str_put
 *(SORT_BY_ALIGNMENT(.TEXT.*))
 .TEXT.__aeabi_read_tp
                0x0000000000009d28        0xc zephyr/arch/arch/arm/core/cortex_m/libarch__arm__core__cortex_m.a(__aeabi_read_tp.S.obj)
                0x0000000000009d28                __aeabi_read_tp
 *(SORT_BY_ALIGNMENT(.gnu.linkonce.t.*))
 *(SORT_BY_ALIGNMENT(.glue_7t))
 .glue_7t       0x0000000000009d34        0x0 linker stubs
 *(SORT_BY_ALIGNMENT(.glue_7))
 .glue_7        0x0000000000009d34        0x0 linker stubs
 *(SORT_BY_ALIGNMENT(.vfp11_veneer))
 .vfp11_veneer  0x0000000000009d34        0x0 linker stubs
 *(SORT_BY_ALIGNMENT(.v4_bx))
 .v4_bx         0x0000000000009d34        0x0 linker stubs
                0x0000000000009d34                . = ALIGN (0x4)
                0x0000000000009d34                __text_region_end = .

.ARM.exidx      0x0000000000009d34        0x8
                0x0000000000009d34                __exidx_start = .
 *(SORT_BY_ALIGNMENT(.ARM.exidx*) SORT_BY_ALIGNMENT(gnu.linkonce.armexidx.*))
 .ARM.exidx     0x0000000000009d34        0x8 /opt/nordic/ncs/toolchains/580e4ef81c/opt/zephyr-sdk/arm-zephyr-eabi/bin/../lib/gcc/arm-zephyr-eabi/12.2.0/thumb/v8-m.main/nofp/libgcc.a(_udivmoddi4.o)
 .ARM.exidx     0x0000000000009d3c        0x0 /opt/nordic/ncs/toolchains/580e4ef81c/opt/zephyr-sdk/arm-zephyr-eabi/bin/../lib/gcc/../../picolibc/arm-zephyr-eabi/lib/thumb/v8-m.main/nofp/libc.a(strlen.S.o)
                                          0x8 (size before relaxing)
                0x0000000000009d3c                __exidx_end = .
                0x0000000000009d3c                __rodata_region_start = .

initlevel       0x0000000000009d3c       0x98
                0x0000000000009d3c                __init_start = .
                0x0000000000009d3c                __init_EARLY_start = .
 *(SORT_BY_NAME(SORT_BY_ALIGNMENT(.z_init_EARLY?_*)))
 *(SORT_BY_NAME(SORT_BY_ALIGNMENT(.z_init_EARLY??_*)))
                0x0000000000009d3c                __init_PRE_KERNEL_1_start = .
 *(SORT_BY_NAME(SORT_BY_ALIGNMENT(.z_init_PRE_KERNEL_1?_*)))
 .z_init_PRE_KERNEL_10_0_
                0x0000000000009d3c        0x8 zephyr/soc/soc/arm/nordic_nrf/libsoc__arm__nordic_nrf.a(soc.c.obj)
 *(SORT_BY_NAME(SORT_BY_ALIGNMENT(.z_init_PRE_KERNEL_1??_*)))
 .z_init_PRE_KERNEL_130_00091_
                0x0000000000009d44        0x8 zephyr/drivers/clock_control/libdrivers__clock_control.a(clock_control_nrf.c.obj)
 .z_init_PRE_KERNEL_130_0_
                0x0000000000009d4c        0x8 zephyr/kernel/libkernel.a(mem_slab.c.obj)
 .z_init_PRE_KERNEL_140_00007_
                0x0000000000009d54        0x8 zephyr/drivers/gpio/libdrivers__gpio.a(gpio_nrfx.c.obj)
 .z_init_PRE_KERNEL_140_00030_
                0x0000000000009d5c        0x8 zephyr/drivers/gpio/libdrivers__gpio.a(gpio_nrfx.c.obj)
 .z_init_PRE_KERNEL_140_0_
                0x0000000000009d64        0x8 modules/nrf/drivers/hw_cc3xx/lib..__nrf__drivers__hw_cc3xx.a(hw_cc3xx.c.obj)
 .z_init_PRE_KERNEL_155_00128_
                0x0000000000009d6c        0x8 zephyr/drivers/serial/libdrivers__serial.a(uart_nrfx_uarte.c.obj)
 .z_init_PRE_KERNEL_160_0_
                0x0000000000009d74        0x8 zephyr/drivers/console/libdrivers__console.a(uart_console.c.obj)
                0x0000000000009d7c                __init_PRE_KERNEL_2_start = .
 *(SORT_BY_NAME(SORT_BY_ALIGNMENT(.z_init_PRE_KERNEL_2?_*)))
 .z_init_PRE_KERNEL_20_0_
                0x0000000000009d7c        0x8 zephyr/drivers/timer/libdrivers__timer.a(nrf_rtc_timer.c.obj)
 *(SORT_BY_NAME(SORT_BY_ALIGNMENT(.z_init_PRE_KERNEL_2??_*)))
                0x0000000000009d84                __init_POST_KERNEL_start = .
 *(SORT_BY_NAME(SORT_BY_ALIGNMENT(.z_init_POST_KERNEL?_*)))
 .z_init_POST_KERNEL0_0_
                0x0000000000009d84        0x8 zephyr/libzephyr.a(log_core.c.obj)
 .z_init_POST_KERNEL0_0_
                0x0000000000009d8c        0x8 zephyr/soc/soc/arm/nordic_nrf/libsoc__arm__nordic_nrf.a(soc.c.obj)
 *(SORT_BY_NAME(SORT_BY_ALIGNMENT(.z_init_POST_KERNEL??_*)))
 .z_init_POST_KERNEL40_00028_
                0x0000000000009d94        0x8 zephyr/drivers/mbox/libdrivers__mbox.a(mbox_nrfx_ipc.c.obj)
 .z_init_POST_KERNEL40_0_
                0x0000000000009d9c        0x8 zephyr/lib/libc/common/liblib__libc__common.a(malloc.c.obj)
 .z_init_POST_KERNEL40_0_
                0x0000000000009da4        0x8 modules/nrf/drivers/hw_cc3xx/lib..__nrf__drivers__hw_cc3xx.a(hw_cc3xx.c.obj)
 .z_init_POST_KERNEL41_0_
                0x0000000000009dac        0x8 zephyr/drivers/gpio/libdrivers__gpio.a(gpio_hogs.c.obj)
 .z_init_POST_KERNEL50_00012_
                0x0000000000009db4        0x8 zephyr/drivers/regulator/libdrivers__regulator.a(regulator_npm1100.c.obj)
 .z_init_POST_KERNEL70_00154_
                0x0000000000009dbc        0x8 zephyr/drivers/spi/libdrivers__spi.a(spi_nrfx_spim.c.obj)
 .z_init_POST_KERNEL70_00156_
                0x0000000000009dc4        0x8 zephyr/drivers/spi/libdrivers__spi.a(spi_nrfx_spim.c.obj)
 .z_init_POST_KERNEL90_0_
                0x0000000000009dcc        0x8 zephyr/soc/soc/arm/nordic_nrf/libsoc__arm__nordic_nrf.a(sync_rtc.c.obj)
                0x0000000000009dd4                __init_APPLICATION_start = .
 *(SORT_BY_NAME(SORT_BY_ALIGNMENT(.z_init_APPLICATION?_*)))
 *(SORT_BY_NAME(SORT_BY_ALIGNMENT(.z_init_APPLICATION??_*)))
                0x0000000000009dd4                __init_SMP_start = .
 *(SORT_BY_NAME(SORT_BY_ALIGNMENT(.z_init_SMP?_*)))
 *(SORT_BY_NAME(SORT_BY_ALIGNMENT(.z_init_SMP??_*)))
                0x0000000000009dd4                __init_end = .

device_area     0x0000000000009dd4       0xa0
                0x0000000000009dd4                _device_list_start = .
 *(SORT_BY_NAME(SORT_BY_ALIGNMENT(._device.static.*_?_*)))
 *(SORT_BY_NAME(SORT_BY_ALIGNMENT(._device.static.*_??_*)))
 ._device.static.1_30_
                0x0000000000009dd4       0x14 zephyr/drivers/clock_control/libdrivers__clock_control.a(clock_control_nrf.c.obj)
                0x0000000000009dd4                __device_dts_ord_91
 ._device.static.1_40_
                0x0000000000009de8       0x28 zephyr/drivers/gpio/libdrivers__gpio.a(gpio_nrfx.c.obj)
                0x0000000000009de8                __device_dts_ord_30
                0x0000000000009dfc                __device_dts_ord_7
 ._device.static.1_55_
                0x0000000000009e10       0x14 zephyr/drivers/serial/libdrivers__serial.a(uart_nrfx_uarte.c.obj)
                0x0000000000009e10                __device_dts_ord_128
 ._device.static.3_40_
                0x0000000000009e24       0x14 zephyr/drivers/mbox/libdrivers__mbox.a(mbox_nrfx_ipc.c.obj)
                0x0000000000009e24                __device_dts_ord_28
 ._device.static.3_50_
                0x0000000000009e38       0x14 zephyr/drivers/regulator/libdrivers__regulator.a(regulator_npm1100.c.obj)
                0x0000000000009e38                __device_dts_ord_12
 ._device.static.3_70_
                0x0000000000009e4c       0x28 zephyr/drivers/spi/libdrivers__spi.a(spi_nrfx_spim.c.obj)
                0x0000000000009e4c                __device_dts_ord_156
                0x0000000000009e60                __device_dts_ord_154
                0x0000000000009e74                _device_list_end = .

sw_isr_table    0x0000000000009e74      0x228
                0x0000000000009e74                . = ALIGN (0x4)
 *(SORT_BY_ALIGNMENT(.gnu.linkonce.sw_isr_table*))
 .gnu.linkonce.sw_isr_table
                0x0000000000009e74      0x228 zephyr/arch/common/libisr_tables.a(isr_tables.c.obj)
                0x0000000000009e74                _sw_isr_table

initlevel_error
                0x0000000000009d3c        0x0
 *(SORT_BY_NAME(SORT_BY_ALIGNMENT(.z_init_[_A-Z0-9]*)))
                0x0000000000000001                ASSERT ((SIZEOF (initlevel_error) == 0x0), Undefined initialization levels used.)

app_shmem_regions
                0x000000000000a09c        0x0
                0x000000000000a09c                __app_shmem_regions_start = .
 *(SORT_BY_NAME(SORT_BY_ALIGNMENT(.app_regions.*)))
                0x000000000000a09c                __app_shmem_regions_end = .

k_p4wq_initparam_area
                0x000000000000a09c        0x0
                0x000000000000a09c                _k_p4wq_initparam_list_start = .
 *(SORT_BY_NAME(SORT_BY_ALIGNMENT(._k_p4wq_initparam.static.*)))
                0x000000000000a09c                _k_p4wq_initparam_list_end = .

_static_thread_data_area
                0x000000000000a09c        0x0
                0x000000000000a09c                __static_thread_data_list_start = .
 *(SORT_BY_NAME(SORT_BY_ALIGNMENT(.__static_thread_data.static.*)))
                0x000000000000a09c                __static_thread_data_list_end = .

device_deps     0x000000000000a09c        0x0
                0x000000000000a09c                __device_deps_start = .
 *(SORT_BY_NAME(SORT_BY_ALIGNMENT(.__device_deps_pass2*)))
                0x000000000000a09c                __device_deps_end = .

ztest           0x000000000000a09c        0x0
                0x000000000000a09c                _ztest_expected_result_entry_list_start = .
 *(SORT_BY_NAME(SORT_BY_ALIGNMENT(._ztest_expected_result_entry.static.*)))
                0x000000000000a09c                _ztest_expected_result_entry_list_end = .
                0x000000000000a09c                _ztest_suite_node_list_start = .
 *(SORT_BY_NAME(SORT_BY_ALIGNMENT(._ztest_suite_node.static.*)))
                0x000000000000a09c                _ztest_suite_node_list_end = .
                0x000000000000a09c                _ztest_unit_test_list_start = .
 *(SORT_BY_NAME(SORT_BY_ALIGNMENT(._ztest_unit_test.static.*)))
                0x000000000000a09c                _ztest_unit_test_list_end = .
                0x000000000000a09c                _ztest_test_rule_list_start = .
 *(SORT_BY_NAME(SORT_BY_ALIGNMENT(._ztest_test_rule.static.*)))
                0x000000000000a09c                _ztest_test_rule_list_end = .

bt_l2cap_fixed_chan_area
                0x000000000000a09c        0x0
                0x000000000000a09c                _bt_l2cap_fixed_chan_list_start = .
 *(SORT_BY_NAME(SORT_BY_ALIGNMENT(._bt_l2cap_fixed_chan.static.*)))
                0x000000000000a09c                _bt_l2cap_fixed_chan_list_end = .

bt_gatt_service_static_area
                0x000000000000a09c        0x0
                0x000000000000a09c                _bt_gatt_service_static_list_start = .
 *(SORT_BY_NAME(SORT_BY_ALIGNMENT(._bt_gatt_service_static.static.*)))
                0x000000000000a09c                _bt_gatt_service_static_list_end = .

log_strings_area
                0x000000000000a09c        0x0
                0x000000000000a09c                _log_strings_list_start = .
 *(SORT_BY_NAME(SORT_BY_ALIGNMENT(._log_strings.static.*)))
                0x000000000000a09c                _log_strings_list_end = .

log_const_area  0x000000000000a09c       0x70
                0x000000000000a09c                _log_const_list_start = .
 *(SORT_BY_NAME(SORT_BY_ALIGNMENT(._log_const.static.*)))
 ._log_const.static.log_const_Acc_sensor_