/opt/nordic/ncs/v2.6.0/zephyr/subsys/fs/fs.c:44:12:registry_add	0	static
/opt/nordic/ncs/v2.6.0/zephyr/subsys/fs/fs.c:63:31:registry_find	0	static
/opt/nordic/ncs/v2.6.0/zephyr/subsys/fs/fs.c:75:39:fs_type_get	8	static
/opt/nordic/ncs/v2.6.0/zephyr/subsys/fs/fs.c:82:12:fs_get_mnt_point	40	static
/opt/nordic/ncs/v2.6.0/zephyr/subsys/fs/fs.c:879:12:fs_init	8	static
/opt/nordic/ncs/v2.6.0/zephyr/subsys/fs/fs.c:133:5:fs_open	32	static
/opt/nordic/ncs/v2.6.0/zephyr/subsys/fs/fs.c:177:5:fs_close	16	static
/opt/nordic/ncs/v2.6.0/zephyr/subsys/fs/fs.c:200:9:fs_read	8	static
/opt/nordic/ncs/v2.6.0/zephyr/subsys/fs/fs.c:220:9:fs_write	8	static
/opt/nordic/ncs/v2.6.0/zephyr/subsys/fs/fs.c:240:5:fs_seek	8	static
/opt/nordic/ncs/v2.6.0/zephyr/subsys/fs/fs.c:260:7:fs_tell	8	static
/opt/nordic/ncs/v2.6.0/zephyr/subsys/fs/fs.c:280:5:fs_truncate	8	static
/opt/nordic/ncs/v2.6.0/zephyr/subsys/fs/fs.c:300:5:fs_sync	8	static
/opt/nordic/ncs/v2.6.0/zephyr/subsys/fs/fs.c:321:5:fs_opendir	32	static
/opt/nordic/ncs/v2.6.0/zephyr/subsys/fs/fs.c:370:5:fs_readdir	24	static
/opt/nordic/ncs/v2.6.0/zephyr/subsys/fs/fs.c:451:5:fs_closedir	16	static
/opt/nordic/ncs/v2.6.0/zephyr/subsys/fs/fs.c:477:5:fs_mkdir	24	static
/opt/nordic/ncs/v2.6.0/zephyr/subsys/fs/fs.c:510:5:fs_unlink	24	static
/opt/nordic/ncs/v2.6.0/zephyr/subsys/fs/fs.c:543:5:fs_rename	24	static
/opt/nordic/ncs/v2.6.0/zephyr/subsys/fs/fs.c:583:5:fs_stat	24	static
/opt/nordic/ncs/v2.6.0/zephyr/subsys/fs/fs.c:613:5:fs_statvfs	24	static
/opt/nordic/ncs/v2.6.0/zephyr/subsys/fs/fs.c:642:5:fs_mount	64	dynamic,bounded
/opt/nordic/ncs/v2.6.0/zephyr/subsys/fs/fs.c:767:5:fs_unmount	64	dynamic,bounded
/opt/nordic/ncs/v2.6.0/zephyr/subsys/fs/fs.c:806:5:fs_readmount	16	static
/opt/nordic/ncs/v2.6.0/zephyr/subsys/fs/fs.c:839:5:fs_register	16	static
/opt/nordic/ncs/v2.6.0/zephyr/subsys/fs/fs.c:859:5:fs_unregister	16	static
