/Users/joaovitor/Documents/VSCode/Tiresias/nrf5340_audio/build/modules/libmetal/libmetal/lib/include/metal/utilities.h:122:1:metal_bitmap_next_clear_bit	0	static
/Users/joaovitor/Documents/VSCode/Tiresias/nrf5340_audio/build/modules/libmetal/libmetal/lib/include/metal/io.h:161:1:metal_io_phys	8	static
/Users/joaovitor/Documents/VSCode/Tiresias/nrf5340_audio/build/modules/libmetal/libmetal/lib/include/metal/io.h:182:1:metal_io_phys_to_offset	16	static
/Users/joaovitor/Documents/VSCode/Tiresias/nrf5340_audio/build/modules/libmetal/libmetal/lib/include/metal/io.h:206:1:metal_io_phys_to_virt	8	static
/opt/nordic/ncs/v2.6.0-rc2/modules/lib/open-amp/open-amp/lib/include/openamp/virtio_ring.h:175:19:vring_size	0	static
/opt/nordic/ncs/v2.6.0-rc2/modules/lib/open-amp/open-amp/lib/remoteproc/remoteproc.c:84:1:remoteproc_datopa	0	static
/opt/nordic/ncs/v2.6.0-rc2/modules/lib/open-amp/open-amp/lib/remoteproc/remoteproc.c:93:1:remoteproc_patoda	0	static
/opt/nordic/ncs/v2.6.0-rc2/modules/lib/open-amp/open-amp/lib/remoteproc/remoteproc.c:893:12:remoteproc_virtio_notify	8	static
/Users/joaovitor/Documents/VSCode/Tiresias/nrf5340_audio/build/modules/libmetal/libmetal/lib/include/metal/system/zephyr/mutex.h:74:20:__metal_mutex_acquire	8	static
/opt/nordic/ncs/v2.6.0-rc2/modules/lib/open-amp/open-amp/lib/remoteproc/remoteproc.c:34:1:remoteproc_get_mem	56	static
/opt/nordic/ncs/v2.6.0-rc2/modules/lib/open-amp/open-amp/lib/remoteproc/remoteproc.c:22:1:remoteproc_check_fw_format	8	static
/opt/nordic/ncs/v2.6.0-rc2/modules/lib/open-amp/open-amp/lib/remoteproc/remoteproc.c:101:14:remoteproc_get_rsc_table	56	static
/opt/nordic/ncs/v2.6.0-rc2/modules/lib/open-amp/open-amp/lib/remoteproc/remoteproc.c:174:20:remoteproc_init	16	static
/opt/nordic/ncs/v2.6.0-rc2/modules/lib/open-amp/open-amp/lib/remoteproc/remoteproc.c:189:5:remoteproc_remove	16	static
/opt/nordic/ncs/v2.6.0-rc2/modules/lib/open-amp/open-amp/lib/remoteproc/remoteproc.c:207:5:remoteproc_config	16	static
/opt/nordic/ncs/v2.6.0-rc2/modules/lib/open-amp/open-amp/lib/remoteproc/remoteproc.c:231:5:remoteproc_start	16	static
/opt/nordic/ncs/v2.6.0-rc2/modules/lib/open-amp/open-amp/lib/remoteproc/remoteproc.c:248:5:remoteproc_stop	16	static
/opt/nordic/ncs/v2.6.0-rc2/modules/lib/open-amp/open-amp/lib/remoteproc/remoteproc.c:267:5:remoteproc_shutdown	16	static
/opt/nordic/ncs/v2.6.0-rc2/modules/lib/open-amp/open-amp/lib/remoteproc/remoteproc.c:293:1:remoteproc_get_io_with_name	80	static
/opt/nordic/ncs/v2.6.0-rc2/modules/lib/open-amp/open-amp/lib/remoteproc/remoteproc.c:311:1:remoteproc_get_io_with_pa	80	static
/opt/nordic/ncs/v2.6.0-rc2/modules/lib/open-amp/open-amp/lib/remoteproc/remoteproc.c:328:1:remoteproc_get_io_with_da	88	static
/opt/nordic/ncs/v2.6.0-rc2/modules/lib/open-amp/open-amp/lib/remoteproc/remoteproc.c:353:1:remoteproc_get_io_with_va	80	static
/opt/nordic/ncs/v2.6.0-rc2/modules/lib/open-amp/open-amp/lib/remoteproc/remoteproc.c:139:12:remoteproc_parse_rsc_table	16	static
/opt/nordic/ncs/v2.6.0-rc2/modules/lib/open-amp/open-amp/lib/remoteproc/remoteproc.c:152:5:remoteproc_set_rsc_table	24	static
/opt/nordic/ncs/v2.6.0-rc2/modules/lib/open-amp/open-amp/lib/remoteproc/remoteproc.c:369:7:remoteproc_mmap	112	static
/opt/nordic/ncs/v2.6.0-rc2/modules/lib/open-amp/open-amp/lib/remoteproc/remoteproc.c:409:5:remoteproc_load	128	static
/opt/nordic/ncs/v2.6.0-rc2/modules/lib/open-amp/open-amp/lib/remoteproc/remoteproc.c:680:5:remoteproc_load_noblock	96	static
/opt/nordic/ncs/v2.6.0-rc2/modules/lib/open-amp/open-amp/lib/remoteproc/remoteproc.c:871:14:remoteproc_allocate_id	16	static
/opt/nordic/ncs/v2.6.0-rc2/modules/lib/open-amp/open-amp/lib/remoteproc/remoteproc.c:997:6:remoteproc_remove_virtio	8	static
/opt/nordic/ncs/v2.6.0-rc2/modules/lib/open-amp/open-amp/lib/remoteproc/remoteproc.c:904:1:remoteproc_create_virtio	64	static
/opt/nordic/ncs/v2.6.0-rc2/modules/lib/open-amp/open-amp/lib/remoteproc/remoteproc.c:1012:5:remoteproc_get_notification	16	static
